In file included from /Users/joshua/Developer/PedalForge/source/PluginEditor.cpp:1:
In file included from /Users/joshua/Developer/PedalForge/source/PluginEditor.h:6:
In file included from /Users/joshua/Developer/PedalForge/source/ui/PedalboardGrid.h:6:
/Users/joshua/Developer/PedalForge/source/ui/PedalDetailPanel.h:27:76: warning: unused parameter 'nodeId' [-Wunused-parameter]
   27 |         virtual void pedalValuesChanged (juce::AudioProcessorGraph::NodeID nodeId) {}
      |                                                                            ^
In file included from /Users/joshua/Developer/PedalForge/source/PluginEditor.cpp:1:
In file included from /Users/joshua/Developer/PedalForge/source/PluginEditor.h:6:
In file included from /Users/joshua/Developer/PedalForge/source/ui/PedalboardGrid.h:7:
/Users/joshua/Developer/PedalForge/source/ui/NotesOverlay.h:51:26: warning: implicit conversion changes signedness: 'int' to 'size_type' (aka 'unsigned long') [-Wsign-conversion]
   51 |                 (*notes)[selectedIndex].text = activeEditor.getText();
      |                 ~        ^~~~~~~~~~~~~
/Users/joshua/Developer/PedalForge/source/ui/NotesOverlay.h:75:35: warning: implicit conversion changes signedness: 'int' to 'size_type' (aka 'unsigned long') [-Wsign-conversion]
   75 |             auto& note = (*notes)[i];
      |                          ~        ^
/Users/joshua/Developer/PedalForge/source/ui/NotesOverlay.h:135:35: warning: implicit conversion changes signedness: 'int' to 'size_type' (aka 'unsigned long') [-Wsign-conversion]
  135 |             auto& note = (*notes)[i];
      |                          ~        ^
/Users/joshua/Developer/PedalForge/source/ui/NotesOverlay.h:196:31: warning: implicit conversion changes signedness: 'int' to 'size_type' (aka 'unsigned long') [-Wsign-conversion]
  196 |         auto& note = (*notes)[selectedIndex];
      |                      ~        ^~~~~~~~~~~~~
/Users/joshua/Developer/PedalForge/source/ui/NotesOverlay.h:273:31: warning: implicit conversion changes signedness: 'int' to 'size_type' (aka 'unsigned long') [-Wsign-conversion]
  273 |         auto& note = (*notes)[index];
      |                      ~        ^~~~~
In file included from /Users/joshua/Developer/PedalForge/source/PluginEditor.cpp:1:
In file included from /Users/joshua/Developer/PedalForge/source/PluginEditor.h:7:
In file included from /Users/joshua/Developer/PedalForge/source/ui/InventoryOverlay.h:4:
In file included from /Users/joshua/Developer/PedalForge/source/ui/PedalPalette.h:4:
In file included from /Users/joshua/Developer/PedalForge/source/ui/../pedals/PedalRegistry.h:4:
In file included from /Users/joshua/Developer/PedalForge/source/ui/../pedals/../dsp/GraphPedalProcessor.h:4:
In file included from /Users/joshua/Developer/PedalForge/source/ui/../pedals/../dsp/../dsp/DSPGraph.h:4:
In file included from /Users/joshua/Developer/PedalForge/source/ui/../pedals/../dsp/../dsp/DSPNodeLibrary.h:4:
/Users/joshua/Developer/PedalForge/source/ui/../pedals/../dsp/../dsp/ExpressionVM.h:149:37: warning: implicit conversion changes signedness: 'int' to 'size_type' (aka 'unsigned long') [-Wsign-conversion]
  149 |             Op op = (Op) bytecode[pc++];
      |                          ~~~~~~~~ ~~^~
/Users/joshua/Developer/PedalForge/source/ui/../pedals/../dsp/../dsp/ExpressionVM.h:152:72: warning: implicit conversion changes signedness: 'int' to 'size_type' (aka 'unsigned long') [-Wsign-conversion]
  152 |                 case OP_PUSH_CONST: stack[sp++] = constants[bytecode[pc++]]; break;
      |                                                             ~~~~~~~~ ~~^~
/Users/joshua/Developer/PedalForge/source/ui/../pedals/../dsp/../dsp/ExpressionVM.h:153:67: warning: implicit conversion changes signedness: 'int' to 'size_type' (aka 'unsigned long') [-Wsign-conversion]
  153 |                 case OP_PUSH_VAR:   stack[sp++] = vars[bytecode[pc++]]; break;
      |                                                        ~~~~~~~~ ~~^~
/Users/joshua/Developer/PedalForge/source/ui/../pedals/../dsp/../dsp/ExpressionVM.h:154:53: warning: implicit conversion changes signedness: 'int' to 'size_type' (aka 'unsigned long') [-Wsign-conversion]
  154 |                 case OP_STORE_VAR:  vars[bytecode[pc++]] = stack[sp - 1]; break;
      |                                          ~~~~~~~~ ~~^~
/Users/joshua/Developer/PedalForge/source/ui/../pedals/../dsp/../dsp/ExpressionVM.h:268:49: warning: comparing floating point with == or != is unsafe [-Wfloat-equal]
  268 |                         juce::String txt = (val == (int)val) ? juce::String((int)val) : juce::String(val, 2);
      |                                             ~~~ ^  ~~~~~~~~
In file included from /Users/joshua/Developer/PedalForge/source/PluginEditor.cpp:1:
In file included from /Users/joshua/Developer/PedalForge/source/PluginEditor.h:7:
In file included from /Users/joshua/Developer/PedalForge/source/ui/InventoryOverlay.h:4:
In file included from /Users/joshua/Developer/PedalForge/source/ui/PedalPalette.h:4:
In file included from /Users/joshua/Developer/PedalForge/source/ui/../pedals/PedalRegistry.h:4:
In file included from /Users/joshua/Developer/PedalForge/source/ui/../pedals/../dsp/GraphPedalProcessor.h:4:
In file included from /Users/joshua/Developer/PedalForge/source/ui/../pedals/../dsp/../dsp/DSPGraph.h:4:
/Users/joshua/Developer/PedalForge/source/ui/../pedals/../dsp/../dsp/DSPNodeLibrary.h:88:74: warning: comparing floating point with == or != is unsafe [-Wfloat-equal]
   88 |                 else if (msg.isNoteOff() && msg.getNoteNumber() / 127.0f == currentNote)
      |                                             ~~~~~~~~~~~~~~~~~~~~~~~~~~~~ ^  ~~~~~~~~~~~
/Users/joshua/Developer/PedalForge/source/ui/../pedals/../dsp/../dsp/DSPNodeLibrary.h:486:29: warning: implicit conversion loses floating-point precision: 'double' to 'float' [-Wimplicit-float-conversion]
  486 |                 case 0: v = std::sin (phase * 2.0 * juce::MathConstants<double>::pi); break;
      |                           ~ ^~~~~~~~~~~~~~~~~~~~~~~~~~~~~~~~~~~~~~~~~~~~~~~~~~~~~~~~
/Users/joshua/Developer/PedalForge/source/ui/../pedals/../dsp/../dsp/DSPNodeLibrary.h:521:24: warning: implicit conversion changes signedness: 'int' to 'size_type' (aka 'unsigned long') [-Wsign-conversion]
  521 |         buffer.resize (maxSamples, 0.0f);
      |                ~~~~~~  ^~~~~~~~~~
/Users/joshua/Developer/PedalForge/source/ui/../pedals/../dsp/../dsp/DSPNodeLibrary.h:537:36: warning: implicit conversion changes signedness: 'int' to 'size_type' (aka 'unsigned long') [-Wsign-conversion]
  537 |             float delayed = buffer[readPos];
      |                             ~~~~~~ ^~~~~~~
/Users/joshua/Developer/PedalForge/source/ui/../pedals/../dsp/../dsp/DSPNodeLibrary.h:539:20: warning: implicit conversion changes signedness: 'int' to 'size_type' (aka 'unsigned long') [-Wsign-conversion]
  539 |             buffer[writePos] = input;
      |             ~~~~~~ ^~~~~~~~
/Users/joshua/Developer/PedalForge/source/ui/../pedals/../dsp/../dsp/DSPNodeLibrary.h:571:24: warning: implicit conversion changes signedness: 'int' to 'size_type' (aka 'unsigned long') [-Wsign-conversion]
  571 |         buffer.resize (maxSamples, 0.0f);
      |                ~~~~~~  ^~~~~~~~~~
/Users/joshua/Developer/PedalForge/source/ui/../pedals/../dsp/../dsp/DSPNodeLibrary.h:592:65: warning: implicit conversion changes signedness: 'int' to 'size_type' (aka 'unsigned long') [-Wsign-conversion]
  592 |             float delayed = buffer[r0] * (1.0f - frac) + buffer[r1] * frac;
      |                                                          ~~~~~~ ^~
/Users/joshua/Developer/PedalForge/source/ui/../pedals/../dsp/../dsp/DSPNodeLibrary.h:592:36: warning: implicit conversion changes signedness: 'int' to 'size_type' (aka 'unsigned long') [-Wsign-conversion]
  592 |             float delayed = buffer[r0] * (1.0f - frac) + buffer[r1] * frac;
      |                             ~~~~~~ ^~
/Users/joshua/Developer/PedalForge/source/ui/../pedals/../dsp/../dsp/DSPNodeLibrary.h:594:20: warning: implicit conversion changes signedness: 'int' to 'size_type' (aka 'unsigned long') [-Wsign-conversion]
  594 |             buffer[writePos] = in[0][i] + delayed * fb;
      |             ~~~~~~ ^~~~~~~~
/Users/joshua/Developer/PedalForge/source/ui/../pedals/../dsp/../dsp/DSPNodeLibrary.h:729:55: warning: implicit conversion changes signedness: 'int' to 'size_type' (aka 'unsigned long') [-Wsign-conversion]
  729 |         for (int i = 0; i < 4; ++i) { comb[i].resize ((int)(combLens[i] * scale), 0.0f); combIdx[i] = 0; combFilt[i] = 0.0f; }
      |                                               ~~~~~~  ^~~~~~~~~~~~~~~~~~~~~~~~~~
/Users/joshua/Developer/PedalForge/source/ui/../pedals/../dsp/../dsp/DSPNodeLibrary.h:730:53: warning: implicit conversion changes signedness: 'int' to 'size_type' (aka 'unsigned long') [-Wsign-conversion]
  730 |         for (int i = 0; i < 2; ++i) { ap[i].resize ((int)(apLens[i] * scale), 0.0f); apIdx[i] = 0; }
      |                                             ~~~~~~  ^~~~~~~~~~~~~~~~~~~~~~~~
/Users/joshua/Developer/PedalForge/source/ui/../pedals/../dsp/../dsp/DSPNodeLibrary.h:747:37: warning: implicit conversion changes signedness: 'int' to 'size_type' (aka 'unsigned long') [-Wsign-conversion]
  747 |                 float del = comb[c][combIdx[c]];
      |                             ~~~~    ^~~~~~~~~~
/Users/joshua/Developer/PedalForge/source/ui/../pedals/../dsp/../dsp/DSPNodeLibrary.h:749:25: warning: implicit conversion changes signedness: 'int' to 'size_type' (aka 'unsigned long') [-Wsign-conversion]
  749 |                 comb[c][combIdx[c]] = x + combFilt[c] * size;
      |                 ~~~~    ^~~~~~~~~~
/Users/joshua/Developer/PedalForge/source/ui/../pedals/../dsp/../dsp/DSPNodeLibrary.h:758:35: warning: implicit conversion changes signedness: 'int' to 'size_type' (aka 'unsigned long') [-Wsign-conversion]
  758 |                 float del = ap[a][apIdx[a]];
      |                             ~~    ^~~~~~~~
/Users/joshua/Developer/PedalForge/source/ui/../pedals/../dsp/../dsp/DSPNodeLibrary.h:760:23: warning: implicit conversion changes signedness: 'int' to 'size_type' (aka 'unsigned long') [-Wsign-conversion]
  760 |                 ap[a][apIdx[a]] = wet + del * 0.5f;
      |                 ~~    ^~~~~~~~
/Users/joshua/Developer/PedalForge/source/ui/../pedals/../dsp/../dsp/DSPNodeLibrary.h:797:26: warning: parameter 'sr' shadows member inherited from type 'DSPNode' [-Wshadow-field]
  797 |     void prepare (double sr, int bs) override
      |                          ^
/Users/joshua/Developer/PedalForge/source/ui/../pedals/../dsp/../dsp/DSPNode.h:297:12: note: declared here
  297 |     double sr = 44100.0;
      |            ^
In file included from /Users/joshua/Developer/PedalForge/source/PluginEditor.cpp:1:
In file included from /Users/joshua/Developer/PedalForge/source/PluginEditor.h:7:
In file included from /Users/joshua/Developer/PedalForge/source/ui/InventoryOverlay.h:4:
In file included from /Users/joshua/Developer/PedalForge/source/ui/PedalPalette.h:4:
In file included from /Users/joshua/Developer/PedalForge/source/ui/../pedals/PedalRegistry.h:4:
In file included from /Users/joshua/Developer/PedalForge/source/ui/../pedals/../dsp/GraphPedalProcessor.h:4:
In file included from /Users/joshua/Developer/PedalForge/source/ui/../pedals/../dsp/../dsp/DSPGraph.h:4:
/Users/joshua/Developer/PedalForge/source/ui/../pedals/../dsp/../dsp/DSPNodeLibrary.h:847:26: warning: parameter 'sr' shadows member inherited from type 'DSPNode' [-Wshadow-field]
  847 |     void prepare (double sr, int bs) override
      |                          ^
/Users/joshua/Developer/PedalForge/source/ui/../pedals/../dsp/../dsp/DSPNode.h:297:12: note: declared here
  297 |     double sr = 44100.0;
      |            ^
In file included from /Users/joshua/Developer/PedalForge/source/PluginEditor.cpp:1:
In file included from /Users/joshua/Developer/PedalForge/source/PluginEditor.h:7:
In file included from /Users/joshua/Developer/PedalForge/source/ui/InventoryOverlay.h:4:
In file included from /Users/joshua/Developer/PedalForge/source/ui/PedalPalette.h:4:
In file included from /Users/joshua/Developer/PedalForge/source/ui/../pedals/PedalRegistry.h:4:
In file included from /Users/joshua/Developer/PedalForge/source/ui/../pedals/../dsp/GraphPedalProcessor.h:4:
In file included from /Users/joshua/Developer/PedalForge/source/ui/../pedals/../dsp/../dsp/DSPGraph.h:4:
/Users/joshua/Developer/PedalForge/source/ui/../pedals/../dsp/../dsp/DSPNodeLibrary.h:911:26: warning: parameter 'sr' shadows member inherited from type 'DSPNode' [-Wshadow-field]
  911 |     void prepare (double sr, int bs) override
      |                          ^
/Users/joshua/Developer/PedalForge/source/ui/../pedals/../dsp/../dsp/DSPNode.h:297:12: note: declared here
  297 |     double sr = 44100.0;
      |            ^
In file included from /Users/joshua/Developer/PedalForge/source/PluginEditor.cpp:1:
In file included from /Users/joshua/Developer/PedalForge/source/PluginEditor.h:7:
In file included from /Users/joshua/Developer/PedalForge/source/ui/InventoryOverlay.h:4:
In file included from /Users/joshua/Developer/PedalForge/source/ui/PedalPalette.h:4:
In file included from /Users/joshua/Developer/PedalForge/source/ui/../pedals/PedalRegistry.h:4:
In file included from /Users/joshua/Developer/PedalForge/source/ui/../pedals/../dsp/GraphPedalProcessor.h:4:
In file included from /Users/joshua/Developer/PedalForge/source/ui/../pedals/../dsp/../dsp/DSPGraph.h:4:
/Users/joshua/Developer/PedalForge/source/ui/../pedals/../dsp/../dsp/DSPNodeLibrary.h:979:26: warning: parameter 'sr' shadows member inherited from type 'DSPNode' [-Wshadow-field]
  979 |     void prepare (double sr, int bs) override
      |                          ^
/Users/joshua/Developer/PedalForge/source/ui/../pedals/../dsp/../dsp/DSPNode.h:297:12: note: declared here
  297 |     double sr = 44100.0;
      |            ^
In file included from /Users/joshua/Developer/PedalForge/source/PluginEditor.cpp:1:
In file included from /Users/joshua/Developer/PedalForge/source/PluginEditor.h:7:
In file included from /Users/joshua/Developer/PedalForge/source/ui/InventoryOverlay.h:4:
In file included from /Users/joshua/Developer/PedalForge/source/ui/PedalPalette.h:4:
In file included from /Users/joshua/Developer/PedalForge/source/ui/../pedals/PedalRegistry.h:4:
In file included from /Users/joshua/Developer/PedalForge/source/ui/../pedals/../dsp/GraphPedalProcessor.h:4:
In file included from /Users/joshua/Developer/PedalForge/source/ui/../pedals/../dsp/../dsp/DSPGraph.h:4:
/Users/joshua/Developer/PedalForge/source/ui/../pedals/../dsp/../dsp/DSPNodeLibrary.h:992:18: warning: comparing floating point with == or != is unsafe [-Wfloat-equal]
  992 |         if (freq != lastFreq || gainDB != lastGain || q != lastQ)
      |             ~~~~ ^  ~~~~~~~~
/Users/joshua/Developer/PedalForge/source/ui/../pedals/../dsp/../dsp/DSPNodeLibrary.h:992:40: warning: comparing floating point with == or != is unsafe [-Wfloat-equal]
  992 |         if (freq != lastFreq || gainDB != lastGain || q != lastQ)
      |                                 ~~~~~~ ^  ~~~~~~~~
/Users/joshua/Developer/PedalForge/source/ui/../pedals/../dsp/../dsp/DSPNodeLibrary.h:992:57: warning: comparing floating point with == or != is unsafe [-Wfloat-equal]
  992 |         if (freq != lastFreq || gainDB != lastGain || q != lastQ)
      |                                                       ~ ^  ~~~~~
/Users/joshua/Developer/PedalForge/source/ui/../pedals/../dsp/../dsp/DSPNodeLibrary.h:1048:26: warning: parameter 'sr' shadows member inherited from type 'DSPNode' [-Wshadow-field]
 1048 |     void prepare (double sr, int bs) override
      |                          ^
/Users/joshua/Developer/PedalForge/source/ui/../pedals/../dsp/../dsp/DSPNode.h:297:12: note: declared here
  297 |     double sr = 44100.0;
      |            ^
In file included from /Users/joshua/Developer/PedalForge/source/PluginEditor.cpp:1:
In file included from /Users/joshua/Developer/PedalForge/source/PluginEditor.h:7:
In file included from /Users/joshua/Developer/PedalForge/source/ui/InventoryOverlay.h:4:
In file included from /Users/joshua/Developer/PedalForge/source/ui/PedalPalette.h:4:
In file included from /Users/joshua/Developer/PedalForge/source/ui/../pedals/PedalRegistry.h:4:
In file included from /Users/joshua/Developer/PedalForge/source/ui/../pedals/../dsp/GraphPedalProcessor.h:4:
In file included from /Users/joshua/Developer/PedalForge/source/ui/../pedals/../dsp/../dsp/DSPGraph.h:4:
/Users/joshua/Developer/PedalForge/source/ui/../pedals/../dsp/../dsp/DSPNodeLibrary.h:1826:15: warning: 'toJSON' overrides a member function but is not marked 'override' [-Winconsistent-missing-override]
 1826 |     juce::var toJSON() const
      |               ^
/Users/joshua/Developer/PedalForge/source/ui/../pedals/../dsp/../dsp/DSPNode.h:221:23: note: overridden virtual function is here
  221 |     virtual juce::var toJSON() const
      |                       ^
In file included from /Users/joshua/Developer/PedalForge/source/PluginEditor.cpp:1:
In file included from /Users/joshua/Developer/PedalForge/source/PluginEditor.h:7:
In file included from /Users/joshua/Developer/PedalForge/source/ui/InventoryOverlay.h:4:
In file included from /Users/joshua/Developer/PedalForge/source/ui/PedalPalette.h:4:
In file included from /Users/joshua/Developer/PedalForge/source/ui/../pedals/PedalRegistry.h:4:
In file included from /Users/joshua/Developer/PedalForge/source/ui/../pedals/../dsp/GraphPedalProcessor.h:4:
In file included from /Users/joshua/Developer/PedalForge/source/ui/../pedals/../dsp/../dsp/DSPGraph.h:4:
/Users/joshua/Developer/PedalForge/source/ui/../pedals/../dsp/../dsp/DSPNodeLibrary.h:1834:10: warning: 'fromJSON' overrides a member function but is not marked 'override' [-Winconsistent-missing-override]
 1834 |     void fromJSON (const juce::var& json)
      |          ^
/Users/joshua/Developer/PedalForge/source/ui/../pedals/../dsp/../dsp/DSPNode.h:245:18: note: overridden virtual function is here
  245 |     virtual void fromJSON (const juce::var& json)
      |                  ^
In file included from /Users/joshua/Developer/PedalForge/source/PluginEditor.cpp:1:
In file included from /Users/joshua/Developer/PedalForge/source/PluginEditor.h:7:
In file included from /Users/joshua/Developer/PedalForge/source/ui/InventoryOverlay.h:4:
In file included from /Users/joshua/Developer/PedalForge/source/ui/PedalPalette.h:4:
In file included from /Users/joshua/Developer/PedalForge/source/ui/../pedals/PedalRegistry.h:4:
In file included from /Users/joshua/Developer/PedalForge/source/ui/../pedals/../dsp/GraphPedalProcessor.h:4:
In file included from /Users/joshua/Developer/PedalForge/source/ui/../pedals/../dsp/../dsp/DSPGraph.h:4:
/Users/joshua/Developer/PedalForge/source/ui/../pedals/../dsp/../dsp/DSPNodeLibrary.h:1694:67: warning: implicit conversion changes signedness: 'int' to 'size_type' (aka 'unsigned long') [-Wsign-conversion]
 1694 |         if (int srIdx = vm.getVarIndex("sr"); srIdx >= 0) vm.vars[srIdx] = (float) sampleRate;
      |                                                           ~~      ^~~~~
/Users/joshua/Developer/PedalForge/source/ui/../pedals/../dsp/../dsp/DSPNodeLibrary.h:1695:67: warning: implicit conversion changes signedness: 'int' to 'size_type' (aka 'unsigned long') [-Wsign-conversion]
 1695 |         if (int dtIdx = vm.getVarIndex("dt"); dtIdx >= 0) vm.vars[dtIdx] = 1.0f / (float) sampleRate;
      |                                                           ~~      ^~~~~
/Users/joshua/Developer/PedalForge/source/ui/../pedals/../dsp/../dsp/DSPNodeLibrary.h:1696:67: warning: implicit conversion changes signedness: 'int' to 'size_type' (aka 'unsigned long') [-Wsign-conversion]
 1696 |         if (int tIdx  = vm.getVarIndex("t");  tIdx >= 0)  vm.vars[tIdx]  = 0.0f;
      |                                                           ~~      ^~~~
/Users/joshua/Developer/PedalForge/source/ui/../pedals/../dsp/../dsp/DSPNodeLibrary.h:1710:25: warning: implicit conversion changes signedness: 'value_type' (aka 'int') to 'size_type' (aka 'unsigned long') [-Wsign-conversion]
 1710 |                 vm.vars[paramIndices[p]] = getParams()[p].get();
      |                 ~~      ^~~~~~~~~~~~~~~
/Users/joshua/Developer/PedalForge/source/ui/../pedals/../dsp/../dsp/DSPNodeLibrary.h:1716:43: warning: implicit conversion changes signedness: 'int' to 'size_type' (aka 'unsigned long') [-Wsign-conversion]
 1716 |         float dt = (dtIdx >= 0) ? vm.vars[dtIdx] : 0.0f;
      |                                   ~~      ^~~~~
/Users/joshua/Developer/PedalForge/source/ui/../pedals/../dsp/../dsp/DSPNodeLibrary.h:1724:29: warning: implicit conversion changes signedness: 'value_type' (aka 'int') to 'size_type' (aka 'unsigned long') [-Wsign-conversion]
 1724 |                     vm.vars[inputIndices[p]] = (p < (size_t)numIn) ? in[p][i] : 0.0f;
      |                     ~~      ^~~~~~~~~~~~~~~
/Users/joshua/Developer/PedalForge/source/ui/../pedals/../dsp/../dsp/DSPNodeLibrary.h:1730:52: warning: implicit conversion changes signedness: 'value_type' (aka 'int') to 'size_type' (aka 'unsigned long') [-Wsign-conversion]
 1730 |                 if (outputIndices[p] >= 0) vm.vars[outputIndices[p]] = 0.0f;
      |                                            ~~      ^~~~~~~~~~~~~~~~
/Users/joshua/Developer/PedalForge/source/ui/../pedals/../dsp/../dsp/DSPNodeLibrary.h:1732:41: warning: implicit conversion changes signedness: 'int' to 'size_type' (aka 'unsigned long') [-Wsign-conversion]
 1732 |             if (defOutIdx >= 0) vm.vars[defOutIdx] = 0.0f;
      |                                 ~~      ^~~~~~~~~
/Users/joshua/Developer/PedalForge/source/ui/../pedals/../dsp/../dsp/DSPNodeLibrary.h:1739:58: warning: implicit conversion changes signedness: 'value_type' (aka 'int') to 'size_type' (aka 'unsigned long') [-Wsign-conversion]
 1739 |                     if (outputIndices[p] >= 0 && vm.vars[outputIndices[p]] != 0.0f)
      |                                                  ~~      ^~~~~~~~~~~~~~~~
/Users/joshua/Developer/PedalForge/source/ui/../pedals/../dsp/../dsp/DSPNodeLibrary.h:1740:45: warning: implicit conversion changes signedness: 'value_type' (aka 'int') to 'size_type' (aka 'unsigned long') [-Wsign-conversion]
 1740 |                         out[p][i] = vm.vars[outputIndices[p]];
      |                                     ~~      ^~~~~~~~~~~~~~~~
/Users/joshua/Developer/PedalForge/source/ui/../pedals/../dsp/../dsp/DSPNodeLibrary.h:1742:64: warning: implicit conversion changes signedness: 'int' to 'size_type' (aka 'unsigned long') [-Wsign-conversion]
 1742 |                         out[0][i] = (defOutIdx >= 0 && vm.vars[defOutIdx] != 0.0f) ? vm.vars[defOutIdx] : result;
      |                                                        ~~      ^~~~~~~~~
/Users/joshua/Developer/PedalForge/source/ui/../pedals/../dsp/../dsp/DSPNodeLibrary.h:1742:94: warning: implicit conversion changes signedness: 'int' to 'size_type' (aka 'unsigned long') [-Wsign-conversion]
 1742 |                         out[0][i] = (defOutIdx >= 0 && vm.vars[defOutIdx] != 0.0f) ? vm.vars[defOutIdx] : result;
      |                                                                                      ~~      ^~~~~~~~~
/Users/joshua/Developer/PedalForge/source/ui/../pedals/../dsp/../dsp/DSPNodeLibrary.h:1748:36: warning: implicit conversion changes signedness: 'int' to 'size_type' (aka 'unsigned long') [-Wsign-conversion]
 1748 |             if (tIdx >= 0) vm.vars[tIdx] += dt;
      |                            ~~      ^~~~
/Users/joshua/Developer/PedalForge/source/ui/../pedals/../dsp/../dsp/DSPNodeLibrary.h:1894:54: warning: comparing floating point with == or != is unsafe [-Wfloat-equal]
 1894 |                     if (msg.getNoteNumber() / 127.0f == currentNote)
      |                         ~~~~~~~~~~~~~~~~~~~~~~~~~~~~ ^  ~~~~~~~~~~~
In file included from /Users/joshua/Developer/PedalForge/source/PluginProcessor.cpp:2:
In file included from /Users/joshua/Developer/PedalForge/source/PluginEditor.h:6:
In file included from /Users/joshua/Developer/PedalForge/source/ui/PedalboardGrid.h:6:
/Users/joshua/Developer/PedalForge/source/ui/PedalDetailPanel.h:27:76: warning: unused parameter 'nodeId' [-Wunused-parameter]
   27 |         virtual void pedalValuesChanged (juce::AudioProcessorGraph::NodeID nodeId) {}
      |                                                                            ^
In file included from /Users/joshua/Developer/PedalForge/source/PluginProcessor.cpp:2:
In file included from /Users/joshua/Developer/PedalForge/source/PluginEditor.h:6:
In file included from /Users/joshua/Developer/PedalForge/source/ui/PedalboardGrid.h:7:
/Users/joshua/Developer/PedalForge/source/ui/NotesOverlay.h:51:26: warning: implicit conversion changes signedness: 'int' to 'size_type' (aka 'unsigned long') [-Wsign-conversion]
   51 |                 (*notes)[selectedIndex].text = activeEditor.getText();
      |                 ~        ^~~~~~~~~~~~~
/Users/joshua/Developer/PedalForge/source/ui/NotesOverlay.h:75:35: warning: implicit conversion changes signedness: 'int' to 'size_type' (aka 'unsigned long') [-Wsign-conversion]
   75 |             auto& note = (*notes)[i];
      |                          ~        ^
/Users/joshua/Developer/PedalForge/source/ui/NotesOverlay.h:135:35: warning: implicit conversion changes signedness: 'int' to 'size_type' (aka 'unsigned long') [-Wsign-conversion]
  135 |             auto& note = (*notes)[i];
      |                          ~        ^
/Users/joshua/Developer/PedalForge/source/ui/NotesOverlay.h:196:31: warning: implicit conversion changes signedness: 'int' to 'size_type' (aka 'unsigned long') [-Wsign-conversion]
  196 |         auto& note = (*notes)[selectedIndex];
      |                      ~        ^~~~~~~~~~~~~
/Users/joshua/Developer/PedalForge/source/ui/NotesOverlay.h:273:31: warning: implicit conversion changes signedness: 'int' to 'size_type' (aka 'unsigned long') [-Wsign-conversion]
  273 |         auto& note = (*notes)[index];
      |                      ~        ^~~~~
In file included from /Users/joshua/Developer/PedalForge/source/PluginEditor.cpp:1:
In file included from /Users/joshua/Developer/PedalForge/source/PluginEditor.h:7:
In file included from /Users/joshua/Developer/PedalForge/source/ui/InventoryOverlay.h:4:
In file included from /Users/joshua/Developer/PedalForge/source/ui/PedalPalette.h:4:
In file included from /Users/joshua/Developer/PedalForge/source/ui/../pedals/PedalRegistry.h:4:
In file included from /Users/joshua/Developer/PedalForge/source/ui/../pedals/../dsp/GraphPedalProcessor.h:4:
In file included from /Users/joshua/Developer/PedalForge/source/ui/../pedals/../dsp/../dsp/DSPGraph.h:4:
In file included from /Users/joshua/Developer/PedalForge/source/ui/../pedals/../dsp/../dsp/DSPNodeLibrary.h:2328:
/Users/joshua/Developer/PedalForge/source/ui/../pedals/../dsp/../dsp/SynthNodeLibrary.h:153:28: warning: implicit conversion loses floating-point precision: 'double' to 'float' [-Wimplicit-float-conversion]
  153 |         float aRate = 1.0f / (a * sr);
      |               ~~~~~   ~~~~~^~~~~~~~~~
/Users/joshua/Developer/PedalForge/source/ui/../pedals/../dsp/../dsp/SynthNodeLibrary.h:154:28: warning: implicit conversion loses floating-point precision: 'double' to 'float' [-Wimplicit-float-conversion]
  154 |         float dRate = 1.0f / (d * sr);
      |               ~~~~~   ~~~~~^~~~~~~~~~
/Users/joshua/Developer/PedalForge/source/ui/../pedals/../dsp/../dsp/SynthNodeLibrary.h:155:28: warning: implicit conversion loses floating-point precision: 'double' to 'float' [-Wimplicit-float-conversion]
  155 |         float rRate = 1.0f / (r * sr);
      |               ~~~~~   ~~~~~^~~~~~~~~~
/Users/joshua/Developer/PedalForge/source/ui/../pedals/../dsp/../dsp/SynthNodeLibrary.h:207:28: warning: implicit conversion loses floating-point precision: 'double' to 'float' [-Wimplicit-float-conversion]
  207 |         float aRate = 1.0f / (getParam("attack")->get() * sr);
      |               ~~~~~   ~~~~~^~~~~~~~~~~~~~~~~~~~~~~~~~~~~~~~~~
/Users/joshua/Developer/PedalForge/source/ui/../pedals/../dsp/../dsp/SynthNodeLibrary.h:208:28: warning: implicit conversion loses floating-point precision: 'double' to 'float' [-Wimplicit-float-conversion]
  208 |         float rRate = 1.0f / (getParam("release")->get() * sr);
      |               ~~~~~   ~~~~~^~~~~~~~~~~~~~~~~~~~~~~~~~~~~~~~~~~
/Users/joshua/Developer/PedalForge/source/ui/../pedals/../dsp/../dsp/SynthNodeLibrary.h:269:61: warning: implicit conversion loses floating-point precision: 'double' to 'float' [-Wimplicit-float-conversion]
  269 |             float p = freq * juce::MathConstants<float>::pi / sr;
      |                   ~   ~~~~~~~~~~~~~~~~~~~~~~~~~~~~~~~~~~~~~~^~~~
/Users/joshua/Developer/PedalForge/source/ui/../pedals/../dsp/../dsp/SynthNodeLibrary.h:320:69: warning: implicit conversion loses floating-point precision: 'double' to 'float' [-Wimplicit-float-conversion]
  320 |             float wc = 2.0f * juce::MathConstants<float>::pi * freq / sr;
      |                   ~~   ~~~~~~~~~~~~~~~~~~~~~~~~~~~~~~~~~~~~~~~~~~~~~^~~~
/Users/joshua/Developer/PedalForge/source/ui/../pedals/../dsp/../dsp/SynthNodeLibrary.h:369:17: warning: implicit conversion turns floating-point number into integer: 'float' to 'bool' [-Wfloat-conversion]
  369 |             if (isExp)
      |             ~~  ^~~~~
/Users/joshua/Developer/PedalForge/source/ui/../pedals/../dsp/../dsp/SynthNodeLibrary.h:397:39: warning: implicit conversion loses floating-point precision: 'double' to 'float' [-Wimplicit-float-conversion]
  397 |         float coeff = time > 0.001f ? std::exp (-1.0f / (time * sr)) : 0.0f;
      |               ~~~~~                   ^~~~~~~~~~~~~~~~~~~~~~~~~~~~~~
In file included from /Users/joshua/Developer/PedalForge/source/PluginProcessor.cpp:2:
In file included from /Users/joshua/Developer/PedalForge/source/PluginEditor.h:7:
In file included from /Users/joshua/Developer/PedalForge/source/ui/InventoryOverlay.h:4:
In file included from /Users/joshua/Developer/PedalForge/source/ui/PedalPalette.h:4:
In file included from /Users/joshua/Developer/PedalForge/source/ui/../pedals/PedalRegistry.h:4:
In file included from /Users/joshua/Developer/PedalForge/source/ui/../pedals/../dsp/GraphPedalProcessor.h:4:
In file included from /Users/joshua/Developer/PedalForge/source/ui/../pedals/../dsp/../dsp/DSPGraph.h:4:
In file included from /Users/joshua/Developer/PedalForge/source/ui/../pedals/../dsp/../dsp/DSPNodeLibrary.h:4:
/Users/joshua/Developer/PedalForge/source/ui/../pedals/../dsp/../dsp/ExpressionVM.h:149:37: warning: implicit conversion changes signedness: 'int' to 'size_type' (aka 'unsigned long') [-Wsign-conversion]
  149 |             Op op = (Op) bytecode[pc++];
      |                          ~~~~~~~~ ~~^~
/Users/joshua/Developer/PedalForge/source/ui/../pedals/../dsp/../dsp/ExpressionVM.h:152:72: warning: implicit conversion changes signedness: 'int' to 'size_type' (aka 'unsigned long') [-Wsign-conversion]
  152 |                 case OP_PUSH_CONST: stack[sp++] = constants[bytecode[pc++]]; break;
      |                                                             ~~~~~~~~ ~~^~
/Users/joshua/Developer/PedalForge/source/ui/../pedals/../dsp/../dsp/ExpressionVM.h:153:67: warning: implicit conversion changes signedness: 'int' to 'size_type' (aka 'unsigned long') [-Wsign-conversion]
  153 |                 case OP_PUSH_VAR:   stack[sp++] = vars[bytecode[pc++]]; break;
      |                                                        ~~~~~~~~ ~~^~
/Users/joshua/Developer/PedalForge/source/ui/../pedals/../dsp/../dsp/ExpressionVM.h:154:53: warning: implicit conversion changes signedness: 'int' to 'size_type' (aka 'unsigned long') [-Wsign-conversion]
  154 |                 case OP_STORE_VAR:  vars[bytecode[pc++]] = stack[sp - 1]; break;
      |                                          ~~~~~~~~ ~~^~
/Users/joshua/Developer/PedalForge/source/ui/../pedals/../dsp/../dsp/ExpressionVM.h:268:49: warning: comparing floating point with == or != is unsafe [-Wfloat-equal]
  268 |                         juce::String txt = (val == (int)val) ? juce::String((int)val) : juce::String(val, 2);
      |                                             ~~~ ^  ~~~~~~~~
In file included from /Users/joshua/Developer/PedalForge/source/PluginProcessor.cpp:2:
In file included from /Users/joshua/Developer/PedalForge/source/PluginEditor.h:7:
In file included from /Users/joshua/Developer/PedalForge/source/ui/InventoryOverlay.h:4:
In file included from /Users/joshua/Developer/PedalForge/source/ui/PedalPalette.h:4:
In file included from /Users/joshua/Developer/PedalForge/source/ui/../pedals/PedalRegistry.h:4:
In file included from /Users/joshua/Developer/PedalForge/source/ui/../pedals/../dsp/GraphPedalProcessor.h:4:
In file included from /Users/joshua/Developer/PedalForge/source/ui/../pedals/../dsp/../dsp/DSPGraph.h:4:
/Users/joshua/Developer/PedalForge/source/ui/../pedals/../dsp/../dsp/DSPNodeLibrary.h:88:74: warning: comparing floating point with == or != is unsafe [-Wfloat-equal]
   88 |                 else if (msg.isNoteOff() && msg.getNoteNumber() / 127.0f == currentNote)
      |                                             ~~~~~~~~~~~~~~~~~~~~~~~~~~~~ ^  ~~~~~~~~~~~
/Users/joshua/Developer/PedalForge/source/ui/../pedals/../dsp/../dsp/DSPNodeLibrary.h:486:29: warning: implicit conversion loses floating-point precision: 'double' to 'float' [-Wimplicit-float-conversion]
  486 |                 case 0: v = std::sin (phase * 2.0 * juce::MathConstants<double>::pi); break;
      |                           ~ ^~~~~~~~~~~~~~~~~~~~~~~~~~~~~~~~~~~~~~~~~~~~~~~~~~~~~~~~
/Users/joshua/Developer/PedalForge/source/ui/../pedals/../dsp/../dsp/DSPNodeLibrary.h:521:24: warning: implicit conversion changes signedness: 'int' to 'size_type' (aka 'unsigned long') [-Wsign-conversion]
  521 |         buffer.resize (maxSamples, 0.0f);
      |                ~~~~~~  ^~~~~~~~~~
/Users/joshua/Developer/PedalForge/source/ui/../pedals/../dsp/../dsp/DSPNodeLibrary.h:537:36: warning: implicit conversion changes signedness: 'int' to 'size_type' (aka 'unsigned long') [-Wsign-conversion]
  537 |             float delayed = buffer[readPos];
      |                             ~~~~~~ ^~~~~~~
/Users/joshua/Developer/PedalForge/source/ui/../pedals/../dsp/../dsp/DSPNodeLibrary.h:539:20: warning: implicit conversion changes signedness: 'int' to 'size_type' (aka 'unsigned long') [-Wsign-conversion]
  539 |             buffer[writePos] = input;
      |             ~~~~~~ ^~~~~~~~
/Users/joshua/Developer/PedalForge/source/ui/../pedals/../dsp/../dsp/DSPNodeLibrary.h:571:24: warning: implicit conversion changes signedness: 'int' to 'size_type' (aka 'unsigned long') [-Wsign-conversion]
  571 |         buffer.resize (maxSamples, 0.0f);
      |                ~~~~~~  ^~~~~~~~~~
/Users/joshua/Developer/PedalForge/source/ui/../pedals/../dsp/../dsp/DSPNodeLibrary.h:592:65: warning: implicit conversion changes signedness: 'int' to 'size_type' (aka 'unsigned long') [-Wsign-conversion]
  592 |             float delayed = buffer[r0] * (1.0f - frac) + buffer[r1] * frac;
      |                                                          ~~~~~~ ^~
/Users/joshua/Developer/PedalForge/source/ui/../pedals/../dsp/../dsp/DSPNodeLibrary.h:592:36: warning: implicit conversion changes signedness: 'int' to 'size_type' (aka 'unsigned long') [-Wsign-conversion]
  592 |             float delayed = buffer[r0] * (1.0f - frac) + buffer[r1] * frac;
      |                             ~~~~~~ ^~
/Users/joshua/Developer/PedalForge/source/ui/../pedals/../dsp/../dsp/DSPNodeLibrary.h:594:20: warning: implicit conversion changes signedness: 'int' to 'size_type' (aka 'unsigned long') [-Wsign-conversion]
  594 |             buffer[writePos] = in[0][i] + delayed * fb;
      |             ~~~~~~ ^~~~~~~~
/Users/joshua/Developer/PedalForge/source/ui/../pedals/../dsp/../dsp/DSPNodeLibrary.h:729:55: warning: implicit conversion changes signedness: 'int' to 'size_type' (aka 'unsigned long') [-Wsign-conversion]
  729 |         for (int i = 0; i < 4; ++i) { comb[i].resize ((int)(combLens[i] * scale), 0.0f); combIdx[i] = 0; combFilt[i] = 0.0f; }
      |                                               ~~~~~~  ^~~~~~~~~~~~~~~~~~~~~~~~~~
/Users/joshua/Developer/PedalForge/source/ui/../pedals/../dsp/../dsp/DSPNodeLibrary.h:730:53: warning: implicit conversion changes signedness: 'int' to 'size_type' (aka 'unsigned long') [-Wsign-conversion]
  730 |         for (int i = 0; i < 2; ++i) { ap[i].resize ((int)(apLens[i] * scale), 0.0f); apIdx[i] = 0; }
      |                                             ~~~~~~  ^~~~~~~~~~~~~~~~~~~~~~~~
/Users/joshua/Developer/PedalForge/source/ui/../pedals/../dsp/../dsp/DSPNodeLibrary.h:747:37: warning: implicit conversion changes signedness: 'int' to 'size_type' (aka 'unsigned long') [-Wsign-conversion]
  747 |                 float del = comb[c][combIdx[c]];
      |                             ~~~~    ^~~~~~~~~~
/Users/joshua/Developer/PedalForge/source/ui/../pedals/../dsp/../dsp/DSPNodeLibrary.h:749:25: warning: implicit conversion changes signedness: 'int' to 'size_type' (aka 'unsigned long') [-Wsign-conversion]
  749 |                 comb[c][combIdx[c]] = x + combFilt[c] * size;
      |                 ~~~~    ^~~~~~~~~~
/Users/joshua/Developer/PedalForge/source/ui/../pedals/../dsp/../dsp/DSPNodeLibrary.h:758:35: warning: implicit conversion changes signedness: 'int' to 'size_type' (aka 'unsigned long') [-Wsign-conversion]
  758 |                 float del = ap[a][apIdx[a]];
      |                             ~~    ^~~~~~~~
/Users/joshua/Developer/PedalForge/source/ui/../pedals/../dsp/../dsp/DSPNodeLibrary.h:760:23: warning: implicit conversion changes signedness: 'int' to 'size_type' (aka 'unsigned long') [-Wsign-conversion]
  760 |                 ap[a][apIdx[a]] = wet + del * 0.5f;
      |                 ~~    ^~~~~~~~
/Users/joshua/Developer/PedalForge/source/ui/../pedals/../dsp/../dsp/DSPNodeLibrary.h:797:26: warning: parameter 'sr' shadows member inherited from type 'DSPNode' [-Wshadow-field]
  797 |     void prepare (double sr, int bs) override
      |                          ^
/Users/joshua/Developer/PedalForge/source/ui/../pedals/../dsp/../dsp/DSPNode.h:297:12: note: declared here
  297 |     double sr = 44100.0;
      |            ^
In file included from /Users/joshua/Developer/PedalForge/source/PluginProcessor.cpp:2:
In file included from /Users/joshua/Developer/PedalForge/source/PluginEditor.h:7:
In file included from /Users/joshua/Developer/PedalForge/source/ui/InventoryOverlay.h:4:
In file included from /Users/joshua/Developer/PedalForge/source/ui/PedalPalette.h:4:
In file included from /Users/joshua/Developer/PedalForge/source/ui/../pedals/PedalRegistry.h:4:
In file included from /Users/joshua/Developer/PedalForge/source/ui/../pedals/../dsp/GraphPedalProcessor.h:4:
In file included from /Users/joshua/Developer/PedalForge/source/ui/../pedals/../dsp/../dsp/DSPGraph.h:4:
/Users/joshua/Developer/PedalForge/source/ui/../pedals/../dsp/../dsp/DSPNodeLibrary.h:847:26: warning: parameter 'sr' shadows member inherited from type 'DSPNode' [-Wshadow-field]
  847 |     void prepare (double sr, int bs) override
      |                          ^
/Users/joshua/Developer/PedalForge/source/ui/../pedals/../dsp/../dsp/DSPNode.h:297:12: note: declared here
  297 |     double sr = 44100.0;
      |            ^
In file included from /Users/joshua/Developer/PedalForge/source/PluginProcessor.cpp:2:
In file included from /Users/joshua/Developer/PedalForge/source/PluginEditor.h:7:
In file included from /Users/joshua/Developer/PedalForge/source/ui/InventoryOverlay.h:4:
In file included from /Users/joshua/Developer/PedalForge/source/ui/PedalPalette.h:4:
In file included from /Users/joshua/Developer/PedalForge/source/ui/../pedals/PedalRegistry.h:4:
In file included from /Users/joshua/Developer/PedalForge/source/ui/../pedals/../dsp/GraphPedalProcessor.h:4:
In file included from /Users/joshua/Developer/PedalForge/source/ui/../pedals/../dsp/../dsp/DSPGraph.h:4:
/Users/joshua/Developer/PedalForge/source/ui/../pedals/../dsp/../dsp/DSPNodeLibrary.h:911:26: warning: parameter 'sr' shadows member inherited from type 'DSPNode' [-Wshadow-field]
  911 |     void prepare (double sr, int bs) override
      |                          ^
/Users/joshua/Developer/PedalForge/source/ui/../pedals/../dsp/../dsp/DSPNode.h:297:12: note: declared here
  297 |     double sr = 44100.0;
      |            ^
In file included from /Users/joshua/Developer/PedalForge/source/PluginProcessor.cpp:2:
In file included from /Users/joshua/Developer/PedalForge/source/PluginEditor.h:7:
In file included from /Users/joshua/Developer/PedalForge/source/ui/InventoryOverlay.h:4:
In file included from /Users/joshua/Developer/PedalForge/source/ui/PedalPalette.h:4:
In file included from /Users/joshua/Developer/PedalForge/source/ui/../pedals/PedalRegistry.h:4:
In file included from /Users/joshua/Developer/PedalForge/source/ui/../pedals/../dsp/GraphPedalProcessor.h:4:
In file included from /Users/joshua/Developer/PedalForge/source/ui/../pedals/../dsp/../dsp/DSPGraph.h:4:
/Users/joshua/Developer/PedalForge/source/ui/../pedals/../dsp/../dsp/DSPNodeLibrary.h:979:26: warning: parameter 'sr' shadows member inherited from type 'DSPNode' [-Wshadow-field]
  979 |     void prepare (double sr, int bs) override
      |                          ^
/Users/joshua/Developer/PedalForge/source/ui/../pedals/../dsp/../dsp/DSPNode.h:297:12: note: declared here
  297 |     double sr = 44100.0;
      |            ^
In file included from /Users/joshua/Developer/PedalForge/source/PluginProcessor.cpp:2:
In file included from /Users/joshua/Developer/PedalForge/source/PluginEditor.h:7:
In file included from /Users/joshua/Developer/PedalForge/source/ui/InventoryOverlay.h:4:
In file included from /Users/joshua/Developer/PedalForge/source/ui/PedalPalette.h:4:
In file included from /Users/joshua/Developer/PedalForge/source/ui/../pedals/PedalRegistry.h:4:
In file included from /Users/joshua/Developer/PedalForge/source/ui/../pedals/../dsp/GraphPedalProcessor.h:4:
In file included from /Users/joshua/Developer/PedalForge/source/ui/../pedals/../dsp/../dsp/DSPGraph.h:4:
/Users/joshua/Developer/PedalForge/source/ui/../pedals/../dsp/../dsp/DSPNodeLibrary.h:992:18: warning: comparing floating point with == or != is unsafe [-Wfloat-equal]
  992 |         if (freq != lastFreq || gainDB != lastGain || q != lastQ)
      |             ~~~~ ^  ~~~~~~~~
/Users/joshua/Developer/PedalForge/source/ui/../pedals/../dsp/../dsp/DSPNodeLibrary.h:992:40: warning: comparing floating point with == or != is unsafe [-Wfloat-equal]
  992 |         if (freq != lastFreq || gainDB != lastGain || q != lastQ)
      |                                 ~~~~~~ ^  ~~~~~~~~
/Users/joshua/Developer/PedalForge/source/ui/../pedals/../dsp/../dsp/DSPNodeLibrary.h:992:57: warning: comparing floating point with == or != is unsafe [-Wfloat-equal]
  992 |         if (freq != lastFreq || gainDB != lastGain || q != lastQ)
      |                                                       ~ ^  ~~~~~
/Users/joshua/Developer/PedalForge/source/ui/../pedals/../dsp/../dsp/DSPNodeLibrary.h:1048:26: warning: parameter 'sr' shadows member inherited from type 'DSPNode' [-Wshadow-field]
 1048 |     void prepare (double sr, int bs) override
      |                          ^
/Users/joshua/Developer/PedalForge/source/ui/../pedals/../dsp/../dsp/DSPNode.h:297:12: note: declared here
  297 |     double sr = 44100.0;
      |            ^
In file included from /Users/joshua/Developer/PedalForge/source/PluginProcessor.cpp:2:
In file included from /Users/joshua/Developer/PedalForge/source/PluginEditor.h:7:
In file included from /Users/joshua/Developer/PedalForge/source/ui/InventoryOverlay.h:4:
In file included from /Users/joshua/Developer/PedalForge/source/ui/PedalPalette.h:4:
In file included from /Users/joshua/Developer/PedalForge/source/ui/../pedals/PedalRegistry.h:4:
In file included from /Users/joshua/Developer/PedalForge/source/ui/../pedals/../dsp/GraphPedalProcessor.h:4:
In file included from /Users/joshua/Developer/PedalForge/source/ui/../pedals/../dsp/../dsp/DSPGraph.h:4:
/Users/joshua/Developer/PedalForge/source/ui/../pedals/../dsp/../dsp/DSPNodeLibrary.h:1826:15: warning: 'toJSON' overrides a member function but is not marked 'override' [-Winconsistent-missing-override]
 1826 |     juce::var toJSON() const
      |               ^
/Users/joshua/Developer/PedalForge/source/ui/../pedals/../dsp/../dsp/DSPNode.h:221:23: note: overridden virtual function is here
  221 |     virtual juce::var toJSON() const
      |                       ^
In file included from /Users/joshua/Developer/PedalForge/source/PluginProcessor.cpp:2:
In file included from /Users/joshua/Developer/PedalForge/source/PluginEditor.h:7:
In file included from /Users/joshua/Developer/PedalForge/source/ui/InventoryOverlay.h:4:
In file included from /Users/joshua/Developer/PedalForge/source/ui/PedalPalette.h:4:
In file included from /Users/joshua/Developer/PedalForge/source/ui/../pedals/PedalRegistry.h:4:
In file included from /Users/joshua/Developer/PedalForge/source/ui/../pedals/../dsp/GraphPedalProcessor.h:4:
In file included from /Users/joshua/Developer/PedalForge/source/ui/../pedals/../dsp/../dsp/DSPGraph.h:4:
/Users/joshua/Developer/PedalForge/source/ui/../pedals/../dsp/../dsp/DSPNodeLibrary.h:1834:10: warning: 'fromJSON' overrides a member function but is not marked 'override' [-Winconsistent-missing-override]
 1834 |     void fromJSON (const juce::var& json)
      |          ^
/Users/joshua/Developer/PedalForge/source/ui/../pedals/../dsp/../dsp/DSPNode.h:245:18: note: overridden virtual function is here
  245 |     virtual void fromJSON (const juce::var& json)
      |                  ^
In file included from /Users/joshua/Developer/PedalForge/source/PluginProcessor.cpp:2:
In file included from /Users/joshua/Developer/PedalForge/source/PluginEditor.h:7:
In file included from /Users/joshua/Developer/PedalForge/source/ui/InventoryOverlay.h:4:
In file included from /Users/joshua/Developer/PedalForge/source/ui/PedalPalette.h:4:
In file included from /Users/joshua/Developer/PedalForge/source/ui/../pedals/PedalRegistry.h:4:
In file included from /Users/joshua/Developer/PedalForge/source/ui/../pedals/../dsp/GraphPedalProcessor.h:4:
In file included from /Users/joshua/Developer/PedalForge/source/ui/../pedals/../dsp/../dsp/DSPGraph.h:4:
/Users/joshua/Developer/PedalForge/source/ui/../pedals/../dsp/../dsp/DSPNodeLibrary.h:1694:67: warning: implicit conversion changes signedness: 'int' to 'size_type' (aka 'unsigned long') [-Wsign-conversion]
 1694 |         if (int srIdx = vm.getVarIndex("sr"); srIdx >= 0) vm.vars[srIdx] = (float) sampleRate;
      |                                                           ~~      ^~~~~
/Users/joshua/Developer/PedalForge/source/ui/../pedals/../dsp/../dsp/DSPNodeLibrary.h:1695:67: warning: implicit conversion changes signedness: 'int' to 'size_type' (aka 'unsigned long') [-Wsign-conversion]
 1695 |         if (int dtIdx = vm.getVarIndex("dt"); dtIdx >= 0) vm.vars[dtIdx] = 1.0f / (float) sampleRate;
      |                                                           ~~      ^~~~~
/Users/joshua/Developer/PedalForge/source/ui/../pedals/../dsp/../dsp/DSPNodeLibrary.h:1696:67: warning: implicit conversion changes signedness: 'int' to 'size_type' (aka 'unsigned long') [-Wsign-conversion]
 1696 |         if (int tIdx  = vm.getVarIndex("t");  tIdx >= 0)  vm.vars[tIdx]  = 0.0f;
      |                                                           ~~      ^~~~
/Users/joshua/Developer/PedalForge/source/ui/../pedals/../dsp/../dsp/DSPNodeLibrary.h:1710:25: warning: implicit conversion changes signedness: 'value_type' (aka 'int') to 'size_type' (aka 'unsigned long') [-Wsign-conversion]
 1710 |                 vm.vars[paramIndices[p]] = getParams()[p].get();
      |                 ~~      ^~~~~~~~~~~~~~~
/Users/joshua/Developer/PedalForge/source/ui/../pedals/../dsp/../dsp/DSPNodeLibrary.h:1716:43: warning: implicit conversion changes signedness: 'int' to 'size_type' (aka 'unsigned long') [-Wsign-conversion]
 1716 |         float dt = (dtIdx >= 0) ? vm.vars[dtIdx] : 0.0f;
      |                                   ~~      ^~~~~
/Users/joshua/Developer/PedalForge/source/ui/../pedals/../dsp/../dsp/DSPNodeLibrary.h:1724:29: warning: implicit conversion changes signedness: 'value_type' (aka 'int') to 'size_type' (aka 'unsigned long') [-Wsign-conversion]
 1724 |                     vm.vars[inputIndices[p]] = (p < (size_t)numIn) ? in[p][i] : 0.0f;
      |                     ~~      ^~~~~~~~~~~~~~~
/Users/joshua/Developer/PedalForge/source/ui/../pedals/../dsp/../dsp/DSPNodeLibrary.h:1730:52: warning: implicit conversion changes signedness: 'value_type' (aka 'int') to 'size_type' (aka 'unsigned long') [-Wsign-conversion]
 1730 |                 if (outputIndices[p] >= 0) vm.vars[outputIndices[p]] = 0.0f;
      |                                            ~~      ^~~~~~~~~~~~~~~~
/Users/joshua/Developer/PedalForge/source/ui/../pedals/../dsp/../dsp/DSPNodeLibrary.h:1732:41: warning: implicit conversion changes signedness: 'int' to 'size_type' (aka 'unsigned long') [-Wsign-conversion]
 1732 |             if (defOutIdx >= 0) vm.vars[defOutIdx] = 0.0f;
      |                                 ~~      ^~~~~~~~~
/Users/joshua/Developer/PedalForge/source/ui/../pedals/../dsp/../dsp/DSPNodeLibrary.h:1739:58: warning: implicit conversion changes signedness: 'value_type' (aka 'int') to 'size_type' (aka 'unsigned long') [-Wsign-conversion]
 1739 |                     if (outputIndices[p] >= 0 && vm.vars[outputIndices[p]] != 0.0f)
      |                                                  ~~      ^~~~~~~~~~~~~~~~
/Users/joshua/Developer/PedalForge/source/ui/../pedals/../dsp/../dsp/DSPNodeLibrary.h:1740:45: warning: implicit conversion changes signedness: 'value_type' (aka 'int') to 'size_type' (aka 'unsigned long') [-Wsign-conversion]
 1740 |                         out[p][i] = vm.vars[outputIndices[p]];
      |                                     ~~      ^~~~~~~~~~~~~~~~
/Users/joshua/Developer/PedalForge/source/ui/../pedals/../dsp/../dsp/DSPNodeLibrary.h:1742:64: warning: implicit conversion changes signedness: 'int' to 'size_type' (aka 'unsigned long') [-Wsign-conversion]
 1742 |                         out[0][i] = (defOutIdx >= 0 && vm.vars[defOutIdx] != 0.0f) ? vm.vars[defOutIdx] : result;
      |                                                        ~~      ^~~~~~~~~
/Users/joshua/Developer/PedalForge/source/ui/../pedals/../dsp/../dsp/DSPNodeLibrary.h:1742:94: warning: implicit conversion changes signedness: 'int' to 'size_type' (aka 'unsigned long') [-Wsign-conversion]
 1742 |                         out[0][i] = (defOutIdx >= 0 && vm.vars[defOutIdx] != 0.0f) ? vm.vars[defOutIdx] : result;
      |                                                                                      ~~      ^~~~~~~~~
/Users/joshua/Developer/PedalForge/source/ui/../pedals/../dsp/../dsp/DSPNodeLibrary.h:1748:36: warning: implicit conversion changes signedness: 'int' to 'size_type' (aka 'unsigned long') [-Wsign-conversion]
 1748 |             if (tIdx >= 0) vm.vars[tIdx] += dt;
      |                            ~~      ^~~~
/Users/joshua/Developer/PedalForge/source/ui/../pedals/../dsp/../dsp/DSPNodeLibrary.h:1894:54: warning: comparing floating point with == or != is unsafe [-Wfloat-equal]
 1894 |                     if (msg.getNoteNumber() / 127.0f == currentNote)
      |                         ~~~~~~~~~~~~~~~~~~~~~~~~~~~~ ^  ~~~~~~~~~~~
In file included from /Users/joshua/Developer/PedalForge/source/PluginEditor.cpp:1:
In file included from /Users/joshua/Developer/PedalForge/source/PluginEditor.h:7:
In file included from /Users/joshua/Developer/PedalForge/source/ui/InventoryOverlay.h:4:
In file included from /Users/joshua/Developer/PedalForge/source/ui/PedalPalette.h:4:
In file included from /Users/joshua/Developer/PedalForge/source/ui/../pedals/PedalRegistry.h:4:
In file included from /Users/joshua/Developer/PedalForge/source/ui/../pedals/../dsp/GraphPedalProcessor.h:4:
In file included from /Users/joshua/Developer/PedalForge/source/ui/../pedals/../dsp/../dsp/DSPGraph.h:4:
In file included from /Users/joshua/Developer/PedalForge/source/ui/../pedals/../dsp/../dsp/DSPNodeLibrary.h:2329:
/Users/joshua/Developer/PedalForge/source/ui/../pedals/../dsp/../dsp/MemoryNodeLibrary.h:43:32: warning: implicit conversion changes signedness: 'int' to 'size_type' (aka 'unsigned long') [-Wsign-conversion]
   43 |             out[0][i] = memory[readIdx];
      |                         ~~~~~~ ^~~~~~~
/Users/joshua/Developer/PedalForge/source/ui/../pedals/../dsp/../dsp/MemoryNodeLibrary.h:46:24: warning: implicit conversion changes signedness: 'int' to 'size_type' (aka 'unsigned long') [-Wsign-conversion]
   46 |                 memory[writeIdx] = dataIn;
      |                 ~~~~~~ ^~~~~~~~
/Users/joshua/Developer/PedalForge/source/ui/../pedals/../dsp/../dsp/MemoryNodeLibrary.h:99:35: warning: implicit conversion changes signedness: 'unsigned int' to 'int' [-Wsign-conversion]
   99 |         int numChannels = reader->numChannels;
      |             ~~~~~~~~~~~   ~~~~~~~~^~~~~~~~~~~
/Users/joshua/Developer/PedalForge/source/ui/../pedals/../dsp/../dsp/MemoryNodeLibrary.h:379:30: warning: comparing floating point with == or != is unsafe [-Wfloat-equal]
  379 |             out[0][i] = (val != lastVal) ? 1.0f : 0.0f;
      |                          ~~~ ^  ~~~~~~~
/Users/joshua/Developer/PedalForge/source/ui/../pedals/../dsp/../dsp/MemoryNodeLibrary.h:452:12: warning: non-static data member 'sr' of 'LogicDelayNode' shadows member inherited from type 'DSPNode' [-Wshadow-field]
  452 |     double sr = 44100.0;
      |            ^
/Users/joshua/Developer/PedalForge/source/ui/../pedals/../dsp/../dsp/DSPNode.h:297:12: note: declared here
  297 |     double sr = 44100.0;
      |            ^
In file included from /Users/joshua/Developer/PedalForge/source/PluginEditor.cpp:1:
In file included from /Users/joshua/Developer/PedalForge/source/PluginEditor.h:7:
In file included from /Users/joshua/Developer/PedalForge/source/ui/InventoryOverlay.h:4:
In file included from /Users/joshua/Developer/PedalForge/source/ui/PedalPalette.h:4:
In file included from /Users/joshua/Developer/PedalForge/source/ui/../pedals/PedalRegistry.h:4:
In file included from /Users/joshua/Developer/PedalForge/source/ui/../pedals/../dsp/GraphPedalProcessor.h:4:
In file included from /Users/joshua/Developer/PedalForge/source/ui/../pedals/../dsp/../dsp/DSPGraph.h:4:
In file included from /Users/joshua/Developer/PedalForge/source/ui/../pedals/../dsp/../dsp/DSPNodeLibrary.h:2329:
/Users/joshua/Developer/PedalForge/source/ui/../pedals/../dsp/../dsp/MemoryNodeLibrary.h:427:24: warning: implicit conversion changes signedness: 'int' to 'size_type' (aka 'unsigned long') [-Wsign-conversion]
  427 |         buffer.resize ((int)(sampleRate * 5.0), 0.0f); // 5 sec max
      |                ~~~~~~  ^~~~~~~~~~~~~~~~~~~~~~~
/Users/joshua/Developer/PedalForge/source/ui/../pedals/../dsp/../dsp/MemoryNodeLibrary.h:439:20: warning: implicit conversion changes signedness: 'int' to 'size_type' (aka 'unsigned long') [-Wsign-conversion]
  439 |             buffer[writePos] = val;
      |             ~~~~~~ ^~~~~~~~
/Users/joshua/Developer/PedalForge/source/ui/../pedals/../dsp/../dsp/MemoryNodeLibrary.h:444:32: warning: implicit conversion changes signedness: 'int' to 'size_type' (aka 'unsigned long') [-Wsign-conversion]
  444 |             out[0][i] = buffer[readPos];
      |                         ~~~~~~ ^~~~~~~
/Users/joshua/Developer/PedalForge/source/ui/../pedals/../dsp/../dsp/MemoryNodeLibrary.h:446:39: warning: implicit conversion changes signedness: 'size_type' (aka 'unsigned long') to 'int' [-Wsign-conversion]
  446 |             writePos = (writePos + 1) % buffer.size();
      |                      ~ ~~~~~~~~~~~~~~~^~~~~~~~~~~~~~~
/Users/joshua/Developer/PedalForge/source/ui/../pedals/../dsp/../dsp/MemoryNodeLibrary.h:446:34: warning: implicit conversion changes signedness: 'int' to 'size_type' (aka 'unsigned long') [-Wsign-conversion]
  446 |             writePos = (writePos + 1) % buffer.size();
      |                         ~~~~~~~~~^~~  ~
/Users/joshua/Developer/PedalForge/source/ui/../pedals/../dsp/../dsp/MemoryNodeLibrary.h:496:12: warning: non-static data member 'sr' of 'PulseWidthNode' shadows member inherited from type 'DSPNode' [-Wshadow-field]
  496 |     double sr = 44100.0;
      |            ^
/Users/joshua/Developer/PedalForge/source/ui/../pedals/../dsp/../dsp/DSPNode.h:297:12: note: declared here
  297 |     double sr = 44100.0;
      |            ^
In file included from /Users/joshua/Developer/PedalForge/source/PluginEditor.cpp:1:
In file included from /Users/joshua/Developer/PedalForge/source/PluginEditor.h:7:
In file included from /Users/joshua/Developer/PedalForge/source/ui/InventoryOverlay.h:4:
In file included from /Users/joshua/Developer/PedalForge/source/ui/PedalPalette.h:4:
In file included from /Users/joshua/Developer/PedalForge/source/ui/../pedals/PedalRegistry.h:4:
In file included from /Users/joshua/Developer/PedalForge/source/ui/../pedals/../dsp/GraphPedalProcessor.h:4:
In file included from /Users/joshua/Developer/PedalForge/source/ui/../pedals/../dsp/../dsp/DSPGraph.h:4:
In file included from /Users/joshua/Developer/PedalForge/source/ui/../pedals/../dsp/../dsp/DSPNodeLibrary.h:2329:
/Users/joshua/Developer/PedalForge/source/ui/../pedals/../dsp/../dsp/MemoryNodeLibrary.h:541:12: warning: non-static data member 'sr' of 'OneShotNode' shadows member inherited from type 'DSPNode' [-Wshadow-field]
  541 |     double sr = 44100.0;
      |            ^
/Users/joshua/Developer/PedalForge/source/ui/../pedals/../dsp/../dsp/DSPNode.h:297:12: note: declared here
  297 |     double sr = 44100.0;
      |            ^
In file included from /Users/joshua/Developer/PedalForge/source/PluginEditor.cpp:1:
In file included from /Users/joshua/Developer/PedalForge/source/PluginEditor.h:7:
In file included from /Users/joshua/Developer/PedalForge/source/ui/InventoryOverlay.h:4:
In file included from /Users/joshua/Developer/PedalForge/source/ui/PedalPalette.h:4:
In file included from /Users/joshua/Developer/PedalForge/source/ui/../pedals/PedalRegistry.h:4:
In file included from /Users/joshua/Developer/PedalForge/source/ui/../pedals/../dsp/GraphPedalProcessor.h:4:
In file included from /Users/joshua/Developer/PedalForge/source/ui/../pedals/../dsp/../dsp/DSPGraph.h:4:
In file included from /Users/joshua/Developer/PedalForge/source/ui/../pedals/../dsp/../dsp/DSPNodeLibrary.h:2329:
/Users/joshua/Developer/PedalForge/source/ui/../pedals/../dsp/../dsp/MemoryNodeLibrary.h:588:12: warning: non-static data member 'sr' of 'DebounceNode' shadows member inherited from type 'DSPNode' [-Wshadow-field]
  588 |     double sr = 44100.0;
      |            ^
/Users/joshua/Developer/PedalForge/source/ui/../pedals/../dsp/../dsp/DSPNode.h:297:12: note: declared here
  297 |     double sr = 44100.0;
      |            ^
In file included from /Users/joshua/Developer/PedalForge/source/PluginEditor.cpp:1:
In file included from /Users/joshua/Developer/PedalForge/source/PluginEditor.h:7:
In file included from /Users/joshua/Developer/PedalForge/source/ui/InventoryOverlay.h:4:
In file included from /Users/joshua/Developer/PedalForge/source/ui/PedalPalette.h:4:
In file included from /Users/joshua/Developer/PedalForge/source/ui/../pedals/PedalRegistry.h:4:
In file included from /Users/joshua/Developer/PedalForge/source/ui/../pedals/../dsp/GraphPedalProcessor.h:4:
In file included from /Users/joshua/Developer/PedalForge/source/ui/../pedals/../dsp/../dsp/DSPGraph.h:4:
In file included from /Users/joshua/Developer/PedalForge/source/ui/../pedals/../dsp/../dsp/DSPNodeLibrary.h:2329:
/Users/joshua/Developer/PedalForge/source/ui/../pedals/../dsp/../dsp/MemoryNodeLibrary.h:568:21: warning: comparing floating point with == or != is unsafe [-Wfloat-equal]
  568 |             if (val != pendingVal)
      |                 ~~~ ^  ~~~~~~~~~~
/Users/joshua/Developer/PedalForge/source/ui/../pedals/../dsp/../dsp/MemoryNodeLibrary.h:632:12: warning: non-static data member 'sr' of 'BlinkNode' shadows member inherited from type 'DSPNode' [-Wshadow-field]
  632 |     double sr = 44100.0;
      |            ^
/Users/joshua/Developer/PedalForge/source/ui/../pedals/../dsp/../dsp/DSPNode.h:297:12: note: declared here
  297 |     double sr = 44100.0;
      |            ^
In file included from /Users/joshua/Developer/PedalForge/source/PluginEditor.cpp:1:
In file included from /Users/joshua/Developer/PedalForge/source/PluginEditor.h:7:
In file included from /Users/joshua/Developer/PedalForge/source/ui/InventoryOverlay.h:4:
In file included from /Users/joshua/Developer/PedalForge/source/ui/PedalPalette.h:4:
In file included from /Users/joshua/Developer/PedalForge/source/ui/../pedals/PedalRegistry.h:4:
In file included from /Users/joshua/Developer/PedalForge/source/ui/../pedals/../dsp/GraphPedalProcessor.h:4:
In file included from /Users/joshua/Developer/PedalForge/source/ui/../pedals/../dsp/../dsp/DSPGraph.h:4:
In file included from /Users/joshua/Developer/PedalForge/source/ui/../pedals/../dsp/../dsp/DSPNodeLibrary.h:2329:
/Users/joshua/Developer/PedalForge/source/ui/../pedals/../dsp/../dsp/MemoryNodeLibrary.h:675:12: warning: non-static data member 'sr' of 'RampNode' shadows member inherited from type 'DSPNode' [-Wshadow-field]
  675 |     double sr = 44100.0;
      |            ^
/Users/joshua/Developer/PedalForge/source/ui/../pedals/../dsp/../dsp/DSPNode.h:297:12: note: declared here
  297 |     double sr = 44100.0;
      |            ^
In file included from /Users/joshua/Developer/PedalForge/source/PluginEditor.cpp:1:
In file included from /Users/joshua/Developer/PedalForge/source/PluginEditor.h:7:
In file included from /Users/joshua/Developer/PedalForge/source/ui/InventoryOverlay.h:4:
In file included from /Users/joshua/Developer/PedalForge/source/ui/PedalPalette.h:4:
In file included from /Users/joshua/Developer/PedalForge/source/ui/../pedals/PedalRegistry.h:4:
In file included from /Users/joshua/Developer/PedalForge/source/ui/../pedals/../dsp/GraphPedalProcessor.h:4:
In file included from /Users/joshua/Developer/PedalForge/source/ui/../pedals/../dsp/../dsp/DSPGraph.h:4:
In file included from /Users/joshua/Developer/PedalForge/source/ui/../pedals/../dsp/../dsp/DSPNodeLibrary.h:2329:
/Users/joshua/Developer/PedalForge/source/ui/../pedals/../dsp/../dsp/MemoryNodeLibrary.h:715:22: warning: implicit conversion changes signedness: 'int' to 'size_type' (aka 'unsigned long') [-Wsign-conversion]
  715 |                 data[idx] = val_in;
      |                 ~~~~ ^~~
/Users/joshua/Developer/PedalForge/source/ui/../pedals/../dsp/../dsp/MemoryNodeLibrary.h:724:34: warning: implicit conversion changes signedness: 'int' to 'size_type' (aka 'unsigned long') [-Wsign-conversion]
  724 |                 out[0][i] = data[idx];
      |                             ~~~~ ^~~
/Users/joshua/Developer/PedalForge/source/ui/../pedals/../dsp/../dsp/MemoryNodeLibrary.h:714:52: warning: comparison of integers of different signs: 'int' and 'size_type' (aka 'unsigned long') [-Wsign-compare]
  714 |             if (set && !lastSet && idx >= 0 && idx < data.size()) {
      |                                                ~~~ ^ ~~~~~~~~~~~
/Users/joshua/Developer/PedalForge/source/ui/../pedals/../dsp/../dsp/MemoryNodeLibrary.h:723:33: warning: comparison of integers of different signs: 'int' and 'size_type' (aka 'unsigned long') [-Wsign-compare]
  723 |             if (idx >= 0 && idx < data.size()) {
      |                             ~~~ ^ ~~~~~~~~~~~
In file included from /Users/joshua/Developer/PedalForge/source/PluginProcessor.cpp:2:
In file included from /Users/joshua/Developer/PedalForge/source/PluginEditor.h:7:
In file included from /Users/joshua/Developer/PedalForge/source/ui/InventoryOverlay.h:4:
In file included from /Users/joshua/Developer/PedalForge/source/ui/PedalPalette.h:4:
In file included from /Users/joshua/Developer/PedalForge/source/ui/../pedals/PedalRegistry.h:4:
In file included from /Users/joshua/Developer/PedalForge/source/ui/../pedals/../dsp/GraphPedalProcessor.h:4:
In file included from /Users/joshua/Developer/PedalForge/source/ui/../pedals/../dsp/../dsp/DSPGraph.h:4:
In file included from /Users/joshua/Developer/PedalForge/source/ui/../pedals/../dsp/../dsp/DSPNodeLibrary.h:2328:
/Users/joshua/Developer/PedalForge/source/ui/../pedals/../dsp/../dsp/SynthNodeLibrary.h:153:28: warning: implicit conversion loses floating-point precision: 'double' to 'float' [-Wimplicit-float-conversion]
  153 |         float aRate = 1.0f / (a * sr);
      |               ~~~~~   ~~~~~^~~~~~~~~~
/Users/joshua/Developer/PedalForge/source/ui/../pedals/../dsp/../dsp/SynthNodeLibrary.h:154:28: warning: implicit conversion loses floating-point precision: 'double' to 'float' [-Wimplicit-float-conversion]
  154 |         float dRate = 1.0f / (d * sr);
      |               ~~~~~   ~~~~~^~~~~~~~~~
/Users/joshua/Developer/PedalForge/source/ui/../pedals/../dsp/../dsp/SynthNodeLibrary.h:155:28: warning: implicit conversion loses floating-point precision: 'double' to 'float' [-Wimplicit-float-conversion]
  155 |         float rRate = 1.0f / (r * sr);
      |               ~~~~~   ~~~~~^~~~~~~~~~
/Users/joshua/Developer/PedalForge/source/ui/../pedals/../dsp/../dsp/SynthNodeLibrary.h:207:28: warning: implicit conversion loses floating-point precision: 'double' to 'float' [-Wimplicit-float-conversion]
  207 |         float aRate = 1.0f / (getParam("attack")->get() * sr);
      |               ~~~~~   ~~~~~^~~~~~~~~~~~~~~~~~~~~~~~~~~~~~~~~~
/Users/joshua/Developer/PedalForge/source/ui/../pedals/../dsp/../dsp/SynthNodeLibrary.h:208:28: warning: implicit conversion loses floating-point precision: 'double' to 'float' [-Wimplicit-float-conversion]
  208 |         float rRate = 1.0f / (getParam("release")->get() * sr);
      |               ~~~~~   ~~~~~^~~~~~~~~~~~~~~~~~~~~~~~~~~~~~~~~~~
/Users/joshua/Developer/PedalForge/source/ui/../pedals/../dsp/../dsp/SynthNodeLibrary.h:269:61: warning: implicit conversion loses floating-point precision: 'double' to 'float' [-Wimplicit-float-conversion]
  269 |             float p = freq * juce::MathConstants<float>::pi / sr;
      |                   ~   ~~~~~~~~~~~~~~~~~~~~~~~~~~~~~~~~~~~~~~^~~~
/Users/joshua/Developer/PedalForge/source/ui/../pedals/../dsp/../dsp/SynthNodeLibrary.h:320:69: warning: implicit conversion loses floating-point precision: 'double' to 'float' [-Wimplicit-float-conversion]
  320 |             float wc = 2.0f * juce::MathConstants<float>::pi * freq / sr;
      |                   ~~   ~~~~~~~~~~~~~~~~~~~~~~~~~~~~~~~~~~~~~~~~~~~~~^~~~
/Users/joshua/Developer/PedalForge/source/ui/../pedals/../dsp/../dsp/SynthNodeLibrary.h:369:17: warning: implicit conversion turns floating-point number into integer: 'float' to 'bool' [-Wfloat-conversion]
  369 |             if (isExp)
      |             ~~  ^~~~~
/Users/joshua/Developer/PedalForge/source/ui/../pedals/../dsp/../dsp/SynthNodeLibrary.h:397:39: warning: implicit conversion loses floating-point precision: 'double' to 'float' [-Wimplicit-float-conversion]
  397 |         float coeff = time > 0.001f ? std::exp (-1.0f / (time * sr)) : 0.0f;
      |               ~~~~~                   ^~~~~~~~~~~~~~~~~~~~~~~~~~~~~~
In file included from /Users/joshua/Developer/PedalForge/source/PluginEditor.cpp:1:
In file included from /Users/joshua/Developer/PedalForge/source/PluginEditor.h:7:
In file included from /Users/joshua/Developer/PedalForge/source/ui/InventoryOverlay.h:4:
In file included from /Users/joshua/Developer/PedalForge/source/ui/PedalPalette.h:4:
In file included from /Users/joshua/Developer/PedalForge/source/ui/../pedals/PedalRegistry.h:4:
In file included from /Users/joshua/Developer/PedalForge/source/ui/../pedals/../dsp/GraphPedalProcessor.h:4:
In file included from /Users/joshua/Developer/PedalForge/source/ui/../pedals/../dsp/../dsp/DSPGraph.h:4:
In file included from /Users/joshua/Developer/PedalForge/source/ui/../pedals/../dsp/../dsp/DSPNodeLibrary.h:2331:
/Users/joshua/Developer/PedalForge/source/ui/../pedals/../dsp/../dsp/LogicNodeLibrary.h:78:56: warning: implicit conversion loses floating-point precision: 'double' to 'float' [-Wimplicit-float-conversion]
   78 |         float durSamples = getParam("duration")->get() * sr;
      |               ~~~~~~~~~~   ~~~~~~~~~~~~~~~~~~~~~~~~~~~~^~~~
In file included from /Users/joshua/Developer/PedalForge/source/PluginProcessor.cpp:2:
In file included from /Users/joshua/Developer/PedalForge/source/PluginEditor.h:7:
In file included from /Users/joshua/Developer/PedalForge/source/ui/InventoryOverlay.h:4:
In file included from /Users/joshua/Developer/PedalForge/source/ui/PedalPalette.h:4:
In file included from /Users/joshua/Developer/PedalForge/source/ui/../pedals/PedalRegistry.h:4:
In file included from /Users/joshua/Developer/PedalForge/source/ui/../pedals/../dsp/GraphPedalProcessor.h:4:
In file included from /Users/joshua/Developer/PedalForge/source/ui/../pedals/../dsp/../dsp/DSPGraph.h:4:
In file included from /Users/joshua/Developer/PedalForge/source/ui/../pedals/../dsp/../dsp/DSPNodeLibrary.h:2329:
/Users/joshua/Developer/PedalForge/source/ui/../pedals/../dsp/../dsp/MemoryNodeLibrary.h:43:32: warning: implicit conversion changes signedness: 'int' to 'size_type' (aka 'unsigned long') [-Wsign-conversion]
   43 |             out[0][i] = memory[readIdx];
      |                         ~~~~~~ ^~~~~~~
/Users/joshua/Developer/PedalForge/source/ui/../pedals/../dsp/../dsp/MemoryNodeLibrary.h:46:24: warning: implicit conversion changes signedness: 'int' to 'size_type' (aka 'unsigned long') [-Wsign-conversion]
   46 |                 memory[writeIdx] = dataIn;
      |                 ~~~~~~ ^~~~~~~~
/Users/joshua/Developer/PedalForge/source/ui/../pedals/../dsp/../dsp/MemoryNodeLibrary.h:99:35: warning: implicit conversion changes signedness: 'unsigned int' to 'int' [-Wsign-conversion]
   99 |         int numChannels = reaIn file included from /Users/joshua/Developer/PedalForge/source/PluginEditor.cpp:1:
In file included from /Users/joshua/Developer/PedalForge/source/PluginEditor.h:7:
In file included from /Users/joshua/Developer/PedalForge/source/ui/InventoryOverlay.h:4:
In file included from /Users/joshua/Developer/PedalForge/source/ui/PedalPalette.h:4:
In file included from /Users/joshua/Developer/PedalForge/source/ui/../pedals/PedalRegistry.h:4:
In file included from /Users/joshua/Developer/PedalForge/source/ui/../pedals/../dsp/GraphPedalProcessor.h:4:
In file included from /Users/joshua/Developer/PedalForge/source/ui/../pedals/../dsp/../dsp/DSPGraph.h:4:
In file included from /Users/joshua/Developer/PedalForge/source/ui/../pedals/../dsp/../dsp/DSPNodeLibrary.h:2333:
/Users/joshua/Developer/PedalForge/source/ui/../pedals/../dsp/../dsp/GridSequencerNode.h:51:26: warning: parameter 'sr' shadows member inherited from type 'DSPNode' [-Wshadow-field]
d   51 |     void prepare (double sr, int maxBlockSize) override
      |                          ^
er->numChannels;
      |             ~~~~~~~~~~~   ~~~~~~~~^~~~~~~~~~~
/Users/joshua/Developer/PedalForge/source/ui/../pedals/../dsp/../dsp/DSPNode.h:297:12: note: declared here
  297 |     double sr = 44100.0;
      |            ^
/Users/joshua/Developer/PedalForge/source/ui/../pedals/../dsp/../dsp/MemoryNodeLibrary.h:379:30: warning: comparing floating point with == or != is unsafe [-Wfloat-equal]
  379 |             out[0][i] = (val != lastVal) ? 1.0f : 0.0f;
      |                          ~~~ ^  ~~~~~~~
/Users/joshua/Developer/PedalForge/source/ui/../pedals/../dsp/../dsp/MemoryNodeLibrary.h:452:12: warning: non-static data member 'sr' of 'LogicDelayNode' shadows member inherited from type 'DSPNode' [-Wshadow-field]
  452 |     double sr = 44100.0;
      |            ^
/Users/joshua/Developer/PedalForge/source/ui/../pedals/../dsp/../dsp/DSPNode.h:297:12: note: declared here
  297 |     double sr = 44100.0;
      |            ^
In file included from /Users/joshua/Developer/PedalForge/source/PluginProcessor.cpp:2:
In file included from /Users/joshua/Developer/PedalForge/source/PluginEditor.h:7:
In file included from /Users/joshua/Developer/PedalForge/source/ui/InventoryOverlay.h:4:
In file included from /Users/joshua/Developer/PedalForge/source/ui/PedalPalette.h:4:
In file included from /Users/joshua/Developer/PedalForge/source/ui/../pedals/PedalRegistry.h:4:
In file included from /Users/joshua/Developer/PedalForge/source/ui/../pedals/../dsp/GraphPedalProcessor.h:4:
In file included from /Users/joshua/Developer/PedalForge/source/ui/../pedals/../dsp/../dsp/DSPGraph.h:4:
In file included from /Users/joshua/Developer/PedalForge/source/ui/../pedals/../dsp/../dsp/DSPNodeLibrary.h:2329:
/Users/joshua/Developer/PedalForge/source/ui/../pedals/../dsp/../dsp/MemoryNodeLibrary.h:427:24: warning: implicit conversion changes signedness: 'int' to 'size_type' (aka 'unsigned long') [-Wsign-conversion]
  427 |         buffer.resize ((int)(sampleRate * 5.0), 0.0f); // 5 sec max
      |                ~~~~~~  ^~~~~~~~~~~~~~~~~~~~~~~
/Users/joshua/Developer/PedalForge/source/ui/../pedals/../dsp/../dsp/MemoryNodeLibrary.h:439:20: warning: implicit conversion changes signedness: 'int' to 'size_type' (aka 'unsigned long') [-Wsign-conversion]
  439 |             buffer[writePos] = val;
      |             ~~~~~~ ^~~~~~~~
/Users/joshua/Developer/PedalForge/source/ui/../pedals/../dsp/../dsp/MemoryNodeLibrary.h:444:32: warning: implicit conversion changes signedness: 'int' to 'size_type' (aka 'unsigned long') [-Wsign-conversion]
  444 |             out[0][i] = buffer[readPos];
      |                         ~~~~~~ ^~~~~~~
/Users/joshua/Developer/PedalForge/source/ui/../pedals/../dsp/../dsp/MemoryNodeLibrary.h:446:39: warning: implicit conversion changes signedness: 'size_type' (aka 'unsigned long') to 'int' [-Wsign-conversion]
  446 |             writePos = (writePos + 1) % buffer.size();
      |                      ~ ~~~~~~~~~~~~~~~^~~~~~~~~~~~~~~
/Users/joshua/Developer/PedalForge/source/ui/../pedals/../dsp/../dsp/MemoryNodeLibrary.h:446:34: warning: implicit conversion changes signedness: 'int' to 'size_type' (aka 'unsigned long') [-Wsign-conversion]
  446 |             writePos = (writePos + 1) % buffer.size();
      |                         ~~~~~~~~~^~~  ~
/Users/joshua/Developer/PedalForge/source/ui/../pedals/../dsp/../dsp/MemoryNodeLibrary.h:496:12: warning: non-static data member 'sr' of 'PulseWidthNode' shadows member inherited from type 'DSPNode' [-Wshadow-field]
  496 |     double sr = 44100.0;
      |            ^
/Users/joshua/Developer/PedalForge/source/ui/../pedals/../dsp/../dsp/DSPNode.h:297:12: note: declared here
  297 |     double sr = 44100.0;
      |            ^
In file included from /Users/joshua/Developer/PedalForge/source/PluginProcessor.cpp:2:
In file included from /Users/joshua/Developer/PedalForge/source/PluginEditor.h:7:
In file included from /Users/joshua/Developer/PedalForge/source/ui/InventoryOverlay.h:4:
In file included from /Users/joshua/Developer/PedalForge/source/ui/PedalPalette.h:4:
In file included from /Users/joshua/Developer/PedalForge/source/ui/../pedals/PedalRegistry.h:4:
In file included from /Users/joshua/Developer/PedalForge/source/ui/../pedals/../dsp/GraphPedalProcessor.h:4:
In file included from /Users/joshua/Developer/PedalForge/source/ui/../pedals/../dsp/../dsp/DSPGraph.h:4:
In file included from /Users/joshua/Developer/PedalForge/source/ui/../pedals/../dsp/../dsp/DSPNodeLibrary.h:2329:
/Users/joshua/Developer/PedalForge/source/ui/../pedals/../dsp/../dsp/MemoryNodeLibrary.h:541:12: warning: non-static data member 'sr' of 'OneShotNode' shadows member inherited from type 'DSPNode' [-Wshadow-field]
  541 |     double sr = 44100.0;
      |            ^
/Users/joshua/Developer/PedalForge/source/ui/../pedals/../dsp/../dsp/DSPNode.h:297:12: note: declared here
  297 |     double sr = 44100.0;
      |            ^
In file included from /Users/joshua/Developer/PedalForge/source/PluginProcessor.cpp:2:
In file included from /Users/joshua/Developer/PedalForge/source/PluginEditor.h:7:
In file included from /Users/joshua/Developer/PedalForge/source/ui/InventoryOverlay.h:4:
In file included from /Users/joshua/Developer/PedalForge/source/ui/PedalPalette.h:4:
In file included from /Users/joshua/Developer/PedalForge/source/ui/../pedals/PedalRegistry.h:4:
In file included from /Users/joshua/Developer/PedalForge/source/ui/../pedals/../dsp/GraphPedalProcessor.h:4:
In file included from /Users/joshua/Developer/PedalForge/source/ui/../pedals/../dsp/../dsp/DSPGraph.h:4:
In file included from /Users/joshua/Developer/PedalForge/source/ui/../pedals/../dsp/../dsp/DSPNodeLibrary.h:2329:
/Users/joshua/Developer/PedalForge/source/ui/../pedals/../dsp/../dsp/MemoryNodeLibrary.h:588:12: warning: non-static data member 'sr' of 'DebounceNode' shadows member inherited from type 'DSPNode' [-Wshadow-field]
  588 |     double sr = 44100.0;
      |            ^
/Users/joshua/Developer/PedalForge/source/ui/../pedals/../dsp/../dsp/DSPNode.h:297:12: note: declared here
  297 |     double sr = 44100.0;
      |            ^
In file included from /Users/joshua/Developer/PedalForge/source/PluginProcessor.cpp:2:
In file included from /Users/joshua/Developer/PedalForge/source/PluginEditor.h:7:
In file included from /Users/joshua/Developer/PedalForge/source/ui/InventoryOverlay.h:4:
In file included from /Users/joshua/Developer/PedalForge/source/ui/PedalPalette.h:4:
In file included from /Users/joshua/Developer/PedalForge/source/ui/../pedals/PedalRegistry.h:4:
In file included from /Users/joshua/Developer/PedalForge/source/ui/../pedals/../dsp/GraphPedalProcessor.h:4:
In file included from /Users/joshua/Developer/PedalForge/source/ui/../pedals/../dsp/../dsp/DSPGraph.h:4:
In file included from /Users/joshua/Developer/PedalForge/source/ui/../pedals/../dsp/../dsp/DSPNodeLibrary.h:2329:
/Users/joshua/Developer/PedalForge/source/ui/../pedals/../dsp/../dsp/MemoryNodeLibrary.h:568:21: warning: comparing floating point with == or != is unsafe [-Wfloat-equal]
In file included from /Users/joshua/Developer/PedalForge/source/PluginEditor.cpp:1:
In file included from /Users/joshua/Developer/PedalForge/source/PluginEditor.h:7:
In file included from /Users/joshua/Developer/PedalForge/source/ui/InventoryOverlay.h:4:
In file included from /Users/joshua/Developer/PedalForge/source/ui/PedalPalette.h:4:
In file included from /Users/joshua/Developer/PedalForge/source/ui/../pedals/PedalRegistry.h:4:
In file included from /Users/joshua/Developer/PedalForge/source/ui/../pedals/../dsp/GraphPedalProcessor.h:4:
  568 |             if (val != pendingVal)
      |                 ~~~ ^  ~~~~~~~~~~
In file included from /Users/joshua/Developer/PedalForge/source/ui/../pedals/../dsp/../dsp/DSPGraph.h:4:
In file included from /Users/joshua/Developer/PedalForge/source/ui/../pedals/../dsp/../dsp/DSPNodeLibrary.h:2334:
/Users/joshua/Developer/PedalForge/source/ui/../pedals/../dsp/../dsp/ControlNodeLibrary.h:255:12: warning: non-static data member 'sr' of 'PitchDetectorNode' shadows member inherited from type 'DSPNode' [-Wshadow-field]
  255 |     double sr = 44100.0;
      |            ^
/Users/joshua/Developer/PedalForge/source/ui/../pedals/../dsp/../dsp/DSPNode.h:297:12: note: declared here
  297 |  /Users/joshua/Developer/PedalForge/source/ui/../pedals/../dsp/../dsp/MemoryNodeLibrary.h:632:12: warning: non-static data member 'sr' of 'BlinkNode' shadows member inherited from type 'DSPNode' [-Wshadow-field]
  632 |     double sr = 44100.0;
      |            ^
   doub/Users/joshua/Developer/PedalForge/source/ui/../pedals/../dsp/../dsp/DSPNode.h:297:12: note: declared here
  297 |     double sr = 44100.0;
      |            ^
le sr = 44100.0;
      |            ^
In file included from /Users/joshua/Developer/PedalForge/source/PluginProcessor.cpp:2:
In file included from /Users/joshua/Developer/PedalForge/source/PluginEditor.h:7:
In file included from /Users/joshua/Developer/PedalForge/source/ui/InventoryOverlay.h:4:
In file included from /Users/joshua/Developer/PedalForge/source/ui/PedalPalette.h:4:
In file included from /Users/joshua/Developer/PedalForge/source/ui/../pedals/PedalRegistry.h:4:
In file included from /Users/joshua/Developer/PedalForge/source/ui/../pedals/../dsp/GraphPedalProcessor.h:4:
In file included from /Users/joshua/Developer/PedalForge/source/ui/../pedals/../dsp/../dsp/DSPGraph.h:4:
In file included from /Users/joshua/Developer/PedalForge/source/ui/../pedals/../dsp/../dsp/DSPNodeLibrary.h:2329:
/Users/joshua/Developer/PedalForge/source/ui/../pedals/../dsp/../dsp/MemoryNodeLibrary.h:675:12: warning: non-static data member 'sr' of 'RampNode' shadows member inherited from type 'DSPNode' [-Wshadow-field]
  675 |     double sr = 44100.0;
      |            ^
/Users/joshua/Developer/PedalForge/source/ui/../pedals/../dsp/../dsp/DSPNode.h:297:12: note: declared here
  297 |     double sr = 44100.0;
      |            ^
In file included from /Users/joshua/Developer/PedalForge/source/PluginProcessor.cpp:2:
In file included from /Users/joshua/Developer/PedalForge/source/PluginEditor.h:7:
In file included from /Users/joshua/Developer/PedalForge/source/ui/InventoryOverlay.h:4:
In file included from /Users/joshua/Developer/PedalForge/source/ui/PedalPalette.h:4:
In file included from /Users/joshua/Developer/PedalForge/source/ui/../pedals/PedalRegistry.h:4:
In file included from /Users/joshua/Developer/PedalForge/source/ui/../pedals/../dsp/GraphPedalProcessor.h:4:
In file included from /Users/joshua/Developer/PedalForge/source/ui/../pedals/../dsp/../dsp/DSPGraph.h:4:
In file included from /Users/joshua/Developer/PedalForge/source/ui/../pedals/../dsp/../dsp/DSPNodeLibrary.h:2329:
/Users/joshua/Developer/PedalForge/source/ui/../pedals/../dsp/../dsp/MemoryNodeLibrary.h:715:22: warning: implicit conversion changes signedness: 'int' to 'size_type' (aka 'unsigned long') [-Wsign-conversion]
  715 |                 data[idx] = val_in;
      |                 ~~~~ ^~~
/Users/joshua/Developer/PedalForge/source/ui/../pedals/../dsp/../dsp/MemoryNodeLibrary.h:724:34: warning: implicit conversion changes signedness: 'int' to 'size_type' (aka 'unsigned long') [-Wsign-conversion]
  724 |                 out[0][i] = data[idx];
      |                             ~~~~ ^~~
/Users/joshua/Developer/PedalForge/source/ui/../pedals/../dsp/../dsp/MemoryNodeLibrary.h:714:52: warning: comparison of integers of different signs: 'int' and 'size_type' (aka 'unsigned long') [-Wsign-compare]
  714In file included from /Users/joshua/Developer/PedalForge/source/PluginEditor.cpp:1:
In file included from /Users/joshua/Developer/PedalForge/source/PluginEditor.h:7:
In file included from /Users/joshua/Developer/PedalForge/source/ui/InventoryOverlay.h:4:
In file included from /Users/joshua/Developer/PedalForge/source/ui/PedalPalette.h:4:
In file included from /Users/joshua/Developer/PedalForge/source/ui/../pedals/PedalRegistry.h:4:
In file included from /Users/joshua/Developer/PedalForge/source/ui/../pedals/../dsp/GraphPedalProcessor.h:4:
 |             if (set && !lastSet && idx >= 0 && idx < data.size()) {
      |                                                ~~~ ^ ~~~~~~~~~~~
In file included from /Users/joshua/Developer/PedalForge/source/ui/../pedals/../dsp/../dsp/DSPGraph.h:4:
In file included from /Users/joshua/Developer/PedalForge/source/ui/../pedals/../dsp/../dsp/DSPNodeLibrary.h:2335:
/Users/joshua/Developer/PedalForge/source/ui/../pedals/../dsp/../dsp/PeripheralNodeLibrary.h:46:10: warning: 'isDisplayNode' overrides a member function but is not marked 'override' [-Winconsistent-missing-override]
/Users/joshua/Developer/PedalForge/source/ui/../pedals/../dsp/../dsp/MemoryNodeLibrary.h:723:33: warning: comparison of integers of different signs: 'int' and 'size_type' (aka 'unsigned long') [-Wsign-compare]
   46 |     bool isDisplayNode() const { return true; }
      |          ^
  723 |             if (idx/Users/joshua/Developer/PedalForge/source/ui/../pedals/../dsp/../dsp/DSPNode.h:150:18: note: overridden virtual function is here
  150 |     virtual boo >= 0 && idx < data.size()) {
      |                             ~~~ ^ ~~~~~~~~~~~
l isDisplayNode() const { return false; }
      |                  ^
In file included from /Users/joshua/Developer/PedalForge/source/PluginEditor.cpp:1:
In file included from /Users/joshua/Developer/PedalForge/source/PluginEditor.h:7:
In file included from /Users/joshua/Developer/PedalForge/source/ui/InventoryOverlay.h:4:
In file included from /Users/joshua/Developer/PedalForge/source/ui/PedalPalette.h:4:
In file included from /Users/joshua/Developer/PedalForge/source/ui/../pedals/PedalRegistry.h:4:
In file included from /Users/joshua/Developer/PedalForge/source/ui/../pedals/../dsp/GraphPedalProcessor.h:4:
In file included from /Users/joshua/Developer/PedalForge/source/ui/../pedals/../dsp/../dsp/DSPGraph.h:4:
In file included from /Users/joshua/Developer/PedalForge/source/ui/../pedals/../dsp/../dsp/DSPNodeLibrary.h:2335:
/Users/joshua/Developer/PedalForge/source/ui/../pedals/../dsp/../dsp/PeripheralNodeLibrary.h:47:18: warning: 'getDisplayType' overrides a member function but is not marked 'override' [-Winconsistent-missing-override]
   47 |     juce::String getDisplayType() const { return "led"; }
      |                  ^
/Users/joshua/Developer/PedalForge/source/ui/../pedals/../dsp/../dsp/DSPNode.h:151:26: note: overridden virtual function is here
  151 |     virtual juce::String getDisplayType() const { return ""; }
      |                          ^
In file included from /Users/joshua/Developer/PedalForge/source/PluginEditor.cpp:1:
In file included from /Users/joshua/Developer/PedalForge/source/PluginEditor.h:7:
In file included from /Users/joshua/Developer/PedalForge/source/ui/InventoryOverlay.h:4:
In file included from /Users/joshua/Developer/PedalForge/source/ui/PedalPalette.h:4:
In file included from /Users/joshua/Developer/PedalForge/source/ui/../pedals/PedalRegistry.h:4:
In file included from /Users/joshua/Developer/PedalForge/source/ui/../pedals/../dsp/GraphPedalProcessor.h:4:
In file included from /Users/joshua/Developer/PedalForge/source/ui/../pedals/../dsp/../dsp/DSPGraph.h:4:
In file included from /Users/joshua/Developer/PedalForge/source/ui/../pedals/../dsp/../dsp/DSPNodeLibrary.h:2335:
/Users/joshua/Developer/PedalForge/source/ui/../pedals/../dsp/../dsp/PeripheralNodeLibrary.h:74:10: warning: 'isDisplayNode' overrides a member function but is not marked 'override' [-Winconsistent-missing-override]
   74 |     bool isDisplayNode() const { return true; }
      |          ^
/Users/joshua/Developer/PedalForge/source/ui/../pedals/../dsp/../dsp/DSPNode.h:150:18: note: overridden virtual function is here
  150 |     virtual bool isDisplayNode() const { return false; }
      |                  ^
In file included from /Users/joshua/Developer/PedalForge/source/PluginEditor.cpp:1:
In file included from /Users/joshua/Developer/PedalForge/source/PluginEditor.h:7:
In file included from /Users/joshua/Developer/PedalForge/source/ui/InventoryOverlay.h:4:
In file included from /Users/joshua/Developer/PedalForge/source/ui/PedalPalette.h:4:
In file included from /Users/joshua/Developer/PedalForge/source/ui/../pedals/PedalRegistry.h:4:
In file included from /Users/joshua/Developer/PedalForge/source/ui/../pedals/../dsp/GraphPedalProcessor.h:4:
In file included from /Users/joshua/Developer/PedalForge/source/ui/../pedals/../dsp/../dsp/DSPGraph.h:4:
In file included from /Users/joshua/Developer/PedalForge/source/ui/../pedals/../dsp/../dsp/DSPNodeLibrary.h:2335:
/Users/joshua/Developer/PedalForge/source/ui/../pedals/../dsp/../dsp/PeripheralNodeLibrary.h:75:18: warning: 'getDisplayType' overrides a member function but is not marked 'override' [-Winconsistent-missing-override]
   75 |     juce::String getDisplayType() const { return "rgb_led"; }
      |                  ^
/Users/joshua/Developer/PedalForge/source/ui/../pedals/../dsp/../dsp/DSPNode.h:151:26: note: overridden virtual function is here
  151 |     virtual juce::String getDisplayType() const { return ""; }
      |                          ^
In file included from /Users/joshua/Developer/PedalForge/source/PluginEditor.cpp:1:
In file included from /Users/joshua/Developer/PedalForge/source/PluginEditor.h:7:
In file included from /Users/joshua/Developer/PedalForge/source/ui/InventoryOverlay.h:4:
In file included from /Users/joshua/Developer/PedalForge/source/ui/PedalPalette.h:4:
In file included from /Users/joshua/Developer/PedalForge/source/ui/../pedals/PedalRegistry.h:4:
In file included from /Users/joshua/Developer/PedalForge/source/ui/../pedals/../dsp/GraphPedalProcessor.h:4:
In file included from /Users/joshua/Developer/PedalForge/source/ui/../pedals/../dsp/../dsp/DSPGraph.h:4:
In file included from /Users/joshua/Developer/PedalForge/source/ui/../pedals/../dsp/../dsp/DSPNodeLibrary.h:2335:
/Users/joshua/Developer/PedalForge/source/ui/../pedals/../dsp/../dsp/PeripheralNodeLibrary.h:131:30: warning: implicit conversion loses floating-point precision: 'double' to 'float' [-Wimplicit-float-conversion]
  131 |         float releaseCoeff = std::exp (-1.0f / (sr * releaseMs * 0.001f));
      |               ~~~~~~~~~~~~   ^~~~~~~~~~~~~~~~~~~~~~~~~~~~~~~~~~~~~~~~~~~~
/Users/joshua/Developer/PedalForge/source/ui/../pedals/../dsp/../dsp/PeripheralNodeLibrary.h:204:41: warning: implicit conversion loses floating-point precision: 'double' to 'float' [-Wimplicit-float-conversion]
  204 |                         float freq = sr / period;
      |                               ~~~~   ~~~^~~~~~~~
/Users/joshua/Developer/PedalForge/source/ui/../pedals/../dsp/../dsp/PeripheralNodeLibrary.h:300:10: warning: 'isDisplayNode' overrides a member function but is not marked 'override' [-Winconsistent-missing-override]
  300 |     bool isDisplayNode() const { return true; }
      |          ^
/Users/joshua/Developer/PedalForge/source/ui/../pedals/../dsp/../dsp/DSPNode.h:150:18: note: overridden virtual function is here
  150 |     virtual bool isDisplayNode() const { return false; }
      |                  ^
In file included from /Users/joshua/Developer/PedalForge/source/PluginEditor.cpp:1:
In file included from /Users/joshua/Developer/PedalForge/source/PluginEditor.h:7:
In file included from /Users/joshua/Developer/PedalForge/source/ui/InventoryOverlay.h:4:
In file included from /Users/joshua/Developer/PedalForge/source/ui/PedalPalette.h:4:
In file included from /Users/joshua/Developer/PedalForge/source/ui/../pedals/PedalRegistry.h:4:
In file included from /Users/joshua/Developer/PedalForge/source/ui/../pedals/../dsp/GraphPedalProcessor.h:4:
In file included from /Users/joshua/Developer/PedalForge/source/ui/../pedals/../dsp/../dsp/DSPGraph.h:4:
In file included from /Users/joshua/Developer/PedalForge/source/ui/../pedals/../dsp/../dsp/DSPNodeLibrary.h:2335:
/Users/joshua/Developer/PedalForge/source/ui/../pedals/../dsp/../dsp/PeripheralNodeLibrary.h:301:18: warning: 'getDisplayType' overrides a member function but is not marked 'override' [-Winconsistent-missing-override]
  301 |     juce::String getDisplayType() const { return "text_screen"; }
      |                  ^
/Users/joshua/Developer/PedalForge/source/ui/../pedals/../dsp/../dsp/DSPNode.h:151:26: note: overridden virtual function is here
  151 |     virtual juce::String getDisplayType() const { return ""; }
      |                          ^
In file included from /Users/joshua/Developer/PedalForge/source/PluginProcessor.cpp:2:
In file included from /Users/joshua/Developer/PedalForge/source/PluginEditor.h:7:
In file included from /Users/joshua/Developer/PedalForge/source/ui/InventoryOverlay.h:4:
In file included from /Users/joshua/Developer/PedalForge/source/ui/PedalPalette.h:4:
In file included from /Users/joshua/Developer/PedalForge/source/ui/../pedals/PedalRegistry.h:4:
In file included from /Users/joshua/Developer/PedalForge/source/ui/../pedals/../dsp/GraphPedalProcessor.h:4:
In file included from /Users/joshua/Developer/PedalForge/source/ui/../pedals/../dsp/../dsp/DSPGraph.h:4:
In file included from /Users/joshua/Developer/PedalForge/source/ui/../pedals/../dsp/../dsp/DSPNodeLibrary.h:2331:
/Users/joshua/Developer/PedalForge/source/ui/../pedals/../dsp/../dsp/LogicNodeLibrary.h:78:56: warning: implicit conversion loses floating-point precision: 'double' to 'float' [-Wimplicit-float-conversion]
   78 |         float dIn file included from /Users/joshua/Developer/PedalForge/source/PluginEditor.cpp:1:
In file included from /Users/joshua/Developer/PedalForge/source/PluginEditor.h:7ur:
In file included from /Users/joshua/Developer/PedalForge/source/ui/InventoryOverlay.h:4:
In file included from /Users/joshua/Developer/PedalForge/source/ui/PedalPalette.h:4:
In file included from /Users/joshua/Developer/PedalForge/source/ui/../pedals/PedalRegistry.h:4:
In file included from /Users/joshua/Developer/PedalForge/source/ui/../pedals/../dsp/GraphPedalProcessor.h:4:
SampIn file included from /Users/joshua/Developer/PedalForge/source/ui/../pedals/../dsp/../dsp/DSPGraph.h:4:
les =In file included from /Users/joshua/Developer/PedalForge/source/ui/../pedals/../dsp/../dsp/DSPNodeLibrary.h:2335:
/Users/joshua/Developer/PedalForge/source/ui/../pedals/../dsp/../dsp/PeripheralNodeLibrary.h:341:10: warning: 'isDisplayNode' overrides a member function but is not marked 'override' [-Winconsistent-missing-override]
 getParam("dur  341 |     bool isDisplayNode() cation")->get() * sr;
      |               ~~~~~~~~~~   ~~~~~~~~~~~~~~~~~~~~~~~~~~~~^~~~
onst { return true; }
      |          ^
/Users/joshua/Developer/PedalForge/source/ui/../pedals/../dsp/../dsp/DSPNode.h:150:18: note: overridden virtual function is here
  150 |     virtual bool isDisplayNode() const { return false; }
      |                  ^
In file included from /Users/joshua/Developer/PedalForge/source/PluginEditor.cpp:1:
In file included from /Users/joshua/Developer/PedalForge/source/PluginEditor.h:7:
In file included from /Users/joshua/Developer/PedalForge/source/ui/InventoryOverlay.h:4:
In file included from /Users/joshua/Developer/PedalForge/source/ui/PedalPalette.h:4:
In file included from /Users/joshua/Developer/PedalForge/source/ui/../pedals/PedalRegistry.h:4:
In file included from /Users/joshua/Developer/PedalForge/source/ui/../pedals/../dsp/GraphPedalProcessor.h:4:
In file included from /Users/joshua/Developer/PedalForge/source/ui/../pedals/../dsp/../dsp/DSPGraph.h:4:
In file included from /Users/joshua/Developer/PedalForge/source/ui/../pedals/../dsp/../dsp/DSPNodeLibrary.h:2335:
/Users/joshua/Developer/PedalForge/source/ui/../pedals/../dsp/../dsp/PeripheralNodeLibrary.h:342:18: warning: 'getDisplayType' overrides a member function but is not marked 'override' [-Winconsistent-missing-override]
  342 |     juce::String getDisplayType() const { return "console"; }
      |                  ^
/Users/joshua/Developer/PedalForge/source/ui/../pedals/../dsp/../dsp/DSPNode.h:151:26: note: overridden virtual function is here
  151 |     virtual juce::String getDisplayType() const { return ""; }
      |                          ^
In file included from /Users/joshua/Developer/PedalForge/source/PluginEditor.cpp:1:
In file included from /Users/joshua/Developer/PedalForge/source/PluginEditor.h:7:
In file included from /Users/joshua/Developer/PedalForge/source/ui/InventoryOverlay.h:4:
In file included from /Users/joshua/Developer/PedalForge/source/ui/PedalPalette.h:4:
In file included from /Users/joshua/Developer/PedalForge/source/ui/../pedals/PedalRegistry.h:4:
In file included from /Users/joshua/Developer/PedalForge/source/ui/../pedals/../dsp/GraphPedalProcessor.h:4:
In file included from /Users/joshua/Developer/PedalForge/source/ui/../pedals/../dsp/../dsp/DSPGraph.h:4:
In file included from /Users/joshua/Developer/PedalForge/source/ui/../pedals/../dsp/../dsp/DSPNodeLibrary.h:2335:
/Users/joshua/Developer/PedalForge/source/ui/../pedals/../dsp/../dsp/PeripheralNodeLibrary.h:402:38: warning: implicit conversion changes signedness: 'int' to 'size_type' (aka 'unsigned long') [-Wsign-conversion]
  402 |                 waveformData[writePos++] = sample;
      |                 ~~~~~~~~~~~~ ~~~~~~~~^~
/Users/joshua/Developer/PedalForge/source/ui/../pedals/../dsp/../dsp/PeripheralNodeLibrary.h:496:17: warning: implicit conversion changes signedness: 'int' to 'size_type' (aka 'unsigned long') [-Wsign-conversion]
  496 |         vm.vars[var_t] = time;
      |         ~~      ^~~~~
/Users/joshua/Developer/PedalForge/source/ui/../pedals/../dsp/../dsp/PeripheralNodeLibrary.h:497:17: warning: implicit conversion changes signedness: 'int' to 'size_type' (aka 'unsigned long') [-Wsign-conversion]
  497 |         vm.vars[var_in1] = in1_val;
      |         ~~      ^~~~~~~
/Users/joshua/Developer/PedalForge/source/ui/../pedals/../dsp/../dsp/PeripheralNodeLibrary.h:498:17: warning: implicit conversion changes signedness: 'int' to 'size_type' (aka 'unsigned long') [-Wsign-conversion]
  498 |         vm.vars[var_in2] = in2_val;
      |         ~~      ^~~~~~~
/Users/joshua/Developer/PedalForge/source/ui/../pedals/../dsp/../dsp/PeripheralNodeLibrary.h:499:17: warning: implicit conversion changes signedness: 'int' to 'size_type' (aka 'unsigned long') [-Wsign-conversion]
  499 |         vm.vars[var_in3] = in3_val;
      |         ~~      ^~~~~~~
/Users/joshua/Developer/PedalForge/source/ui/../pedals/../dsp/../dsp/PeripheralNodeLibrary.h:500:17: warning: implicit conversion changes signedness: 'int' to 'size_type' (aka 'unsigned long') [-Wsign-conversion]
  500 |         vm.vars[var_in4] = in4_val;
      |         ~~      ^~~~~~~
/Users/joshua/Developer/PedalForge/source/ui/../pedals/../dsp/../dsp/PeripheralNodeLibrary.h:505:21: warning: implicit conversion changes signedness: 'int' to 'size_type' (aka 'unsigned long') [-Wsign-conversion]
  505 |             vm.vars[var_y] = y_norm;
      |             ~~      ^~~~~
/Users/joshua/Developer/PedalForge/source/ui/../pedals/../dsp/../dsp/PeripheralNodeLibrary.h:509:25: warning: implicit conversion changes signedness: 'int' to 'size_type' (aka 'unsigned long') [-Wsign-conversion]
  509 |                 vm.vars[var_x] = x_norm;
      |                 ~~      ^~~~~
/Users/joshua/Developer/PedalForge/source/ui/../pedals/../dsp/../dsp/PeripheralNodeLibrary.h:510:39: warning: implicit conversion changes signedness: 'int' to 'size_type' (aka 'unsigned long') [-Wsign-conversion]
  510 |                 pixelData[py * kWidth + px] = vm.evaluate();
      |                 ~~~~~~~~~ ~~~~~~~~~~~~^~~~
/Users/joshua/Developer/PedalForge/source/ui/../pedals/../dsp/../dsp/PeripheralNodeLibrary.h:574:38: warning: implicit conversion changes signedness: 'int' to 'size_type' (aka 'unsigned long') [-Wsign-conversion]
  574 |                 pixelData[y * kWidth + x] = c;
      |                 ~~~~~~~~~ ~~~~~~~~~~~^~~
/Users/joshua/Developer/PedalForge/source/ui/../pedals/../dsp/../dsp/PeripheralNodeLibrary.h:696:10: warning: 'isDisplayNode' overrides a member function but is not marked 'override' [-Winconsistent-missing-override]
  696 |     bool isDisplayNode() const { return true; }
      |          ^
/Users/joshua/Developer/PedalForge/source/ui/../pedals/../dsp/../dsp/DSPNode.h:150:18: note: overridden virtual function is here
  150 |     virtual bool isDisplayNode() const { return false; }
      |                  ^
In file included from /Users/joshua/Developer/PedalForge/source/PluginEditor.cpp:1:
In file included from /Users/joshua/Developer/PedalForge/source/PluginEditor.h:7:
In file included from /Users/joshua/Developer/PedalForge/source/ui/InventoryOverlay.h:4:
In file included from /Users/joshua/Developer/PedalForge/source/ui/PedalPalette.h:4:
In file included from /Users/joshua/Developer/PedalForge/source/ui/../pedals/PedalRegistry.h:4:
In file included from /Users/joshua/Developer/PedalForge/source/ui/../pedals/../dsp/GraphPedalProcessor.h:4:
In file included from /Users/joshua/Developer/PedalForge/source/ui/../pedals/../dsp/../dsp/DSPGraph.h:4:
In file included from /Users/joshua/Developer/PedalForge/source/ui/../pedals/../dsp/../dsp/DSPNodeLibrary.h:2335:
/Users/joshua/Developer/PedalForge/source/ui/../pedals/../dsp/../dsp/PeripheralNodeLibrary.h:697:18: warning: 'getDisplayType' overrides a member function but is not marked 'override' [-Winconsistent-missing-override]
  697 |     juce::String getDisplayType() const { return "sound_emitter"; }
      |                  ^
/Users/joshua/Developer/PedalForge/source/ui/../pedals/../dsp/../dsp/DSPNode.h:151:26: note: overridden virtual function is here
  151 |     virtual juce::String getDisplayType() const { return ""; }
      |                          ^
In file included from /Users/joshua/Developer/PedalForge/source/PluginEditor.cpp:1:
In file included from /Users/joshua/Developer/PedalForge/source/PluginEditor.h:7:
In file included from /Users/joshua/Developer/PedalForge/source/ui/InventoryOverlay.h:4:
In file included from /Users/joshua/Developer/PedalForge/source/ui/PedalPalette.h:4:
In file included from /Users/joshua/Developer/PedalForge/source/ui/../pedals/PedalRegistry.h:4:
In file included from /Users/joshua/Developer/PedalForge/source/ui/../pedals/../dsp/GraphPedalProcessor.h:4:
In file included from /Users/joshua/Developer/PedalForge/source/ui/../pedals/../dsp/../dsp/DSPGraph.h:4:
In file included from /Users/joshua/Developer/PedalForge/source/ui/../pedals/../dsp/../dsp/DSPNodeLibrary.h:2335:
/Users/joshua/Developer/PedalForge/source/ui/../pedals/../dsp/../dsp/PeripheralNodeLibrary.h:653:39: warning: implicit conversion loses floating-point precision: 'double' to 'float' [-Wimplicit-float-conversion]
  653 |         float durSamples = sr * durMs * 0.001f;
      |               ~~~~~~~~~~   ~~~~~~~~~~~^~~~~~~~
/Users/joshua/Developer/PedalForge/source/ui/../pedals/../dsp/../dsp/PeripheralNodeLibrary.h:675:34: warning: implicit conversion loses floating-point precision: 'double' to 'float' [-Wimplicit-float-conversion]
  675 |                 float inc = freq / sr;
      |                       ~~~   ~~~~~^~~~
In file included from /Users/joshua/Developer/PedalForge/source/PluginProcessor.cpp:2:
In file included from /Users/joshua/Developer/PedalForge/source/PluginEditor.h:7:
In file included from /Users/joshua/Developer/PedalForge/source/ui/InventoryOverlay.h:4:
In file included from /Users/joshua/Developer/PedalForge/source/ui/PedalPalette.h:4:
In file included from /Users/joshua/Developer/PedalForge/source/ui/../pedals/PedalRegistry.h:4:
In file included from /Users/joshua/Developer/PedalForge/source/ui/../pedals/../dsp/GraphPedalProcessor.h:4:
In file included from /Users/joshua/Developer/PedalForge/source/ui/../pedals/../dsp/../dsp/DSPGraph.h:4:
In file included from /Users/joshua/Developer/PedalForge/source/ui/../pedals/../dsp/../dsp/DSPNodeLibrary.h:2333:
/Users/joshua/Developer/PedalForge/source/ui/../pedals/../dsp/../dsp/GridSequencerNode.h:51:26: warning: parameter 'sr' shadows member inherited from type 'DSPNode' [-Wshadow-field]
   51 |     void prepare (double sr, int maxBlockSize) override
      |                          ^
/Users/joshua/Developer/PedalForge/source/ui/../pedals/../dsp/../dsp/DSPNode.h:297:12: note: declared here
  297 |     double sr = 44100.0;
      |            ^
In file included from /Users/joshua/Developer/PedalForge/source/PluginProcessor.cpp:2:
In file included from /Users/joshua/Developer/PedalForge/source/PluginEditor.h:7:
In file included from /Users/joshua/Developer/PedalForge/source/ui/InventoryOverlay.h:4:
In file included from /Users/joshua/Developer/PedalForge/source/ui/PedalPalette.h:4:
In file included from /Users/joshua/Developer/PedalForge/source/ui/../pedals/PedalRegistry.h:4:
In file included from /Users/joshua/Developer/PedalForge/source/ui/../pedals/../dsp/GraphPedalProcessor.h:4:
In file included from /Users/joshua/Developer/PedalForge/source/ui/../pedals/../dsp/../dsp/DSPGraph.h:4:
In file included from /Users/joshua/Developer/PedalForge/source/ui/../pedals/../dsp/../dsp/DSPNodeLibrary.h:2334:
/Users/joshua/Developer/PedalForge/source/ui/../pedals/../dsp/../dsp/ControlNodeLibrary.h:255:12: warning: non-static data member 'sr' of 'PitchDetectorNode' shadows member inherited from type 'DSPNode' [-Wshadow-field]
  255 |     double sr = 44100.0;
      |            ^
/Users/joshua/Developer/PedalForge/source/ui/../pedals/../dsp/../dsp/DSPNode.h:297:12: note: declared here
  297 |     double sr = 44100.0;
      |            ^
In file included from /Users/joshua/Developer/PedalForge/source/PluginProcessor.cpp:2:
In file included from /Users/joshua/Developer/PedalForge/source/PluginEditor.h:7:
In file included from /Users/joshua/Developer/PedalForge/source/ui/InventoryOverlay.h:4:
In file included from /Users/joshua/Developer/PedalForge/source/ui/PedalPalette.h:4:
In file included from /Users/joshua/Developer/PedalForge/source/ui/../pedals/PedalRegistry.h:4:
In file included from /Users/joshua/Developer/PedalForge/source/ui/../pedals/../dsp/GraphPedalProcessor.h:4:
In file included from /Users/joshua/Developer/PedalForge/source/ui/../pedals/../dsp/../dsp/DSPGraph.h:4:
In file included from /Users/joshua/Developer/PedalForge/source/ui/../pedals/../dsp/../dsp/DSPNodeLibrary.h:2335:
/Users/joshua/Developer/PedalForge/source/ui/../pedals/../dsp/../dsp/PeripheralNodeLibrary.h:46:10: warning: 'isDisplayNode' overrides a member function but is not marked 'override' [-Winconsistent-missing-override]
   46 |     bool isDisplayNode() const { return true; }
      |          ^
/Users/joshua/Developer/PedalForge/source/ui/../pedals/../dsp/../dsp/DSPNode.h:150:18: note: overridden virtual function is here
  150 |     virtual bool isDisplayNode() const { return false; }
      |                  ^
In file included from /Users/joshua/Developer/PedalForge/source/PluginProcessor.cpp:2:
In file included from /Users/joshua/Developer/PedalForge/source/PluginEditor.h:7:
In file included from /Users/joshua/Developer/PedalForge/source/ui/InventoryOverlay.h:4:
In file included from /Users/joshua/Developer/PedalForge/source/ui/PedalPalette.h:4:
In file included from /Users/joshua/Developer/PedalForge/source/ui/../pedals/PedalRegistry.h:4:
In file included from /Users/joshua/Developer/PedalForge/source/ui/../pedals/../dsp/GraphPedalProcessor.h:4:
In file included from /Users/joshua/Developer/PedalForge/source/ui/../pedals/../dsp/../dsp/DSPGraph.h:4:
In file included from /Users/joshua/Developer/PedalForge/source/ui/../pedals/../dsp/../dsp/DSPNodeLibrary.h:2335:
/Users/joshua/Developer/PedalForge/source/ui/../pedals/../dsp/../dsp/PeripheralNodeLibrary.h:47:18: warning: 'getDisplayType' overrides a member function but is not marked 'override' [-Winconsistent-missing-override]
   47 |     juce::String getDisplayType() const { return "led"; }
      |                  ^
/Users/joshua/Developer/PedalForge/source/ui/../pedals/../dsp/../dsp/DSPNode.h:151:26: note: overridden virtual function is here
  151 |     virtual juce::String getDisplayType() const { return ""; }
      |                          ^
In file included from /Users/joshua/Developer/PedalForge/source/PluginProcessor.cpp:2:
In file included from /Users/joshua/Developer/PedalForge/source/PluginEditor.h:7:
In file included from /Users/joshua/Developer/PedalForge/source/ui/InventoryOverlay.h:4:
In file included from /Users/joshua/Developer/PedalForge/source/ui/PedalPalette.h:4:
In file included from /Users/joshua/Developer/PedalForge/source/ui/../pedals/PedalRegistry.h:4:
In file included from /Users/joshua/Developer/PedalForge/source/ui/../pedals/../dsp/GraphPedalProcessor.h:4:
In file included from /Users/joshua/Developer/PedalForge/source/ui/../pedals/../dsp/../dsp/DSPGraph.h:4:
In file included from /Users/joshua/Developer/PedalForge/source/ui/../pedals/../dsp/../dsp/DSPNodeLibrary.h:2335:
/Users/joshua/Developer/PedalForge/source/ui/../pedals/../dsp/../dsp/PeripheralNodeLibrary.h:74:10: warning: 'isDisplayNode' overrides a member function but is not marked 'override' [-Winconsistent-missing-override]
   74 |     bool isDisplayNode() const { return true; }
      |          ^
/Users/joshua/Developer/PedalForge/source/ui/../pedals/../dsp/../dsp/DSPNode.h:150:18: note: overridden virtual function is here
  150 |     virtual bool isDisplayNode() const { return false; }
      |                  ^
In file included from /Users/joshua/Developer/PedalForge/source/PluginProcessor.cpp:2:
In file included from /Users/joshua/Developer/PedalForge/source/PluginEditor.h:7:
In file included from /Users/joshua/Developer/PedalForge/source/ui/InventoryOverlay.h:4:
In file included from /Users/joshua/Developer/PedalForge/source/ui/PedalPalette.h:4:
In file included from /Users/joshua/Developer/PedalForge/source/ui/../pedals/PedalRegistry.h:4:
In file included from /Users/joshua/Developer/PedalForge/source/ui/../pedals/../dsp/GraphPedalProcessor.h:4:
In file included from /Users/joshua/Developer/PedalForge/source/ui/../pedals/../dsp/../dsp/DSPGraph.h:4:
In file included from /Users/joshua/Developer/PedalForge/source/ui/../pedals/../dsp/../dsp/DSPNodeLibrary.h:2335:
/Users/joshua/Developer/PedalForge/source/ui/../pedals/../dsp/../dsp/PeripheralNodeLibrary.h:75:18: warning: 'getDisplayType' overrides a member function but is not marked 'override' [-Winconsistent-missing-override]
   75 |     juce::String getDisplayType() const { return "rgb_led"; }
      |                  ^
/Users/joshua/Developer/PedalForge/source/ui/../pedals/../dsp/../dsp/DSPNode.h:151:26: note: overridden virtual function is here
  151 |     virtual juce::String getDisplayType() const { return ""; }
      |                          ^
In file included from /Users/joshua/Developer/PedalForge/source/PluginProcessor.cpp:2:
In file included from /Users/joshua/Developer/PedalForge/source/PluginEditor.h:7:
In file included from /Users/joshua/Developer/PedalForge/source/ui/InventoryOverlay.h:4:
In file included from /Users/joshua/Developer/PedalForge/source/ui/PedalPalette.h:4:
In file included from /Users/joshua/Developer/PedalForge/source/ui/../pedals/PedalRegistry.h:4:
In file included from /Users/joshua/Developer/PedalForge/source/ui/../pedals/../dsp/GraphPedalProcessor.h:4:
In file included from /Users/joshua/Developer/PedalForge/source/ui/../pedals/../dsp/../dsp/DSPGraph.h:4:
In file included from /Users/joshua/Developer/PedalForge/source/ui/../pedals/../dsp/../dsp/DSPNodeLibrary.h:2335:
/Users/joshua/Developer/PedalForge/source/ui/../pedals/../dsp/../dsp/PeripheralNodeLibrary.h:131:30: warning: implicit conversion loses floating-point precision: 'double' to 'float' [-Wimplicit-float-conversion]
  131 |         float releaseCoeff = std::exp (-1.0f / (sr * releaseMs * 0.001f));
      |               ~~~~~~~~~~~~   ^~~~~~~~~~~~~~~~~~~~~~~~~~~~~~~~~~~~~~~~~~~~
/Users/joshua/Developer/PedalForge/source/ui/../pedals/../dsp/../dsp/PeripheralNodeLibrary.h:204:41: warning: implicit conversion loses floating-point precision: 'double' to 'float' [-Wimplicit-float-conversion]
  204 |                         float freq = sr / period;
      |                               ~~~~   ~~~^~~~~~~~
/Users/joshua/Developer/PedalForge/source/ui/../pedals/../dsp/../dsp/PeripheralNodeLibrary.h:300:10: warning: 'isDisplayNode' overrides a member function but is not marked 'override' [-Winconsistent-missing-override]
  300 |     bool isDisplayNode() const { return true; }
      |          ^
/Users/joshua/Developer/PedalForge/source/ui/../pedals/../dsp/../dsp/DSPNode.h:150:18: note: overridden virtual function is here
  150 |     virtual bool isDisplayNode() const { return false; }
      |                  ^
In file included from /Users/joshua/Developer/PedalForge/source/PluginProcessor.cpp:2:
In file included from /Users/joshua/Developer/PedalForge/source/PluginEditor.h:7:
In file included from /Users/joshua/Developer/PedalForge/source/ui/InventoryOverlay.h:4:
In file included from /Users/joshua/Developer/PedalForge/source/ui/PedalPalette.h:4:
In file included from /Users/joshua/Developer/PedalForge/source/ui/../pedals/PedalRegistry.h:4:
In file included from /Users/joshua/Developer/PedalForge/source/ui/../pedals/../dsp/GraphPedalProcessor.h:4:
In file included from /Users/joshua/Developer/PedalForge/source/ui/../pedals/../dsp/../dsp/DSPGraph.h:4:
In file included from /Users/joshua/Developer/PedalForge/source/ui/../pedals/../dsp/../dsp/DSPNodeLibrary.h:2335:
/Users/joshua/Developer/PedalForge/source/ui/../pedals/../dsp/../dsp/PeripheralNodeLibrary.h:301:18: warning: 'getDisplayType' overrides a member function but is not marked 'override' [-Winconsistent-missing-override]
  301 |     juce::String getDisplayType() const { return "text_screen"; }
      |                  ^
/Users/joshua/Developer/PedalForge/source/ui/../pedals/../dsp/../dsp/DSPNode.h:151:26: note: overridden virtual function is here
  151 |     virtual juce::String getDisplayType() const { return ""; }
      |                          ^
In file included from /Users/joshua/Developer/PedalForge/source/PluginProcessor.cpp:2:
In file included from /Users/joshua/Developer/PedalForge/source/PluginEditor.h:7:
In file included from /Users/joshua/Developer/PedalForge/source/ui/InventoryOverlay.h:4:
In file included from /Users/joshua/Developer/PedalForge/source/ui/PedalPalette.h:4:
In file included from /Users/joshua/Developer/PedalForge/source/ui/../pedals/PedalRegistry.h:4:
In file included from /Users/joshua/Developer/PedalForge/source/ui/../pedals/../dsp/GraphPedalProcessor.h:4:
In file included from /Users/joshua/Developer/PedalForge/source/ui/../pedals/../dsp/../dsp/DSPGraph.h:4:
In file included from /Users/joshua/Developer/PedalForge/source/ui/../pedals/../dsp/../dsp/DSPNodeLibrary.h:2335:
/Users/joshua/Developer/PedalForge/source/ui/../pedals/../dsp/../dsp/PeripheralNodeLibrary.h:341:10: warning: 'isDisplayNode' overrides a member function but is not marked 'override' [-Winconsistent-missing-override]
  341 |     bool isDisplayNode() const { return true; }
      |          ^
/Users/joshua/Developer/PedalForge/source/ui/../pedals/../dsp/../dsp/DSPNode.h:150:18: note: overridden virtual function is here
  150 |     virtual bool isDisplayNode() const { return false; }
      |                  ^
In file included from /Users/joshua/Developer/PedalForge/source/PluginProcessor.cpp:2:
In file included from /Users/joshua/Developer/PedalForge/source/PluginEditor.h:7:
In file included from /Users/joshua/Developer/PedalForge/source/ui/InventoryOverlay.h:4:
In file included from /Users/joshua/Developer/PedalForge/source/ui/PedalPalette.h:4:
In file included from /Users/joshua/Developer/PedalForge/source/ui/../pedals/PedalRegistry.h:4:
In file included from /Users/joshua/Developer/PedalForge/source/ui/../pedals/../dsp/GraphPedalProcessor.h:4:
In file included from /Users/joshua/Developer/PedalForge/source/ui/../pedals/../dsp/../dsp/DSPGraph.h:4:
In file included from /Users/joshua/Developer/PedalForge/source/ui/../pedals/../dsp/../dsp/DSPNodeLibrary.h:2335:
/Users/joshua/Developer/PedalForge/source/ui/../pedals/../dsp/../dsp/PeripheralNodeLibrary.h:342:18: warning: 'getDisplayType' overrides a member function but is not marked 'override' [-Winconsistent-missing-override]
  342 |     juce::String getDisplayType() const { return "console"; }
      |                  ^
/Users/joshua/Developer/PedalForge/source/ui/../pedals/../dsp/../dsp/DSPNode.h:151:26: note: overridden virtual function is here
  151 |     virtual juce::String getDisplayType() const { return ""; }
      |                          ^
In file included from /Users/joshua/Developer/PedalForge/source/PluginProcessor.cpp:2:
In file included from /Users/joshua/Developer/PedalForge/source/PluginEditor.h:7:
In file included from /Users/joshua/Developer/PedalForge/source/ui/InventoryOverlay.h:4:
In file included from /Users/joshua/Developer/PedalForge/source/ui/PedalPalette.h:4:
In file included from /Users/joshua/Developer/PedalForge/source/ui/../pedals/PedalRegistry.h:4:
In file included from /Users/joshua/Developer/PedalForge/source/ui/../pedals/../dsp/GraphPedalProcessor.h:4:
In file included from /Users/joshua/Developer/PedalForge/source/ui/../pedals/../dsp/../dsp/DSPGraph.h:4:
In file included from /Users/joshua/Developer/PedalForge/source/ui/../pedals/../dsp/../dsp/DSPNodeLibrary.h:2335:
/Users/joshua/Developer/PedalForge/source/ui/../pedals/../dsp/../dsp/PeripheralNodeLibrary.h:402:38: warning: implicit conversion changes signedness: 'int' to 'size_type' (aka 'unsigned long') [-Wsign-conversion]
  402 |                 waveformData[writePos++] = sample;
      |                 ~~~~~~~~~~~~ ~~~~~~~~^~
/Users/joshua/Developer/PedalForge/source/ui/../pedals/../dsp/../dsp/PeripheralNodeLibrary.h:496:17: warning: implicit conversion changes signedness: 'int' to 'size_type' (aka 'unsigned long') [-Wsign-conversion]
  496 |         vm.vars[var_t] = time;
      |         ~~      ^~~~~
/Users/joshua/Developer/PedalForge/source/ui/../pedals/../dsp/../dsp/PeripheralNodeLibrary.h:497:17: warning: implicit conversion changes signedness: 'int' to 'size_type' (aka 'unsigned long') [-Wsign-conversion]
  497 |         vm.vars[var_in1] = in1_val;
      |         ~~      ^~~~~~~
/Users/joshua/Developer/PedalForge/source/ui/../pedals/../dsp/../dsp/PeripheralNodeLibrary.h:498:17: warning: implicit conversion changes signedness: 'int' to 'size_type' (aka 'unsigned long') [-Wsign-conversion]
  498 |         vm.vars[var_in2] = in2_val;
      |         ~~      ^~~~~~~
/Users/joshua/Developer/PedalForge/source/ui/../pedals/../dsp/../dsp/PeripheralNodeLibrary.h:499:17: warning: implicit conversion changes signedness: 'int' to 'size_type' (aka 'unsigned long') [-Wsign-conversion]
  499 |         vm.vars[var_in3] = in3_val;
      |         ~~      ^~~~~~~
/Users/joshua/Developer/PedalForge/source/ui/../pedals/../dsp/../dsp/PeripheralNodeLibrary.h:500:17: warning: implicit conversion changes signedness: 'int' to 'size_type' (aka 'unsigned long') [-Wsign-conversion]
  500 |         vm.vars[var_in4] = in4_val;
      |         ~~      ^~~~~~~
/Users/joshua/Developer/PedalForge/source/ui/../pedals/../dsp/../dsp/PeripheralNodeLibrary.h:505:21: warning: implicit conversion changes signedness: 'int' to 'size_type' (aka 'unsigned long') [-Wsign-conversion]
  505 |             vm.vars[var_y] = y_norm;
      |             ~~      ^~~~~
/Users/joshua/Developer/PedalForge/source/ui/../pedals/../dsp/../dsp/PeripheralNodeLibrary.h:509:25: warning: implicit conversion changes signedness: 'int' to 'size_type' (aka 'unsigned long') [-Wsign-conversion]
  509 |                 vm.vars[var_x] = x_norm;
      |                 ~~      ^~~~~
/Users/joshua/Developer/PedalForge/source/ui/../pedals/../dsp/../dsp/PeripheralNodeLibrary.h:510:39: warning: implicit conversion changes signedness: 'int' to 'size_type' (aka 'unsigned long') [-Wsign-conversion]
  510 |                 pixelData[py * kWidth + px] = vm.evaluate();
      |                 ~~~~~~~~~ ~~~~~~~~~~~~^~~~
/Users/joshua/Developer/PedalForge/source/ui/../pedals/../dsp/../dsp/PeripheralNodeLibrary.h:574:38: warning: implicit conversion changes signedness: 'int' to 'size_type' (aka 'unsigned long') [-Wsign-conversion]
  574 |                 pixelData[y * kWidth + x] = c;
      |                 ~~~~~~~~~ ~~~~~~~~~~~^~~
/Users/joshua/Developer/PedalForge/source/ui/../pedals/../dsp/../dsp/PeripheralNodeLibrary.h:696:10: warning: 'isDisplayNode' overrides a member function but is not marked 'override' [-Winconsistent-missing-override]
  696 |     bool isDisplayNode() const { return true; }
      |          ^
/Users/joshua/Developer/PedalForge/source/ui/../pedals/../dsp/../dsp/DSPNode.h:150:18: note: overridden virtual function is here
  150 |     virtual bool isDisplayNode() const { return false; }
      |                  ^
In file included from /Users/joshua/Developer/PedalForge/source/PluginProcessor.cpp:2:
In file included from /Users/joshua/Developer/PedalForge/source/PluginEditor.h:7:
In file included from /Users/joshua/Developer/PedalForge/source/ui/InventoryOverlay.h:4:
In file included from /Users/joshua/Developer/PedalForge/source/ui/PedalPalette.h:4:
In file included from /Users/joshua/Developer/PedalForge/source/ui/../pedals/PedalRegistry.h:4:
In file included from /Users/joshua/Developer/PedalForge/source/ui/../pedals/../dsp/GraphPedalProcessor.h:4:
In file included from /Users/joshua/Developer/PedalForge/source/ui/../pedals/../dsp/../dsp/DSPGraph.h:4:
In file included from /Users/joshua/Developer/PedalForge/source/ui/../pedals/../dsp/../dsp/DSPNodeLibrary.h:2335:
/Users/joshua/Developer/PedalForge/source/ui/../pedals/../dsp/../dsp/PeripheralNodeLibrary.h:697:18: warning: 'getDisplayType' overrides a member function but is not marked 'override' [-Winconsistent-missing-override]
  697 |     juce::String getDisplayType() const { return "sound_emitter"; }
      |                  ^
/Users/joshua/Developer/PedalForge/source/ui/../pedals/../dsp/../dsp/DSPNode.h:151:26: note: overridden virtual function is here
  151 |     virtual juce::String getDisplayType() const { return ""; }
      |                          ^
In file included from /Users/joshua/Developer/PedalForge/source/PluginProcessor.cpp:2:
In file included from /Users/joshua/Developer/PedalForge/source/PluginEditor.h:7:
In file included from /Users/joshua/Developer/PedalForge/source/ui/InventoryOverlay.h:4:
In file included from /Users/joshua/Developer/PedalForge/source/ui/PedalPalette.h:4:
In file included from /Users/joshua/Developer/PedalForge/source/ui/../pedals/PedalRegistry.h:4:
In file included from /Users/joshua/Developer/PedalForge/source/ui/../pedals/../dsp/GraphPedalProcessor.h:4:
In file included from /Users/joshua/Developer/PedalForge/source/ui/../pedals/../dsp/../dsp/DSPGraph.h:4:
In file included from /Users/joshua/Developer/PedalForge/source/ui/../pedals/../dsp/../dsp/DSPNodeLibrary.h:2335:
/Users/joshua/Developer/PedalForge/source/ui/../pedals/../dsp/../dsp/PeripheralNodeLibrary.h:653:39: warning: implicit conversion loses floating-point precision: 'double' to 'float' [-Wimplicit-float-conversion]
  653 |         float durSamples = sr * durMs * 0.001f;
      |               ~~~~~~~~~~   ~~~~~~~~~~~^~~~~~~~
/Users/joshua/Developer/PedalForge/source/ui/../pedals/../dsp/../dsp/PeripheralNodeLibrary.h:675:34: warning: implicit conversion loses floating-point precision: 'double' to 'float' [-Wimplicit-float-conversion]
  675 |                 float inc = freq / sr;
      |                       ~~~   ~~~~~^~~~
In file included from /Users/joshua/Developer/PedalForge/source/PluginEditor.cpp:1:
In file included from /Users/joshua/Developer/PedalForge/source/PluginEditor.h:7:
In file included from /Users/joshua/Developer/PedalForge/source/ui/InventoryOverlay.h:4:
In file included from /Users/joshua/Developer/PedalForge/source/ui/PedalPalette.h:4:
In file included from /Users/joshua/Developer/PedalForge/source/ui/../pedals/PedalRegistry.h:4:
In file included from /Users/joshua/Developer/PedalForge/source/ui/../pedals/../dsp/GraphPedalProcessor.h:4:
In file included from /Users/joshua/Developer/PedalForge/source/ui/../pedals/../dsp/../dsp/DSPGraph.h:5:
In file included from /Users/joshua/Developer/PedalForge/source/ui/../pedals/../dsp/../dsp/NAMNode.h:4:
In file included from /Users/joshua/Developer/PedalForge/build/_deps/namcore-src/NAM/get_dsp.h:7:
In file included from /Users/joshua/Developer/PedalForge/build/_deps/namcore-src/NAM/dsp.h:10:
In file included from /Users/joshua/Developer/PedalForge/build/_deps/namcore-src/Dependencies/eigen/Eigen/Dense:1:
In file included from /Users/joshua/Developer/PedalForge/build/_deps/namcore-src/Dependencies/eigen/Eigen/Core:173:
/Users/joshua/Developer/PedalForge/build/_deps/namcore-src/Dependencies/eigen/Eigen/src/Core/util/Memory.h:157:19: warning: zero as null pointer constant [-Wzero-as-null-pointer-constant]
  157 |   if (original == 0) return 0;
      |                   ^
      |                   nullptr
/Users/joshua/Developer/PedalForge/build/_deps/namcore-src/Dependencies/eigen/Eigen/src/Core/util/Memory.h:157:29: warning: zero as null pointer constant [-Wzero-as-null-pointer-constant]
  157 |   if (original == 0) return 0;
      |                             ^
      |                             nullptr
/Users/joshua/Developer/PedalForge/build/_deps/namcore-src/Dependencies/eigen/Eigen/src/Core/util/Memory.h:992:58: warning: zero as null pointer constant [-Wzero-as-null-pointer-constant]
  992 |   pointer allocate(size_type num, const void* /*hint*/ = 0)
      |                                                          ^
      |                                                          nullptr
In file included from /Users/joshua/Developer/PedalForge/source/PluginEditor.cpp:1:
In file included from /Users/joshua/Developer/PedalForge/source/PluginEditor.h:7:
In file included from /Users/joshua/Developer/PedalForge/source/ui/InventoryOverlay.h:4:
In file included from /Users/joshua/Developer/PedalForge/source/ui/PedalPalette.h:4:
In file included from /Users/joshua/Developer/PedalForge/source/ui/../pedals/PedalRegistry.h:4:
In file included from /Users/joshua/Developer/PedalForge/source/ui/../pedals/../dsp/GraphPedalProcessor.h:4:
In file included from /Users/joshua/Developer/PedalForge/source/ui/../pedals/../dsp/../dsp/DSPGraph.h:5:
In file included from /Users/joshua/Developer/PedalForge/source/ui/../pedals/../dsp/../dsp/NAMNode.h:4:
In file included from /Users/joshua/Developer/PedalForge/build/_deps/namcore-src/NAM/get_dsp.h:7:
In file included from /Users/joshua/Developer/PedalForge/build/_deps/namcore-src/NAM/dsp.h:10:
In file included from /Users/joshua/Developer/PedalForge/build/_deps/namcore-src/Dependencies/eigen/Eigen/Dense:1:
In file included from /Users/joshua/Developer/PedalForge/build/_deps/namcore-src/Dependencies/eigen/Eigen/Core:179:
/Users/joshua/Developer/PedalForge/build/_deps/namcore-src/Dependencies/eigen/Eigen/src/Core/MathFunctions.h:1376:18: warning: implicit conversion changes signedness: 'int' to 'unsigned int' [-Wsign-conversion]
 1376 |   unsigned int v(x);
      |                ~ ^
In file included from /Users/joshua/Developer/PedalForge/source/PluginEditor.cpp:1:
In file included from /Users/joshua/Developer/PedalForge/source/PluginEditor.h:7:
In file included from /Users/joshua/Developer/PedalForge/source/ui/InventoryOverlay.h:4:
In file included from /Users/joshua/Developer/PedalForge/source/ui/PedalPalette.h:4:
In file included from /Users/joshua/Developer/PedalForge/source/ui/../pedals/PedalRegistry.h:4:
In file included from /Users/joshua/Developer/PedalForge/source/ui/../pedals/../dsp/GraphPedalProcessor.h:4:
In file included from /Users/joshua/Developer/PedalForge/source/ui/../pedals/../dsp/../dsp/DSPGraph.h:5:
In file included from /Users/joshua/Developer/PedalForge/source/ui/../pedals/../dsp/../dsp/NAMNode.h:4:
In file included from /Users/joshua/Developer/PedalForge/build/_deps/namcore-src/NAM/get_dsp.h:7:
In file included from /Users/joshua/Developer/PedalForge/build/_deps/namcore-src/NAM/dsp.h:10:
In file included from /Users/joshua/Developer/PedalForge/build/_deps/namcore-src/Dependencies/eigen/Eigen/Dense:1:
In file included from /Users/joshua/Developer/PedalForge/build/_deps/namcore-src/Dependencies/eigen/Eigen/Core:185:
/Users/joshua/Developer/PedalForge/build/_deps/namcore-src/Dependencies/eigen/Eigen/src/Core/arch/Default/BFloat16.h:174:61: warning: out-of-line definition of constexpr static data member is redundant in C++17 and is deprecated [-Wdeprecated-redundant-constexpr-static-def]
  174 | EIGEN_CONSTEXPR const bool numeric_limits_bfloat16_impl<T>::is_specialized;
      |                                                             ^
/Users/joshua/Developer/PedalForge/build/_deps/namcore-src/Dependencies/eigen/Eigen/src/Core/arch/Default/BFloat16.h:176:61: warning: out-of-line definition of constexpr static data member is redundant in C++17 and is deprecated [-Wdeprecated-redundant-constexpr-static-def]
  176 | EIGEN_CONSTEXPR const bool numeric_limits_bfloat16_impl<T>::is_signed;
      |                                                             ^
/Users/joshua/Developer/PedalForge/build/_deps/namcore-src/Dependencies/eigen/Eigen/src/Core/arch/Default/BFloat16.h:178:61: warning: out-of-line definition of constexpr static data member is redundant in C++17 and is deprecated [-Wdeprecated-redundant-constexpr-static-def]
  178 | EIGEN_CONSTEXPR const bool numeric_limits_bfloat16_impl<TIn file included from /Users/joshua/Developer/PedalForge/source/PluginProcessor.cpp:2:
In file included from /Users/joshua/Developer/PedalForge/source/PluginEditor.h>::is_integer;
      |                                                             ^
:7:
In file included from /Users/joshua/Developer/PedalForge/source/ui/InventoryOverlay.h:4:
In file included from /Users/joshua/Developer/PedalForge/source/ui/PedalPalette.h:4:
In file included from /Users/joshua/Developer/PedalForge/source/ui/../pedals/PedalRegistry.h:4:
In file included from /Users/joshua/Developer/PedalForge/source/ui/../pedals/../dsp/GraphPedalProcessor.h:4:
In file included from /Users/joshua/Developer/PedalForge/source/ui/../pedals/../dsp/../dsp/DSPGraph.h:5:
In file included from /Users/joshua/Developer/PedalForge/source/ui/../pedals/../dsp/../dsp/NAMNode.h:4:
In file included from /Users/joshua/Developer/PedalForge/build/_deps/namcore-src/NAM/get_dsp.h:7:
In file included from /Users/joshua/Developer/PedalForge/build/_deps/namcore-src/NAM/dsp.h:10:
In file included from /Users/joshua/Developer/PedalForge/build/_deps/namcore-src/Dependencies/eigen/Eigen/Dense:1:
In file included from /Users/joshua/Developer/PedalForge/build/_deps/namcore-src/Dependencies/eigen/Eigen/Core:173:
/Users/joshua/Developer/PedalForge/build/_deps/namcore-src/Dependencies/eigen/Eigen/src/Core/util/Memory.h:157:19: warning: zero as null pointer constant [-Wzero-as-null-pointer-constant]
/Users/joshua/Developer/PedalForge/build/_deps/namcore-src/Dependencies/eigen/Eigen/src/Core/arch/Default/BFloat16.h:180  157 |   if (original == 0) return 0;
      |                   ^
      |                   nullptr
:61: warning: out-of-line definition of constexpr static data member is redundant in C++17 and is deprecated [-Wdeprecated-redundant-constexpr-static-def]
  180 | /Users/joshua/Developer/PedalForge/build/_deps/namcore-src/Dependencies/eigen/Eigen/src/Core/util/Memory.h:157:29: warning: zero as null pointer constant [-Wzero-as-null-pointer-constant]
  157 |   if (original == 0) return 0;
      |                             ^
      |                             nullptr
EIGEN_CONSTEXPR const bool numeric_limits_bfloat16_impl<T>::is_exact;
      |                                                             ^
/Users/joshua/Developer/PedalForge/build/_deps/namcore-src/Dependencies/eigen/Eigen/src/Core/arch/Default/BFloat16.h:182:61: warning: out-of-line definition of constexpr static data member is redundant in C++17 and is deprecated [-Wdeprecated-redundant-constexpr-static-def]
  182 | EIGEN_CONSTEXPR const bool numeric_limits_bfloat16_impl<T>::has_infinity;
      |                                                             ^
/Users/joshua/Developer/PedalForge/build/_deps/namcore-src/Dependencies/eigen/Eigen/src/Core/arch/Default/BFloat16.h:184:61: warning: out-of-line definition of constexpr static data member is redundant in C++17 and is deprecated [-Wdeprecated-redundant-constexpr-static-def]
  184 | EIGEN_CONSTEXPR const bool numeric_limits_bfloat16_impl<T>::has_quiet_NaN;
      |                                                             ^
/Users/joshua/Developer/PedalForge/build/_deps/namcore-src/Dependencies/eigen/Eigen/src/Core/arch/Default/BFloat16.h:186:61: warning: out-of-line definition of constexpr static data member is redundant in C++17 and is deprecated [-Wdeprecated-redundant-constexpr-static-def]
  186 | EIGEN_CONSTEXPR const bool numeric_limits_bfloat16_impl<T>::has_signaling_NaN;
      |                                                             ^
/Users/joshua/Developer/PedalForge/build/_deps/namcore-src/Dependencies/eigen/Eigen/src/Core/arch/Default/BFloat16.h:188:80: warning: out-of-line definition of constexpr static data member is redundant in C++17 and is deprecated [-Wdeprecated-redundant-constexpr-static-def]
  188 | EIGEN_CONSTEXPR const std::float_denorm_style numeric_limits_bfloat16_impl<T>::has_denorm;
      |                                                                                ^
/Users/joshua/Developer/PedalForge/build/_deps/namcore-src/Dependencies/eigen/Eigen/src/Core/arch/Default/BFloat16.h:190:61: warning: out-of-line definition of constexpr static data member is redundant in C++17 and is deprecated [-Wdeprecated-redundant-constexpr-static-def]
  190 | EIGEN_CONSTEXPR const bool numeric_limits_bfloat16_impl<T>::has_denorm_loss;
      |                                                             ^
/Users/joshua/Developer/PedalForge/build/_deps/namcore-src/Dependencies/eigen/Eigen/src/Core/arch/Default/BFloat16.h:192:79: warning: out-of-line definition of constexpr static data member is redundant in C++17 and is deprecated [-Wdeprecated-redundant-constexpr-static-def]
  192 | EIGEN_CONSTEXPR const std::float_round_style numeric_limits_bfloat16_impl<T>::round_style;
      |                                                                               ^
/Users/joshua/Developer/PedalForge/build/_deps/namcore-src/Dependencies/eigen/Eigen/src/Core/arch/Default/BFloat16.h:194:61: warning: out-of-line definition of constexpr static data member is redundant in C++17 and is deprecated [-Wdeprecated-redundant-constexpr-static-def]
  194 | EIGEN_CONSTEXPR const bool numeric_limits_bfloat16_impl<T>::is_iec559;
      |                                                             ^
/Users/joshua/Developer/PedalForge/build/_deps/namcore-src/Dependencies/eigen/Eigen/src/Core/arch/Default/BFloat16.h:196:61: warning: out-of-line definition of constexpr static data member is redundant in C++17 and is deprecated [-Wdeprecated-redundant-constexpr-static-def]
  196 | EIGEN_CONSTEXPR const bool numeric_limits_bfloat16_impl<T>::is_bounded;
      |                                                             ^
/Users/joshua/Developer/PedalForge/build/_deps/namcore-src/Dependencies/eigen/Eigen/src/Core/arch/Default/BFloat16.h:198:61: warning: out-of-line definition of constexpr static data member is redundant in C++17 and is deprecated [-Wdeprecated-redundant-constexpr-static-def]
  198 | EIGEN_CONSTEXPR const bool numeric_limits_bfloat16_impl<T>::is_modulo;
      |                                                             ^
/Users/joshua/Developer/PedalForge/build/_deps/namcore-src/Dependencies/eigen/Eigen/src/Core/arch/Default/BFloat16.h:200:60: warning: out-of-line definition of constexpr static data member is redundant in C++17 and is deprecated [-Wdeprecated-redundant-constexpr-static-def]
  200 | EIGEN_CONSTEXPR c/Users/joshua/Developer/PedalForge/build/_deps/namcore-src/Dependencies/eigen/Eigen/src/Core/util/Memory.h:992onst:58: int numeric_lim warning: zero as null pointer constant [-Wzero-as-null-pointer-constant]
  992 |   pointer allocate(its_bfloat16_impl<T>::digits;
      |                                                            ^
size_type num, /Users/joshua/Developer/PedalForge/build/_deps/namcore-src/Dependencies/eigen/Eigen/src/Core/arch/Default/BFloat16.h:202:60: warning: out-of-line definition of constexpr static data member is redundant in C++17 and is deprecated [-Wdeprecated-redundant-constexpr-static-def]
  202 | EIGEN_CONSTEXPRconst void* /*hint*/ = 0)
      |                                                          ^
      |                                                          nullptr
 const int numeric_limits_bfloat16_impl<T>::digits10;
      |                                                            ^
/Users/joshua/Developer/PedalForge/build/_deps/namcore-src/Dependencies/eigen/Eigen/src/Core/arch/Default/BFloat16.h:204:60: warning: out-of-line definition of constexpr static data member is redundant in C++17 and is deprecated [-Wdeprecated-redundant-constexpr-static-def]
  204 | EIGEN_CONSTEXPR const int numeric_limits_bfloat16_impl<T>::max_digits10;
      |                                                            ^
/Users/joshua/Developer/PedalForge/build/_deps/namcore-src/Dependencies/eigen/Eigen/src/Core/arch/Default/BFloat16.h:206:60: warning: out-of-line definition of constexpr static data member is redundant in C++17 and is deprecated [-Wdeprecated-redundant-constexpr-static-def]
  206 | EIGEN_CONSTEXPR const int numeric_limits_bfloat16_impl<T>::radix;
      |                                                            ^
/Users/joshua/Developer/PedalForge/build/_deps/namcore-src/Dependencies/eigen/Eigen/src/Core/arch/Default/BFloat16.h:208:60: warning: out-of-line definition of constexpr static data member is redundant in C++17 and is deprecated [-Wdeprecated-redundant-constexpr-static-def]
  208 | EIGEN_CONSTEXPR const int numeric_limits_bfloat16_impl<T>::min_exponent;
      |                                                            ^
/Users/joshua/Developer/PedalForge/build/_deps/namcore-src/Dependencies/eigen/Eigen/src/Core/arch/Default/BFloat16.h:210:60: warning: out-of-line definition of constexpr static data member is redundant in C++17 and is deprecated [-Wdeprecated-redundant-constexpr-static-def]
  210 | EIGEN_CONSTEXPR const int numeric_limits_bfloat16_impl<T>::min_exponent10;
      |                                                            ^
/Users/joshua/Developer/PedalForge/build/_deps/namcore-src/Dependencies/eigen/Eigen/src/Core/arch/Default/BFloat16.h:212:60: warning: out-of-line definition of constexpr static data member is redundant in C++17 and is deprecated [-Wdeprecated-redundant-constexpr-static-def]
  212 | EIGEN_CONSTEXPR const int numeric_limits_bfloat16_impl<T>::max_exponent;
      |                                                            ^
/Users/joshua/Developer/PedalForge/build/_deps/namcore-src/Dependencies/eigen/Eigen/src/Core/arch/Default/BFloat16.h:214:60: warning: out-of-line definition of constexpr static data member is redundant in C++17 and is deprecated [-Wdeprecated-redundant-constexpr-static-def]
  214 | EIGEN_CONSTEXPR const int numeric_limits_bfloat16_impl<T>::max_exponent10;
      |                                                            ^
/Users/joshua/Developer/PedalForge/build/_deps/namcore-src/Dependencies/eigen/Eigen/src/Core/arch/Default/BFloat16.h:216:61: warning: out-of-line definition of constexpr static data member is redundant in C++17 and is deprecated [-Wdeprecated-redundant-constexpr-static-def]
  216 | EIGEN_CONSTEXPR const bool numeric_limits_bfloat16_impl<T>::traps;
      |                                                             ^
/Users/joshua/Developer/PedalForge/build/_deps/namcore-src/Dependencies/eigen/Eigen/src/Core/arch/Default/BFloat16.h:218:61: warning: out-of-line definition of constexpr static data member is redundant in C++17 and is deprecated [-Wdeprecated-redundant-constexpr-static-def]
  218 | EIGEN_CONSTEXPR const bool numeric_limits_bfloat16_impl<T>::tinyness_before;
      |                                                             ^
In file included from /Users/joshua/Developer/PedalForge/source/PluginProcessor.cpp:2:
In file included from /Users/joshua/Developer/PedalForge/source/PluginEditor.h:7:
In file included from /Users/joshua/Developer/PedalForge/source/ui/InventoryOverlay.h:4:
In file included from /Users/joshua/Developer/PedalForge/source/ui/PedalPalette.h:4:
In file included from /Users/joshua/Developer/PedalForge/source/ui/../pedals/PedalRegistry.h:4:
In file included from /Users/joshua/Developer/PedalForge/source/ui/../pedals/../dsp/GraphPedalProcessor.h:4:
In file included from /Users/joshua/Developer/PedalForge/source/ui/../pedals/../dsp/../dsp/DSPGraph.h:5:
In file included from /Users/joshua/Developer/PedalForge/source/ui/../pedals/../dsp/../dsp/NAMNode.h:4:
In file included from /Users/joshua/Developer/PedalForge/build/_deps/namcore-src/NAM/get_dsp.h:7:
In file included from /Users/joshua/Developer/PedalForge/build/_deps/namcore-src/NAM/dsp.h:10:
In file included from /Users/joshua/Developer/PedalForge/build/_deps/namcore-src/Dependencies/eigen/Eigen/Dense:1:
In file included from /Users/joshua/Developer/PedalForge/build/_deps/namcore-src/Dependencies/eigen/Eigen/Core:179:
/Users/joshua/Developer/PedalForge/build/_deps/namcore-src/Dependencies/eigen/Eigen/src/Core/MathFunctions.h:1376:18: warning: implicit conversion changes signedness: 'int' to 'unsigned int' [-Wsign-conversion]
 1376 |   unsigned int v(x);
      |                ~ ^
In file included from /Users/joshua/Developer/PedalForge/source/PluginProcessor.cpp:2:
In file included from /Users/joshua/Developer/PedalForge/source/PluginEditor.h:7:
In file included from /Users/joshua/Developer/PedalForge/source/ui/InventoryOverlay.h:4:
In file included from /Users/joshua/Developer/PedalForge/source/ui/PedalPalette.h:4:
In file included from /Users/joshua/Developer/PedalForge/source/ui/../pedals/PedalRegistry.h:4:
In file included from /Users/joshua/Developer/PedalForge/source/ui/../pedals/../dsp/GraphPedalProcessor.h:4:
In file included from /Users/joshua/Developer/PedalForge/source/ui/../pedals/../dsp/../dsp/DSPGraph.h:5:
In file included from /Users/joshua/Developer/PedalForge/source/ui/../pedals/../dsp/../dsp/NAMNode.h:4:
In file included from /Users/joshua/Developer/PedalForge/build/_deps/namcore-src/NAM/get_dsp.h:7:
In file included from /Users/joshua/Developer/PedalForge/build/_deps/namcore-src/NAM/dsp.h:10:
In file included from /Users/joshua/Developer/PedalForge/build/_deps/namcore-src/Dependencies/eigen/Eigen/Dense:1:
In file included from /Users/joshua/Developer/PedalForge/build/_deps/namcore-src/Dependencies/eigen/Eigen/Core:185:
/Users/joshua/Developer/PedalForge/build/_deps/namcore-src/Dependencies/eigen/Eigen/src/Core/arch/Default/BFloat16.h:174:61: warning: out-of-line definition of constexpr static data member is redundant in C++17 and is deprecated [-Wdeprecated-redundant-constexpr-static-def]
  174 | EIGEN_CONSTEXPR const bool numeric_limits_bfloat16_impl<T>::is_specialized;
      |                                                             ^
/Users/joshua/Developer/PedalForge/build/_deps/namcore-src/Dependencies/eigen/Eigen/src/Core/arch/Default/BFloat16.h:176:61: warning: out-of-line definition of constexpr static data member is redundant in C++17 and is deprecated [-Wdeprecated-redundant-constexpr-static-def]
  176 | EIGEN_CONSTEXPR const bool numeric_limits_bfloat16_impl<T>::is_signed;
      |                                                             ^
/Users/joshua/Developer/PedalForge/build/_deps/namcore-src/Dependencies/eigen/Eigen/src/Core/arch/Default/BFloat16.h:178:61: warning: out-of-line definition of constexpr static data member is redundant in C++17 and is deprecated [-Wdeprecated-redundant-constexpr-static-def]
  178 | EIGEN_CONSTEXPR const bool numeric_limits_bfloat16_impl<T>::is_integer;
      |                                                             ^
/Users/joshua/Developer/PedalForge/build/_deps/namcore-src/Dependencies/eigen/Eigen/src/Core/arch/Default/BFloat16.h:180:61: warning: out-of-line definition of constexpr static data member is redundant in C++17 and is deprecated [-Wdeprecated-redundant-constexpr-static-def]
  180 | EIGEN_CONSTEXPR const bool numeric_limits_bfloat16_impl<T>::is_exact;
      |                                                             ^
/Users/joshua/Developer/PedalForge/build/_deps/namcore-src/Dependencies/eigen/Eigen/src/Core/arch/Default/BFloat16.h:182:61: warning: out-of-line definition of constexpr static data member is redundant in C++17 and is deprecated [-Wdeprecated-redundant-constexpr-static-def]
  182 | EIGEN_CONSTEXPR const bool numeric_limits_bfloat16_impl<T>::has_infinity;
      |                                                             ^
/Users/joshua/Developer/PedalForge/build/_deps/namcore-src/Dependencies/eigen/Eigen/src/Core/arch/Default/BFloat16.h:184:61: warning: out-of-line definition of constexpr static data member is redundant in C++17 and is deprecated [-Wdeprecated-redundant-constexpr-static-def]
  184 | EIGEN_CONSTEXPR const bool numeric_limits_bfloat16_impl<T>::has_quiet_NaN;
      |                                                             ^
/Users/joshua/Developer/PedalForge/build/_deps/namcore-src/Dependencies/eigen/Eigen/src/Core/arch/Default/BFloat16.h:186:61: warning: out-of-line definition of constexpr static data member is redundant in C++17 and is deprecated [-Wdeprecated-redundant-constexpr-static-def]
  186 | EIGEN_CONSTEXPR const bool numeric_limits_bfloat16_impl<T>::has_signaling_NaN;
      |                                                             ^
/Users/joshua/Developer/PedalForge/build/_deps/namcore-src/Dependencies/eigen/Eigen/src/Core/arch/Default/BFloat16.h:188:80: warning: out-of-line definition of constexpr static data member is redundant in C++17 and is deprecated [-Wdeprecated-redundant-constexpr-static-def]
  188 | EIGEN_CONSTEXPR const std::float_denorm_style numeric_limits_bfloat16_impl<T>::has_denorm;
      |                                                                                ^
/Users/joshua/Developer/PedalForge/build/_deps/namcore-src/Dependencies/eigen/Eigen/src/Core/arch/Default/BFloat16.h:190:61: warning: out-of-line definition of constexpr static data member is redundant in C++17 and is deprecated [-Wdeprecated-redundant-constexpr-static-def]
  190 | EIGEN_CONSTEXPR const bool numeric_limits_bfloat16_impl<T>::has_denorm_loss;
      |                                                             ^
/Users/joshua/Developer/PedalForge/build/_deps/namcore-src/Dependencies/eigen/Eigen/src/Core/arch/Default/BFloat16.h:192:79: warning: out-of-line definition of constexpr static data member is redundant in C++17 and is deprecated [-Wdeprecated-redundant-constexpr-static-def]
  192 | EIGEN_CONSTEXPR const std::float_round_style numeric_limits_bfloat16_impl<T>::round_style;
      |                                                                               ^
/Users/joshua/Developer/PedalForge/build/_deps/namcore-src/Dependencies/eigen/Eigen/src/Core/arch/Default/BFloat16.h:194:61: warning: out-of-line definition of constexpr static data member is redundant in C++17 and is deprecated [-Wdeprecated-redundant-constexpr-static-def]
  194 | EIGEN_CONSTEXPR const bool numeric_limits_bfloat16_impl<T>::is_iec559;
      |                                                             ^
/Users/joshua/Developer/PedalForge/build/_deps/namcore-src/Dependencies/eigen/Eigen/src/Core/arch/Default/BFloat16.h:196:61: warning: out-of-line definition of constexpr static data member is redundant in C++17 and is deprecated [-Wdeprecated-redundant-constexpr-static-def]
  196 | EIGEN_CONSTEXPR const bool numeric_limits_bfloat16_impl<T>::is_bounded;
      |                                                             ^
/Users/joshua/Developer/PedalForge/build/_deps/namcore-src/Dependencies/eigen/Eigen/src/Core/arch/Default/BFloat16.h:198:61: warning: out-of-line definition of constexpr static data member is redundant in C++17 and is deprecated [-Wdeprecated-redundant-constexpr-static-def]
  198 | EIGEN_CONSTEXPR const bool numeric_limits_bfloat16_impl<T>::is_modulo;
      |                                                             ^
/Users/joshua/Developer/PedalForge/build/_deps/namcore-src/Dependencies/eigen/Eigen/src/Core/arch/Default/BFloat16.h:200:60: warning: out-of-line definition of constexpr static data member is redundant in C++17 and is deprecated [-Wdeprecated-redundant-constexpr-static-def]
  200 | EIGEN_CONSTEXPR const int numeric_limits_bfloat16_impl<T>::digits;
      |                                                            ^
/Users/joshua/Developer/PedalForge/build/_deps/namcore-src/Dependencies/eigen/Eigen/src/Core/arch/Default/BFloat16.h:202:60: warning: out-of-line definition of constexpr static data member is redundant in C++17 and is deprecated [-Wdeprecated-redundant-constexpr-static-def]
  202 | EIGEN_CONSTEXPR const int numeric_limits_bfloat16_impl<T>::digits10;
      |                                                            ^
/Users/joshua/Developer/PedalForge/build/_deps/namcore-src/Dependencies/eigen/Eigen/src/Core/arch/Default/BFloat16.h:204:60: warning: out-of-line definition of constexpr static data member is redundant in C++17 and is deprecated [-Wdeprecated-redundant-constexpr-static-def]
  204 | EIGEN_CONSTEXPR const int numeric_limits_bfloat16_impl<T>::max_digits10;
      |                                                            ^
/Users/joshua/Developer/PedalForge/build/_deps/namcore-src/Dependencies/eigen/Eigen/src/Core/arch/Default/BFloat16.h:206:60: warning: out-of-line definition of constexpr static data member is redundant in C++17 and is deprecated [-Wdeprecated-redundant-constexpr-static-def]
  206 | EIGEN_CONSTEXPR const int numeric_limits_bfloat16_impl<T>::radix;
      |                                                            ^
/Users/joshua/Developer/PedalForge/build/_deps/namcore-src/Dependencies/eigen/Eigen/src/Core/arch/Default/BFloat16.h:208:60: warning: out-of-line definition of constexpr static data member is redundant in C++17 and is deprecated [-Wdeprecated-redundant-constexpr-static-def]
  208 | EIGEN_CONSTEXPR const int numeric_limits_bfloat16_impl<T>::min_exponent;
      |                                                            ^
/Users/joshua/Developer/PedalForge/build/_deps/namcore-src/Dependencies/eigen/Eigen/src/Core/arch/Default/BFloat16.h:210:60: warning: out-of-line definition of constexpr static data member is redundant in C++17 and is deprecated [-Wdeprecated-redundant-constexpr-static-def]
  210 | EIGEN_CONSTEXPR const int numeric_limits_bfloat16_impl<T>::min_exponent10;
      |                                                            ^
/Users/joshua/Developer/PedalForge/build/_deps/namcore-src/Dependencies/eigen/Eigen/src/Core/arch/Default/BFloat16.h:212:60: warning: out-of-line definition of constexpr static data member is redundant in C++17 and is deprecated [-Wdeprecated-redundant-constexpr-static-def]
  212 | EIGEN_CONSTEXPR const int numeric_limits_bfloat16_impl<T>::max_exponent;
      |                                                            ^
/Users/joshua/Developer/PedalForge/build/_deps/namcore-src/Dependencies/eigen/Eigen/src/Core/arch/Default/BFloat16.h:214:60: warning: out-of-line definition of constexpr static data member is redundant in C++17 and is deprecated [-Wdeprecated-redundant-constexpr-static-def]
  214 | EIGEN_CONSTEXPR const int numeric_limits_bfloat16_impl<T>::max_exponent10;
      |                                                            ^
/Users/joshua/Developer/PedalForge/build/_deps/namcore-src/Dependencies/eigen/Eigen/src/Core/arch/Default/BFloat16.h:216:61: warning: out-of-line definition of constexpr static data member is redundant in C++17 and is deprecated [-Wdeprecated-redundant-constexpr-static-def]
  216 | EIGEN_CONSTEXPR const bool numeric_limits_bfloat16_impl<T>::traps;
      |                                                             ^
/Users/joshua/Developer/PedalForge/build/_deps/namcore-src/Dependencies/eigen/Eigen/src/Core/arch/Default/BFloat16.h:218:61: warning: out-of-line definition of constexpr static data member is redundant in C++17 and is deprecated [-Wdeprecated-redundant-constexpr-static-def]
  218 | EIGEN_CONSTEXPR const bool numeric_limits_bfloat16_impl<T>::tinyness_before;
      |                                                             ^
In file included from /Users/joshua/Developer/PedalForge/source/PluginEditor.cpp:1:
In file included from /Users/joshua/Developer/PedalForge/source/PluginEditor.h:7:
In file included from /Users/joshua/Developer/PedalForge/source/ui/InventoryOverlay.h:4:
In file included from /Users/joshua/Developer/PedalForge/source/ui/PedalPalette.h:4:
In file included from /Users/joshua/Developer/PedalForge/source/ui/../pedals/PedalRegistry.h:4:
In file included from /Users/joshua/Developer/PedalForge/source/ui/../pedals/../dsp/GraphPedalProcessor.h:4:
In file included from /Users/joshua/Developer/PedalForge/source/ui/../pedals/../dsp/../dsp/DSPGraph.h:5:
In file included from /Users/joshua/Developer/PedalForge/source/ui/../pedals/../dsp/../dsp/NAMNode.h:4:
In file included from /Users/joshua/Developer/PedalForge/build/_deps/namcore-src/NAM/get_dsp.h:7:
In file included from /Users/joshua/Developer/PedalForge/build/_deps/namcore-src/NAM/dsp.h:10:
In file included from /Users/joshua/Developer/PedalForge/build/_deps/namcore-src/Dependencies/eigen/Eigen/Dense:1:
In file included from /Users/joshua/Developer/PedalForge/build/_deps/namcore-src/Dependencies/eigen/Eigen/Core:227:
/Users/joshua/Developer/PedalForge/build/_deps/namcore-src/Dependencies/eigen/Eigen/src/Core/arch/NEON/TypeCasting.h:42:32: warning: implicit conversion changes signedness: 'const unsigned int' to 'const int' [-Wsign-conversion]
   42 |   return static_cast<Packet4c>(a);
      |          ~~~~~~~~~~~           ^
/Users/joshua/Developer/PedalForge/build/_deps/namcore-src/Dependencies/eigen/Eigen/src/Core/arch/NEON/TypeCasting.h:55:33: warning: implicit conversion changes signedness: 'const int' to 'const unsigned int' [-Wsign-conversion]
   55 |   return static_cast<Packet4uc>(a);
      |          ~~~~~~~~~~~            ^
/Users/joshua/Developer/PedalForge/build/_deps/namcore-src/Dependencies/eigen/Eigen/src/Core/arch/NEON/TypeCasting.h:390:33: warning: implicit conversion changes signedness: 'const int' to 'const unsigned int' [-Wsign-conversion]
  390 |   return static_cast<Packet4uc>(a);
      |          ~~~~~~~~~~~            ^
/Users/joshua/Developer/PedalForge/build/_deps/namcore-src/Dependencies/eigen/Eigen/src/Core/arch/NEON/TypeCasting.h:517:32: warning: implicit conversion changes signedness: 'const unsigned int' to 'const int' [-Wsign-conversion]
  517 |   return static_cast<Packet4c>(a);
      |          ~~~~~~~~~~~           ^
In file included from /Users/joshua/Developer/PedalForge/source/PluginProcessor.cpp:2:
In file included from /Users/joshua/Developer/PedalForge/source/PluginEditor.h:7:
In file included from /Users/joshua/Developer/PedalForge/source/ui/InventoryOverlay.h:4:
In file included from /Users/joshua/Developer/PedalForge/source/ui/PedalPalette.h:4:
In file included from /Users/joshua/Developer/PedalForge/source/ui/../pedals/PedalRegistry.h:4:
In file included from /Users/joshua/Developer/PedalForge/source/ui/../pedals/../dsp/GraphPedalProcessor.h:4:
In file included from /Users/joshua/Developer/PedalForge/source/ui/../pedals/../dsp/../dsp/DSPGraph.h:5:
In file included from /Users/joshua/Developer/PedalForge/source/ui/../pedals/../dsp/../dsp/NAMNode.h:4:
In file included from /Users/joshua/Developer/PedalForge/build/_deps/namcore-src/NAM/get_dsp.h:7:
In file included from /Users/joshua/Developer/PedalForge/build/_deps/namcore-src/NAM/dsp.h:10:
In file included from /Users/joshua/Developer/PedalForge/build/_deps/namcore-src/Dependencies/eigen/Eigen/Dense:1:
In file included from /Users/joshua/Developer/PedalForge/build/_deps/namcore-src/Dependencies/eigen/Eigen/Core:227:
/Users/joshua/Developer/PedalForge/build/_deps/namcore-src/Dependencies/eigen/Eigen/src/Core/arch/NEON/TypeCasting.h:42:32: warning: implicit conversion changes signedness: 'const unsigned int' to 'const int' [-Wsign-conversion]
   42 |   return static_cast<Packet4c>(a);
      |          ~~~~~~~~~~~           ^
/Users/joshua/Developer/PedalForge/build/_deps/namcore-src/Dependencies/eigen/Eigen/src/Core/arch/NEON/TypeCasting.h:55:33: warning: implicit conversion changes signedness: 'const int' to 'const unsigned int' [-Wsign-conversion]
   55 |   return static_cast<Packet4uc>(a);
      |          ~~~~~~~~~~~            ^
/Users/joshua/Developer/PedalForge/build/_deps/namcore-src/Dependencies/eigen/Eigen/src/Core/arch/NEON/TypeCasting.h:390:33: warning: implicit conversion changes signedness: 'const int' to 'const unsigned int' [-Wsign-conversion]
  390 |   return static_cast<Packet4uc>(a);
      |          ~~~~~~~~~~~            ^
/Users/joshua/Developer/PedalForge/build/_deps/namcore-src/Dependencies/eigen/Eigen/src/Core/arch/NEON/TypeCasting.h:517:32: warning: implicit conversion changes signedness: 'const unsigned int' to 'const int' [-Wsign-conversion]
  517 |   return static_cast<Packet4c>(a);
      |          ~~~~~~~~~~~           ^
In file included from /Users/joshua/Developer/PedalForge/source/PluginEditor.cpp:1:
In file included from /Users/joshua/Developer/PedalForge/source/PluginEditor.h:7:
In file included from /Users/joshua/Developer/PedalForge/source/ui/InventoryOverlay.h:4:
In file included from /Users/joshua/Developer/PedalForge/source/ui/PedalPalette.h:4:
In file included from /Users/joshua/Developer/PedalForge/source/ui/../pedals/PedalRegistry.h:4:
In file included from /Users/joshua/Developer/PedalForge/source/ui/../pedals/../dsp/GraphPedalProcessor.h:4:
In file included from /Users/joshua/Developer/PedalForge/source/ui/../pedals/../dsp/../dsp/DSPGraph.h:5:
In file included from /Users/joshua/Developer/PedalForge/source/ui/../pedals/../dsp/../dsp/NAMNode.h:4:
In file included from /Users/joshua/Developer/PedalForge/build/_deps/namcore-src/NAM/get_dsp.h:7:
In file included from /Users/joshua/Developer/PedalForge/build/_deps/namcore-src/NAM/dsp.h:10:
In file included from /Users/joshua/Developer/PedalForge/build/_deps/namcore-src/Dependencies/eigen/Eigen/Dense:1:
In file included from /Users/joshua/Developer/PedalForge/build/_deps/namcore-src/Dependencies/eigen/Eigen/Core:282:
/Users/joshua/Developer/PedalForge/build/_deps/namcore-src/Dependencies/eigen/Eigen/src/Core/util/ReshapedHelper.h:45:31: warning: implicit conversion changes signedness: 'int' to 'unsigned int' [-Wsign-conversion]
   45 |   return order == AutoOrder ? flags & RowMajorBit : order;
      |                               ^~~~~ ~
In file included from /Users/joshua/Developer/PedalForge/source/PluginEditor.cpp:1:
In file included from /Users/joshua/Developer/PedalForge/source/PluginEditor.h:7:
In file included from /Users/joshua/Developer/PedalForge/source/ui/InventoryOverlay.h:4:
In file included from /Users/joshua/Developer/PedalForge/source/ui/PedalPalette.h:4:
In file included from /Users/joshua/Developer/PedalForge/source/ui/../pedals/PedalRegistry.h:4:
In file included from /Users/joshua/Developer/PedalForge/source/ui/../pedals/../dsp/GraphPedalProcessor.h:4:
In file included from /Users/joshua/Developer/PedalForge/source/ui/../pedals/../dsp/../dsp/DSPGraph.h:5:
In file included from /Users/joshua/Developer/PedalForge/source/ui/../pedals/../dsp/../dsp/NAMNode.h:4:
In file included from /Users/joshua/Developer/PedalForge/build/_deps/namcore-src/NAM/get_dsp.h:7:
In file included from /Users/joshua/Developer/PedalForge/build/_deps/namcore-src/NAM/dsp.h:10:
In file included from /Users/joshua/Developer/PedalForge/build/_deps/namcore-src/Dependencies/eigen/Eigen/Dense:1:
In file included from /Users/joshua/Developer/PedalForge/build/_deps/namcore-src/Dependencies/eigen/Eigen/Core:285:
/Users/joshua/Developer/PedalForge/build/_deps/namcore-src/Dependencies/eigen/Eigen/src/Core/IO.h:68:30: warning: implicit conversion changes signedness: 'int' to 'size_type' (aka 'unsigned long') [-Wsign-conversion]
   68 |     while (i>=0 && matSuffix[i]!='\n')
      |                    ~~~~~~~~~ ^
In file included from /Users/joshua/Developer/PedalForge/source/PluginProcessor.cpp:2:
In file included from /Users/joshua/Developer/PedalForge/source/PluginEditor.h:7:
In file included from /Users/joshua/Developer/PedalForge/source/ui/InventoryOverlay.h:4:
In file included from /Users/joshua/Developer/PedalForge/source/ui/PedalPalette.h:4:
In file included from /Users/joshua/Developer/PedalForge/source/ui/../pedals/PedalRegistry.h:4:
In file included from /Users/joshua/Developer/PedalForge/source/ui/../pedals/../dsp/GraphPedalProcessor.h:4:
In file included from /Users/joshua/Developer/PedalForge/source/ui/../pedals/../dsp/../dsp/DSPGraph.h:5:
In file included from /Users/joshua/Developer/PedalForge/source/ui/../pedals/../dsp/../dsp/NAMNode.h:4:
In file included from /Users/joshua/Developer/PedalForge/build/_deps/namcore-src/NAM/get_dsp.h:7:
In file included from /Users/joshua/Developer/PedalForge/build/_deps/namcore-src/NAM/dsp.h:10:
In file included from /Users/joshua/Developer/PedalForge/build/_deps/namcore-src/Dependencies/eigen/Eigen/Dense:1:
In file included from /Users/joshua/Developer/PedalForge/build/_deps/namcore-src/Dependencies/eigen/Eigen/Core:282:
/Users/joshua/Developer/PedalForge/build/_deps/namcore-src/Dependencies/eigen/Eigen/src/Core/util/ReshapedHelper.h:45:31: warning: implicit conversion changes signedness: 'int' to 'unsigned int' [-Wsign-conversion]
   45 |   return order == AutoOrder ? flags & RowMajorBit : order;
      |                               ^~~~~ ~
In file included from /Users/joshua/Developer/PedalForge/source/PluginProcessor.cpp:2:
In file included from /Users/joshua/Developer/PedalForge/source/PluginEditor.h:7:
In file included from /Users/joshua/Developer/PedalForge/source/ui/InventoryOverlay.h:4:
In file included from /Users/joshua/Developer/PedalForge/source/ui/PedalPalette.h:4:
In file included from /Users/joshua/Developer/PedalForge/source/ui/../pedals/PedalRegistry.h:4:
In file included from /Users/joshua/Developer/PedalForge/source/ui/../pedals/../dsp/GraphPedalProcessor.h:4:
In file included from /Users/joshua/Developer/PedalForge/source/ui/../pedals/../dsp/../dsp/DSPGraph.h:5:
In file included from /Users/joshua/Developer/PedalForge/source/ui/../pedals/../dsp/../dsp/NAMNode.h:4:
In file included from /Users/joshua/Developer/PedalForge/build/_deps/namcore-src/NAM/get_dsp.h:7:
In file included from /Users/joshua/Developer/PedalForge/build/_deps/namcore-src/NAM/dsp.h:10:
In file included from /Users/joshua/Developer/PedalForge/build/_deps/namcore-src/Dependencies/eigen/Eigen/Dense:1:
In file included from /Users/joshua/Developer/PedalForge/build/_deps/namcore-src/Dependencies/eigen/Eigen/Core:285:
/Users/joshua/Developer/PedalForge/build/_deps/namcore-src/Dependencies/eigen/Eigen/src/Core/IO.h:68:30: warning: implicit conversion changes signedness: 'int' to 'size_type' (aka 'unsigned long') [-Wsign-conversion]
   68 |     while (i>=0 && matSuffix[i]!='\n')
      |                    ~~~~~~~~~ ^
In file included from /Users/joshua/Developer/PedalForge/source/PluginEditor.cpp:1:
In file included from /Users/joshua/Developer/PedalForge/source/PluginEditor.h:7:
In file included from /Users/joshua/Developer/PedalForge/source/ui/InventoryOverlay.h:4:
In file included from /Users/joshua/Developer/PedalForge/source/ui/PedalPalette.h:4:
In file included from /Users/joshua/Developer/PedalForge/source/ui/../pedals/PedalRegistry.h:4:
In file included from /Users/joshua/Developer/PedalForge/source/ui/../pedals/../dsp/GraphPedalProcessor.h:4:
In file included from /Users/joshua/Developer/PedalForge/source/ui/../pedals/../dsp/../dsp/DSPGraph.h:5:
In file included from /Users/joshua/Developer/PedalForge/source/ui/../pedals/../dsp/../dsp/NAMNode.h:4:
In file included from /Users/joshua/Developer/PedalForge/build/_deps/namcore-src/NAM/get_dsp.h:7:
In file included from /Users/joshua/Developer/PedalForge/build/_deps/namcore-src/NAM/dsp.h:12:
/Users/joshua/Developer/PedalForge/build/_deps/namcore-src/NAM/activations.h:62:2: warning: extra ';' outside of a function is incompatible with C++98 [-Wc++98-compat-extra-semi]
   62 | };
      |  ^
/Users/joshua/Developer/PedalForge/build/_deps/namcore-src/NAM/activations.h:67:2: warning: extra ';' outside of a function is incompatible with C++98 [-Wc++98-compat-extra-semi]
   67 | };
      |  ^
/Users/joshua/Developer/PedalForge/build/_deps/namcore-src/NAM/activations.h:111:24: warning: implicit conversion loses floating-point precision: 'double' to 'float' [-Wimplicit-float-conversion]
  111 |   return leaky_relu(x, 0.01);
      |          ~~~~~~~~~~    ^~~~
In file included from /Users/joshua/Developer/PedalForge/source/PluginProcessor.cpp:2:
In file included from /Users/joshua/Developer/PedalForge/source/PluginEditor.h:7:
In file included from /Users/joshua/Developer/PedalForge/source/ui/InventoryOverlay.h:4:
In file included from /Users/joshua/Developer/PedalForge/source/ui/PedalPalette.h:4:
In file included from /Users/joshua/Developer/PedalForge/source/ui/../pedals/PedalRegistry.h:4:
In file included from /Users/joshua/Developer/PedalForge/source/ui/../pedals/../dsp/GraphPedalProcessor.h:4:
In file included from /Users/joshua/Developer/PedalForge/source/ui/../pedals/../dsp/../dsp/DSPGraph.h:5:
In file included from /Users/joshua/Developer/PedalForge/source/ui/../pedals/../dsp/../dsp/NAMNode.h:4:
In file included from /Users/joshua/Developer/PedalForge/build/_deps/namcore-src/NAM/get_dsp.h:7:
In file included from /Users/joshua/Developer/PedalForge/build/_deps/namcore-src/NAM/dsp.h:12:
/Users/joshua/Developer/PedalForge/build/_deps/namcore-src/NAM/activations.h:62:2: warning: extra ';' outside of a function is incompatible with C++98 [-Wc++98-compat-extra-semi]
   62 | };
      |  ^
/Users/joshua/Developer/PedalForge/build/_deps/namcore-src/NAM/activations.h:67:2: warning: extra ';' outside of a function is incompatible with C++98 [-Wc++98-compat-extra-semi]
   67 | };
      |  ^
/Users/joshua/Developer/PedalForge/build/_deps/namcore-src/NAM/activations.h:111:24: warning: implicit conversion loses floating-point precision: 'double' to 'float' [-Wimplicit-float-conversion]
  111 |   return leaky_relu(x, 0.01);
      |          ~~~~~~~~~~    ^~~~
/Users/joshua/Developer/PedalForge/build/_deps/namcore-src/NAM/activations.h:179:57: warning: extra ';' after member function definition [-Wextra-semi]
  179 |   virtual void apply(float* data, long size) override {};
      |                                                         ^
/Users/joshua/Developer/PedalForge/build/_deps/namcore-src/NAM/activations.h:178:3: warning: '~ActivationIdentity' overrides a destructor but is not marked 'override' [-Winconsistent-missing-destructor-override]
  178 |   ~ActivationIdentity() = default;
      |   ^
/Users/joshua/Developer/PedalForge/build/_deps/namcore-src/NAM/activations.h:142:11: note: overridden virtual function is here
  142 |   virtual ~Activation() = default;
      |           ^
/Users/joshua/Developer/PedalForge/build/_deps/namcore-src/NAM/activations.h:179:29: warning: unused parameter 'data' [-Wunused-parameter]
  179 |   virtual void apply(float* data, long size) override {};
      |                             ^
/Users/joshua/Developer/PedalForge/build/_deps/namcore-src/NAM/activations.h:179:40: warning: unused parameter 'size' [-Wunused-parameter]
  179 |   virtual void apply(float* data, long size) override {};
      |                                        ^
/Users/joshua/Developer/PedalForge/build/_deps/namcore-src/NAM/activations.h:228:21: warning: implicit conversion loses floating-point precision: 'double' to 'float' [-Wimplicit-float-conversion]
  228 |   float min_slope = 0.01;
      |                     ^~~~
/Users/joshua/Developer/PedalForge/build/_deps/namcore-src/NAM/activations.h:229:21: warning: implicit conversion loses floating-point precision: 'double' to 'float' [-Wimplicit-float-conversion]
  229 |   float max_slope = 0.01;
      |                     ^~~~
/Users/joshua/Developer/PedalForge/build/_deps/namcore-src/NAM/activations.h:228:21: warning: implicit conversion loses floating-point precision: 'double' to 'float' [-Wimplicit-float-conversion]
  228 |   float min_slope = 0.01;
      |                     ^~~~
/Users/joshua/Developer/PedalForge/build/_deps/namcore-src/NAM/activations.h:229:21: warning: implicit conversion loses floating-point precision: 'double' to 'float' [-Wimplicit-float-conversion]
  229 |   float max_slope = 0.01;
      |                     ^~~~
/Users/joshua/Developer/PedalForge/build/_deps/namcore-src/NAM/activations.h:268:26: warning: implicit conversion loses floating-point precision: 'double' to 'float' [-Wimplicit-float-conversion]
  268 |   float negative_slope = 0.01;
      |                          ^~~~
/Users/joshua/Developer/PedalForge/build/_deps/namcore-src/NAM/activations.h:268:26: warning: implicit conversion loses floating-point precision: 'double' to 'float' [-Wimplicit-float-conversion]
  268 |   float negative_slope = 0.01;
      |                          ^~~~
/Users/joshua/Developer/PedalForge/build/_deps/namcore-src/NAM/activations.h:295:52: warning: implicit conversion changes signedness: 'long' to 'size_type' (aka 'unsigned long') [-Wsign-conversion]
  295 |       const float negative_slope = negative_slopes[pos % negative_slopes.size()];
      |                                                    ^~~ ~
/Users/joshua/Developer/PedalForge/build/_deps/namcore-src/NAM/activations.h:324:16: warning: implicit conversion changes signedness: 'unsigned long' to 'Index' (aka 'long') [-Wsign-conversion]
  324 |         matrix(channel, time_step) = leaky_relu(matrix(channel, time_step), slopes_for_channels[channel]);
      |         ~~~~~~ ^~~~~~~
/Users/joshua/Developer/PedalForge/build/_deps/namcore-src/NAM/activations.h:324:56: warning: implicit conversion changes signedness: 'unsigned long' to 'Index' (aka 'long') [-Wsign-conversion]
  324 |         matrix(channel, time_step) = leaky_relu(matrix(channel, time_step), slopes_for_channels[channel]);
      |                                                 ~~~~~~ ^~~~~~~
/Users/joshua/Developer/PedalForge/build/_deps/namcore-src/NAM/activations.h:427:2: warning: extra ';' outside of a function is incompatible with C++98 [-Wc++98-compat-extra-semi]
  427 | }; // namespace activations
      |  ^
/Users/joshua/Developer/PedalForge/build/_deps/namcore-src/NAM/activations.h:428:2: warning: extra ';' outside of a function is incompatible with C++98 [-Wc++98-compat-extra-semi]
  428 | }; // namespace nam
      |  ^
/Users/joshua/Developer/PedalForge/build/_deps/namcore-src/NAM/activations.h:179:57: warning: extra ';' after member function definition [-Wextra-semi]
  179 |   virtual void apply(float* data, long size) override {};
      |                                                         ^
/Users/joshua/Developer/PedalForge/build/_deps/namcore-src/NAM/activations.h:178:3: warning: '~ActivationIdentity' overrides a destructor but is not marked 'override' [-Winconsistent-missing-destructor-override]
  178 |   ~ActivationIdentity() = default;
      |   ^
/Users/joshua/Developer/PedalForge/build/_deps/namcore-src/NAM/activations.h:142:11: note: overridden virtual function is here
  142 |   virtual ~Activation() = default;
      |           ^
/Users/joshua/Developer/PedalForge/build/_deps/namcore-src/NAM/activations.h:179:29: warning: unused parameter 'data' [-Wunused-parameter]
  179 |   virtual void apply(float* data, long size) override {};
      |                             ^
/Users/joshua/Developer/PedalForge/build/_deps/namcore-src/NAM/activations.h:179:40: warning: unused parameter 'size' [-Wunused-parameter]
  179 |   virtual void apply(float* data, long size) override {};
      |                                        ^
/Users/joshua/Developer/PedalForge/build/_deps/namcore-src/NAM/activations.h:228:21: warning: implicit conversion loses floating-point precision: 'double' to 'float' [-Wimplicit-float-conversion]
  228 |   float min_slope = 0.01;
      |                     ^~~~
/Users/joshua/Developer/PedalForge/build/_deps/namcore-src/NAM/activations.h:229:21: warning: implicit conversion loses floating-point precision: 'double' to 'float' [-Wimplicit-float-conversion]
  229 |   float max_slope = 0.01;
      |                     ^~~~
/Users/joshua/Developer/PedalForge/build/_deps/namcore-src/NAM/activations.h:228:21: warning: implicit conversion loses floating-point precision: 'double' to 'float' [-Wimplicit-float-conversion]
  228 |   float min_slope = 0.01;
      |                     ^~~~
/Users/joshua/Developer/PedalForge/build/_deps/namcore-src/NAM/activations.h:229:21: warning: implicit conversion loses floating-point precision: 'double' to 'float' [-Wimplicit-float-conversion]
  229 |   float max_slope = 0.01;
      |                     ^~~~
/Users/joshua/Developer/PedalForge/build/_deps/namcore-src/NAM/activations.h:268:26: warning: implicit conversion loses floating-point precision: 'double' to 'float' [-Wimplicit-float-conversion]
  268 |   float negative_slope = 0.01;
      |                          ^~~~
/Users/joshua/Developer/PedalForge/build/_deps/namcore-src/NAM/activations.h:268:26: warning: implicit conversion loses floating-point precision: 'double' to 'float' [-Wimplicit-float-conversion]
  268 |   float negative_slope In file included from /Users/joshua/Developer/PedalForge/source/PluginEditor.cpp:1:
In file included from /Users/joshua/Developer/PedalForge/source/PluginEditor.h:7:
In file included from /Users/joshua/Developer/PedalForge/source/ui/InventoryOverlay.h:4:
In file included from /Users/joshua/Developer/PedalForge/source/ui/PedalPalette.h:4:
In file included from /Users/joshua/Developer/PedalForge/source/ui/../pedals/PedalRegistry.h:4:
In file included from /Users/joshua/Developer/PedalForge/source/ui/../pedals/../dsp/GraphPedalProcessor.h:4:
In file included from /Users/joshua/Developer/PedalForge/source/ui/../pedals/../dsp/../dsp/DSPGraph.h:5:
In file included from /Users/joshua/Developer/PedalForge/source/ui/../pedals/../dsp/../dsp/NAMNode.h:4:
In file included from /Users/joshua/Developer/PedalForge/build/_deps/namcore-src/NAM/get_dsp.h:7:
/Users/joshua/Developer/PedalForge/build/_deps/namcore-src/NAM/dsp.h:84= 0.01;
      |                          ^~~~:71: warning: extra ';' after member function definition [-Wextra-semi]
   84 |   double GetExpe
ctedSampleRate() const { return mExpectedSampleRate; };
      |                                                                       ^
/Users/joshua/Developer/PedalForge/build/_deps/namcore-src/NAM/dsp.h:88:55: warning: extra ';' after member function definition [-Wextra-semi]
   88 |   int NumInputChannels() const { return mInChannels; };
      |                                                       ^
/Users/joshua/Developer/PedalForge/build/_deps/namcore-src/NAM/dsp.h:92:57: warning: extra ';' after member function definition [-Wextra-semi]
   92 |   int NumOutputChannels() const { return mOutChannels; };
      |                                                         ^
/Users/joshua/Developer/PedalForge/build/_deps/namcore-src/NAM/dsp.h:127:52: warning: extra ';' after member function definition [-Wextra-semi]
  127 |   bool HasLoudness() const { return mHasLoudness; };
      |                                                    ^
/Users/joshua/Developer/PedalForge/build/_deps/namcore-src/NAM/dsp.h:186:45: warning: extra ';' after member function definition [-Wextra-semi]
  186 |   virtual int PrewarmSamples() { return 0; };
      |                                             ^
/Users/joshua/Developer/PedalForge/build/_deps/namcore-src/NAM/dsp.h:194:58: warning: extra ';' after member function definition [-Wextra-semi]
  194 |   int GetMaxBufferSize() const { return mMaxBufferSize; };
      |                                                          ^
/Users/joshua/Developer/PedalForge/build/_deps/namcore-src/NAM/activations.h:295:52: warning: implicit conversion changes signedness: 'long' to 'size_type' (aka 'unsigned long') [-Wsign-conversion]
  295 |       const float negative_slope = negative_slopes[pos % negative_slopes.size()];
      |                                                    ^~~ ~
/Users/joshua/Developer/PedalForge/build/_deps/namcore-src/NAM/activations.h:324:16: warning: implicit conversion changes signedness: 'unsigned long' to 'Index' (aka 'long') [-Wsign-conversion]
  324 |         matrix(channel, time_step) = leaky_relu(matrix(channel, time_step), slopes_for_channels[channel]);
      |         ~~~~~~ ^~~~~~~
/Users/joshua/Developer/PedalForge/build/_deps/namcore-src/NAM/activations.h:324:56: warning: implicit conversion changes signedness: 'unsigned long' to 'Index' (aka 'long') [-Wsign-conversion]
  324 |         matrix(channel, time_step) = leaky_relu(matrix(channel, time_step), slopes_for_channels[channel]);
      |                                                 ~~~~~~ ^~~~~~~
/Users/joshua/Developer/PedalForge/build/_deps/namcore-src/NAM/activations.h:427:2: warning: extra ';' outside of a function is incompatible with C++98 [-Wc++98-compat-extra-semi]
  427 | }; // namespace activations
      |  ^
/Users/joshua/Developer/PedalForge/build/_deps/namcore-src/NAM/activations.h:428:2: warning: extra ';' outside of a function is incompatible with C++98 [-Wc++98-compat-extra-semi]
  428 | }; // namespace nam
      |  ^
/Users/joshua/Developer/PedalForge/build/_deps/namcore-src/NAM/dsp.h:336:108: warning: extra ';' after member function definition [-Wextra-semi]
  336 |   Eigen::MatrixXf process(const Eigen::MatrixXf& input) const { return process(input, (int)input.cols()); };
      |                                                                                                            ^
/Users/joshua/Developer/PedalForge/build/_deps/namcore-src/NAM/dsp.h:398:2: warning: extra ';' outside of a function is incompatible with C++98 [-Wc++98-compat-extra-semi]
  398 | }; // namespace nam
      |  ^
In file included from /Users/joshua/Developer/PedalForge/source/PluginEditor.cpp:1:
In file included from /Users/joshua/Developer/PedalForge/source/PluginEditor.h:7:
In file included from /Users/joshua/Developer/PedalForge/source/ui/InventoryOverlay.h:4:
In file included from /Users/joshua/Developer/PedalForge/source/ui/PedalPalette.h:4:
In file included from /Users/joshua/Developer/PedalForge/source/ui/../pedals/PedalRegistry.h:4:
In file included from /Users/joshua/Developer/PedalForge/source/ui/../pedals/../dsp/GraphPedalProcessor.h:4:
In file included from /Users/joshua/Developer/PedalForge/source/ui/../pedals/../dsp/../dsp/DSPGraph.h:5:
In file included from /Users/joshua/Developer/PedalForge/source/ui/../pedals/../dsp/../dsp/NAMNode.h:4:
/Users/joshua/Developer/PedalForge/build/_deps/namcore-src/NAM/get_dsp.h:28:15: warning: constructor parameter 'major' shadows the field 'major' of 'Version' [-Wshadow-field-in-constructor]
   28 |   Version(int major, int minor, int patch)
      |               ^
/Users/joshua/Developer/PedalForge/build/_deps/namcore-src/NAM/get_dsp.h:52:7: note: previous declaration is here
   52 |   int major;
      |       ^
/Users/joshua/Developer/PedalForge/build/_deps/namcore-src/NAM/get_dsp.h:28:26: warning: constructor parameter 'minor' shadows the field 'minor' of 'Version' [-Wshadow-field-in-constructor]
   28 |   Version(int major, int minor, int patch)
      |                          ^
/Users/joshua/Developer/PedalForge/build/_deps/namcore-src/NAM/get_dsp.h:53:7: note: previous declaration is here
   53 |   int minor;
      |       ^
/Users/joshua/Developer/PedalForge/build/_deps/namcore-src/NAM/get_dsp.h:28:37: warning: constructor parameter 'patch' shadows the field 'patch' of 'Version' [-Wshadow-field-in-constructor]
   28 |   Version(int major, int minor, int patch)
      |                                     ^
/Users/joshua/Developer/PedalForge/build/_deps/namcore-src/NAM/get_dsp.h:54:7: note: previous declaration is here
   54 |   int patch;
      |       ^
/Users/joshua/Developer/PedalForge/build/_deps/namcore-src/NAM/get_dsp.h:101:2: warning: extra ';' outside of a function is incompatible with C++98 [-Wc++98-compat-extra-semi]
  101 | }; // namespace nam
      |  ^
In file included from /Users/joshua/Developer/PedalForge/source/PluginProcessor.cpp:2:
In file included from /Users/joshua/Developer/PedalForge/source/PluginEditor.h:7:
In file included from /Users/joshua/Developer/PedalForge/source/ui/InventoryOverlay.h:4:
In file included from /Users/joshua/Developer/PedalForge/source/ui/PedalPalette.h:4:
In file included from /Users/joshua/Developer/PedalForge/source/ui/../pedals/PedalRegistry.h:4:
In file included from /Users/joshua/Developer/PedalForge/source/ui/../pedals/../dsp/GraphPedalProcessor.h:4:
In file included from /Users/joshua/Developer/PedalForge/source/ui/../pedals/../dsp/../dsp/DSPGraph.h:5:
In file included from /Users/joshua/Developer/PedalForge/source/ui/../pedals/../dsp/../dsp/NAMNode.h:4:
In file included from /Users/joshua/Developer/PedalForge/build/_deps/namcore-src/NAM/get_dsp.h:7:
/Users/joshua/Developer/PedalForge/build/_deps/namcore-src/NAM/dsp.h:84:71: warning: extra ';' after member function definition [-Wextra-semi]
   84 |   double GetExpectedSampleRate() const { return mExpectedSampleRate; };
      |                                                                       ^
/Users/joshua/Developer/PedalForge/build/_deps/namcore-src/NAM/dsp.h:88:55: warning: extra ';' after member function definition [-Wextra-semi]
   88 |   int NumInputChannels() const { return mInChannels; };
      |                                                       ^
/Users/joshua/Developer/PedalForge/build/_deps/namcore-src/NAM/dsp.h:92:57: warning: extra ';' after member function definition [-Wextra-semi]
   92 |   int NumOutputChannels() const { return mOutChannels; };
      |                                                         ^
/Users/joshua/Developer/PedalForge/build/_deps/namcore-src/NAM/dsp.h:127:52: warning: extra ';' after member function definition [-Wextra-semi]
  127 |   bool HasLoudness() const { return mHasLoudness; };
      |                                                    ^
/Users/joshua/Developer/PedalForge/build/_deps/namcore-src/NAM/dsp.h:186:45: warning: extra ';' after member function definition [-Wextra-semi]
  186 |   virtual int PrewarmSamples() { return 0; };
      |                                             ^
/Users/joshua/Developer/PedalForge/build/_deps/namcore-src/NAM/dsp.h:194:58: warning: extra ';' after member function definition [-Wextra-semi]
  194 |   int GetMaxBufferSize() const { return mMaxBufferSize; };
      |                                                          ^
/Users/joshua/Developer/PedalForge/build/_deps/namcore-src/NAM/dsp.h:336:108: warning: extra ';' after member function definition [-Wextra-semi]
  336 |   Eigen::MatrixXf process(const Eigen::MatrixXf& input) const { return process(input, (int)input.cols()); };
      |                                                                                                            ^
/Users/joshua/Developer/PedalForge/build/_deps/namcore-src/NAM/dsp.h:398:2: warning: extra ';' outside of a function is incompatible with C++98 [-Wc++98-compat-extra-semi]
  398 | }; // namespace nam
      |  ^
In file included from /Users/joshua/Developer/PedalForge/source/PluginProcessor.cpp:2:
In file included from /Users/joshua/Developer/PedalForge/source/PluginEditor.h:7:
In file included from /Users/joshua/Developer/PedalForge/source/ui/InventoryOverlay.h:4:
In file included from /Users/joshua/Developer/PedalForge/source/ui/PedalPalette.h:4:
In file included from /Users/joshua/Developer/PedalForge/source/ui/../pedals/PedalRegistry.h:4:
In file included from /Users/joshua/Developer/PedalForge/source/ui/../pedals/../dsp/GraphPedalProcessor.h:4:
In file included from /Users/joshua/Developer/PedalForge/source/ui/../pedals/../dsp/../dsp/DSPGraph.h:5:
In file included from /Users/joshua/Developer/PedalForge/source/ui/../pedals/../dsp/../dsp/NAMNode.h:4:
/Users/joshua/Developer/PedalForge/build/_deps/namcore-src/NAM/get_dsp.h:28:15: warning: constructor parameter 'major' shadows the field 'major' of 'Version' [-Wshadow-field-in-constructor]
   28 |   Version(int major, int minor, int patch)
      |               ^
/Users/joshua/Developer/PedalForge/build/_deps/namcore-src/NAM/get_dsp.h:52:7: note: previous declaration is here
   52 |   int major;
      |       ^
/Users/joshua/Developer/PedalForge/build/_deps/namcore-src/NAM/get_dsp.h:28:26: warning: constructor parameter 'minor' shadows the field 'minor' of 'Version' [-Wshadow-field-in-constructor]
   28 |   Version(int major, int minor, int patch)
      |                          ^
/Users/joshua/Developer/PedalForge/build/_deps/namcore-src/NAM/get_dsp.h:53:7: note: previous declaration is here
   53 |   int minor;
      |       ^
/Users/joshua/Developer/PedalForge/build/_deps/namcore-src/NAM/get_dsp.h:28:37: warning: constructor parameter 'patch' shadows the field 'patch' of 'Version' [-Wshadow-field-in-constructor]
   28 |   Version(int major, int minor, int patch)
      |                                     ^
/Users/joshua/Developer/PedalForge/build/_deps/namcore-src/NAM/get_dsp.h:54:7: note: previous declaration is here
   54 |   int patch;
      |       ^
/Users/joshua/Developer/PedalForge/build/_deps/namcore-src/NAM/get_dsp.h:101:2: warning: extra ';' outside of a function is incompatible with C++98 [-Wc++98-compat-extra-semi]
  101 | }; // namespace nam
      |  ^
In file included from /Users/joshua/Developer/PedalForge/source/PluginEditor.cpp:1:
In file included from /Users/joshua/Developer/PedalForge/source/PluginEditor.h:7:
In file included from /Users/joshua/Developer/PedalForge/source/ui/InventoryOverlay.h:4:
In file included from /Users/joshua/Developer/PedalForge/source/ui/PedalPalette.h:4:
In file included from /Users/joshua/Developer/PedalForge/source/ui/../pedals/PedalRegistry.h:4:
In file included from /Users/joshua/Developer/PedalForge/source/ui/../pedals/../dsp/GraphPedalProcessor.h:4:
In file included from /Users/joshua/Developer/PedalForge/source/ui/../pedals/../dsp/../dsp/DSPGraph.h:5:
In file included from /Users/joshua/Developer/PedalForge/source/ui/../pedals/../dsp/../dsp/NAMNode.h:9:
In file included from /Users/joshua/Developer/PedalForge/build/_deps/namcore-src/NAM/wavenet/model.h:15:
In file included from /Users/joshua/Developer/PedalForge/build/_deps/namcore-src/NAM/wavenet/detail.h:3:
/Users/joshua/Developer/PedalForge/build/_deps/namcore-src/NAM/wavenet/params.h:211:100: warning: constructor parameter 'groups_input' shadows the field 'groups_input' of 'LayerArrayParams' [-Wshadow-field-in-constructor]
  211 |                    const std::vector<GatingMode>&& gating_modes_, const bool head_bias_, const int groups_input,
      |                                                                                                    ^
/Users/joshua/Developer/PedalForge/build/_deps/namcore-src/NAM/wavenet/params.h:288:13: note: previous declaration is here
  288 |   const int groups_input; ///< Number of groups for input convolutions
      |             ^
In file included from /Users/joshua/Developer/PedalForge/source/PluginEditor.cpp:1:
In file included from /Users/joshua/Developer/PedalForge/source/PluginEditor.h:7:
In file included from /Users/joshua/Developer/PedalForge/source/ui/InventoryOverlay.h:4:
In file included from /Users/joshua/Developer/PedalForge/source/ui/PedalPalette.h:4:
In file included from /Users/joshua/Developer/PedalForge/source/ui/../pedals/PedalRegistry.h:4:
In file included from /Users/joshua/Developer/PedalForge/source/ui/../pedals/../dsp/GraphPedalProcessor.h:4:
In file included from /Users/joshua/Developer/PedalForge/source/ui/../pedals/../dsp/../dsp/DSPGraph.h:5:
In file included from /Users/joshua/Developer/PedalForge/source/ui/../pedals/../dsp/../dsp/NAMNode.h:9:
In file included from /Users/joshua/Developer/PedalForge/build/_deps/namcore-src/NAM/wavenet/model.h:15:
In file included from /Users/joshua/Developer/PedalForge/build/_deps/namcore-src/NAM/wavenet/detail.h:12:
In file included from /Users/joshua/Developer/PedalForge/build/_deps/namcore-src/NAM/wavenet/../conv1d.h:5:
/Users/joshua/Developer/PedalForge/build/_deps/namcore-src/NAM/wavenet/../ring_buffer.h:15:18: warning: extra ';' after member function definition [-Wextra-semi]
   15 |   RingBuffer() {};
      |                  ^
/Users/joshua/Developer/PedalForge/build/_deps/namcore-src/NAM/wavenet/../ring_buffer.h:49:45: warning: implicit conversion loses integer precision: 'Index' (aka 'long') to 'int' [-Wshorten-64-to-32]
   49 |   int GetChannels() const { return _storage.rows(); }
      |                             ~~~~~~ ~~~~~~~~~^~~~~~
In file included from /Users/joshua/Developer/PedalForge/source/PluginEditor.cpp:1:
In file included from /Users/joshua/Developer/PedalForge/source/PluginEditor.h:7:
In file included from /Users/joshua/Developer/PedalForge/source/ui/InventoryOverlay.h:4:
In file included from /Users/joshua/Developer/PedalForge/source/ui/PedalPalette.h:4:
In file included from /Users/joshua/Developer/PedalForge/source/ui/../pedals/PedalRegistry.h:4:
In file included from /Users/joshua/Developer/PedalForge/source/ui/../pedals/../dsp/GraphPedalProcessor.h:4:
In file included from /Users/joshua/Developer/PedalForge/source/ui/../pedals/../dsp/../dsp/DSPGraph.h:5:
In file included from /Users/joshua/Developer/PedalForge/source/ui/../pedals/../dsp/../dsp/NAMNode.h:9:
In file included from /Users/joshua/Developer/PedalForge/build/_deps/namcore-src/NAM/wavenet/model.h:15:
In file included from /Users/joshua/Developer/PedalForge/build/_deps/namcore-src/NAM/wavenet/detail.h:12:
/Users/joshua/Developer/PedalForge/build/_deps/namcore-src/NAM/wavenet/../conv1d.h:24:4: warning: extra ';' after member function definition [-Wextra-semi]
   24 |   };
      |    ^
/Users/joshua/Developer/PedalForge/build/_deps/namcore-src/NAM/wavenet/../conv1d.h:37:4: warning: extra ';' after member function definition [-Wextra-semi]
   37 |   };
      |    ^
/Users/joshua/Developer/PedalForge/build/_deps/namcore-src/NAM/wavenet/../conv1d.h:114:55: warning: extra ';' after member function definition [-Wextra-semi]
  114 |   int get_dilation() const { return this->_dilation; };
      |                                                       ^
/Users/joshua/Developer/PedalForge/build/_deps/namcore-src/NAM/wavenet/../conv1d.h:118:59: warning: extra ';' after member function definition [-Wextra-semi]
  118 |   bool has_bias() const { return this->_bias.size() > 0; };
      |                                                           ^
In file included from /Users/joshua/Developer/PedalForge/source/PluginEditor.cpp:1:
In file included from /Users/joshua/Developer/PedalForge/source/PluginEditor.h:7:
In file included from /Users/joshua/Developer/PedalForge/source/ui/InventoryOverlay.h:4:
In file included from /Users/joshua/Developer/PedalForge/source/ui/PedalPalette.h:4:
In file included from /Users/joshua/Developer/PedalForge/source/ui/../pedals/PedalRegistry.h:4:
In file included from /Users/joshua/Developer/PedalForge/source/ui/../pedals/../dsp/GraphPedalProcessor.h:4:
In file included from /Users/joshua/Developer/PedalForge/source/ui/../pedals/../dsp/../dsp/DSPGraph.h:5:
In file included from /Users/joshua/Developer/PedalForge/source/ui/../pedals/../dsp/../dsp/NAMNode.h:4:
In file included from /Users/joshua/Developer/PedalForge/build/_deps/namcore-src/NAM/get_dsp.h:7:
In file included from /Users/joshua/Developer/PedalForge/build/_deps/namcore-src/NAM/dsp.h:10:
In file included from /Users/joshua/Developer/PedalForge/build/_deps/namcore-src/Dependencies/eigen/Eigen/Dense:1:
In file included from /Users/joshua/Developer/PedalForge/build/_deps/namcore-src/Dependencies/eigen/Eigen/Core:168:
/Users/joshua/Developer/PedalForge/build/_deps/namcore-src/Dependencies/eigen/Eigen/src/Core/util/Meta.h:313:56: warning: zero as null pointer constant [-Wzero-as-null-pointer-constant]
  313 |   enum { value = sizeof(testFunctor<T>(static_cast<T*>(0))) == sizeof(meta_yes) };
      |                                                        ^
      |                                                        nullptr
/Users/joshua/Developer/PedalForge/build/_deps/namcore-src/Dependencies/eigen/Eigen/src/Core/../plugins/CommonCwiseBinaryOps.h:50:1: note: in instantiation of template class 'Eigen::internal::has_ReturnType<Eigen::ScalarBinaryOpTraits<float, Eigen::ArrayWrapper<Eigen::Matrix<float, -1, -1>>>>' requested here
   50 | EIGEN_MAKE_SCALAR_BINARY_OP(operator*,product)
      | ^
/Users/joshua/Developer/PedalForge/build/_deps/namcore-src/Dependencies/eigen/Eigen/src/Core/util/Macros.h:1227:3: note: expanded from macro 'EIGEN_MAKE_SCALAR_BINARY_OP'
 1227 |   EIGEN_MAKE_SCALAR_BINARY_OP_ONTHERIGHT(METHOD,OPNAME)
      |   ^
/Users/joshua/Developer/PedalForge/build/_deps/namcore-src/Dependencies/eigen/Eigen/src/Core/util/Macros.h:1209:127: note: expanded from macro 'EIGEN_MAKE_SCALAR_BINARY_OP_ONTHERIGHT'
 1209 |   const EIGEN_EXPR_BINARYOP_SCALAR_RETURN_TYPE(Derived,typename internal::promote_scalar_arg<Scalar EIGEN_COMMA T EIGEN_COMMA EIGEN_SCALAR_BINARY_SUPPORTED(OPNAME,Scalar,T)>::type,OPNAME)\
      |                                                                                                                               ^
/Users/joshua/Developer/PedalForge/build/_deps/namcore-src/Dependencies/eigen/Eigen/src/Core/util/Macros.h:1197:21: note: expanded from macro 'EIGEN_SCALAR_BINARY_SUPPORTED'
 1197 |   (Eigen::internal::has_ReturnType<Eigen::ScalarBinaryOpTraits<TYPEA,TYPEB,EIGEN_CAT(EIGEN_CAT(Eigen::internal::scalar_,OPNAME),_op)<TYPEA,TYPEB>  > >::value)
      |                     ^
In file included from /Users/joshua/Developer/PedalForge/source/PluginProcessor.cpp:2:
In file included from /Users/joshua/Developer/PedalForge/source/PluginEditor.h:7:
In file included from /Users/joshua/Developer/PedalForge/source/ui/InventoryOverlay.h:4:
In file included from /Users/joshua/Developer/PedalForge/source/ui/PedalPalette.h:4:
In file included from /Users/joshua/Developer/PedalForge/source/ui/../pedals/PedalRegistry.h:4:
In file included from /Users/joshua/Developer/PedalForge/source/ui/../pedals/../dsp/GraphPedalProcessor.h:4:
In file included from /Users/joshua/Developer/PedalForge/source/ui/../pedals/../dsp/../dsp/DSPGraph.h:5:
In file included from /Users/joshua/Developer/PedalForge/source/ui/../pedals/../dsp/../dsp/NAMNode.h:9:
In file included from /Users/joshua/Developer/PedalForge/build/_deps/namcore-src/NAM/wavenet/model.h:15:
In file included from /Users/joshua/Developer/PedalForge/build/_deps/namcore-src/NAM/wavenet/detail.h:3:
/Users/joshua/Developer/PedalForge/build/_deps/namcore-src/NAM/wavenet/params.h:211:100: warning: constructor parameter 'groups_input' shadows the field 'groups_input' of 'LayerArrayParams' [-Wshadow-field-in-constructor]
/Users/joshua/Developer/PedalForge/build/_deps/namcore-src/NAM/wavenet/../gating_activations.h:110:66: note: while substituting deduced template arguments into function template 'operator*' [with T = ArrayWrapper<Matrix<float, -1, -1, 0, -1, -1>>]
  110 |       output.blo  211 |                    const std::vector<GatingMode>&& gating_modes_, const bool head_bias_, const int groups_input,
      |                                                                                                    ^
ck(0, i, num_channels, 1) = /Users/joshua/Developer/PedalForge/build/_deps/namcore-src/NAM/wavenet/params.h:288:13: note: previous declaration is here
  288 |   const int groups_input; ///< Number of groups for input convolutions
      |             ^
input_buffer.array() * gating_buffer.array();
      |                                                                  ^
In file included from /Users/joshua/Developer/PedalForge/source/PluginProcessor.cpp:2:
In file included from /Users/joshua/Developer/PedalForge/source/PluginEditor.h:7:
In file included from /Users/joshua/Developer/PedalForge/source/ui/InventoryOverlay.h:4:
In file included from /Users/joshua/Developer/PedalForge/source/ui/PedalPalette.h:4:
In file included from /Users/joshua/Developer/PedalForge/source/ui/../pedals/PedalRegistry.h:4:
In file included from /Users/joshua/Developer/PedalForge/source/ui/../pedals/../dsp/GraphPedalProcessor.h:4:
In file included from /Users/joshua/Developer/PedalForge/source/ui/../pedals/../dsp/../dsp/DSPGraph.h:5:
In file included from /Users/joshua/Developer/PedalForge/source/ui/../pedals/../dsp/../dsp/NAMNode.h:9:
In file included from /Users/joshua/Developer/PedalForge/build/_deps/namcore-src/NAM/wavenet/model.h:15:
In file included from /Users/joshua/Developer/PedalForge/build/_deps/namcore-src/NAM/wavenet/detail.h:12:
In file included from /Users/joshua/Developer/PedalForge/build/_deps/namcore-src/NAM/wavenet/../conv1d.h:5:
/Users/joshua/Developer/PedalForge/build/_deps/namcore-src/NAM/wavenet/../ring_buffer.h:15:18: warning: extra ';' after member function definition [-Wextra-semi]
   15 |   RingBuffer() {In file included from /Users/joshua/Developer/PedalForge/source/PluginEditor.cpp:1:
In file included from /Users/joshua/Developer/PedalForge/source/PluginEditor.h:7:
In file included from /Users/joshua/Developer/PedalForge/source/ui/InventoryOverlay.h:4:
In file included from /Users/joshua/Developer/PedalForge/source/ui/PedalPalette.h:4:
In file included from /Users/joshua/Developer/PedalForge/source/ui/../pedals/PedalRegistry.h:4:
In file included from /Users/joshua/Developer/PedalForge/source/ui/../pedals/../dsp/GraphPedalProcessor.h:};4:
In file included from /Users/joshua/Developer/PedalForge/source/ui/../pedals/../dsp/../dsp/DSPGraph.h:5:
In file included from /Users/joshua/Developer/PedalForge/source/ui/../pedals/../dsp/../dsp/NAMNode.h:4:
In file included from /Users/joshua/Developer/PedalForge/build/_deps/namcore-src/NAM/get_dsp.h:7:
In file included from /Users/joshua/Developer/PedalForge/build/_deps/namcore-src/NAM/dsp.h:10:
In file included from /Users/joshua/Developer/PedalForge/build/_deps/namcore-src/Dependencies/eigen/Eigen/Dense:1:
In file included from /Users/joshua/Developer/PedalForge/build/_deps/namcore-src/Dependencies/eigen/Eigen/Core:168:
/Users/joshua/Developer/PedalForge/build/_deps/namcore-src/Dependencies/eigen/Eigen/src/Core/util/Meta.h:313:56: warning: zero as null pointer constant [-Wzero-as-null-pointer-constant]
  313 |   e
      |                  ^
num { value = sizeof(testFunctor<T>(static_cast<T*>(0))) == s/Users/joshua/Developer/PedalForge/build/_deps/namcore-src/NAM/wavenet/../ring_buffer.h:49:45: warning: implicit conversion loses integer precision: 'Index' (aka 'long') to 'int' [-Wshorten-64-to-32]
   49 |   int GetChannizeof(meta_yes) };
      |                                                        ^
      |                                                        nullptr
/Users/joshua/Developer/PedalForge/build/_deps/namcore-src/Dependencies/eigen/Eigen/src/Core/../plugins/CommonCwiseBinaryOps.h:50:1: note: in instantiation of template class 'Eigen::internal::has_ReturnType<Eigen::ScalarBinaryOpTraits<Eigen::ArrayWrapper<Eigen::Matrix<float, -1, -1>>, float>>' requested here
   50 | EIGENels(_M) const { return _storage.rowAKE_SCALAR_Bs();INARY_OP(operator*,product)
      | ^
 /Users/joshua/Developer/PedalForge/build/_deps/namcore-src/Dependencies/eigen/Eigen/src/Core/util/Macros.h:1226:3: note: expanded from macro 'EIGEN_MAKE_SCALAR_BINARY_OP'
}
      |                             ~~~~~~ ~~~~~~~~~^~~~~~
 1226 |   EIGEN_MAKE_SCALAR_BINARY_OP_ONTHELEFT(METHOD,OPNAME) \
      |   ^
In file included from /Users/joshua/Developer/PedalForge/source/PluginProcessor.cpp:2:
In file included from /Users/joshua/Developer/PedalForge/source/PluginEditor.h:7:
In file included from /Users/joshua/Developer/PedalForge/source/ui/InventoryOverlay.h:4:
In file included from /Users/joshua/Developer/PedalForge/source/ui/PedalPalette.h:4:
In file included from /Users/joshua/Developer/PedalForge/source/ui/../pedals/PedalRegistry.h:4:
In file included from /Users/joshua/Developer/PedalForge/source/ui/../pedals/../dsp/GraphPedalProcessor.h:4:
In file included from /Users/joshua/Developer/PedalForge/source/ui/../pedals/../dsp/../dsp/DSPGraph.h:5:
In file included from /Users/joshua/Developer/PedalForge/source/ui/../pedals/../dsp/../dsp/NAMNode.h:9:
In file included from /Users/joshua/Developer/PedalForge/build/_deps/namcore-src/NAM/wavenet/model.h:15:
In file included from /Users/joshua/Developer/PedalForge/build/_deps/namcore-src/NAM/wavenet/detail.h:12:
/Users/joshua/Developer/PedalForge/build/_deps/namcore-src/NAM/wavenet/../conv1d.h:24:4: /Users/joshua/Developer/PedalForge/build/_deps/namcore-src/Dependencies/eigen/Eigen/src/Core/util/Macros.h:1218:119: note: expanded from macro 'EIGEN_MAKE_SCALAR_BINARY_OP_ONTHELEFT'
 1218 |   const EIGEN_warning: extra ';' after member function definition [-Wextra-semi]
   24 |   };
      |    ^
SCA/Users/joshua/Developer/PedalForge/build/_deps/namcore-src/NAM/wavenet/../conv1d.h:37:4: warning: extra ';' after member function definition [-Wextra-semi]
   37 |   };
      |    ^
LAR_BINARYOP_EXPR_RETURN_TYPE(typename internal::promote_scalar_arg<Scalar EIGEN_COM/Users/joshua/Developer/PedalForge/build/_deps/namcore-src/NAM/wavenet/../conv1d.h:114:55: warning: extra ';' after member function definition [-Wextra-semi]
  114 |   int get_dilation() const { return this->_diMA lationT EIGEN_COMMA EIGEN_SCALAR_BINARY_SUPPORTED; };
      |                                                       ^
/Users/joshua/Developer/PedalForge/build/_deps/namcore-src/NAM/wavenet/../conv1d.h:118:59: warning: extra ';' after member function definition [-Wextra-semi](OPNAME,T,Scalar)>::type,Derived,OPNAME) \
      |                                                                                                                       ^

/Users/joshua/Developer/PedalForge/build/_deps/namcore-src/Dependencies/eigen/Eigen/src/Core/util/Macros.h:1197:21: note: expanded from macro 'EIGEN_SCALAR_BINARY_SUPPORTED'
   1197 |   (Eigen::internal::has_ReturnType<Eigen::ScalarBinaryOpTraits<TYPEA,TYPEB,118 | EIGEN_CAT(EIGEN_CAT(Eigen::interna  bol::scalar_,OPNAME),_op)<TYPEol has_bias() const { return this->_bias.size() > 0; };
      A,TYPEB>  > >::value)
      |                     ^
| /Users/joshua/Developer/PedalForge/build/_deps/namcore-src/NAM/wavenet/../gating_activations.h:110:66: note: while substituting deduced template arguments into function template 'operator*' [with T = ArrayWrapper<Matrix<float, -1, -1, 0, -1, -1>>]
  110 |       output.                                                          ^
block(0, i, num_channels, 1) = input_buffer.array() * gating_buffer.array();
      |                                                                  ^
In file included from /Users/joshua/Developer/PedalForge/source/PluginEditor.cpp:1:
In file included from /Users/joshua/Developer/PedalForge/source/PluginEditor.h:7:
In file included from /Users/joshua/Developer/PedalForge/source/ui/InventoryOverlay.h:4:
In file included from /Users/joshua/Developer/PedalForge/source/ui/PedalPalette.h:4:
In file included from /Users/joshua/Developer/PedalForge/source/ui/../pedals/PedalRegistry.h:4:
In file included from /Users/joshua/Developer/PedalForge/source/ui/../pedals/../dsp/GraphPedalProcessor.h:4:
In file included from /Users/joshua/Developer/PedalForge/source/ui/../pedals/../dsp/../dsp/DSPGraph.h:5:
In file included from /Users/joshua/Developer/PedalForge/source/ui/../pedals/../dsp/../dsp/NAMNode.h:4:
In file included from /Users/joshua/Developer/PedalForge/build/_deps/namcore-src/NAM/get_dsp.h:7:
In file included from /Users/joshua/Developer/PedalForge/build/_deps/namcore-src/NAM/dsp.h:10:
In file included from /Users/joshua/Developer/PedalForge/build/_deps/namcore-src/Dependencies/eigen/Eigen/Dense:1:
In file included from /Users/joshua/Developer/PedalForge/build/_deps/namcore-src/Dependencies/eigen/Eigen/Core:168:
/Users/joshua/Developer/PedalForge/build/_deps/namcore-src/Dependencies/eigen/Eigen/src/Core/util/Meta.h:313:56: warning: zero as null pointer constant [-Wzero-as-null-pointer-constant]
  313 |   enum { value = sizeof(testFunctor<T>(static_cast<T*>(0))) == sizeof(meta_yes) };
      |                                                        ^
      |                                                        nullptr
/Users/joshua/Developer/PedalForge/build/_deps/namcore-src/Dependencies/eigen/Eigen/src/Core/CwiseBinaryOp.h:100:5: note: in instantiation of template class 'Eigen::internal::has_ReturnType<Eigen::ScalarBinaryOpTraits<float, float>>' requested here
  100 |     EIGEN_CHECK_BINARY_COMPATIBILIY(BinaryOp,typename Lhs::Scalar,typename Rhs::Scalar)
      |     ^
/Users/joshua/Developer/PedalForge/build/_deps/namcore-src/Dependencies/eigen/Eigen/src/Core/util/XprHelper.h:835:41: note: expanded from macro 'EIGEN_CHECK_BINARY_COMPATIBILIY'
  835 |   EIGEN_STATIC_ASSERT((Eigen::internal::has_ReturnType<ScalarBinaryOpTraits<LHS, RHS,BINOP> >::value), \
      |                                         ^
/Users/joshua/Developer/PedalForge/build/_deps/namcore-src/NAM/wavenet/../gating_activations.h:110:66: note: in instantiation of template class 'Eigen::CwiseBinaryOp<Eigen::internal::scalar_product_op<float>, const Eigen::ArrayWrapper<Eigen::Matrix<float, -1, -1>>, const Eigen::ArrayWrapper<Eigen::Matrix<float, -1, -1>>>' requested here
  110 |       output.block(0, i, num_channels, 1) = input_buffer.array() * gating_buffer.array();
      |                                                                  ^
In file included from /Users/joshua/Developer/PedalForge/source/PluginEditor.cpp:1:
In file included from /Users/joshua/Developer/PedalForge/source/PluginEditor.h:7:
In file included from /Users/joshua/Developer/PedalForge/source/ui/InventoryOverlay.h:4:
In file included from /Users/joshua/Developer/PedalForge/source/ui/PedalPalette.h:4:
In file included from /Users/joshua/Developer/PedalForge/source/ui/../pedals/PedalRegistry.h:4:
In file included from /Users/joshua/Developer/PedalForge/source/ui/../pedals/../dsp/GraphPedalProcessor.h:4:
In file included from /Users/joshua/Developer/PedalForge/source/ui/../pedals/../dsp/../dsp/DSPGraph.h:5:
In file included from /Users/joshua/Developer/PedalForge/source/ui/../pedals/../dsp/../dsp/NAMNode.h:4:
In file included from /Users/joshua/Developer/PedalForge/build/_deps/namcore-src/NAM/get_dsp.h:7:
In file included from /Users/joshua/Developer/PedalForge/build/_deps/namcore-src/NAM/dsp.h:10:
In file included from /Users/joshua/Developer/PedalForge/build/_deps/namcore-src/Dependencies/eigen/Eigen/Dense:1:
In file included from /Users/joshua/Developer/PedalForge/build/_deps/namcore-src/Dependencies/eigen/Eigen/Core:168:
/Users/joshua/Developer/PedalForge/build/_deps/namcore-src/Dependencies/eigen/Eigen/src/Core/util/Meta.h:310:97: warning: zero as null pointer constant [-Wzero-as-null-pointer-constant]
  310 |   template <typename C> static meta_yes testFunctor(C const *, typename C::ReturnType const * = 0);
      |                                                                                                 ^
      |                                                                                                 nullptr
/Users/joshua/Developer/PedalForge/build/_deps/namcore-src/Dependencies/eigen/Eigen/src/Core/util/Meta.h:313:25: note: in instantiation of default function argument expression for 'testFunctor<Eigen::ScalarBinaryOpTraits<float, float>>' required here
  313 |   enum { value = sizeof(testFunctor<T>(static_cast<T*>(0))) == sizeof(meta_yes) };
      |                         ^
/Users/joshua/Developer/PedalForge/build/_deps/namcore-src/Dependencies/eigen/Eigen/src/Core/CwiseBinaryOp.h:100:5: note: in instantiation of template class 'Eigen::internal::has_ReturnType<Eigen::ScalarBinaryOpTraits<float, float>>' requested here
  100 |     EIGEN_CHECK_BINARY_COMPATIBILIY(BinaryOp,typename Lhs::Scalar,typename Rhs::Scalar)
      |     ^
/Users/joshua/Developer/PedalForge/build/_deps/namcore-src/Dependencies/eigen/Eigen/src/Core/util/XprHelper.h:835:41: note: expanded from macro 'EIGEN_CHECK_BINARY_COMPATIBILIY'
  835 |   EIGEN_STATIC_ASSERT((Eigen::internal::has_ReturnType<ScalarBinaryOpTraits<LHS, RHS,BINOP> >::value), \
      |                                         ^
/Users/joshua/Developer/PedalForge/build/_deps/namcore-src/NAM/wavenet/../gating_activations.h:110:66: note: in instantiation of template class 'Eigen::CwiseBinaryOp<Eigen::internal::scalar_product_op<float>, const Eigen::ArrayWrapper<Eigen::Matrix<float, -1, -1>>, const Eigen::ArrayWrapper<Eigen::Matrix<float, -1, -1>>>' requested here
  110 |       output.block(0, i, num_channels, 1) = input_buffer.array() * gating_buffer.array();
      |                                                                  ^
In file included from /Users/joshua/Developer/PedalForge/source/PluginEditor.cpp:1:
In file included from /Users/joshua/Developer/PedalForge/source/PluginEditor.h:7:
In file included from /Users/joshua/Developer/PedalForge/source/ui/InventoryOverlay.h:4:
In file included from /Users/joshua/Developer/PedalForge/source/ui/PedalPalette.h:4:
In file included from /Users/joshua/Developer/PedalForge/source/ui/../pedals/PedalRegistry.h:4:
In file included from /Users/joshua/Developer/PedalForge/source/ui/../pedals/../dsp/GraphPedalProcessor.h:4:
In file included from /Users/joshua/Developer/PedalForge/source/ui/../pedals/../dsp/../dsp/DSPGraph.h:5:
In file included from /Users/joshua/Developer/PedalForge/source/ui/../pedals/../dsp/../dsp/NAMNode.h:4:
In file included from /Users/joshua/Developer/PedalForge/build/_deps/namcore-src/NAM/get_dsp.h:7:
In file included from /Users/joshua/Developer/PedalForge/build/_deps/namcore-src/NAM/dsp.h:10:
In file included from /Users/joshua/Developer/PedalForge/build/_deps/namcore-src/Dependencies/eigen/Eigen/Dense:1:
In file included from /Users/joshua/Developer/PedalForge/build/_deps/namcore-src/Dependencies/eigen/Eigen/Core:168:
/Users/joshua/Developer/PedalForge/build/_deps/namcore-src/Dependencies/eigen/Eigen/src/Core/util/Meta.h:313:56: warning: zero as null pointer constant [-Wzero-as-null-pointer-constant]
  313 |   enum { value = sizeof(testFunctor<T>(static_cast<T*>(0))) == sizeof(meta_yes) };
      |                                                        ^
      |                                                        nullptr
/Users/joshua/Developer/PedalForge/build/_deps/namcore-src/Dependencies/eigen/Eigen/src/Core/../plugins/ArrayCwiseBinaryOps.h:275:1: note: in instantiation of template class 'Eigen::internal::has_ReturnType<Eigen::ScalarBinaryOpTraits<float, float, Eigen::internal::scalar_difference_op<float>>>' requested here
  275 | EIGEN_MAKE_SCALAR_BINARY_OP(operator-,difference)
      | ^
/Users/joshua/Developer/PedalForge/build/_deps/namcore-src/Dependencies/eigen/Eigen/src/Core/util/Macros.h:1226:3: note: expanded from macro 'EIGEN_MAKE_SCALAR_BINARY_OP'
 1226 |   EIGEN_MAKE_SCALAR_BINARY_OP_ONTHELEFT(METHOD,OPNAME) \
      |   ^
/Users/joshua/Developer/PedalForge/build/_deps/namcore-src/Dependencies/eigen/Eigen/src/Core/util/Macros.h:1218:119: note: expanded from macro 'EIGEN_MAKE_SCALAR_BINARY_OP_ONTHELEFT'
 1218 |   const EIGEN_SCALAR_BINARYOP_EXPR_RETURN_TYPE(typename internal::promote_scalar_arg<Scalar EIGEN_COMMA T EIGEN_COMMA EIGEN_SCALAR_BINARY_SUPPORTED(OPNAME,T,Scalar)>::type,Derived,OPNAME) \
      |                                                                                                                       ^
/Users/joshua/Developer/PedalForge/build/_deps/namcore-src/Dependencies/eigen/Eigen/src/Core/util/Macros.h:1197:21: note: expanded from macro 'EIGEN_SCALAR_BINARY_SUPPORTED'
 1197 |   (Eigen::internal::has_ReturnType<Eigen::ScalarBinaryOpTraits<TYPEA,TYPEB,EIGEN_CAT(EIGEN_CAT(Eigen::internal::scalar_,OPNAME),_op)<TYPEA,TYPEB>  > >::value)
      |                     ^
/Users/joshua/Developer/PedalForge/build/_deps/namcore-src/NAM/wavenet/../gating_activations.h:224:61: note: while substituting deduced template arguments into function template 'operator-' [with T = float]
  224 |         blend_buffer.array() * input_buffer.array() + (1.0f - blend_buffer.array()) * pre_activation_buffer.array();
      |                                                             ^
In file included from /Users/joshua/Developer/PedalForge/source/PluginEditor.cpp:1:
In file included from /Users/joshua/Developer/PedalForge/source/PluginEditor.h:7:
In file included from /Users/joshua/Developer/PedalForge/source/ui/InventoryOverlay.h:4:
In file included from /Users/joshua/Developer/PedalForge/source/ui/PedalPalette.h:4:
In file included from /Users/joshua/Developer/PedalForge/source/ui/../pedals/PedalRegistry.h:4:
In file included from /Users/joshua/Developer/PedalForge/source/ui/../pedals/../dsp/GraphPedalProcessor.h:4:
In file included from /Users/joshua/Developer/PedalForge/source/ui/../pedals/../dsp/../dsp/DSPGraph.h:5:
In file included from /Users/joshua/Developer/PedalForge/source/ui/../pedals/../dsp/../dsp/NAMNode.h:4:
In file included from /Users/joshua/Developer/PedalForge/build/_deps/namcore-src/NAM/get_dsp.h:7:
In file included from /Users/joshua/Developer/PedalForge/build/_deps/namcore-src/NAM/dsp.h:10:
In file included from /Users/joshua/Developer/PedalForge/build/_deps/namcore-src/Dependencies/eigen/Eigen/Dense:1:
In file included from /Users/joshua/Developer/PedalForge/build/_deps/namcore-src/Dependencies/eigen/Eigen/Core:168:
/Users/joshua/Developer/PedalForge/build/_deps/namcore-src/Dependencies/eigen/Eigen/src/Core/util/Meta.h:310:97: warning: zero as null pointer constant [-Wzero-as-null-pointer-constant]
  310 |   template <typename C> static meta_yes testFunctor(C const *, typename C::ReturnType const * = 0);
      |                                                                                                 ^
      |                                                                                                 nullptr
/Users/joshua/Developer/PedalForge/build/_deps/namcore-src/Dependencies/eigen/Eigen/src/Core/util/Meta.h:In file included from /Users/joshua/Developer/PedalForge/source/PluginProcessor.cpp:2:
In file included from /Users/joshua/Developer/PedalForge/source/PluginEditor.h:7:
In file included from /Users/joshua/Developer/PedalForge/source/ui/InventoryOverlay.h:4:
In file included from /Users/joshua/Developer/PedalForge/source/ui/PedalPalette.h:4:
In file included from /Users/joshua/Developer/PedalForge/source/ui/../pedals/PedalRegistry.h:4:
In file included from 313:25: note: in instantiation of default function argument expression for 'testFunctor<Eigen::ScalarBinaryOpTraits<float, float, Eigen::internal::scalar_difference_op<float>>>' required here
  313 |   enum { value = s/Users/joshua/Developer/PedalForge/source/ui/../pedals/../dsp/GraphPedalProcessor.h:4:
In file included from /Users/joshua/Developer/PedalForge/source/ui/../pedals/../dsp/../dsp/DSPGraph.h:5:
In file included from /Users/joshua/Developer/PedalForge/source/ui/../pedals/../dsp/../dsp/NAMNode.h:4:
In file included from /Users/joshua/Developer/PedalForge/build/_deps/namcore-src/NAM/get_dsp.h:7:
In file included from /Users/joshua/Developer/PedalForge/build/_deps/namcore-src/NAM/dsp.h:10:
In file included from /Users/joshua/Developer/PedalForge/build/_deps/namcore-src/Dependencies/eigen/Eigen/Dense:1:
In file included from /Users/joshua/Developer/PedalForge/build/_deps/namcore-src/Dependencies/eigen/Eigen/Core:168:
/Users/joshua/Developer/PedalForge/build/_deps/namcore-src/Dependencies/eigen/Eigen/src/Core/util/Meta.h:313:56:izeof(testFunctor<T>(static_cast<T*>( warning: zero as null pointer constant [-Wzero-as-null-pointer-constant]
  313 |   enum { value = size0))) == sizof(testFunctor<T>(static_cast<T*>(0))) == sizeof(meta_yeof(meta_yes) };
      |                         ^es) };
      |                                                        ^
      |                                                        nullptr
/Users/joshua/Developer/PedalForge/build/_deps/namcore-src/Dependencies/eigen/Eigen/src/Core/../plugins/CommonCwiseBinaryOps.h:50:1: note: in instantiation of template class 'Eigen::internal::has_ReturnType<Eigen::ScalarBinaryOpTraits<float, Eigen::ArrayWrapper<Eigen::Matrix<float, -1, -1>>>>' requested here

   50/Users/joshua/Developer/PedalForge/build/_deps/namcore-src/Dependencies/eigen/Eigen/src/Core/../plugins/ArrayCwiseBinaryOps.h: | EIGEN_MAKE_SCALAR_BINARY_OP(operator*,p275:1: note: roin instantiation of template class 'Eigen::internal::has_ReturnType<Eigen::ScalarBinaryOpTraits<float, float, Eigen::internal::scalar_difference_op<float>>>' requested here
duct)  275 | EI
      | ^
GEN_MAKE_/Users/joshua/Developer/PedalForge/build/_deps/namcore-src/Dependencies/eigen/Eigen/src/Core/util/Macros.h:SCALAR_1227:3: note: expanded from macro 'EIGEN_MAKE_SCALAR_BINARY_OP'
BINARY_OP(operator-,difference) 1227 |   EIGEN_MAKE_SCALAR_BINARY_OP_ONTHERIGHT(METHOD,OPNAME)
      | 
      | ^
  ^
/Users/joshua/Developer/PedalForge/build/_deps/namcore-src/Dependencies/eigen/Eigen/src/Core/util/Macros.h:1209:127: note: expanded from macro 'EIGEN_MAKE_SCALAR_BINARY_OP_ONTHERIGHT'
/Users/joshua/Developer/PedalForge/build/_deps/namcore-src/Dependencies/eigen/Eigen/src/Core/util/Macros.h:1226:3: note: expanded from macro 'EIGEN_MAKE_SCALAR_BINARY_OP'
 1209 |   1226 |   EIGEN_MAKE const EIGEN_EXPR_BINARYOP_SCALAR_RETURN_TYPE(Derived,typename internal::promote_scalar_a_SCALAR_BINARY_OP_ONTHELEFT(METHOD,OPNAME) \
      |   ^
rg<Scalar EIGEN_COMM/Users/joshua/Developer/PedalForge/build/_deps/namcore-src/Dependencies/eigen/Eigen/src/Core/util/Macros.h:1218:119: note: expanded from macro 'EIGEN_MAKE_SCALAR_BINARY_OP_ONTHELEFT'
 1218 |   const EIGENA T EIGEN_COMMA EIGEN_SCALAR_BINARY_SUPPORTED(OPNAME,Scalar,T)>::type,OPNAME_SCALAR_BINARYOP_EXPR_RETURN_TYPE(typename internal::promote_scalar_arg<Scalar EIGEN_COMMA T EIGEN_COMMA EIGEN_SCALAR_BINARY_SUPPORTED(OPNAM)\
      |                                                                                                                               ^
/Users/joshua/Developer/PedalForge/build/_deps/namcore-src/Dependencies/eigen/Eigen/src/Core/util/Macros.h:1197:21: note: expanded from macro 'EIGEN_SCALAR_BINARY_SUPPORTED'
 1197 |   (EE,T,Scalar)>::type,Derived,Oigen::internal::has_ReturnType<Eigen::ScalarBinaryOpTraits<TYPEAPNAME) \
      |                                                                                                                       ^
/Users/joshua/Developer/PedalForge/build/_deps/namcore-src/Dependencies/eigen/Eigen/src/Core/util/Macros.h:1197:21: note: expanded from macro 'EIGEN_SCALAR_BINARY_SUPPORTED'
 1197 |   (Ei,TYPEB,EIGEN_CAT(EIGEN_CAT(Eigen::internal::scalar_,OPNAME),_op)<TYPEA,TYPEB>  > >::value)
      |                     ^
gen::inte/Users/joshua/Developer/PedalForge/build/_deps/namcore-src/NAM/wavenet/../gating_activations.h:110:66: note: while substituting deduced template arguments into function template 'operator*' [with T = ArrayWrapper<Matrix<float, -1, -1, 0, -1, -1>>]
  110 |       output.blockrnal::has_ReturnType<Eigen::Sc(0, i, nalarBium_chanaryOpTraits<TYPEA,TYPEB,EIGEN_CAT(EIGEN_CAT(Eigen::internal:nnels, 1) = input_buffer.array() * gating_buffer.array();
      |                                                                  ^
:scalar_,OPNAME),_op)<TYPEA,TYPEB>  > >::value)
      |                     ^
/Users/joshua/Developer/PedalForge/build/_deps/namcore-src/NAM/wavenet/../gating_activations.h:224:61: note: while substituting deduced template arguments into function template 'operator-' [with T = float]
  224 |         blend_buffer.array() * input_buffer.array() + (1.0f - blend_buffer.array()) * pre_activation_buffer.array();
      |                                                             ^
In file included from /Users/joshua/Developer/PedalForge/source/PluginProcessor.cpp:2:
In file included from /Users/joshua/Developer/PedalForge/source/PluginEditor.h:7:
In file included from /Users/joshua/Developer/PedalForge/source/ui/InventoryOverlay.h:4:
In file included from /Users/joshua/Developer/PedalForge/source/ui/PedalPalette.h:4:
In file included from /Users/joshua/Developer/PedalForge/source/ui/../pedals/PedalRegistry.h:4:
In file included from /Users/joshua/Developer/PedalForge/source/ui/../pedals/../dsp/GraphPedalProcessor.h:4:
In file included from /Users/joshua/Developer/PedalForge/source/ui/../pedals/../dsp/../dsp/DSPGraph.h:5:
In file included from /Users/joshua/Developer/PedalForge/source/ui/../pedals/../dsp/../dsp/NAMNode.h:4:
In file included from /Users/joshua/Developer/PedalForge/build/_deps/namcore-src/NAM/get_dsp.h:7:
In file included from /Users/joshua/Developer/PedalForge/build/_deps/namcore-src/NAM/dsp.h:10:
In file included from /Users/joshua/Developer/PedalForge/build/_deps/namcore-src/Dependencies/eigen/Eigen/Dense:1:
In file included from /Users/joshua/Developer/PedalForge/build/_deps/namcore-src/Dependencies/eigen/Eigen/Core:168:
/Users/joshua/Developer/PedalForge/build/_deps/namcore-src/Dependencies/eigen/Eigen/src/Core/util/Meta.h:313:56: warning: zero as null pointer constant [-Wzero-as-null-pointer-constant]
  313 |   enum { value = sizeof(testFunctor<T>(static_cast<T*>(0))) == sizeof(meta_yes) };
      |                                                        ^
      |                                                        nullptr
/Users/joshua/Developer/PedalForge/build/_deps/namcore-src/Dependencies/eigen/Eigen/src/Core/../plugins/CommonCwiseBinaryOps.h:50:1: note: in instantiation of template class 'Eigen::internal::has_ReturnType<Eigen::ScalarBinaryOpTraits<Eigen::ArrayWrapper<Eigen::Matrix<float, -1, -1>>, float>>' requested here
   50 | EIGEN_MAKE_SCALAR_BINARY_OP(operator*,product)
      | ^
/Users/joshua/Developer/PedalForge/build/_deps/namcore-src/Dependencies/eigen/Eigen/src/Core/util/Macros.h:1226:3: note: expanded from macro 'EIGEN_MAKE_SCALAR_BINARY_OP'
 1226 |   EIGEN_MAKE_SCALAR_BINARY_OP_ONTHELEFT(METHOD,OPNAME) \
      |   ^
/Users/joshua/Developer/PedalForge/build/_deps/namcore-src/Dependencies/eigen/Eigen/src/Core/util/Macros.h:1218:119: note: expanded from macro 'EIGEN_MAKE_SCALAR_BINARY_OP_ONTHELEFT'
 1218 |   const EIGEN_SCALAR_BINARYOP_EXPR_RETURN_TYPE(typename internal::promote_scalar_arg<Scalar EIGEN_COMMA T EIGEN_COMMA EIGEN_SCALAR_BINARY_SUPPORTED(OPNAME,T,Scalar)>::type,Derived,OPNAME) \
      |                                                                                                                       ^
/Users/joshua/Developer/PedalForge/build/_deps/namcore-src/Dependencies/eigen/Eigen/src/Core/util/Macros.h:1197:21: note: expanded from macro 'EIGEN_SCALAR_BINARY_SUPPORTED'
 1197 |   (Eigen::internal::has_ReturnType<Eigen::ScalarBinaryOpTraits<TYPEA,TYPEB,EIGEN_CAT(EIGEN_CAT(Eigen::internal::scalar_,OPNAME),_op)<TYPEA,TYPEB>  > >::value)
      |                     ^
/Users/joshua/Developer/PedalForge/build/_deps/namcore-src/NAM/wavenet/../gating_activations.h:110:66: note: while substituting deduced template arguments into function template 'operator*' [with T = ArrayWrapper<Matrix<float, -1, -1, 0, -1, -1>>]
  110 |       output.block(0, i, num_channels, 1) = input_buffer.array() * gating_buffer.array();
      |                                                                  ^
In file included from /Users/joshua/Developer/PedalForge/source/PluginProcessor.cpp:2:
In file included from /Users/joshua/Developer/PedalForge/source/PluginEditor.h:7:
In file included from /Users/joshua/Developer/PedalForge/source/ui/InventoryOverlay.h:4:
In file included from /Users/joshua/Developer/PedalForge/source/ui/PedalPalette.h:4:
In file included from /Users/joshua/Developer/PedalForge/source/ui/../pedals/PedalRegistry.h:4:
In file included from /Users/joshua/Developer/PedalForge/source/ui/../pedals/../dsp/GraphPedalProcessor.h:4:
In file included from /Users/joshua/Developer/PedalForge/source/ui/../pedals/../dsp/../dsp/DSPGraph.h:5:
In file included from /Users/joshua/Developer/PedalForge/source/ui/../pedals/../dsp/../dsp/NAMNode.h:4:
In file included from /Users/joshua/Developer/PedalForge/build/_deps/namcore-src/NAM/get_dsp.h:7:
In file included from /Users/joshua/Developer/PedalForge/build/_deps/namcore-src/NAM/dsp.h:10:
In file included from /Users/joshua/Developer/PedalForge/build/_deps/namcore-src/Dependencies/eigen/Eigen/Dense:1:
In file included from /Users/joshua/Developer/PedalForge/build/_deps/namcore-src/Dependencies/eigen/Eigen/Core:168:
/Users/joshua/Developer/PedalForge/build/_deps/namcore-src/Dependencies/eigen/Eigen/src/Core/util/Meta.h:313:56: warning: zero as null pointer constant [-Wzero-as-null-pointer-constant]
  313 |   enum { value = sizeof(testFunctor<T>(static_cast<T*>(0))) == sizeof(meta_yes) };
      |                                                        ^
      |                                                        nullptr
/Users/joshua/Developer/PedalForge/build/_deps/namcore-src/Dependencies/eigen/Eigen/src/Core/CwiseBinaryOp.h:100:5: note: in instantiation of template class 'Eigen::internal::has_ReturnType<Eigen::ScalarBinaryOpTraits<float, float>>' requested here
  100 |     EIGEN_CHECK_BINARY_COMPATIBILIY(BinaryOp,typename Lhs::Scalar,typename Rhs::Scalar)
      |     ^
/Users/joshua/Developer/PedalForge/build/_deps/namcore-src/Dependencies/eigen/Eigen/src/Core/util/XprHelper.h:835:41: note: expanded from macro 'EIGEN_CHECK_BINARY_COMPATIBILIY'
  835 |   EIGEN_STATIC_ASSERT((Eigen::internal::has_ReturnType<ScalarBinaryOpTraits<LHS, RHS,BINOP> >::value), \
      |                                         ^
/Users/joshua/Developer/PedalForge/build/_deps/namcore-src/NAM/wavenet/../gating_activations.h:110:66: note: in instantiation of template class 'Eigen::CwiseBinaryOp<Eigen::internal::scalar_product_op<float>, const Eigen::ArrayWrapper<Eigen::Matrix<float, -1, -1>>, const Eigen::ArrayWrapper<Eigen::Matrix<float, -1, -1>>>' requested here
  110 |       output.block(0, i, num_channels, 1) = input_buffer.array() * gating_buffer.array();
      |                                                                  ^
In file included from /Users/joshua/Developer/PedalForge/source/PluginProcessor.cpp:2:
In file included from /Users/joshua/Developer/PedalForge/source/PluginEditor.h:7:
In file included from /Users/joshua/Developer/PedalForge/source/ui/InventoryOverlay.h:4:
In file included from /Users/joshua/Developer/PedalForge/source/ui/PedalPalette.h:4:
In file included from /Users/joshua/Developer/PedalForge/source/ui/../pedals/PedalRegistry.h:4:
In file included from /Users/joshua/Developer/PedalForge/source/ui/../pedals/../dsp/GraphPedalProcessor.h:4:
In file included from /Users/joshua/Developer/PedalForge/source/ui/../pedals/../dsp/../dsp/DSPGraph.h:5:
In file included from /Users/joshua/Developer/PedalForge/source/ui/../pedals/../dsp/../dsp/NAMNode.h:4:
In file included from /Users/joshua/Developer/PedalForge/build/_deps/namcore-src/NAM/get_dsp.h:7:
In file included from /Users/joshua/Developer/PedalForge/build/_deps/namcore-src/NAM/dsp.h:10:
In file included from /Users/joshua/Developer/PedalForge/build/_deps/namcore-src/Dependencies/eigen/Eigen/Dense:1:
In file included from /Users/joshua/Developer/PedalForge/build/_deps/namcore-src/Dependencies/eigen/Eigen/Core:168:
/Users/joshua/Developer/PedalForge/build/_deps/namcore-src/Dependencies/eigen/Eigen/src/Core/util/Meta.h:310:97: warning: zero as null pointer constant [-Wzero-as-null-pointer-constant]
  310 |   template <typename C> static meta_yes testFunctor(C const *, typename C::ReturnType const * = 0);
      |                                                                                                 ^
      |                                                                                                 nullptr
/Users/joshua/Developer/PedalForge/build/_deps/namcore-src/Dependencies/eigen/Eigen/src/Core/util/Meta.h:313:25: note: in instantiation of default function argument expression for 'testFunctor<Eigen::ScalarBinaryOpTraits<float, float>>' required here
  313 |   enum { value = sizeof(testFunctor<T>(static_cast<T*>(0))) == sizeof(meta_yes) };
      |                         ^
/Users/joshua/Developer/PedalForge/build/_deps/namcore-src/Dependencies/eigen/Eigen/src/Core/CwiseBinaryOp.h:100:5: note: in instantiation of template class 'Eigen::internal::has_ReturnType<Eigen::ScalarBinaryOpTraits<float, float>>' requested here
  100 |     EIGEN_CHECK_BINARY_COMPATIBILIY(BinaryOp,typename Lhs::Scalar,typename Rhs::Scalar)
      |     ^
/Users/joshua/Developer/PedalForge/build/_deps/namcore-src/Dependencies/eigen/Eigen/src/Core/util/XprHelper.h:835:41: note: expanded from macro 'EIGEN_CHECK_BINARY_COMPATIBILIY'
  835 |   EIGEN_STATIC_ASSERT((Eigen::internal::has_ReturnType<ScalarBinaryOpTraits<LHS, RHS,BINOP> >::value), \
      |                                         ^
/Users/joshua/Developer/PedalForge/build/_deps/namcore-src/NAM/wavenet/../gating_activations.h:110:66: note: in instantiation of template class 'Eigen::CwiseBinaryOp<Eigen::internal::scalar_product_op<float>, const Eigen::ArrayWrapper<Eigen::Matrix<float, -1, -1>>, const Eigen::ArrayWrapper<Eigen::Matrix<float, -1, -1>>>' requested here
  110 |       output.block(0, i, num_channels, 1) = input_buffer.array() * gating_buffer.array();
      |                                                                  ^
In file included from /Users/joshua/Developer/PedalForge/source/PluginProcessor.cpp:2:
In file included from /Users/joshua/Developer/PedalForge/source/PluginEditor.h:7:
In file included from /Users/joshua/Developer/PedalForge/source/ui/InventoryOverlay.h:4:
In file included from /Users/joshua/Developer/PedalForge/source/ui/PedalPalette.h:4:
In file included from /Users/joshua/Developer/PedalForge/source/ui/../pedals/PedalRegistry.h:4:
In file included from /Users/joshua/Developer/PedalForge/source/ui/../pedals/../dsp/GraphPedalProcessor.h:4:
In file included from /Users/joshua/Developer/PedalForge/source/ui/../pedals/../dsp/../dsp/DSPGraph.h:5:
In file included from /Users/joshua/Developer/PedalForge/source/ui/../pedals/../dsp/../dsp/NAMNode.h:4:
In file included from /Users/joshua/Developer/PedalForge/build/_deps/namcore-src/NAM/get_dsp.h:7:
In file included from /Users/joshua/Developer/PedalForge/build/_deps/namcore-src/NAM/dsp.h:10:
In file included from /Users/joshua/Developer/PedalForge/build/_deps/namcore-src/Dependencies/eigen/Eigen/Dense:1:
In file included from /Users/joshua/Developer/PedalForge/build/_deps/namcore-src/Dependencies/eigen/Eigen/Core:168:
/Users/joshua/Developer/PedalForge/build/_deps/namcore-src/Dependencies/eigen/Eigen/src/Core/util/Meta.h:313:56: warning: zero as null pointer constant [-Wzero-as-null-pointer-constant]
  313 |   enum { value = sizeof(testFunctor<T>(static_cast<T*>(0))) == sizeof(meta_yes) };
      |                                                        ^
      |                                                        nullptr
/Users/joshua/Developer/PedalForge/build/_deps/namcore-src/Dependencies/eigen/Eigen/src/Core/../plugins/ArrayCwiseBinaryOps.h:275:1: note: in instantiation of template class 'Eigen::internal::has_ReturnType<Eigen::ScalarBinaryOpTraits<float, float, Eigen::internal::scalar_difference_op<float>>>' requested here
  275 | EIGEN_MAKE_SCALAR_BINARY_OP(operator-,difference)
      | ^
/Users/joshua/Developer/PedalForge/build/_deps/namcore-src/Dependencies/eigen/Eigen/src/Core/util/Macros.h:1226:3: note: expanded from macro 'EIGEN_MAKE_SCALAR_BINARY_OP'
 1226 |   EIGEN_MAKE_SCALAR_BINARY_OP_ONTHELEFT(METHOD,OPNAME) \
      |   ^
/Users/joshua/Developer/PedalForge/build/_deps/namcore-src/Dependencies/eigen/Eigen/src/Core/util/Macros.h:1218:119: note: expanded from macro 'EIGEN_MAKE_SCALAR_BINARY_OP_ONTHELEFT'
 1218 |   const EIGEN_SCALAR_BINARYOP_EXPR_RETURN_TYPE(typename internal::promote_scalar_arg<Scalar EIGEN_COMMA T EIGEN_COMMA EIGEN_SCALAR_BINARY_SUPPORTED(OPNAME,T,Scalar)>::type,Derived,OPNAME) \
      |                                                                                                                       ^
/Users/joshua/Developer/PedalForge/build/_deps/namcore-src/Dependencies/eigen/Eigen/src/Core/util/Macros.h:1197:21: note: expanded from macro 'EIGEN_SCALAR_BINARY_SUPPORTED'
 1197 |   (Eigen::internal::has_ReturnType<Eigen::ScalarBinaryOpTraits<TYPEA,TYPEB,EIGEN_CAT(EIGEN_CAT(Eigen::internal::scalar_,OPNAME),_op)<TYPEA,TYPEB>  > >::value)
      |                     ^
/Users/joshua/Developer/PedalForge/build/_deps/namcore-src/NAM/wavenet/../gating_activations.h:224:61: note: while substituting deduced template arguments into function template 'operator-' [with T = float]
  224 |         blend_buffer.array() * input_buffer.array() + (1.0f - blend_buffer.array()) * pre_activation_buffer.array();
      |                                                             ^
In file included from /Users/joshua/Developer/PedalForge/source/PluginProcessor.cpp:2:
In file included from /Users/joshua/Developer/PedalForge/source/PluginEditor.h:7:
In file included from /Users/joshua/Developer/PedalForge/source/ui/InventoryOverlay.h:4:
In file included from /Users/joshua/Developer/PedalForge/source/ui/PedalPalette.h:4:
In file included from /Users/joshua/Developer/PedalForge/source/ui/../pedals/PedalRegistry.h:4:
In file included from /Users/joshua/Developer/PedalForge/source/ui/../pedals/../dsp/GraphPedalProcessor.h:4:
In file included from /Users/joshua/Developer/PedalForge/source/ui/../pedals/../dsp/../dsp/DSPGraph.h:5:
In file included from /Users/joshua/Developer/PedalForge/source/ui/../pedals/../dsp/../dsp/NAMNode.h:4:
In file included from /Users/joshua/Developer/PedalForge/build/_deps/namcore-src/NAM/get_dsp.h:7:
In file included from /Users/joshua/Developer/PedalForge/build/_deps/namcore-src/NAM/dsp.h:10:
In file included from /Users/joshua/Developer/PedalForge/build/_deps/namcore-src/Dependencies/eigen/Eigen/Dense:1:
In file included from /Users/joshua/Developer/PedalForge/build/_deps/namcore-src/Dependencies/eigen/Eigen/Core:168:
/Users/joshua/Developer/PedalForge/build/_deps/namcore-src/Dependencies/eigen/Eigen/src/Core/util/Meta.h:310:97: warning: zero as null pointer constant [-Wzero-as-null-pointer-constant]
  310 |   template <typename C> static meta_yes testFunctor(C const *, typename C::ReturnType const * = 0);
      |                                                                                                 ^
      |                                                                                                 nullptr
/Users/joshua/Developer/PedalForge/build/_deps/namcore-src/Dependencies/eigen/Eigen/src/Core/util/Meta.h:313:25: note: in instantiation of default function argument expression for 'testFunctor<Eigen::ScalarBinaryOpTraits<float, float, Eigen::internal::scalar_difference_op<float>>>' required here
  313 |   enum { value = sizeof(testFunctor<T>(static_cast<T*>(0))) == sizeof(meta_yes) };
      |                         ^
/Users/joshua/Developer/PedalForge/build/_deps/namcore-src/Dependencies/eigen/Eigen/src/Core/../plugins/ArrayCwiseBinaryOps.h:275:1: note: in instantiation of template class 'Eigen::internal::has_ReturnType<Eigen::ScalarBinaryOpTraits<float, float, Eigen::internal::scalar_difference_op<float>>>' requested here
  275 | EIGEN_MAKE_SCALAR_BINARY_OP(operator-,difference)
      | ^
/Users/joshua/Developer/PedalForge/build/_deps/namcore-src/Dependencies/eigen/Eigen/src/Core/util/Macros.h:1226:3: note: expanded from macro 'EIGEN_MAKE_SCALAR_BINARY_OP'
 1226 |   EIGEN_MAKE_SCALAR_BINARY_OP_ONTHELEFT(METHOD,OPNAME) \
      |   ^
/Users/joshua/Developer/PedalForge/build/_deps/namcore-src/Dependencies/eigen/Eigen/src/Core/util/Macros.h:1218:119: note: expanded from macro 'EIGEN_MAKE_SCALAR_BINARY_OP_ONTHELEFT'
 1218 |   const EIGEN_SCALAR_BINARYOP_EXPR_RETURN_TYPE(typename internal::promote_scalar_arg<Scalar EIGEN_COMMA T EIGEN_COMMA EIGEN_SCALAR_BINARY_SUPPORTED(OPNAME,T,Scalar)>::type,Derived,OPNAME) \
      |                                                                                                                       ^
/Users/joshua/Developer/PedalForge/build/_deps/namcore-src/Dependencies/eigen/Eigen/src/Core/util/Macros.h:1197:21: note: expanded from macro 'EIGEN_SCALAR_BINARY_SUPPORTED'
 1197 |   (Eigen::internal::has_ReturnType<Eigen::ScalarBinaryOpTraits<TYPEA,TYPEB,EIGEN_CAT(EIGEN_CAT(Eigen::internal::scalar_,OPNAME),_op)<TYPEA,TYPEB>  > >::value)
      |                     ^
/Users/joshua/Developer/PedalForge/build/_deps/namcore-src/NAM/wavenet/../gating_activations.h:224:61: note: while substituting deduced template arguments into function template 'operator-' [with T = float]
  224 |         blend_buffer.array() * input_buffer.array() + (1.0f - blend_buffer.array()) * pre_activation_buffer.array();
      |                                                             ^
In file included from /Users/joshua/Developer/PedalForge/source/PluginEditor.cpp:1:
In file included from /Users/joshua/Developer/PedalForge/source/PluginEditor.h:7:
In file included from /Users/joshua/Developer/PedalForge/source/ui/InventoryOverlay.h:4:
In file included from /Users/joshua/Developer/PedalForge/source/ui/PedalPalette.h:4:
In file included from /Users/joshua/Developer/PedalForge/source/ui/../pedals/PedalRegistry.h:4:
In file included from /Users/joshua/Developer/PedalForge/source/ui/../pedals/../dsp/GraphPedalProcessor.h:4:
In file included from /Users/joshua/Developer/PedalForge/source/ui/../pedals/../dsp/../dsp/DSPGraph.h:5:
In file included from /Users/joshua/Developer/PedalForge/source/ui/../pedals/../dsp/../dsp/NAMNode.h:4:
In file included from /Users/joshua/Developer/PedalForge/build/_deps/namcore-src/NAM/get_dsp.h:7:
In file included from /Users/joshua/Developer/PedalForge/build/_deps/namcore-src/NAM/dsp.h:10:
In file included from /Users/joshua/Developer/PedalForge/build/_deps/namcore-src/Dependencies/eigen/Eigen/Dense:1:
In file included from /Users/joshua/Developer/PedalForge/build/_deps/namcore-src/Dependencies/eigen/Eigen/Core:168:
/Users/joshua/Developer/PedalForge/build/_deps/namcore-src/Dependencies/eigen/Eigen/src/Core/util/Meta.h:313:56: warning: zero as null pointer constant [-Wzero-as-null-pointer-constant]
  313 |   enum { value = sizeof(testFunctor<T>(static_cast<T*>(0))) == sizeof(meta_yes) };
      |                                                        ^
      |                                                        nullptr
/Users/joshua/Developer/PedalForge/build/_deps/namcore-src/Dependencies/eigen/Eigen/src/Core/../plugins/CommonCwiseBinaryOps.h:50:1: note: in instantiation of template class 'Eigen::internal::has_ReturnType<Eigen::ScalarBinaryOpTraits<Eigen::CwiseBinaryOp<Eigen::internal::scalar_difference_op<float>, const Eigen::CwiseNullaryOp<Eigen::internal::scalar_constant_op<float>, const Eigen::Array<float, -1, -1>>, const Eigen::ArrayWrapper<Eigen::Matrix<float, -1, -1>>>, float>>' requested here
   50 | EIGEN_MAKE_SCALAR_BINARY_OP(operator*,product)
      | ^
/Users/joshua/Developer/PedalForge/build/_deps/namcore-src/Dependencies/eigen/Eigen/src/Core/util/Macros.h:1226:3: note: expanded from macro 'EIGEN_MAKE_SCALAR_BINARY_OP'
 1226 |   EIGEN_MAKE_SCALAR_BINARY_OP_ONTHELEFT(METHOD,OPNAME) \
      |   ^
/Users/joshua/Developer/PedalForge/build/_deps/namcore-src/Dependencies/eigen/Eigen/src/Core/util/Macros.h:1218:119: note: expanded from macro 'EIGEN_MAKE_SCALAR_BINARY_OP_ONTHELEFT'
 1218 |   const EIGEN_SCALAR_BINARYOP_EXPR_RETURN_TYPE(typename internal::promote_scalar_arg<Scalar EIGEN_COMMA T EIGEN_COMMA EIGEN_SCALAR_BINARY_SUPPORTED(OPNAME,T,Scalar)>::type,Derived,OPNAME) \
      |                                                                                                                       ^
/Users/joshua/Developer/PedalForge/build/_deps/namcore-src/Dependencies/eigen/Eigen/src/Core/util/Macros.h:1197:21: note: expanded from macro 'EIGEN_SCALAR_BINARY_SUPPORTED'
 1197 |   (Eigen::internal::has_ReturnType<Eigen::ScalarBinaryOpTraits<TYPEA,TYPEB,EIGEN_CAT(EIGEN_CAT(Eigen::internal::scalar_,OPNAME),_op)<TYPEA,TYPEB>  > >::value)
      |                     ^
/Users/joshua/Developer/PedalForge/build/_deps/namcore-src/NAM/wavenet/../gating_activations.h:224:85: note: while substituting deduced template arguments into function template 'operator*' [with T = CwiseBinaryOp<internal::scalar_difference_op<typename internal::promote_scalar_arg<Scalar, float, (Eigen::internal::has_ReturnType<Eigen::ScalarBinaryOpTraits<float, Scalar, Eigen::internal::scalar_difference_op<float, Scalar>>>::value)>::type, typename internal::traits<ArrayWrapper<Matrix<float, -1, -1, 0, -1, -1>>>::Scalar>, const typename internal::plain_constant_type<ArrayWrapper<Matrix<float, -1, -1, 0, -1, -1>>, typename internal::promote_scalar_arg<Scalar, float, (Eigen::internal::has_ReturnType<Eigen::ScalarBinaryOpTraits<float, Scalar, Eigen::internal::scalar_difference_op<float, Scalar>>>::value)>::type>::type, const ArrayWrapper<Matrix<float, -1, -1, 0, -1, -1>>>]
  224 |         blend_buffer.array() * input_buffer.array() + (1.0f - blend_buffer.array()) * pre_activation_buffer.array();
      |                                                                                     ^
In file included from /Users/joshua/Developer/PedalForge/source/PluginEditor.cpp:1:
In file included from /Users/joshua/Developer/PedalForge/source/PluginEditor.h:7:
In file included from /Users/joshua/Developer/PedalForge/source/ui/InventoryOverlay.h:4:
In file included from /Users/joshua/Developer/PedalForge/source/ui/PedalPalette.h:4:
In file included from /Users/joshua/Developer/PedalForge/source/ui/../pedals/PedalRegistry.h:4:
In file included from /Users/joshua/Developer/PedalForge/source/ui/../pedals/../dsp/GraphPedalProcessor.h:4:
In file included from /Users/joshua/Developer/PedalForge/source/ui/../pedals/../dsp/../dsp/DSPGraph.h:5:
In file included from /Users/joshua/Developer/PedalForge/source/ui/../pedals/../dsp/../dsp/NAMNode.h:4:
In file included from /Users/joshua/Developer/PedalForge/build/_deps/namcore-src/NAM/get_dsp.h:7:
In file included from /Users/joshua/Developer/PedalForge/build/_deps/namcore-src/NAM/dsp.h:10:
In file included from /Users/joshua/Developer/PedalForge/build/_deps/namcore-src/Dependencies/eigen/Eigen/Dense:1:
In file included from /Users/joshua/Developer/PedalForge/build/_deps/namcore-src/Dependencies/eigen/Eigen/Core:168:
/Users/joshua/Developer/PedalForge/build/_deps/namcore-src/Dependencies/eigen/Eigen/src/Core/util/Meta.h:313:56: warning: zero as null pointer constant [-Wzero-as-null-pointer-constant]
  313 |   enum { value = sizeof(testFunctor<T>(static_cast<T*>(0))) == sizeof(meta_yes) };
      |                                                        ^
      |                                                        nullptr
/Users/joshua/Developer/PedalForge/build/_deps/namcore-src/Dependencies/eigen/Eigen/src/Core/../plugins/ArrayCwiseBinaryOps.h:253:1: note: in instantiation of template class 'Eigen::internal::has_ReturnType<Eigen::ScalarBinaryOpTraits<float, Eigen::CwiseBinaryOp<Eigen::internal::scalar_product_op<float>, const Eigen::CwiseBinaryOp<Eigen::internal::scalar_difference_op<float>, const Eigen::CwiseNullaryOp<Eigen::internal::scalar_constant_op<float>, const Eigen::Array<float, -1, -1>>, const Eigen::ArrayWrapper<Eigen::Matrix<float, -1, -1>>>, const Eigen::ArrayWrapper<Eigen::Matrix<float, -1, -1>>>, Eigen::internal::scalar_sum_op<float, Eigen::CwiseBinaryOp<Eigen::internal::scalar_product_op<float>, const Eigen::CwiseBinaryOp<Eigen::internal::scalar_difference_op<float>, const Eigen::CwiseNullaryOp<Eigen::internal::scalar_constant_op<float>, const Eigen::Array<float, -1, -1>>, const Eigen::ArrayWrapper<Eigen::Matrix<float, -1, -1>>>, const Eigen::ArrayWrapper<Eigen::Matrix<float, -1, -1>>>>>>' requested here
  253 | EIGEN_MAKE_SCALAR_BINARY_OP(operator+,sum)
      | ^
/Users/joshua/Developer/PedalForge/build/_deps/namcore-src/Dependencies/eigen/Eigen/src/Core/util/Macros.h:1227:3: note: expanded from macro 'EIGEN_MAKE_SCALAR_BINARY_OP'
 1227 |   EIGEN_MAKE_SCALAR_BINARY_OP_ONTHERIGHT(METHOD,OPNAME)
      |   ^
/Users/joshua/Developer/PedalForge/build/_deps/namcore-src/Dependencies/eigen/Eigen/src/Core/util/Macros.h:1209:127: note: expanded from macro 'EIGEN_MAKE_SCALAR_BINARY_OP_ONTHERIGHT'
 1209 |   const EIGEN_EXPR_BINARYOP_SCALAR_RETURN_TYPE(Derived,typename internal::promote_scalar_arg<Scalar EIGEN_COMMA T EIGEN_COMMA EIGEN_SCALAR_BINARY_SUPPORTED(OPNAME,Scalar,T)>::type,OPNAME)\
      |                                                                                                                               ^
/Users/joshua/Developer/PedalForge/build/_deps/namcore-src/Dependencies/eigen/Eigen/src/Core/util/Macros.h:1197:21: note: expanded from macro 'EIGEN_SCALAR_BINARY_SUPPORTED'
 1197 |   (Eigen::internal::has_ReturnType<Eigen::ScalarBinaryOpTraits<TYPEA,TYPEB,EIGEN_CAT(EIGEN_CAT(Eigen::internal::scalar_,OPNAME),_op)<TYPEA,TYPEB>  > >::value)
      |                     ^
/Users/joshua/Developer/PedalForge/build/_deps/namcore-src/NAM/wavenet/../gating_activations.h:224:53: note: while substituting deduced template arguments into function template 'operator+' [with T = CwiseBinaryOp<internal::scalar_product_op<typename internal::traits<CwiseBinaryOp<scalar_difference_op<float, float>, const CwiseNullaryOp<scalar_constant_op<float>, const Array<float, -1, -1, 0, -1, -1>>, const ArrayWrapper<Matrix<float, -1, -1, 0, -1, -1>>>>::Scalar, typename internal::traits<ArrayWrapper<Matrix<float, -1, -1, 0, -1, -1>>>::Scalar>, const CwiseBinaryOp<scalar_difference_op<float, float>, const CwiseNullaryOp<scalar_constant_op<float>, const Array<float, -1, -1, 0, -1, -1>>, const ArrayWrapper<Matrix<float, -1, -1, 0, -1, -1>>>, const ArrayWrapper<Matrix<float, -1, -1, 0, -1, -1>>>]
  224 |         blend_buffer.array() * input_buffer.array() + (1.0f - blend_buffer.array()) * pre_activation_buffer.array();
      |                                                     ^
In file included from /Users/joshua/Developer/PedalForge/source/PluginEditor.cpp:1:
In file included from /Users/joshua/Developer/PedalForge/source/PluginEditor.h:7:
In file included from /Users/joshua/Developer/PedalForge/source/ui/InventoryOverlay.h:4:
In file included from /Users/joshua/Developer/PedalForge/source/ui/PedalPalette.h:4:
In file included from /Users/joshua/Developer/PedalForge/source/ui/../pedals/PedalRegistry.h:4:
In file included from /Users/joshua/Developer/PedalForge/source/ui/../pedals/../dsp/GraphPedalProcessor.h:4:
In file included from /Users/joshua/Developer/PedalForge/source/ui/../pedals/../dsp/../dsp/DSPGraph.h:5:
In file included from /Users/joshua/Developer/PedalForge/source/ui/../pedals/../dsp/../dsp/NAMNode.h:4:
In file included from /Users/joshua/Developer/PedalForge/build/_deps/namcore-src/NAM/get_dsp.h:7:
In file included from /Users/joshua/Developer/PedalForge/build/_deps/namcore-src/NAM/dsp.h:10:
In file included from /Users/joshua/Developer/PedalForge/build/_deps/namcore-src/Dependencies/eigen/Eigen/Dense:1:
In file included from /Users/joshua/Developer/PedalForge/build/_deps/namcore-src/Dependencies/eigen/Eigen/Core:168:
/Users/joshua/Developer/PedalForge/build/_deps/namcore-src/Dependencies/eigen/Eigen/src/Core/util/Meta.h:313:56: warning: zero as null pointer constant [-Wzero-as-null-pointer-constant]
  313 |   enum { value = sizeof(testFunctor<T>(static_cast<T*>(0))) == sizeof(meta_yes) };
      |                                                        ^
      |                                                        nullptr
/Users/joshua/Developer/PedalForge/build/_deps/namcore-src/Dependencies/eigen/Eigen/src/Core/../plugins/ArrayCwiseBinaryOps.h:253:1: note: in instantiation of template class 'Eigen::internal::has_ReturnType<Eigen::ScalarBinaryOpTraits<Eigen::CwiseBinaryOp<Eigen::internal::scalar_product_op<float>, const Eigen::ArrayWrapper<Eigen::Matrix<float, -1, -1>>, const Eigen::ArrayWrapper<Eigen::Matrix<float, -1, -1>>>, float, Eigen::internal::scalar_sum_op<Eigen::CwiseBinaryOp<Eigen::internal::scalar_product_op<float>, const Eigen::ArrayWrapper<Eigen::Matrix<float, -1, -1>>, const Eigen::ArrayWrapper<Eigen::Matrix<float, -1, -1>>>, float>>>' requested here
  253 | EIGEN_MAKE_SCALAR_BINARY_OP(operator+,sum)
      | ^
/Users/joshua/Developer/PedalForge/build/_deps/namcore-src/Dependencies/eigen/Eigen/src/Core/util/Macros.h:1226:3: note: expanded from macro 'EIGEN_MAKE_SCALAR_BINARY_OP'
 1226 |   EIGEN_MAKE_SCALAR_BINARY_OP_ONTHELEFT(METHOD,OPNAME) \
      |   ^
/Users/joshua/Developer/PedalForge/build/_deps/namcore-src/Dependencies/eigen/Eigen/src/Core/util/Macros.h:1218:119: note: expanded from macro 'EIGEN_MAKE_SCALAR_BINARY_OP_ONTHELEFT'
 1218 |   const EIGEN_SCALAR_BINARYOP_EXPR_RETURN_TYPE(typename internal::promote_scalar_arg<Scalar EIGEN_COMMA T EIGEN_COMMA EIGEN_SCALAR_BINARY_SUPPORTED(OPNAME,T,Scalar)>::type,Derived,OPNAME) \
      |                                                                                                                       ^
/Users/joshua/Developer/PedalForge/build/_deps/namcore-src/Dependencies/eigen/Eigen/src/Core/util/Macros.h:1197:21: note: expanded from macro 'EIGEN_SCALAR_BINARY_SUPPORTED'
 1197 |   (Eigen::internal::has_ReturnType<Eigen::ScalarBinaryOpTraits<TYPEA,TYPEB,EIGEN_CAT(EIGEN_CAT(Eigen::internal::scalar_,OPNAME),_op)<TYPEA,TYPEB>  > >::value)
      |                     ^
/Users/joshua/Developer/PedalForge/build/_deps/namcore-src/NAM/wavenet/../gating_activations.h:224:53: note: while substituting deduced template arguments into function template 'operator+' [with T = CwiseBinaryOp<internal::scalar_product_op<typename internal::traits<ArrayWrapper<Matrix<float, -1, -1, 0, -1, -1>>>::Scalar, typename internal::traits<ArrayWrapper<Matrix<float, -1, -1, 0, -1, -1>>>::Scalar>, const ArrayWrapper<Matrix<float, -1, -1, 0, -1, -1>>, const ArrayWrapper<Matrix<float, -1, -1, 0, -1, -1>>>]
  224 |         blend_buffer.array() * input_buffer.array() + (1.0f - blend_buffer.array()) * pre_activation_buffer.array();
      |                                                     ^
In file included from /Users/joshua/Developer/PedalForge/source/PluginProcessor.cpp:2:
In file included from /Users/joshua/Developer/PedalForge/source/PluginEditor.h:7:
In file included from /Users/joshua/Developer/PedalForge/source/ui/InventoryOverlay.h:4:
In file included from /Users/joshua/Developer/PedalForge/source/ui/PedalPalette.h:4:
In file included from /Users/joshua/Developer/PedalForge/source/ui/../pedals/PedalRegistry.h:4:
In file included from /Users/joshua/Developer/PedalForge/source/ui/../pedals/../dsp/GraphPedalProcessor.h:4:
In file included from /Users/joshua/Developer/PedalForge/source/ui/../pedals/../dsp/../dsp/DSPGraph.h:5:
In file included from /Users/joshua/Developer/PedalForge/source/ui/../pedals/../dsp/../dsp/NAMNode.h:4:
In file included from /Users/joshua/Developer/PedalForge/build/_deps/namcore-src/NAM/get_dsp.h:7:
In file included from /Users/joshua/Developer/PedalForge/build/_deps/namcore-src/NAM/dsp.h:10:
In file included from /Users/joshua/Developer/PedalForge/build/_deps/namcore-src/Dependencies/eigen/Eigen/Dense:1:
In file included from /Users/joshua/Developer/PedalForge/build/_deps/namcore-src/Dependencies/eigen/Eigen/Core:168:
/Users/joshua/Developer/PedalForge/build/_deps/namcore-src/Dependencies/eigen/Eigen/src/Core/util/Meta.h:313:56: warning: zero as null pointer constant [-Wzero-as-null-pointer-constant]
  313 |   enum { value = sizeof(testFunctor<T>(static_cast<T*>(0))) == sizeof(meta_yes) };
      |                                                        ^
      |                                                        nullptr
/Users/joshua/Developer/PedalForge/build/_deps/namcore-src/Dependencies/eigen/Eigen/src/Core/../plugins/CommonCwiseBinaryOps.h:50:1: note: in instantiation of template class 'Eigen::internal::has_ReturnType<Eigen::ScalarBinaryOpTraits<Eigen::CwiseBinaryOp<Eigen::internal::scalar_difference_op<float>, const Eigen::CwiseNullaryOp<Eigen::internal::scalar_constant_op<float>, const Eigen::Array<float, -1, -1>>, const Eigen::ArrayWrapper<Eigen::Matrix<float, -1, -1>>>, float>>' requested here
   50 | EIGEN_MAKE_SCALAR_BINARY_OP(operator*,product)
      | ^
/Users/joshua/Developer/PedalForge/build/_deps/namcore-src/Dependencies/eigen/Eigen/src/Core/util/Macros.h:1226:3: note: expanded from macro 'EIGEN_MAKE_SCALAR_BINARY_OP'
 1226 |   EIGEN_MAKE_SCALAR_BINARY_OP_ONTHELEFT(METHOD,OPNAME) \
      |   ^
/Users/joshua/Developer/PedalForge/build/_deps/namcore-src/Dependencies/eigen/Eigen/src/Core/util/Macros.h:1218:119: note: expanded from macro 'EIGEN_MAKE_SCALAR_BINARY_OP_ONTHELEFT'
 1218 |   const EIGEN_SCALAR_BINARYOP_EXPR_RETURN_TYPE(typename internal::promote_scalar_arg<Scalar EIGEN_COMMA T EIGEN_COMMA EIGEN_SCALAR_BINARY_SUPPORTED(OPNAME,T,Scalar)>::type,Derived,OPNAME) \
      |                                                                                                                       ^
/Users/joshua/Developer/PedalForge/build/_deps/namcore-src/Dependencies/eigen/Eigen/src/Core/util/Macros.h:1197:21: note: expanded from macro 'EIGEN_SCALAR_BINARY_SUPPORTED'
 1197 |   (Eigen::internal::has_ReturnType<Eigen::ScalarBinaryOpTraits<TYPEA,TYPEB,EIGEN_CAT(EIGEN_CAT(Eigen::internal::scalar_,OPNAME),_op)<TYPEA,TYPEB>  > >::value)
      |                     ^
/Users/joshua/Developer/PedalForge/build/_deps/namcore-src/NAM/wavenet/../gating_activations.h:224:85: note: while substituting deduced template arguments into function template 'operator*' [with T = CwiseBinaryOp<internal::scalar_difference_op<typename internal::promote_scalar_arg<Scalar, float, (Eigen::internal::has_ReturnType<Eigen::ScalarBinaryOpTraits<float, Scalar, Eigen::internal::scalar_difference_op<float, Scalar>>>::value)>::type, typename internal::traits<ArrayWrapper<Matrix<float, -1, -1, 0, -1, -1>>>::Scalar>, const typename internal::plain_constant_type<ArrayWrapper<Matrix<float, -1, -1, 0, -1, -1>>, typename internal::promote_scalar_arg<Scalar, float, (Eigen::internal::has_ReturnType<Eigen::ScalarBinaryOpTraits<float, Scalar, Eigen::internal::scalar_difference_op<float, Scalar>>>::value)>::type>::type, const ArrayWrapper<Matrix<float, -1, -1, 0, -1, -1>>>]
  224 |         blend_buffer.array() * input_buffer.array() + (1.0f - blend_buffer.array()) * pre_activation_buffer.array();
      |                                                                                     ^
In file included from /Users/joshua/Developer/PedalForge/source/PluginEditor.cpp:1:
In file included from /Users/joshua/Developer/PedalForge/source/PluginEditor.h:7:
In file included from /Users/joshua/Developer/PedalForge/source/ui/InventoryOverlay.h:4:
In file included from /Users/joshua/Developer/PedalForge/source/ui/PedalPalette.h:4:
In file included from /Users/joshua/Developer/PedalForge/source/ui/../pedals/PedalRegistry.h:4:
In file included from /Users/joshua/Developer/PedalForge/source/ui/../pedals/../dsp/GraphPedalProcessor.h:4:
In file included from /Users/joshua/Developer/PedalForge/source/ui/../pedals/../dsp/../dsp/DSPGraph.h:5:
In file included from /Users/joshua/Developer/PedalForge/source/ui/../pedals/../dsp/../dsp/NAMNode.h:4:
In file included from /Users/joshua/Developer/PedalForge/build/_deps/namcore-src/NAM/get_dsp.h:7:
In file included from /Users/joshua/Developer/PedalForge/build/_deps/namcore-src/NAM/dsp.h:10:
In file included from /Users/joshua/Developer/PedalForge/build/_deps/namcore-src/Dependencies/eigen/Eigen/Dense:1:
In file included from /Users/joshua/Developer/PedalForge/build/_deps/namcore-src/Dependencies/eigen/Eigen/Core:168:
/Users/joshua/Developer/PedalForge/build/_deps/namcore-src/Dependencies/eigen/Eigen/src/Core/util/Meta.h:313:56: warning: zero as null pointer constant [-Wzero-as-null-pointer-constant]
  313 |   enum { value = sizeof(testFunctor<T>(static_cast<T*>(0))) == sizeof(meta_yes) };
      |                                                        ^
      |                                                        nullptr
/Users/joshua/Developer/PedalForge/build/_deps/namcore-src/Dependencies/eigen/Eigen/src/Core/CwiseBinaryOp.h:100:5: note: in instantiation of template class 'Eigen::internal::has_ReturnType<Eigen::ScalarBinaryOpTraits<float, float, Eigen::internal::scalar_sum_op<float>>>' requested here
  100 |     EIGEN_CHECK_BINARY_COMPATIBILIY(BinaryOp,typename Lhs::Scalar,typename Rhs::Scalar)
      |     ^
/Users/joshua/Developer/PedalForge/build/_deps/namcore-src/Dependencies/eigen/Eigen/src/Core/util/XprHelper.h:835:41: note: expanded from macro 'EIGEN_CHECK_BINARY_COMPATIBILIY'
  835 |   EIGEN_STATIC_ASSERT((Eigen::internal::has_ReturnType<ScalarBinaryOpTraits<LHS, RHS,BINOP> >::value), \
      |                                         ^
/Users/joshua/Developer/PedalForge/build/_deps/namcore-src/NAM/wavenet/../gating_activations.h:224:53: note: in instantiation of template class 'Eigen::CwiseBinaryOp<Eigen::internal::scalar_sum_op<float>, const Eigen::CwiseBinaryOp<Eigen::internal::scalar_product_op<float>, const Eigen::ArrayWrapper<Eigen::Matrix<float, -1, -1>>, const Eigen::ArrayWrapper<Eigen::Matrix<float, -1, -1>>>, const Eigen::CwiseBinaryOp<Eigen::internal::scalar_product_op<float>, const Eigen::CwiseBinaryOp<Eigen::internal::scalar_difference_op<float>, const Eigen::CwiseNullaryOp<Eigen::internal::scalar_constant_op<float>, const Eigen::Array<float, -1, -1>>, const Eigen::ArrayWrapper<Eigen::Matrix<float, -1, -1>>>, const Eigen::ArrayWrapper<Eigen::Matrix<float, -1, -1>>>>' requested here
  224 |         blend_buffer.array() * input_buffer.array() + (1.0f - blend_buffer.array()) * pre_activation_buffer.array();
      |                                                     ^
In file included from /Users/joshua/Developer/PedalForge/source/PluginEditor.cpp:1:
In file included from /Users/joshua/Developer/PedalForge/source/PluginEditor.h:7:
In file included from /Users/joshua/Developer/PedalForge/source/ui/InventoryOverlay.h:4:
In file included from /Users/joshua/Developer/PedalForge/source/ui/PedalPalette.h:4:
In file included from /Users/joshua/Developer/PedalForge/source/ui/../pedals/PedalRegistry.h:4:
In file included from /Users/joshua/Developer/PedalForge/source/ui/../pedals/../dsp/GraphPedalProcessor.h:4:
In file included from /Users/joshua/Developer/PedalForge/source/ui/../pedals/../dsp/../dsp/DSPGraph.h:5:
In file included from /Users/joshua/Developer/PedalForge/source/ui/../pedals/../dsp/../dsp/NAMNode.h:4:
In file included from /Users/joshua/Developer/PedalForge/build/_deps/namcore-src/NAM/get_dsp.h:7:
In file included from /Users/joshua/Developer/PedalForge/build/_deps/namcore-src/NAM/dsp.h:10:
In file included from /Users/joshua/Developer/PedalForge/build/_deps/namcore-src/Dependencies/eigen/Eigen/Dense:1:
In file included from /Users/joshua/Developer/PedalForge/build/_deps/namcore-src/Dependencies/eigen/Eigen/Core:168:
/Users/joshua/Developer/PedalForge/build/_deps/namcore-src/Dependencies/eigen/Eigen/src/Core/util/Meta.h:310:97: warning: zero as null pointer constant [-Wzero-as-null-pointer-constant]
  310 |   template <typename C> static meta_yes testFunctor(C const *, typename C::ReturnType const * = 0);
      |                                                                                                 ^
      |                                                                                                 nullptr
/Users/joshua/Developer/PedalForge/build/_deps/namcore-src/Dependencies/eigen/Eigen/src/Core/util/Meta.h:313:25: note: in instantiation of default function argument expression for 'testFunctor<Eigen::ScalarBinaryOpTraits<float, float, Eigen::internal::scalar_sum_op<float>>>' required here
  313 |   enum { value = sizeof(testFunctor<T>(static_cast<T*>(0))) == sizeof(meta_yes) };
      |                         ^
/Users/joshua/Developer/PedalForge/build/_deps/namcore-src/Dependencies/eigen/Eigen/src/Core/CwiseBinaryOp.h:100:5: note: in instantiation of template class 'Eigen::internal::has_ReturnType<Eigen::ScalarBinaryOpTraits<float, float, Eigen::internal::scalar_sum_op<float>>>' requested here
  100 |     EIGEN_CHECK_BINARY_COMPATIBILIY(BinaryOp,typename Lhs::Scalar,typename Rhs::Scalar)
      |     ^
/Users/joshua/Developer/PedalForge/build/_deps/namcore-src/Dependencies/eigen/Eigen/src/Core/util/XprHelper.h:835:41: note: expanded from macro 'EIGEN_CHECK_BINARY_COMPATIBILIY'
  835 |   EIGEN_STATIC_ASSERT((Eigen::internal::has_ReturnType<ScalarBinaryOpTraits<LHS, RHS,BINOP> >::value), \
      |                                         ^
/Users/joshua/Developer/PedalForge/build/_deps/namcore-src/NAM/wavenet/../gating_activations.h:224:53: note: in instantiation of template class 'Eigen::CwiseBinaryOp<Eigen::internal::scalar_sum_op<float>, const Eigen::CwiseBinaryOp<Eigen::internal::scalar_product_op<float>, const Eigen::ArrayWrapper<Eigen::Matrix<float, -1, -1>>, const Eigen::ArrayWrapper<Eigen::Matrix<float, -1, -1>>>, const Eigen::CwiseBinaryOp<Eigen::internal::scalar_product_op<float>, const Eigen::CwiseBinaryOp<Eigen::internal::scalar_difference_op<float>, const Eigen::CwiseNullaryOp<Eigen::internal::scalar_constant_op<float>, const Eigen::Array<float, -1, -1>>, const Eigen::ArrayWrapper<Eigen::Matrix<float, -1, -1>>>, const Eigen::ArrayWrapper<Eigen::Matrix<float, -1, -1>>>>' requested here
  224 |         blend_buffer.array() * input_buffer.array() + (1.0f - blend_buffer.array()) * pre_activation_buffer.array();
      |                                                     ^
/Users/joshua/Developer/PedalForge/build/_deps/namcore-src/NAM/wavenet/../gating_activations.h:249:2: warning: extra ';' outside of a function is incompatible with C++98 [-Wc++98-compat-extra-semi]
  249 | }; // namespace gating_activations
      |  ^
/Users/joshua/Developer/PedalForge/build/_deps/namcore-src/NAM/wavenet/../gating_activations.h:250:2: warning: extra ';' outside of a function is incompatible with C++98 [-Wc++98-compat-extra-semi]
  250 | }; // namespace nam
      |  ^
In file included from /Users/joshua/Developer/PedalForge/source/PluginProcessor.cpp:2:
In file included from /Users/joshua/Developer/PedalForge/source/PluginEditor.h:7:
In file included from /Users/joshua/Developer/PedalForge/source/ui/InventoryOverlay.h:4:
In file included from /Users/joshua/Developer/PedalForge/source/ui/PedalPalette.h:4:
In file included from /Users/joshua/Developer/PedalForge/source/ui/../pedals/PedalRegistry.h:4:
In file included from /Users/joshua/Developer/PedalForge/source/ui/../pedals/../dsp/GraphPedalProcessor.h:4:
In file included from /Users/joshua/Developer/PedalForge/source/ui/../pedals/../dsp/../dsp/DSPGraph.h:5:
In file included from /Users/joshua/Developer/PedalForge/source/ui/../pedals/../dsp/../dsp/NAMNode.h:4:
In file included from /Users/joshua/Developer/PedalForge/build/_deps/namcore-src/NAM/get_dsp.h:7:
In file included from /Users/joshua/Developer/PedalForge/build/_deps/namcore-src/NAM/dsp.h:10:
In file included from /Users/joshua/Developer/PedalForge/build/_deps/namcore-src/Dependencies/eigen/Eigen/Dense:1:
In file included from /Users/joshua/Developer/PedalForge/build/_deps/namcore-src/Dependencies/eigen/Eigen/Core:168:
/Users/joshua/Developer/PedalForge/build/_deps/namcore-src/Dependencies/eigen/Eigen/src/Core/util/Meta.h:313:56: warning: zero as null pointer constant [-Wzero-as-null-pointer-constant]
  313 |   enum { value = sizeof(testFunctor<T>(static_cast<T*>(0))) == sizeof(meta_yes) };
      |                                                        ^
      |                                                        nullptr
/Users/joshua/Developer/PedalForge/build/_deps/namcore-src/Dependencies/eigen/Eigen/src/Core/../plugins/ArrayCwiseBinaryOps.h:253:1: note: in instantiation of template class 'Eigen::internal::has_ReturnType<Eigen::ScalarBinaryOpTraits<float, Eigen::CwiseBinaryOp<Eigen::internal::scalar_product_op<float>, const Eigen::CwiseBinaryOp<Eigen::internal::scalar_difference_op<float>, const Eigen::CwiseNullaryOp<Eigen::internal::scalar_constant_op<float>, const Eigen::Array<float, -1, -1>>, const Eigen::ArrayWrapper<Eigen::Matrix<float, -1, -1>>>, const Eigen::ArrayWrapper<Eigen::Matrix<float, -1, -1>>>, Eigen::internal::scalar_sum_op<float, Eigen::CwiseBinaryOp<Eigen::internal::scalar_product_op<float>, const Eigen::CwiseBinaryOp<Eigen::internal::scalar_difference_op<float>, const Eigen::CwiseNullaryOp<Eigen::internal::scalar_constant_op<float>, const Eigen::Array<float, -1, -1>>, const Eigen::ArrayWrapper<Eigen::Matrix<float, -1, -1>>>, const Eigen::ArrayWrapper<Eigen::Matrix<float, -1, -1>>>>>>' requested here
  253 | EIGEN_MAKE_SCALAR_BINARY_OP(operator+,sum)
      | ^
/Users/joshua/Developer/PedalForge/build/_deps/namcore-src/Dependencies/eigen/Eigen/src/Core/util/Macros.h:1227:3: note: expanded from macro 'EIGEN_MAKE_SCALAR_BINARY_OP'
 1227 |   EIGEN_MAKE_SCALAR_BINARY_OP_ONTHERIGHT(METHOD,OPNAME)
      |   ^
/Users/joshua/Developer/PedalForge/build/_deps/namcore-src/Dependencies/eigen/Eigen/src/Core/util/Macros.h:1209:127: note: expanded from macro 'EIGEN_MAKE_SCALAR_BINARY_OP_ONTHERIGHT'
 1209 |   const EIGEN_EXPR_BINARYOP_SCALAR_RETURN_TYPE(Derived,typename internal::promote_scalar_arg<Scalar EIGEN_COMMA T EIGEN_COMMA EIGEN_SCALAR_BINARY_SUPPORTED(OPNAME,Scalar,T)>::type,OPNAME)\
      |                                                                                                                               ^
/Users/joshua/Developer/PedalForge/build/_deps/namcore-src/Dependencies/eigen/Eigen/src/Core/util/Macros.h:1197:21: note: expanded from macro 'EIGEN_SCALAR_BINARY_SUPPORTED'
 1197 |   (Eigen::internal::has_ReturnType<Eigen::ScalarBinaryOpTraits<TYPEA,TYPEB,EIGEN_CAT(EIGEN_CAT(Eigen::internal::scalar_,OPNAME),_op)<TYPEA,TYPEB>  > >::value)
      |                     ^
/Users/joshua/Developer/PedalForge/build/_deps/namcore-src/NAM/wavenet/../gating_activations.h:224:53: note: while substituting deduced template arguments into function template 'operator+' [with T = CwiseBinaryOp<internal::scalar_product_op<typename internal::traits<CwiseBinaryOp<scalar_difference_op<float, float>, const CwiseNullaryOp<scalar_constant_op<float>, const Array<float, -1, -1, 0, -1, -1>>, const ArrayWrapper<Matrix<float, -1, -1, 0, -1, -1>>>>::Scalar, typename internal::traits<ArrayWrapper<Matrix<float, -1, -1, 0, -1, -1>>>::Scalar>, const CwiseBinaryOp<scalar_difference_op<float, float>, const CwiseNullaryOp<scalar_constant_op<float>, const Array<float, -1, -1, 0, -1, -1>>, const ArrayWrapper<Matrix<float, -1, -1, 0, -1, -1>>>, const ArrayWrapper<Matrix<float, -1, -1, 0, -1, -1>>>]
  224 |         blend_buffer.array() * input_buffer.array() + (1.0f - blend_buffer.array()) * pre_activation_buffer.array();
      |                                                     ^
In file included from /Users/joshua/Developer/PedalForge/source/PluginProcessor.cpp:2:
In file included from /Users/joshua/Developer/PedalForge/source/PluginEditor.h:7:
In file included from /Users/joshua/Developer/PedalForge/source/ui/InventoryOverlay.h:4:
In file included from /Users/joshua/Developer/PedalForge/source/ui/PedalPalette.h:4:
In file included from /Users/joshua/Developer/PedalForge/source/ui/../pedals/PedalRegistry.h:4:
In file included from /Users/joshua/Developer/PedalForge/source/ui/../pedals/../dsp/GraphPedalProcessor.h:4:
In file included from /Users/joshua/Developer/PedalForge/source/ui/../pedals/../dsp/../dsp/DSPGraph.h:5:
In file included from /Users/joshua/Developer/PedalForge/source/ui/../pedals/../dsp/../dsp/NAMNode.h:4:
In file included from /Users/joshua/Developer/PedalForge/build/_deps/namcore-src/NAM/get_dsp.h:7:
In file included from /Users/joshua/Developer/PedalForge/build/_deps/namcore-src/NAM/dsp.h:10:
In file included from /Users/joshua/Developer/PedalForge/build/_deps/namcore-src/Dependencies/eigen/Eigen/Dense:1:
In file included from /Users/joshua/Developer/PedalForge/build/_deps/namcore-src/Dependencies/eigen/Eigen/Core:168:
/Users/joshua/Developer/PedalForge/build/_deps/namcore-src/Dependencies/eigen/Eigen/src/Core/util/Meta.h:313:56: warning: zero as null pointer constant [-Wzero-as-null-pointer-constant]
  313 |   enum { value = sizeof(testFunctor<T>(static_cast<T*>(0))) == sizeof(meta_yes) };
      |                                                        ^
      |                                                        nullptr
/Users/joshua/Developer/PedalForge/build/_deps/namcore-src/Dependencies/eigen/Eigen/src/Core/../plugins/ArrayCwiseBinaryOps.h:253:1: note: in instantiation of template class 'Eigen::internal::has_ReturnType<Eigen::ScalarBinaryOpTraits<Eigen::CwiseBinaryOp<Eigen::internal::scalar_product_op<float>, const Eigen::ArrayWrapper<Eigen::Matrix<float, -1, -1>>, const Eigen::ArrayWrapper<Eigen::Matrix<float, -1, -1>>>, float, Eigen::internal::scalar_sum_op<Eigen::CwiseBinaryOp<Eigen::internal::scalar_product_op<float>, const Eigen::ArrayWrapper<Eigen::Matrix<float, -1, -1>>, const Eigen::ArrayWrapper<Eigen::Matrix<float, -1, -1>>>, float>>>' requested here
  253 | EIGEN_MAKE_SCALAR_BINARY_OP(operator+,sum)
      | ^
/Users/joshua/Developer/PedalForge/build/_deps/namcore-src/Dependencies/eigen/Eigen/src/Core/util/Macros.h:1226:3: note: expanded from macro 'EIGEN_MAKE_SCALAR_BINARY_OP'
 1226 |   EIGEN_MAKE_SCALAR_BINARY_OP_ONTHELEFT(METHOD,OPNAME) \
      |   ^
/Users/joshua/Developer/PedalForge/build/_deps/namcore-src/Dependencies/eigen/Eigen/src/Core/util/Macros.h:1218:119: note: expanded from macro 'EIGEN_MAKE_SCALAR_BINARY_OP_ONTHELEFT'
 1218 |   const EIGEN_SCALAR_BINARYOP_EXPR_RETURN_TYPE(typename internal::promote_scalar_arg<Scalar EIGEN_COMMA T EIGEN_COMMA EIGEN_SCALAR_BINARY_SUPPORTED(OPNAME,T,Scalar)>::type,Derived,OPNAME) \
      |                                                                                                                       ^
/Users/joshua/Developer/PedalForge/build/_deps/namcore-src/Dependencies/eigen/Eigen/src/Core/util/Macros.h:1197:21: note: expanded from macro 'EIGEN_SCALAR_BINARY_SUPPORTED'
 1197 |   (Eigen::internal::has_ReturnType<Eigen::ScalarBinaryOpTraits<TYPEA,TYPEB,EIGEN_CAT(EIGEN_CAT(Eigen::internal::scalar_,OPNAME),_op)<TYPEA,TYPEB>  > >::value)
      |                     ^
/Users/joshua/Developer/PedalForge/build/_deps/namcore-src/NAM/wavenet/../gating_activations.h:224:53: note: while substituting deduced template arguments into function template 'operator+' [with T = CwiseBinaryOp<internal::scalar_product_op<typename internal::traits<ArrayWrapper<Matrix<float, -1, -1, 0, -1, -1>>>::Scalar, typename internal::traits<ArrayWrapper<Matrix<float, -1, -1, 0, -1, -1>>>::Scalar>, const ArrayWrapper<Matrix<float, -1, -1, 0, -1, -1>>, const ArrayWrapper<Matrix<float, -1, -1, 0, -1, -1>>>]
  224 |         blend_buffer.array() * input_buffer.array() + (1.0f - blend_buffer.array()) * pre_activation_buffer.array();
      |                                                     ^
In file included from /Users/joshua/Developer/PedalForge/source/PluginProcessor.cpp:2:
In file included from /Users/joshua/Developer/PedalForge/source/PluginEditor.h:7:
In file included from /Users/joshua/Developer/PedalForge/source/ui/InventoryOverlay.h:4:
In file included from /Users/joshua/Developer/PedalForge/source/ui/PedalPalette.h:4:
In file included from /Users/joshua/Developer/PedalForge/source/ui/../pedals/PedalRegistry.h:4:
In file included from /Users/joshua/Developer/PedalForge/source/ui/../pedals/../dsp/GraphPedalProcessor.h:4:
In file included from /Users/joshua/Developer/PedalForge/source/ui/../pedals/../dsp/../dsp/DSPGraph.h:5:
In file included from /Users/joshua/Developer/PedalForge/source/ui/../pedals/../dsp/../dsp/NAMNode.h:4:
In file included from /Users/joshua/Developer/PedalForge/build/_deps/namcore-src/NAM/get_dsp.h:7:
In file included from /Users/joshua/Developer/PedalForge/build/_deps/namcore-src/NAM/dsp.h:10:
In file included from /Users/joshua/Developer/PedalForge/build/_deps/namcore-src/Dependencies/eigen/Eigen/Dense:1:
In file included from /Users/joshua/Developer/PedalForge/build/_deps/namcore-src/Dependencies/eigen/Eigen/Core:168:
/Users/joshua/Developer/PedalForge/build/_deps/namcore-src/Dependencies/eigen/Eigen/src/Core/util/Meta.h:313:56: warning: zero as null pointer constant [-Wzero-as-null-pointer-constant]
  313 |   enum { value = sizeof(testFunctor<T>(static_cast<T*>(0))) == sizeof(meta_yes) };
      |                                                        ^
      |                                                        nullptr
/Users/joshua/Developer/PedalForge/build/_deps/namcore-src/Dependencies/eigen/Eigen/src/Core/CwiseBinaryOp.h:100:5: note: in instantiation of template class 'Eigen::internal::has_ReturnType<Eigen::ScalarBinaryOpTraits<float, float, Eigen::internal::scalar_sum_op<float>>>' requested here
  100 |     EIGEN_CHECK_BINARY_COMPATIBILIY(BinaryOp,typename Lhs::Scalar,typename Rhs::Scalar)
      |     ^
/Users/joshua/Developer/PedalForge/build/_deps/namcore-src/Dependencies/eigen/Eigen/src/Core/util/XprHelper.h:835:41: note: expanded from macro 'EIGEN_CHECK_BINARY_COMPATIBILIY'
  835 |   EIGEN_STATIC_ASSERT((Eigen::internal::has_ReturnType<ScalarBinaryOpTraits<LHS, RHS,BINOP> >::value), \
      |                                         ^
/Users/joshua/Developer/PedalForge/build/_deps/namcore-src/NAM/wavenet/../gating_activations.h:224:53: note: in instantiation of template class 'Eigen::CwiseBinaryOp<Eigen::internal::scalar_sum_op<float>, const Eigen::CwiseBinaryOp<Eigen::internal::scalar_product_op<float>, const Eigen::ArrayWrapper<Eigen::Matrix<float, -1, -1>>, const Eigen::ArrayWrapper<Eigen::Matrix<float, -1, -1>>>, const Eigen::CwiseBinaryOp<Eigen::internal::scalar_product_op<float>, const Eigen::CwiseBinaryOp<Eigen::internal::scalar_difference_op<float>, const Eigen::CwiseNullaryOp<Eigen::internal::scalar_constant_op<float>, const Eigen::Array<float, -1, -1>>, const Eigen::ArrayWrapper<Eigen::Matrix<float, -1, -1>>>, const Eigen::ArrayWrapper<Eigen::Matrix<float, -1, -1>>>>' requested here
  224 |         blend_buffer.array() * input_buffer.array() + (1.0f - blend_buffer.array()) * pre_activation_buffer.array();
      |                                                     ^
In file included from /Users/joshua/Developer/PedalForge/source/PluginProcessor.cpp:2:
In file included from /Users/joshua/Developer/PedalForge/source/PluginEditor.h:7:
In file included from /Users/joshua/Developer/PedalForge/source/ui/InventoryOverlay.h:4:
In file included from /Users/joshua/Developer/PedalForge/source/ui/PedalPalette.h:4:
In file included from /Users/joshua/Developer/PedalForge/source/ui/../pedals/PedalRegistry.h:4:
In file included from /Users/joshua/Developer/PedalForge/source/ui/../pedals/../dsp/GraphPedalProcessor.h:4:
In file included from /Users/joshua/Developer/PedalForge/source/ui/../pedals/../dsp/../dsp/DSPGraph.h:5:
In file included from /Users/joshua/Developer/PedalForge/source/ui/../pedals/../dsp/../dsp/NAMNode.h:4:
In file included from /Users/joshua/Developer/PedalForge/build/_deps/namcore-src/NAM/get_dsp.h:7:
In file included from /Users/joshua/Developer/PedalForge/build/_deps/namcore-src/NAM/dsp.h:10:
In file included from /Users/joshua/Developer/PedalForge/build/_deps/namcore-src/Dependencies/eigen/Eigen/Dense:1:
In file included from /Users/joshua/Developer/PedalForge/build/_deps/namcore-src/Dependencies/eigen/Eigen/Core:168:
/Users/joshua/Developer/PedalForge/build/_deps/namcore-src/Dependencies/eigen/Eigen/src/Core/util/Meta.h:310:97: warning: zero as null pointer constant [-Wzero-as-null-pointer-constant]
  310 |   template <typename C> static meta_yes testFunctor(C const *, typename C::ReturnType const * = 0);
      |                                                                                                 ^
      |                                                                                                 nullptr
/Users/joshua/Developer/PedalForge/build/_deps/namcore-src/Dependencies/eigen/Eigen/src/Core/util/Meta.h:313:25: note: in instantiation of default function argument expression for 'testFunctor<Eigen::ScalarBinaryOpTraits<float, float, Eigen::internal::scalar_sum_op<float>>>' required here
  313 |   enum { value = sizeof(testFunctor<T>(static_cast<T*>(0))) == sizeof(meta_yes) };
      |                         ^
/Users/joshua/Developer/PedalForge/build/_deps/namcore-src/Dependencies/eigen/Eigen/src/Core/CwiseBinaryOp.h:100:5: note: in instantiation of template class 'Eigen::internal::has_ReturnType<Eigen::ScalarBinaryOpTraits<float, float, Eigen::internal::scalar_sum_op<float>>>' requested here
  100 |     EIGEN_CHECK_BINARY_COMPATIBILIY(BinaryOp,typename Lhs::Scalar,typename Rhs::Scalar)
      |     ^
/Users/joshua/Developer/PedalForge/build/_deps/namcore-src/Dependencies/eigen/Eigen/src/Core/util/XprHelper.h:835:41: note: expanded from macro 'EIGEN_CHECK_BINARY_COMPATIBILIY'
  835 |   EIGEN_STATIC_ASSERT((Eigen::internal::has_ReturnType<ScalarBinaryOpTraits<LHS, RHS,BINOP> >::value), \
      |                                         ^
/Users/joshua/Developer/PedalForge/build/_deps/namcore-src/NAM/wavenet/../gating_activations.h:224:53: note: in instantiation of template class 'Eigen::CwiseBinaryOp<Eigen::internal::scalar_sum_op<float>, const Eigen::CwiseBinaryOp<Eigen::internal::scalar_product_op<float>, const Eigen::ArrayWrapper<Eigen::Matrix<float, -1, -1>>, const Eigen::ArrayWrapper<Eigen::Matrix<float, -1, -1>>>, const Eigen::CwiseBinaryOp<Eigen::internal::scalar_product_op<float>, const Eigen::CwiseBinaryOp<Eigen::internal::scalar_difference_op<float>, const Eigen::CwiseNullaryOp<Eigen::internal::scalar_constant_op<float>, const Eigen::Array<float, -1, -1>>, const Eigen::ArrayWrapper<Eigen::Matrix<float, -1, -1>>>, const Eigen::ArrayWrapper<Eigen::Matrix<float, -1, -1>>>>' requested here
  224 |         blend_buffer.array() * input_buffer.array() + (1.0f - blend_buffer.array()) * pre_activation_buffer.array();
      |                                                     ^
/Users/joshua/Developer/PedalForge/build/_deps/namcore-src/NAM/wavenet/../gating_activations.h:249:2: warning: extra ';' outside of a function is incompatible with C++98 [-Wc++98-compat-extra-semi]
  249 | }; // namespace gating_activations
      |  ^
/Users/joshua/Developer/PedalForge/build/_deps/namcore-src/NAM/wavenet/../gating_activations.h:250:2: warning: extra ';' outside of a function is incompatible with C++98 [-Wc++98-compat-extra-semi]
  250 | }; // namespace nam
      |  ^
In file included from /Users/joshua/Developer/PedalForge/source/PluginEditor.cpp:1:
In file included from /Users/joshua/Developer/PedalForge/source/PluginEditor.h:7:
In file included from /Users/joshua/Developer/PedalForge/source/ui/InventoryOverlay.h:4:
In file included from /Users/joshua/Developer/PedalForge/source/ui/PedalPalette.h:4:
In file included from /Users/joshua/Developer/PedalForge/source/ui/../pedals/PedalRegistry.h:4:
In file included from /Users/joshua/Developer/PedalForge/source/ui/../pedals/../dsp/GraphPedalProcessor.h:4:
In file included from /Users/joshua/Developer/PedalForge/source/ui/../pedals/../dsp/../dsp/DSPGraph.h:5:
In file included from /Users/joshua/Developer/PedalForge/source/ui/../pedals/../dsp/../dsp/NAMNode.h:4:
In file included from /Users/joshua/Developer/PedalForge/build/_deps/namcore-src/NAM/get_dsp.h:7:
In file included from /Users/joshua/Developer/PedalForge/build/_deps/namcore-src/NAM/dsp.h:10:
In file included from /Users/joshua/Developer/PedalForge/build/_deps/namcore-src/Dependencies/eigen/Eigen/Dense:1:
In file included from /Users/joshua/Developer/PedalForge/build/_deps/namcore-src/Dependencies/eigen/Eigen/Core:168:
/Users/joshua/Developer/PedalForge/build/_deps/namcore-src/Dependencies/eigen/Eigen/src/Core/util/Meta.h:313:56: warning: zero as null pointer constant [-Wzero-as-null-pointer-constant]
  313 |   enum { value = sizeof(testFunctor<T>(static_cast<T*>(0))) == sizeof(meta_yes) };
      |                                                        ^
      |                                                        nullptr
/Users/joshua/Developer/PedalForge/build/_deps/namcore-src/Dependencies/eigen/Eigen/src/Core/../plugins/CommonCwiseBinaryOps.h:50:1: note: in instantiation of template class 'Eigen::internal::has_ReturnType<Eigen::ScalarBinaryOpTraits<float, Eigen::ArrayWrapper<const Eigen::Block<const Eigen::Block<const Eigen::Matrix<float, -1, -1>>, -1, -1, true>>>>' requested here
   50 | EIGEN_MAKE_SCALAR_BINARY_OP(operator*,product)
      | ^
/Users/joshua/Developer/PedalForge/build/_deps/namcore-src/Dependencies/eigen/Eigen/src/Core/util/Macros.h:1227:3: note: expanded from macro 'EIGEN_MAKE_SCALAR_BINARY_OP'
 1227 |   EIGEN_MAKE_SCALAR_BINARY_OP_ONTHERIGHT(METHOD,OPNAME)
      |   ^
/Users/joshua/Developer/PedalForge/build/_deps/namcore-src/Dependencies/eigen/Eigen/src/Core/util/Macros.h:1209:127: note: expanded from macro 'EIGEN_MAKE_SCALAR_BINARY_OP_ONTHERIGHT'
 1209 |   const EIGEN_EXPR_BINARYOP_SCALAR_RETURN_TYPE(Derived,typename internal::promote_scalar_arg<Scalar EIGEN_COMMA T EIGEN_COMMA EIGEN_SCALAR_BINARY_SUPPORTED(OPNAME,Scalar,T)>::type,OPNAME)\
      |                                                                                                                               ^
/Users/joshua/Developer/PedalForge/build/_deps/namcore-src/Dependencies/eigen/Eigen/src/Core/util/Macros.h:1197:21: note: expanded from macro 'EIGEN_SCALAR_BINARY_SUPPORTED'
 1197 |   (Eigen::internal::has_ReturnType<Eigen::ScalarBinaryOpTraits<TYPEA,TYPEB,EIGEN_CAT(EIGEN_CAT(Eigen::internal::scalar_,OPNAME),_op)<TYPEA,TYPEB>  > >::value)
      |                     ^
/Users/joshua/Developer/PedalForge/build/_deps/namcore-src/NAM/wavenet/../film.h:182:81: note: while substituting deduced template arguments into function template 'operator*' [with T = ArrayWrapper<const Block<const Block<const Matrix<float, -1, -1, 0, -1, -1>, -1, -1, false>, -1, -1, true>>]
  182 |       _output.leftCols(num_frames).array() = input.leftCols(num_frames).array() * scale.array() + shift.array();
      |                                                                                 ^
In file included from /Users/joshua/Developer/PedalForge/source/PluginEditor.cpp:1:
In file included from /Users/joshua/Developer/PedalForge/source/PluginEditor.h:7:
In file included from /Users/joshua/Developer/PedalForge/source/ui/InventoryOverlay.h:4:
In file included from /Users/joshua/Developer/PedalForge/source/ui/PedalPalette.h:4:
In file included from /Users/joshua/Developer/PedalForge/source/ui/../pedals/PedalRegistry.h:4:
In file included from /Users/joshua/Developer/PedalForge/source/ui/../pedals/../dsp/GraphPedalProcessor.h:4:
In file included from /Users/joshua/Developer/PedalForge/source/ui/../pedals/../dsp/../dsp/DSPGraph.h:5:
In file included from /Users/joshua/Developer/PedalForge/source/ui/../pedals/../dsp/../dsp/NAMNode.h:4:
In file included from /Users/joshua/Developer/PedalForge/build/_deps/namcore-src/NAM/get_dsp.h:7:
In file included from /Users/joshua/Developer/PedalForge/build/_deps/namcore-src/NAM/dsp.h:10:
In file included from /Users/joshua/Developer/PedalForge/build/_deps/namcore-src/Dependencies/eigen/Eigen/Dense:1:
In file included from /Users/joshua/Developer/PedalForge/build/_deps/namcore-src/Dependencies/eigen/Eigen/Core:168:
/Users/joshua/Developer/PedalForge/build/_deps/namcore-src/Dependencies/eigen/Eigen/src/Core/util/Meta.h:313:56: warning: zero as null pointer constant [-Wzero-as-null-pointer-constant]
  313 |   enum { value = sizeof(testFunctor<T>(static_cast<T*>(0))) == sizeof(meta_yes) };
      |                                                        ^
      |                                                        nullptr
/Users/joshua/Developer/PedalForge/build/_deps/namcore-src/Dependencies/eigen/Eigen/src/Core/../plugins/CommonCwiseBinaryOps.h:50:1: note: in instantiation of template class 'Eigen::internal::has_ReturnType<Eigen::ScalarBinaryOpTraits<Eigen::ArrayWrapper<const Eigen::Block<const Eigen::Ref<const Eigen::Matrix<float, -1, -1>>, -1, -1, true>>, float>>' requested here
   50 | EIGEN_MAKE_SCALAR_BINARY_OP(operator*,product)
      | ^
/Users/joshua/Developer/PedalForge/build/_deps/namcore-src/Dependencies/eigen/Eigen/src/Core/util/Macros.h:1226:3: note: expanded from macro 'EIGEN_MAKE_SCALAR_BINARY_OP'
 1226 |   EIGEN_MAKE_SCALAR_BINARY_OP_ONTHELEFT(METHOD,OPNAME) \
      |   ^
/Users/joshua/Developer/PedalForge/build/_deps/namcore-src/Dependencies/eigen/Eigen/src/Core/util/Macros.h:1218:119: note: expanded from macro 'EIGEN_MAKE_SCALAR_BINARY_OP_ONTHELEFT'
 1218 |   const EIGEN_SCALAR_BINARYOP_EXPR_RETURN_TYPE(typename internal::promote_scalar_arg<Scalar EIGEN_COMMA T EIGEN_COMMA EIGEN_SCALAR_BINARY_SUPPORTED(OPNAME,T,Scalar)>::type,Derived,OPNAME) \
      |                                                                                                                       ^
/Users/joshua/Developer/PedalForge/build/_deps/namcore-src/Dependencies/eigen/Eigen/src/Core/util/Macros.h:1197:21: note: expanded from macro 'EIGEN_SCALAR_BINARY_SUPPORTED'
 1197 |   (Eigen::internal::has_ReturnType<Eigen::ScalarBinaryOpTraits<TYPEA,TYPEB,EIGEN_CAT(EIGEN_CAT(Eigen::internal::scalar_,OPNAME),_op)<TYPEA,TYPEB>  > >::value)
      |                     ^
/Users/joshua/Developer/PedalForge/build/_deps/namcore-src/NAM/wavenet/../film.h:182:81: note: while substituting deduced template arguments into function template 'operator*' [with T = ArrayWrapper<const Block<const Ref<const Matrix<float, -1, -1, 0, -1, -1>, 0, OuterStride<-1>>, -1, -1, true>>]
  182 |       _output.leftCols(num_frames).array() = input.leftCols(num_frames).array() * scale.array() + shift.array();
      |                                                                                 ^
In file included from /Users/joshua/Developer/PedalForge/source/PluginEditor.cpp:1:
In file included from /Users/joshua/Developer/PedalForge/source/PluginEditor.h:7:
In file included from /Users/joshua/Developer/PedalForge/source/ui/InventoryOverlay.h:4:
In file included from /Users/joshua/Developer/PedalForge/source/ui/PedalPalette.h:4:
In file included from /Users/joshua/Developer/PedalForge/source/ui/../pedals/PedalRegistry.h:4:
In file included from /Users/joshua/Developer/PedalForge/source/ui/../pedals/../dsp/GraphPedalProcessor.h:4:
In file included from /Users/joshua/Developer/PedalForge/source/ui/../pedals/../dsp/../dsp/DSPGraph.h:5:
In file included from /Users/joshua/Developer/PedalForge/source/ui/../pedals/../dsp/../dsp/NAMNode.h:4:
In file included from /Users/joshua/Developer/PedalForge/build/_deps/namcore-src/NAM/get_dsp.h:7:
In file included from /Users/joshua/Developer/PedalForge/build/_deps/namcore-src/NAM/dsp.h:10:
In file included from /Users/joshua/Developer/PedalForge/build/_deps/namcore-src/Dependencies/eigen/Eigen/Dense:1:
In file included from /Users/joshua/Developer/PedalForge/build/_deps/namcore-src/Dependencies/eigen/Eigen/Core:168:
/Users/joshua/Developer/PedalForge/build/_deps/namcore-src/Dependencies/eigen/Eigen/src/Core/util/Meta.h:313:56: warning: zero as null pointer constant [-Wzero-as-null-pointer-constant]
  313 |   enum { value = sizeof(testFunctor<T>(static_cast<T*>(0))) == sizeof(meta_yes) };
      |                                                        ^
      |                                                        nullptr
/Users/joshua/Developer/PedalForge/build/_deps/namcore-src/Dependencies/eigen/Eigen/src/Core/../plugins/ArrayCwiseBinaryOps.h:253:1: note: in instantiation of template class 'Eigen::internal::has_ReturnType<Eigen::ScalarBinaryOpTraits<float, Eigen::ArrayWrapper<const Eigen::Block<const Eigen::Block<const Eigen::Matrix<float, -1, -1>>, -1, -1, true>>, Eigen::internal::scalar_sum_op<float, Eigen::ArrayWrapper<const Eigen::Block<const Eigen::Block<const Eigen::Matrix<float, -1, -1>>, -1, -1, true>>>>>' requested here
  253 | EIGEN_MAKE_SCALAR_BINARY_OP(operator+,sum)
      | ^
/Users/joshua/Developer/PedalForge/build/_deps/namcore-src/Dependencies/eigen/Eigen/src/Core/util/Macros.h:1227:3: note: expanded from macro 'EIGEN_MAKE_SCALAR_BINARY_OP'
 1227 |   EIGEN_MAKE_SCALAR_BINARY_OP_ONTHERIGHT(METHOD,OPNAME)
      |   ^
/Users/joshua/Developer/PedalForge/build/_deps/namcore-src/Dependencies/eigen/Eigen/src/Core/util/Macros.h:1209:127: note: expanded from macro 'EIGEN_MAKE_SCALAR_BINARY_OP_ONTHERIGHT'
 1209 |   const EIGEN_EXPR_BINARYOP_SCALAR_RETURN_TYPE(Derived,typename internal::promote_scalar_arg<Scalar EIGEN_COMMA T EIGEN_COMMA EIGEN_SCALAR_BINARY_SUPPORTED(OPNAME,Scalar,T)>::type,OPNAME)\
      |                                                                                                                               ^
/Users/joshua/Developer/PedalForge/build/_deps/namcore-src/Dependencies/eigen/Eigen/src/Core/util/Macros.h:1197:21: note: expanded from macro 'EIGEN_SCALAR_BINARY_SUPPORTED'
 1197 |   (Eigen::internal::has_ReturnType<Eigen::ScalarBinaryOpTraits<TYPEA,TYPEB,EIGEN_CAT(EIGEN_CAT(Eigen::internal::scalar_,OPNAME),_op)<TYPEA,TYPEB>  > >::value)
      |                     ^
/Users/joshua/Developer/PedalForge/build/_deps/namcore-src/NAM/wavenet/../film.h:182:97: note: while substituting deduced template arguments into function template 'operator+' [with T = ArrayWrapper<const Block<const Block<const Matrix<float, -1, -1, 0, -1, -1>, -1, -1, false>, -1, -1, true>>]
  182 |       _output.leftCols(num_frames).array() = input.leftCols(num_frames).array() * scale.array() + shift.array();
      |                                                                                                 ^
In file included from /Users/joshua/Developer/PedalForge/source/PluginEditor.cpp:1:
In file included from /Users/joshua/Developer/PedalForge/source/PluginEditor.h:7:
In file included from /Users/joshua/Developer/PedalForge/source/ui/InventoryOverlay.h:4:
In file included from /Users/joshua/Developer/PedalForge/source/ui/PedalPalette.h:4:
In file included from /Users/joshua/Developer/PedalForge/source/ui/../pedals/PedalRegistry.h:4:
In file included from /Users/joshua/Developer/PedalForge/source/ui/../pedals/../dsp/GraphPedalProcessor.h:4:
In file included from /Users/joshua/Developer/PedalForge/source/ui/../pedals/../dsp/../dsp/DSPGraph.h:5:
In file included from /Users/joshua/Developer/PedalForge/source/ui/../pedals/../dsp/../dsp/NAMNode.h:4:
In file included from /Users/joshua/Developer/PedalForge/build/_deps/namcore-src/NAM/get_dsp.h:7:
In file included from /Users/joshua/Developer/PedalForge/build/_deps/namcore-src/NAM/dsp.h:10:
In file included from /Users/joshua/Developer/PedalForge/build/_deps/namcore-src/Dependencies/eigen/Eigen/Dense:1:
In file included from /Users/joshua/Developer/PedalForge/build/_deps/namcore-src/Dependencies/eigen/Eigen/Core:168:
/Users/joshua/Developer/PedalForge/build/_deps/namcore-src/Dependencies/eigen/Eigen/src/Core/util/Meta.h:313:56: warning: zero as null pointer constant [-Wzero-as-null-pointer-constant]
  313 |   enum { value = sizeof(testFunctor<T>(static_cast<T*>(0))) == sizeof(meta_yes) };
      |                                                        ^
      |                                                        nullptr
/Users/joshua/Developer/PedalForge/build/_deps/namcore-src/Dependencies/eigen/Eigen/src/Core/../plugins/ArrayCwiseBinaryOps.h:253:1: note: in instantiation of template class 'Eigen::internal::has_ReturnType<Eigen::ScalarBinaryOpTraits<Eigen::CwiseBinaryOp<Eigen::internal::scalar_product_op<float>, const Eigen::ArrayWrapper<const Eigen::Block<const Eigen::Ref<const Eigen::Matrix<float, -1, -1>>, -1, -1, true>>, const Eigen::ArrayWrapper<const Eigen::Block<const Eigen::Block<const Eigen::Matrix<float, -1, -1>>, -1, -1, true>>>, float, Eigen::internal::scalar_sum_op<Eigen::CwiseBinaryOp<Eigen::internal::scalar_product_op<float>, const Eigen::ArrayWrapper<const Eigen::Block<const Eigen::Ref<const Eigen::Matrix<float, -1, -1>>, -1, -1, true>>, const Eigen::ArrayWrapper<const Eigen::Block<const Eigen::Block<const Eigen::Matrix<float, -1, -1>>, -1, -1, true>>>, float>>>' requested here
  253 | EIGEN_MAKE_SCALAR_BINARY_OP(operator+,sum)
      | ^
/Users/joshua/Developer/PedalForge/build/_deps/namcore-src/Dependencies/eigen/Eigen/src/Core/util/Macros.h:1226:3: note: expanded from macro 'EIGEN_MAKE_SCALAR_BINARY_OP'
 1226 |   EIGEN_MAKE_SCALAR_BINARY_OP_ONTHELEFT(METHOD,OPNAME) \
      |   ^
/Users/joshua/Developer/PedalForge/build/_deps/namcore-src/Dependencies/eigen/Eigen/src/Core/util/Macros.h:1218:119: note: expanded from macro 'EIGEN_MAKE_SCALAR_BINARY_OP_ONTHELEFT'
 1218 |   const EIGEN_SCALAR_BINARYOP_EXPR_RETURN_TYPE(typename internal::promote_scalar_arg<Scalar EIGEN_COMMA T EIGEN_COMMA EIGEN_SCALAR_BINARY_SUPPORTED(OPNAME,T,Scalar)>::type,Derived,OPNAME) \
      |                                                                                                                       ^
/Users/joshua/Developer/PedalForge/build/_deps/namcore-src/Dependencies/eigen/Eigen/src/Core/util/Macros.h:1197:21: note: expanded from macro 'EIGEN_SCALAR_BINARY_SUPPORTED'
 1197 |   (Eigen::internal::has_ReturnType<Eigen::ScalarBinaryOpTraits<TYPEA,TYPEB,EIGEN_CAT(EIGEN_CAT(Eigen::internal::scalar_,OPNAME),_op)<TYPEA,TYPEB>  > >::value)
      |                     ^
/Users/joshua/Developer/PedalForge/build/_deps/namcore-src/NAM/wavenet/../film.h:182:97: note: while substituting deduced template arguments into function template 'operator+' [with T = CwiseBinaryOp<internal::scalar_product_op<typename internal::traits<ArrayWrapper<const Block<const Ref<const Matrix<float, -1, -1, 0, -1, -1>, 0, OuterStride<-1>>, -1, -1, true>>>::Scalar, typename internal::traits<ArrayWrapper<const Block<const Block<const Matrix<float, -1, -1, 0, -1, -1>, -1, -1, false>, -1, -1, true>>>::Scalar>, const ArrayWrapper<const Block<const Ref<const Matrix<float, -1, -1, 0, -1, -1>, 0, OuterStride<-1>>, -1, -1, true>>, const ArrayWrapper<const Block<const Block<const Matrix<float, -1, -1, 0, -1, -1>, -1, -1, false>, -1, -1, true>>>]
  182 |       _output.leftCols(num_frames).array() = input.leftCols(num_frames).array() * scale.array() + shIn file included from /Users/joshua/Developer/PedalForge/source/PluginProcessor.cpp:2:
In file included from /Users/joshua/Developer/PedalForge/source/PluginEditor.h:7:
In file included from /Users/joshua/Developer/PedalForge/source/ui/InventoryOverlay.h:4:
In file included from /Users/joshua/Developer/PedalForge/source/ui/PedalPalette.h:4:
In file included from /Users/joshua/Developer/PedalForge/source/ui/../pedals/PedalRegistry.h:4:
In file included from ift.array();
      |                                                                                                 ^
/Users/joshua/Developer/PedalForge/source/ui/../pedals/../dsp/GraphPedalProcessor.h:4:
In file included from /Users/joshua/Developer/PedalForge/source/ui/../pedals/../dsp/../dsp/DSPGraph.h:5:
In file included from /Users/joshua/Developer/PedalForge/source/ui/../pedals/../dsp/../dsp/NAMNode.h:4:
In file included from /Users/joshua/Developer/PedalForge/build/_deps/namcore-src/NAM/get_dsp.h:7:
In file included from /Users/joshua/Developer/PedalForge/build/_deps/namcore-src/NAM/dsp.h:10:
In file included from /Users/joshua/Developer/PedalForge/build/_deps/namcore-src/Dependencies/eigen/Eigen/Dense:1:
In file included from /Users/joshua/Developer/PedalForge/build/_deps/namcore-src/Dependencies/eigen/Eigen/Core:168:
/Users/joshua/Developer/PedalForge/build/_deps/namcore-src/Dependencies/eigen/Eigen/src/Core/util/Meta.h:313:56: warning: zero as null pointer constant [-Wzero-as-null-pointer-constant]
  313 |   enum { value = sizeof(testFunctor<T>(static_cast<T*>(0))) == sizeof(meta_yes) };
      |                                                        ^
      |                                                        nullptr
/Users/joshua/Developer/PedalForge/build/_deps/namcore-src/Dependencies/eigen/Eigen/src/Core/../plugins/CommonCwiseBinaryOps.h:50:1: note: in instantiation of template class 'Eigen::internal::has_ReturnType<Eigen::ScalarBinaryOpTraits<float, Eigen::ArrayWrapper<const Eigen::Block<const Eigen::Block<const Eigen::Matrix<float, -1, -1>>, -1, -1, true>>>>' requested here
   50 | EIGEN_MAKE_SCALAR_BINARY_OP(operator*,product)
      | ^
/Users/joshua/Developer/PedalForge/build/_deps/namcore-src/Dependencies/eigen/Eigen/src/Core/util/Macros.h:1227:3: note: expanded from macro 'EIGEN_MAKE_SCALAR_BINARY_OP'
 1227 |   EIGEN_MAKE_SCALAR_BINARY_OP_ONTHERIGHT(METHOD,OPNAME)
      |   ^
/Users/joshua/Developer/PedalForge/build/_deps/namcore-src/Dependencies/eigen/Eigen/src/Core/util/Macros.h:1209:127: note: expanded from macro 'EIGEN_MAKE_SCALAR_BINARY_OP_ONTHERIGHT'
 1209 |   const EIGEN_EXPR_BINARYOP_SCALAR_RETURN_TYPE(Derived,typename internal::promote_scalar_arg<Scalar EIGEN_COMMA T EIGEN_COMMA EIGEN_SCALAR_BINARY_SUPPORTED(OPNAME,Scalar,T)>::type,OPNAME)\
      |                                                                                                                               ^
/Users/joshua/Developer/PedalForge/build/_deps/namcore-src/Dependencies/eigen/Eigen/src/Core/util/Macros.h:1197:21: note: expanded from macro 'EIGEN_SCALAR_BINARY_SUPPORTED'
 1197 |   (Eigen::internal::has_ReturnType<Eigen::ScalarBinaryOpTraits<TYPEA,TYPEB,EIGEN_CAT(EIGEN_CAT(Eigen::internal::scalar_,OPNAME),_op)<TYPEA,TYPEB>  > >::value)
      |                     ^
/Users/joshua/Developer/PedalForge/build/_deps/namcore-src/NAM/wavenet/../film.h:182:81: note: while substituting deduced template arguments into function template 'operator*' [with T = ArrayWrapper<const Block<const Block<const Matrix<float, -1, -1, 0, -1, -1>, -1, -1, false>, -1, -1, true>>]
  182 |       _output.leftCols(num_frames).array() = input.leftCols(num_frames).array() * scale.array() + shift.array();
      |                                                                                 ^
In file included from /Users/joshua/Developer/PedalForge/source/PluginProcessor.cpp:2:
In file included from /Users/joshua/Developer/PedalForge/source/PluginEditor.h:7:
In file included from /Users/joshua/Developer/PedalForge/source/ui/InventoryOverlay.h:4:
In file included from /Users/joshua/Developer/PedalForge/source/ui/PedalPalette.h:4:
In file included from /Users/joshua/Developer/PedalForge/source/ui/../pedals/PedalRegistry.h:4:
In file included from /Users/joshua/Developer/PedalForge/source/ui/../pedals/../dsp/GraphPedalProcessor.h:4:
In file included from /Users/joshua/Developer/PedalForge/source/ui/../pedals/../dsp/../dsp/DSPGraph.h:5:
In file included from /Users/joshua/Developer/PedalForge/source/ui/../pedals/../dsp/../dsp/NAMNode.h:4:
In file included from /Users/joshua/Developer/PedalForge/build/_deps/namcore-src/NAM/get_dsp.h:7:
In file included from /Users/joshua/Developer/PedalForge/build/_deps/namcore-src/NAM/dsp.h:10:
In file included from /Users/joshua/Developer/PedalForge/build/_deps/namcore-src/Dependencies/eigen/Eigen/Dense:1:
In file included from /Users/joshua/Developer/PedalForge/build/_deps/namcore-src/Dependencies/eigen/Eigen/Core:168:
/Users/joshua/Developer/PedalForge/build/_deps/namcore-src/Dependencies/eigen/Eigen/src/Core/util/Meta.h:313:56: warning: zero as null pointer constant [-Wzero-as-null-pointer-constant]
  313 |   enum { value = sizeof(testFunctor<T>(static_cast<T*>(0))) == sizeof(meta_yes) };
      |                                                        ^
      |                                                        nullptr
/Users/joshua/Developer/PedalForge/build/_deps/namcore-src/Dependencies/eigen/Eigen/src/Core/../plugins/CommonCwiseBinaryOps.h:50:1: note: in instantiation of template class 'Eigen::internal::has_ReturnType<Eigen::ScalarBinaryOpTraits<Eigen::ArrayWrapper<const Eigen::Block<const Eigen::Ref<const Eigen::Matrix<float, -1, -1>>, -1, -1, true>>, float>>' requested here
   50 | EIGEN_MAKE_SCALAR_BINARY_OP(operator*,product)
      | ^
/Users/joshua/Developer/PedalForge/build/_deps/namcore-src/Dependencies/eigen/Eigen/src/Core/util/Macros.h:1226:3: note: expanded from macro 'EIGEN_MAKE_SCALAR_BINARY_OP'
 1226 |   EIGEN_MAKE_SCALAR_BINARY_OP_ONTHELEFT(METHOD,OPNAME) \
      |   ^
/Users/joshua/Developer/PedalForge/build/_deps/namcore-src/Dependencies/eigen/Eigen/src/Core/util/Macros.h:1218:119: note: expanded from macro 'EIGEN_MAKE_SCALAR_BINARY_OP_ONTHELEFT'
 1218 |   const EIGEN_SCALAR_BINARYOP_EXPR_RETURN_TYPE(typename internal::promote_scalar_arg<Scalar EIGEN_COMMA T EIGEN_COMMA EIGEN_SCALAR_BINARY_SUPPORTED(OPNAME,T,Scalar)>::type,Derived,OPNAME) \
      |                                                                                                                       ^
/Users/joshua/Developer/PedalForge/build/_deps/namcore-src/Dependencies/eigen/Eigen/src/Core/util/Macros.h:1197:21: note: expanded from macro 'EIGEN_SCALAR_BINARY_SUPPORTED'
 1197 |   (Eigen::internal::has_ReturnType<Eigen::ScalarBinaryOpTraits<TYPEA,TYPEB,EIGEN_CAT(EIGEN_CAT(Eigen::internal::scalar_,OPNAME),_op)<TYPEA,TYPEB>  > >::value)
      |                     ^
/Users/joshua/Developer/PedalForge/build/_deps/namcore-src/NAM/wavenet/../film.h:182:81: note: while substituting deduced template arguments into function template 'operator*' [with T = ArrayWrapper<const Block<const Ref<const Matrix<float, -1, -1, 0, -1, -1>, 0, OuterStride<-1>>, -1, -1, true>>]
  182 |       _output.leftCols(num_frames).array() = input.leftCols(num_frames).array() * scale.array() + shift.array();
      |                                                                                 ^
In file included from /Users/joshua/Developer/PedalForge/source/PluginProcessor.cpp:2:
In file included from /Users/joshua/Developer/PedalForge/source/PluginEditor.h:7:
In file included from /Users/joshua/Developer/PedalForge/source/ui/InventoryOverlay.h:4:
In file included from /Users/joshua/Developer/PedalForge/source/ui/PedalPalette.h:4:
In file included from /Users/joshua/Developer/PedalForge/source/ui/../pedals/PedalRegistry.h:4:
In file included from /Users/joshua/Developer/PedalForge/source/ui/../pedals/../dsp/GraphPedalProcessor.h:4:
In file included from /Users/joshua/Developer/PedalForge/source/ui/../pedals/../dsp/../dsp/DSPGraph.h:5:
In file included from /Users/joshua/Developer/PedalForge/source/ui/../pedals/../dsp/../dsp/NAMNode.h:4:
In file included from /Users/joshua/Developer/PedalForge/build/_deps/namcore-src/NAM/get_dsp.h:7:
In file included from /Users/joshua/Developer/PedalForge/build/_deps/namcore-src/NAM/dsp.h:10:
In file included from /Users/joshua/Developer/PedalForge/build/_deps/namcore-src/Dependencies/eigen/Eigen/Dense:1:
In file included from /Users/joshua/Developer/PedalForge/build/_deps/namcore-src/Dependencies/eigen/Eigen/Core:168:
/Users/joshua/Developer/PedalForge/build/_deps/namcore-src/Dependencies/eigen/Eigen/src/Core/util/Meta.h:313:56: warning: zero as null pointer constant [-Wzero-as-null-pointer-constant]
  313 |   enum { value = sizeof(testFunctor<T>(static_cast<T*>(0))) == sizeof(meta_yes) };
      |                                                        ^
      |                                                        nullptr
/Users/joshua/Developer/PedalForge/build/_deps/namcore-src/Dependencies/eigen/Eigen/src/Core/../plugins/ArrayCwiseBinaryOps.h:253:1: note: in instantiation of template class 'Eigen::internal::has_ReturnType<Eigen::ScalarBinaryOpTraits<float, Eigen::ArrayWrapper<const Eigen::Block<const Eigen::Block<const Eigen::Matrix<float, -1, -1>>, -1, -1, true>>, Eigen::internal::scalar_sum_op<float, Eigen::ArrayWrapper<const Eigen::Block<const Eigen::Block<const Eigen::Matrix<float, -1, -1>>, -1, -1, true>>>>>' requested here
  253 | EIGEN_MAKE_SCALAR_BINARY_OP(operator+,sum)
      | ^
/Users/joshua/Developer/PedalForge/build/_deps/namcore-src/Dependencies/eigen/Eigen/src/Core/util/Macros.h:1227:3: note: expanded from macro 'EIGEN_MAKE_SCALAR_BINARY_OP'
 1227 |   EIGEN_MAKE_SCALAR_BINARY_OP_ONTHERIGHT(METHOD,OPNAME)
      |   ^
/Users/joshua/Developer/PedalForge/build/_deps/namcore-src/Dependencies/eigen/Eigen/src/Core/util/Macros.h:1209:127: note: expanded from macro 'EIGEN_MAKE_SCALAR_BINARY_OP_ONTHERIGHT'
 1209 |   const EIGEN_EXPR_BINARYOP_SCALAR_RETURN_TYPE(Derived,typename internal::promote_scalar_arg<Scalar EIGEN_COMMA T EIGEN_COMMA EIGEN_SCALAR_BINARY_SUPPORTED(OPNAME,Scalar,T)>::type,OPNAME)\
      |                                                                                                                               ^
/Users/joshua/Developer/PedalForge/build/_deps/namcore-src/Dependencies/eigen/Eigen/src/Core/util/Macros.h:1197:21: note: expanded from macro 'EIGEN_SCALAR_BINARY_SUPPORTED'
 1197 |   (Eigen::internal::has_ReturnType<Eigen::ScalarBinaryOpTraits<TYPEA,TYPEB,EIGEN_CAT(EIGEN_CAT(Eigen::internal::scalar_,OPNAME),_op)<TYPEA,TYPEB>  > >::value)
      |                     ^
/Users/joshua/Developer/PedalForge/build/_deps/namcore-src/NAM/wavenet/../film.h:182:97: note: while substituting deduced template arguments into function template 'operator+' [with T = ArrayWrapper<const Block<const Block<const Matrix<float, -1, -1, 0, -1, -1>, -1, -1, false>, -1, -1, true>>]
  182 |       _output.leftCols(num_frames).array() = input.leftCols(num_frames).array() * scale.array() + shift.array();
      |                                                                                                 ^
In file included from /Users/joshua/Developer/PedalForge/source/PluginProcessor.cpp:2:
In file included from /Users/joshua/Developer/PedalForge/source/PluginEditor.h:7:
In file included from /Users/joshua/Developer/PedalForge/source/ui/InventoryOverlay.h:4:
In file included from /Users/joshua/Developer/PedalForge/source/ui/PedalPalette.h:4:
In file included from /Users/joshua/Developer/PedalForge/source/ui/../pedals/PedalRegistry.h:4:
In file included from /Users/joshua/Developer/PedalForge/source/ui/../pedals/../dsp/GraphPedalProcessor.h:4:
In file included from /Users/joshua/Developer/PedalForge/source/ui/../pedals/../dsp/../dsp/DSPGraph.h:5:
In file included from /Users/joshua/Developer/PedalForge/source/ui/../pedals/../dsp/../dsp/NAMNode.h:4:
In file included from /Users/joshua/Developer/PedalForge/build/_deps/namcore-src/NAM/get_dsp.h:7:
In file included from /Users/joshua/Developer/PedalForge/build/_deps/namcore-src/NAM/dsp.h:10:
In file included from /Users/joshua/Developer/PedalForge/build/_deps/namcore-src/Dependencies/eigen/Eigen/Dense:1:
In file included from /Users/joshua/Developer/PedalForge/build/_deps/namcore-src/Dependencies/eigen/Eigen/Core:168:
/Users/joshua/Developer/PedalForge/build/_deps/namcore-src/Dependencies/eigen/Eigen/src/Core/util/Meta.h:313:56: warning: zero as null pointer constant [-Wzero-as-null-pointer-constant]
  313 |   enum { value = sizeof(testFunctor<T>(static_cast<T*>(0))) == sizeof(meta_yes) };
      |                                                        ^
      |                                                        nullptr
/Users/joshua/Developer/PedalForge/build/_deps/namcore-src/Dependencies/eigen/Eigen/src/Core/../plugins/ArrayCwiseBinaryOps.h:253:1: note: in instantiation of template class 'Eigen::internal::has_ReturnType<Eigen::ScalarBinaryOpTraits<Eigen::CwiseBinaryOp<Eigen::internal::scalar_product_op<float>, const Eigen::ArrayWrapper<const Eigen::Block<const Eigen::Ref<const Eigen::Matrix<float, -1, -1>>, -1, -1, true>>, const Eigen::ArrayWrapper<const Eigen::Block<const Eigen::Block<const Eigen::Matrix<float, -1, -1>>, -1, -1, true>>>, float, Eigen::internal::scalar_sum_op<Eigen::CwiseBinaryOp<Eigen::internal::scalar_product_op<float>, const Eigen::ArrayWrapper<const Eigen::Block<const Eigen::Ref<const Eigen::Matrix<float, -1, -1>>, -1, -1, true>>, const Eigen::ArrayWrapper<const Eigen::Block<const Eigen::Block<const Eigen::Matrix<float, -1, -1>>, -1, -1, true>>>, float>>>' requested here
  253 | EIGEN_MAKE_SCALAR_BINARY_OP(operator+,sum)
      | ^
/Users/joshua/Developer/PedalForge/build/_deps/namcore-src/Dependencies/eigen/Eigen/src/Core/util/Macros.h:1226:3: note: expanded from macro 'EIGEN_MAKE_SCALAR_BINARY_OP'
 1226 |   EIGEN_MAKE_SCALAR_BINARY_OP_ONTHELEFT(METHOD,OPNAME) \
      |   ^
/Users/joshua/Developer/PedalForge/build/_deps/namcore-src/Dependencies/eigen/Eigen/src/Core/util/Macros.h:1218:119: note: expanded from macro 'EIGEN_MAKE_SCALAR_BINARY_OP_ONTHELEFT'
 1218 |   const EIGEN_SCALAR_BINARYOP_EXPR_RETURN_TYPE(typename internal::promote_scalar_arg<Scalar EIGEN_COMMA T EIGEN_COMMA EIGEN_SCALAR_BINARY_SUPPORTED(OPNAME,T,Scalar)>::type,Derived,OPNAME) \
      |                                                                                                                       ^
/Users/joshua/Developer/PedalForge/build/_deps/namcore-src/Dependencies/eigen/Eigen/src/Core/util/Macros.h:1197:21: note: expanded from macro 'EIGEN_SCALAR_BINARY_SUPPORTED'
 1197 |   (Eigen::internal::has_ReturnType<Eigen::ScalarBinaryOpTraits<TYPEA,TYPEB,EIGEN_CAT(EIGEN_CAT(Eigen::internal::scalar_,OPNAME),_op)<TYPEA,TYPEB>  > >::value)
      |                     ^
/Users/joshua/Developer/PedalForge/build/_deps/namcore-src/NAM/wavenet/../film.h:182:97: note: while substituting deduced template arguments into function template 'operator+' [with T = CwiseBinaryOp<internal::scalar_product_op<typename internal::traits<ArrayWrapper<const Block<const Ref<const Matrix<float, -1, -1, 0, -1, -1>, 0, OuterStride<-1>>, -1, -1, true>>>::Scalar, typename internal::traits<ArrayWrapper<const Block<const Block<const Matrix<float, -1, -1, 0, -1, -1>, -1, -1, false>, -1, -1, true>>>::Scalar>, const ArrayWrapper<const Block<const Ref<const Matrix<float, -1, -1, 0, -1, -1>, 0, OuterStride<-1>>, -1, -1, true>>, const ArrayWrapper<const Block<const Block<const Matrix<float, -1, -1, 0, -1, -1>, -1, -1, false>, -1, -1, true>>>]
  182 |       _output.leftCols(num_frames).array() = input.leftCols(num_frames).array() * scale.array() + shift.array();
      |                                                                                                 ^
In file included from /Users/joshua/Developer/PedalForge/source/PluginEditor.cpp:1:
In file included from /Users/joshua/Developer/PedalForge/source/PluginEditor.h:7:
In file included from /Users/joshua/Developer/PedalForge/source/ui/InventoryOverlay.h:4:
In file included from /Users/joshua/Developer/PedalForge/source/ui/PedalPalette.h:4:
In file included from /Users/joshua/Developer/PedalForge/source/ui/../pedals/PedalRegistry.h:4:
In file included from /Users/joshua/Developer/PedalForge/source/ui/../pedals/../dsp/GraphPedalProcessor.h:4:
In file included from /Users/joshua/Developer/PedalForge/source/ui/../pedals/../dsp/../dsp/DSPGraph.h:5:
In file included from /Users/joshua/Developer/PedalForge/source/ui/../pedals/../dsp/../dsp/NAMNode.h:9:
In file included from /Users/joshua/Developer/PedalForge/build/_deps/namcore-src/NAM/wavenet/model.h:15:
/Users/joshua/Developer/PedalForge/build/_deps/namcore-src/NAM/wavenet/detail.h:155:4: warning: extra ';' after member function definition [-Wextra-semi]
  155 |   };
      |    ^
/Users/joshua/Developer/PedalForge/build/_deps/namcore-src/NAM/wavenet/detail.h:185:70: warning: extra ';' after member function definition [-Wextra-semi]
  185 |   long get_channels() const { return this->_conv.get_in_channels(); };
      |                                                                      ^
/Users/joshua/Developer/PedalForge/build/_deps/namcore-src/NAM/wavenet/detail.h:189:66: warning: extra ';' after member function definition [-Wextra-semi]
  189 |   int get_dilation() const { return this->_conv.get_dilation(); };
      |                                                                  ^
/Users/joshua/Developer/PedalForge/build/_deps/namcore-src/NAM/wavenet/detail.h:193:73: warning: extra ';' after member function definition [-Wextra-semi]
  193 |   long get_kernel_size() const { return this->_conv.get_kernel_size(); };
      |                                                                         ^
In file included from /Users/joshua/Developer/PedalForge/source/PluginProcessor.cpp:2:
In file included from /Users/joshua/Developer/PedalForge/source/PluginEditor.h:7:
In file included from /Users/joshua/Developer/PedalForge/source/ui/InventoryOverlay.h:4:
In file included from /Users/joshua/Developer/PedalForge/source/ui/PedalPalette.h:4:
In file included from /Users/joshua/Developer/PedalForge/source/ui/../pedals/PedalRegistry.h:4:
In file included from /Users/joshua/Developer/PedalForge/source/ui/../pedals/../dsp/GraphPedalProcessor.h:4:
In file included from /Users/joshua/Developer/PedalForge/source/ui/../pedals/../dsp/../dsp/DSPGraph.h:5:
In file included from /Users/joshua/Developer/PedalForge/source/ui/../pedals/../dsp/../dsp/NAMNode.h:9:
In file included from /Users/joshua/Developer/PedalForge/build/_deps/namcore-src/NAM/wavenet/model.h:15:
/Users/joshua/Developer/PedalForge/build/_deps/namcore-src/NAM/wavenet/detail.h:155:4: warning: extra ';' after member function definition [-Wextra-semi]
  155 |   };
      |    ^
/Users/joshua/Developer/PedalForge/build/_deps/namcore-src/NAM/wavenet/detail.h:185:70: warning: extra ';' after member function definition [-Wextra-semi]
  185 |   long get_channels() const { return this->_conv.get_in_channels(); };
      |                                                                      ^
/Users/joshua/Developer/PedalForge/build/_deps/namcore-src/NAM/wavenet/detail.h:189:66: warning: extra ';' after member function definition [-Wextra-semi]
  189 |   int get_dilation() const { return this->_conv.get_dilation(); };
      |                                                                  ^
/Users/joshua/Developer/PedalForge/build/_deps/namcore-src/NAM/wavenet/detail.h:193:73: warning: extra ';' after member function definition [-Wextra-semi]
  193 |   long get_kernel_size() const { return this->_conv.get_kernel_size(); };
      |                                                                         ^
In file included from /Users/joshua/Developer/PedalForge/source/PluginEditor.cpp:1:
In file included from /Users/joshua/Developer/PedalForge/source/PluginEditor.h:7:
In file included from /Users/joshua/Developer/PedalForge/source/ui/InventoryOverlay.h:4:
In file included from /Users/joshua/Developer/PedalForge/source/ui/PedalPalette.h:4:
In file included from /Users/joshua/Developer/PedalForge/source/ui/../pedals/PedalRegistry.h:4:
In file included from /Users/joshua/Developer/PedalForge/source/ui/../pedals/../dsp/GraphPedalProcessor.h:4:
In file included from /Users/joshua/Developer/PedalForge/source/ui/../pedals/../dsp/../dsp/DSPGraph.h:5:
In file included from /Users/joshua/Developer/PedalForge/source/ui/../pedals/../dsp/../dsp/NAMNode.h:9:
/Users/joshua/Developer/PedalForge/build/_deps/namcore-src/NAM/wavenet/model.h:102:72: warning: extra ';' after member function definition [-Wextra-semi]
  102 |   virtual int _get_condition_dim() const { return NumInputChannels(); };
      |                                                                        ^
/Users/joshua/Developer/PedalForge/build/_deps/namcore-src/NAM/wavenet/model.h:114:60: warning: extra ';' after member function definition [-Wextra-semi]
  114 |   int PrewarmSamples() override { return mPrewarmSamples; };
      |                                                            ^
/Users/joshua/Developer/PedalForge/build/_deps/namcore-src/NAM/wavenet/model.h:50:3: warning: '~WaveNet' overrides a destructor but is not marked 'override' [-Winconsistent-missing-destructor-override]
   50 |   ~WaveNet() = default;
      |   ^
/Users/joshua/Developer/PedalForge/build/_deps/namcore-src/NAM/dsp.h:65:11: note: overridden virtual function is here
   65 |   virtual ~DSP() = default;
      |           ^
In file included from /Users/joshua/Developer/PedalForge/source/PluginEditor.cpp:1:
In file included from /Users/joshua/Developer/PedalForge/source/PluginEditor.h:7:
In file included from /Users/joshua/Developer/PedalForge/source/ui/InventoryOverlay.h:4:
In file included from /Users/joshua/Developer/PedalForge/source/ui/PedalPalette.h:4:
In file included from /Users/joshua/Developer/PedalForge/source/ui/../pedals/PedalRegistry.h:4:
In file included from /Users/joshua/Developer/PedalForge/source/ui/../pedals/../dsp/GraphPedalProcessor.h:4:
In file included from /Users/joshua/Developer/PedalForge/source/ui/../pedals/../dsp/../dsp/DSPGraph.h:5:
In file included from /Users/joshua/Developer/PedalForge/source/ui/../pedals/../dsp/../dsp/NAMNode.h:10:
/Users/joshua/Developer/PedalForge/build/_deps/namcore-src/NAM/lstm.h:28:119: warning: extra ';' after member function definition [-Wextra-semi]
   28 |   Eigen::VectorXf get_hidden_state() const { return this->_xh(Eigen::placeholders::lastN(this->_get_hidden_size())); };
      |                                                                                                                       ^
/Users/joshua/Developer/PedalForge/build/_deps/namcore-src/NAM/lstm.h:50:64: warning: extra ';' after member function definition [-Wextra-semi]
   50 |   long _get_hidden_size() const { return this->_b.size() / 4; };
      |                                                                ^
/Users/joshua/Developer/PedalForge/build/_deps/namcore-src/NAM/lstm.h:51:87: warning: extra ';' after member function definition [-Wextra-semi]
   51 |   long _get_input_size() const { return this->_xh.size() - this->_get_hidden_size(); };
      |                                                                                       ^
In file included from /Users/joshua/Developer/PedalForge/source/PluginProcessor.cpp:2:
In file included from /Users/joshua/Developer/PedalForge/source/PluginEditor.h:7:
In file included from /Users/joshua/Developer/PedalForge/source/ui/InventoryOverlay.h:4:
In file included from /Users/joshua/Developer/PedalForge/source/ui/PedalPalette.h:4:
In file included from /Users/joshua/Developer/PedalForge/source/ui/../pedals/PedalRegistry.h:4:
In file included from /Users/joshua/Developer/PedalForge/source/ui/../pedals/../dsp/GraphPedalProcessor.h:4:
In file included from /Users/joshua/Developer/PedalForge/source/ui/../pedals/../dsp/../dsp/DSPGraph.h:5:
In file included from /Users/joshua/Developer/PedalForge/source/ui/../pedals/../dsp/../dsp/NAMNode.h:9:
/Users/joshua/Developer/PedalForge/build/_deps/namcore-src/NAM/wavenet/model.h:102:72: warning: extra ';' after member function definition [-Wextra-semi]
  102 |   virtual int _get_condition_dim() const { return NumInputChannels(); };
      |                                                                        ^
/Users/joshua/Developer/PedalForge/build/_deps/namcore-src/NAM/wavenet/model.h:114:60: warning: extra ';' after member function definition [-Wextra-semi]
  114 |   int PrewarmSamples() override { return mPrewarmSamples; };
      |                                                            ^
/Users/joshua/Developer/PedalForge/build/_deps/namcore-src/NAM/wavenet/model.h:50:3: warning: '~WaveNet' overrides a destructor but is not marked 'override' [-Winconsistent-missing-destructor-override]
   50 |   ~WaveNet() = default;
      |   ^
/Users/joshua/Developer/PedalForge/build/_deps/namcore-src/NAM/dsp.h:65:11: note: overridden virtual function is here
   65 |   virtual ~DSP() = default;
      |           ^
/Users/joshua/Developer/PedalForge/build/_deps/namcore-src/NAM/lstm.h:73:3: warning: '~LSTM' overrides a destructor but is not marked 'override' [-Winconsistent-missing-destructor-override]
   73 |   ~LSTM() = default;
      |   ^
/Users/joshua/Developer/PedalForge/build/_deps/namcore-src/NAM/dsp.h:65:11: note: overridden virtual function is here
   65 |   virtual ~DSP() = default;
      |           ^
In file included from /Users/joshua/Developer/PedalForge/source/PluginEditor.cpp:1:
In file included from /Users/joshua/Developer/PedalForge/source/PluginEditor.h:7:
In file included from /Users/joshua/Developer/PedalForge/source/ui/InventoryOverlay.h:4:
In file included from /Users/joshua/Developer/PedalForge/source/ui/PedalPalette.h:4:
In file included from /Users/joshua/Developer/PedalForge/source/ui/../pedals/PedalRegistry.h:4:
In file included from /Users/joshua/Developer/PedalForge/source/ui/../pedals/../dsp/GraphPedalProcessor.h:4:
In file included from /Users/joshua/Developer/PedalForge/source/ui/../pedals/../dsp/../dsp/DSPGraph.h:5:
In file included from /Users/joshua/Developer/PedalForge/source/ui/../pedals/../dsp/../dsp/NAMNode.h:10:
/Users/joshua/Developer/PedalForge/build/_deps/namcore-src/NAM/lstm.h:118:2: warning: extra ';' outside of a function is incompatible with C++98 [-Wc++98-compat-extra-semi]
  118 | }; // namespace lstm
      |  ^
/Users/joshua/Developer/PedalForge/build/_deps/namcore-src/NAM/lstm.h:119:2: warning: extra ';' outside of a function is incompatible with C++98 [-Wc++98-compat-extra-semi]
  119 | }; // namespace nam
      |  ^
In file included from /Users/joshua/Developer/PedalForge/source/PluginEditor.cpp:1:
In file included from /Users/joshua/Developer/PedalForge/source/PluginEditor.h:7:
In file included from /Users/joshua/Developer/PedalForge/source/ui/InventoryOverlay.h:4:
In file included from /Users/joshua/Developer/PedalForge/source/ui/PedalPalette.h:4:
In file included from /Users/joshua/Developer/PedalForge/source/ui/../pedals/PedalRegistry.h:4:
In file included from /Users/joshua/Developer/PedalForge/source/ui/../pedals/../dsp/GraphPedalProcessor.h:4:
In file included from /Users/joshua/Developer/PedalForge/source/ui/../pedals/../dsp/../dsp/DSPGraph.h:5:
In file included from /Users/joshua/Developer/PedalForge/source/ui/../pedals/../dsp/../dsp/NAMNode.h:11:
/Users/joshua/Developer/PedalForge/build/_deps/namcore-src/NAM/convnet.h:30:17: warning: extra ';' after member function definition [-Wextra-semi]
   30 |   BatchNorm() {};
      |                 ^
/Users/joshua/Developer/PedalForge/build/_deps/namcore-src/NAM/convnet.h:60:20: warning: extra ';' after member function definition [-Wextra-semi]
   60 |   ConvNetBlock() {};
      |                    ^
/Users/joshua/Developer/PedalForge/build/_deps/namcore-src/NAM/convnet.h:111:13: warning: extra ';' after member function definition [-Wextra-semi]
  111 |   _Head() {};
      |             ^
/Users/joshua/Developer/PedalForge/build/_deps/namcore-src/NAM/convnet.h:165:60: warning: extra ';' after member function definition [-Wextra-semi]
  165 |   int PrewarmSamples() override { return mPrewarmSamples; };
      |                                                            ^
In file included from /Users/joshua/Developer/PedalForge/build/_deps/namcore-src/NAM/convnet.h:142:3:/Users/joshua/Developer/PedalForge/source/PluginProcessor.cpp:2 warning: '~ConvNet' overrides a destructor but is not marked 'override' [-Winconsistent-missing-destructor-override]
:
In file included from /Users/joshua/Developer/PedalForge/source/PluginEditor.h:7:
In file included from /Users/joshua/Developer/PedalForge/source/ui/InventoryOverlay.h:  142 |   ~ConvNet() = default;
      4:
In file included from /Users/joshua/Developer/PedalForge/source/ui/PedalPalette.h:4:
In file included from /Users/joshua/Developer/PedalForge/source/ui/../pedals/PedalRegistry.h:4:
In file included from /Users/joshua/Developer/PedalForge/source/ui/../pedals/../dsp/GraphPedalProcessor.h:4|   ^
:
In file included from /Users/joshua/Developer/PedalForge/source/ui/../pedals/../dsp/../dsp/DSPGraph.h:5:
In file included from /Users/joshua/Developer/PedalForge/source/ui/../pedals/../dsp/../dsp/NAMNode.h:10:
/Users/joshua/Developer/PedalForge/build/_deps/namcore-src/NAM/lstm.h:28:119: warning: /Users/joshua/Developer/PedalForge/build/_deps/namcore-src/NAM/dsp.h:215:7: note: overridden virtual function is here
  215 | class Buffer : publextra ';' after member function definition [-Wextra-semi]
   28 |   Eigen::VectorXf get_hic DSP
      |       ^
idden_state() const { return this->_xh(Eigen::placeholders::lastN(this->_get_hidden_size())); };
      |                                                                                                                       ^
/Users/joshua/Developer/PedalForge/build/_deps/namcore-src/NAM/lstm.h:50:64: warning: extra ';' after member function definition [-Wextra-semi]
   50 |   long _get_hidIn file included from /Users/joshua/Developer/PedalForge/source/PluginEditor.cpp:1:
In file included from /Users/joshua/Developer/PedalForge/source/PluginEditor.h:7:
In file included from /Users/joshua/Developer/PedalForge/source/ui/InventoryOverlay.h:4:
In file included from /Users/joshua/Developer/PedalForge/source/ui/PedalPalette.h:4:
In file included from /Users/joshua/Developer/PedalForge/source/ui/../pedals/PedalRegistry.h:4:
In file included from /Users/joshua/Developer/PedalForge/source/ui/../pedals/../dsp/GraphPedalProcessor.h:4:
In file included from /Users/joshua/Developer/PedalForge/source/ui/../pedals/../dsp/../dsp/DSPGraph.h:5:
In file included from /Users/joshua/Developer/PedalForge/source/ui/../pedals/../dsp/../dsp/NAMNode.h:11:
/Users/joshua/Developer/PedalForge/build/_deps/namcore-src/NAM/convnet.h:190:2:den_size() const { ret warning: extra ';' outside of a function is incompatible with C++98 [-Wc++98-compat-extra-semi]
urn this->_b.size() / 4; };
      |   190 | }                                                               ^
; // namespa/Users/joshua/Developer/PedalForge/build/_deps/namcore-src/NAM/lstm.h:51:87: warning: extra ';' after member function definition [-Wextra-semi]
   51 |   long _get_ice convnet
      |  ^
nput_size() const { retu/Users/joshua/Developer/PedalForge/build/_deps/namcore-src/NAM/convnet.h:191:2: warning: extra ';' outside of a function is incompatible with C++98 [-Wc++98-compat-extra-semi]
rn thi  191 | }; // namespace s->_xh.size() - this->_get_hidden_size(); };
      |                                                                                       ^
nam
      |  ^
/Users/joshua/Developer/PedalForge/build/_deps/namcore-src/NAM/lstm.h:73:3: warning: '~LSTM' overrides a destructor but is not marked 'override' [-Winconsistent-missing-destructor-override]
   73 |   ~LSTM() = default;
      |   ^
/Users/joshua/Developer/PedalForge/build/_deps/namcore-src/NAM/dsp.h:65:11: note: overridden virtual function is here
   65 |   virtual ~DSP() = default;
      |           ^
In file included from /Users/joshua/Developer/PedalForge/source/PluginProcessor.cpp:2:
In file included from /Users/joshua/Developer/PedalForge/source/PluginEditor.h:7:
In file included from /Users/joshua/Developer/PedalForge/source/ui/InventoryOverlay.h:4:
In file included from /Users/joshua/Developer/PedalForge/source/ui/PedalPalette.h:4:
In file included from /Users/joshua/Developer/PedalForge/source/ui/../pedals/PedalRegistry.h:4:
In file included from /Users/joshua/Developer/PedalForge/source/ui/../pedals/../dsp/GraphPedalProcessor.h:4:
In file included from /Users/joshua/Developer/PedalForge/source/ui/../pedals/../dsp/../dsp/DSPGraph.h:5:
In file included from /Users/joshua/Developer/PedalForge/source/ui/../pedals/../dsp/../dsp/NAMNode.h:10:
/Users/joshua/Developer/PedalForge/build/_deps/namcore-src/NAM/lstm.h:118:2: warning: extra ';' outside of a function is incompatible with C++98 [-Wc++98-compat-extra-semi]
  118 | }; // namespace lstm
      |  ^
/Users/joshua/Developer/PedalForge/build/_deps/namcore-src/NAM/lstm.h:119:2: warning: extra ';' outside of a function is incompatible with C++98 [-Wc++98-compat-extra-semi]
  119 | }; // namespace nam
      |  ^
In file included from /Users/joshua/Developer/PedalForge/source/PluginProcessor.cpp:2:
In file included from /Users/joshua/Developer/PedalForge/source/PluginEditor.h:7:
In file included from /Users/joshua/Developer/PedalForge/source/ui/InventoryOverlay.h:4:
In file included from /Users/joshua/Developer/PedalForge/source/ui/PedalPalette.h:4:
In file included from /Users/joshua/Developer/PedalForge/source/ui/../pedals/PedalRegistry.h:4:
In file included from /Users/joshua/Developer/PedalForge/source/ui/../pedals/../dsp/GraphPedalProcessor.h:4:
In file included from /Users/joshua/Developer/PedalForge/source/ui/../pedals/../dsp/../dsp/DSPGraph.h:5:
In file included from /Users/joshua/Developer/PedalForge/source/ui/../pedals/../dsp/../dsp/NAMNode.h:11:
/Users/joshua/Developer/PedalForge/build/_deps/namcore-src/NAM/convnet.h:30:17: warning: extra ';' after member function definition [-Wextra-semi]
   30 |   BatchNorm() {};
      |                 ^
/Users/joshua/Developer/PedalForge/build/_deps/namcore-src/NAM/convnet.h:60:20: warning: extra ';' after member function definition [-Wextra-semi]
   60 |   ConvNetBlock() {};
      |                    ^
/Users/joshua/Developer/PedalForge/build/_deps/namcore-src/NAM/convnet.h:111:13: warning: extra ';' after member function definition [-Wextra-semi]
  111 |   _Head() {};
      |             ^
/Users/joshua/Developer/PedalForge/build/_deps/namcore-src/NAM/convnet.h:165:60: warning: extra ';' after member function definition [-Wextra-semi]
  165 |   int PrewarmSamples() override { return mPrewarmSamples; };
      |                                                            ^
/Users/joshua/Developer/PedalForge/build/_deps/namcore-src/NAM/convnet.h:142:3: warning: '~ConvNet' overrides a destructor but is not marked 'override' [-Winconsistent-missing-destructor-override]
  142 |   ~ConvNet() = default;
      |   ^
/Users/joshua/Developer/PedalForge/build/_deps/namcore-src/NAM/dsp.h:215:7: note: overridden virtual function is here
  215 | class Buffer : public DSP
      |       ^
In file included from /Users/joshua/Developer/PedalForge/source/PluginProcessor.cpp:2:
In file included from /Users/joshua/Developer/PedalForge/source/PluginEditor.h:7:
In file included from /Users/joshua/Developer/PedalForge/source/ui/InventoryOverlay.h:4:
In file included from /Users/joshua/Developer/PedalForge/source/ui/PedalPalette.h:4:
In file included from /Users/joshua/Developer/PedalForge/source/ui/../pedals/PedalRegistry.h:4:
In file included from /Users/joshua/Developer/PedalForge/source/ui/../pedals/../dsp/GraphPedalProcessor.h:4:
In file included from /Users/joshua/Developer/PedalForge/source/ui/../pedals/../dsp/../dsp/DSPGraph.h:5:
In file included from /Users/joshua/Developer/PedalForge/source/ui/../pedals/../dsp/../dsp/NAMNode.h:11:
/Users/joshua/Developer/PedalForge/build/_deps/namcore-src/NAM/convnet.h:190:2: warning: extra ';' outside of a function is incompatible with C++98 [-Wc++98-compat-extra-semi]
  190 | }; // namespace convnet
      |  ^
/Users/joshua/Developer/PedalForge/build/_deps/namcore-src/NAM/convnet.h:191:2: warning: extra ';' outside of a function is incompatible with C++98 [-Wc++98-compat-extra-semi]
  191 | }; // namespace nam
      |  ^
In file included from /Users/joshua/Developer/PedalForge/source/PluginEditor.cpp:1:
In file included from /Users/joshua/Developer/PedalForge/source/PluginEditor.h:7:
In file included from /Users/joshua/Developer/PedalForge/source/ui/InventoryOverlay.h:4:
In file included from /Users/joshua/Developer/PedalForge/source/ui/PedalPalette.h:4:
In file included from /Users/joshua/Developer/PedalForge/source/ui/../pedals/PedalRegistry.h:4:
In file included from /Users/joshua/Developer/PedalForge/source/ui/../pedals/../dsp/GraphPedalProcessor.h:4:
In file included from /Users/joshua/Developer/PedalForge/source/ui/../pedals/../dsp/../dsp/DSPGraph.h:7:
/Users/joshua/Developer/PedalForge/source/ui/../pedals/../dsp/../dsp/MidiEditorNode.h:46:26: warning: parameter 'sr' shadows member inherited from type 'DSPNode' [-Wshadow-field]
   46 |     void prepare (double sr, int maxBlockSize) override
      |                          ^
/Users/joshua/Developer/PedalForge/source/ui/../pedals/../dsp/../dsp/DSPNode.h:297:12: note: declared here
  297 |     double sr = 44100.0;
      |            ^
In file included from /Users/joshua/Developer/PedalForge/source/PluginProcessor.cpp:2:
In file included from /Users/joshua/Developer/PedalForge/source/PluginEditor.h:7:
In file included from /Users/joshua/Developer/PedalForge/source/ui/InventoryOverlay.h:4:
In file included from /Users/joshua/Developer/PedalForge/source/ui/PedalPalette.h:4:
In file included from /Users/joshua/Developer/PedalForge/source/ui/../pedals/PedalRegistry.h:4:
In file included from /Users/joshua/Developer/PedalForge/source/ui/../pedals/../dsp/GraphPedalProcessor.h:4:
In file included from /Users/joshua/Developer/PedalForge/source/ui/../pedals/../dsp/../dsp/DSPGraph.h:7:
/Users/joshua/Developer/PedalForge/source/ui/../pedals/../dsp/../dsp/MidiEditorNode.h:46:26: warning: parameter 'sr' shadows member inherited from type 'DSPNode' [-Wshadow-field]
   46 |     void prepare (double sr, int maxBlockSize) override
      |                          ^
/Users/joshua/Developer/PedalForge/source/ui/../pedals/../dsp/../dsp/DSPNode.h:297:12: note: declared here
  297 |     double sr = 44100.0;
      |            ^
In file included from /Users/joshua/Developer/PedalForge/source/PluginEditor.cpp:1:
In file included from /Users/joshua/Developer/PedalForge/source/PluginEditor.h:7:
In file included from /Users/joshua/Developer/PedalForge/source/ui/InventoryOverlay.h:4:
In file included from /Users/joshua/Developer/PedalForge/source/ui/PedalPalette.h:4:
In file included from /Users/joshua/Developer/PedalForge/source/ui/../pedals/PedalRegistry.h:4:
In file included from /Users/joshua/Developer/PedalForge/source/ui/../pedals/../dsp/GraphPedalProcessor.h:4:
/Users/joshua/Developer/PedalForge/source/ui/../pedals/../dsp/../dsp/DSPGraph.h:315:72: warning: implicit conversion changes signedness: 'int' to 'size_type' (aka 'unsigned long') [-Wsign-conversion]
  315 |         if (!NodePort::areCompatible (srcPorts[srcPort].type, dstPorts[dstPort].type))
      |                                                               ~~~~~~~~ ^~~~~~~
/Users/joshua/Developer/PedalForge/source/ui/../pedals/../dsp/../dsp/DSPGraph.h:315:48: warning: implicit conversion changes signedness: 'int' to 'size_type' (aka 'unsigned long') [-Wsign-conversion]
  315 |         if (!NodePort::areCompatible (srcPorts[srcPort].type, dstPorts[dstPort].type))
      |                                       ~~~~~~~~ ^~~~~~~
In file included from /Users/joshua/Developer/PedalForge/source/PluginProcessor.cpp:2:
In file included from /Users/joshua/Developer/PedalForge/source/PluginEditor.h:7:
In file included from /Users/joshua/Developer/PedalForge/source/ui/InventoryOverlay.h:4:
In file included from /Users/joshua/Developer/PedalForge/source/ui/PedalPalette.h:4:
In file included from /Users/joshua/Developer/PedalForge/source/ui/../pedals/PedalRegistry.h:4:
In file included from /Users/joshua/Developer/PedalForge/source/ui/../pedals/../dsp/GraphPedalProcessor.h:4:
/Users/joshua/Developer/PedalForge/source/ui/../pedals/../dsp/../dsp/DSPGraph.h:315:72: warning: implicit conversion changes signedness: 'int' to 'size_type' (aka 'unsigned long') [-Wsign-conversion]
  315 |         if (!NodePort::areCompatible (srcPorts[srcPort].type, dstPorts[dstPort].type))
      |                                                               ~~~~~~~~ ^~~~~~~
/Users/joshua/Developer/PedalForge/source/ui/../pedals/../dsp/../dsp/DSPGraph.h:315:48: warning: implicit conversion changes signedness: 'int' to 'size_type' (aka 'unsigned long') [-Wsign-conversion]
  315 |         if (!NodePort::areCompatible (srcPorts[srcPort].type, dstPorts[dstPort].type))
      |                                       ~~~~~~~~ ^~~~~~~
/Users/joshua/Developer/PedalForge/source/ui/../pedals/../dsp/../dsp/DSPGraph.h:372:28: warning: implicit conversion changes signedness: 'int' to 'size_type' (aka 'unsigned long') [-Wsign-conversion]
  372 |         bufferPool.resize (maxPorts);
      |                    ~~~~~~  ^~~~~~~~
/Users/joshua/Developer/PedalForge/source/ui/../pedals/../dsp/../dsp/DSPGraph.h:374:23: warning: implicit conversion changes signedness: 'int' to 'size_type' (aka 'unsigned long') [-Wsign-conversion]
  374 |             b.resize (maxBlockSize, 0.0f);
      |               ~~~~~~  ^~~~~~~~~~~~
/Users/joshua/Developer/PedalForge/source/ui/../pedals/../dsp/../dsp/DSPGraph.h:377:31: warning: implicit conversion changes signedness: 'int' to 'size_type' (aka 'unsigned long') [-Wsign-conversion]
  377 |         scratchInPtrs.resize (maxNodeInputPorts, nullptr);
      |                       ~~~~~~  ^~~~~~~~~~~~~~~~~
/Users/joshua/Developer/PedalForge/source/ui/../pedals/../dsp/../dsp/DSPGraph.h:372:28: warning: implicit conversion changes signedness: 'int' to 'size_type' (aka 'unsigned long') [-Wsign-conversion]
  372 |         bufferPool.resize (maxPorts);
      |                    ~~~~~~  ^~~~~~~~
/Users/joshua/Developer/PedalForge/source/ui/../pedals/../dsp/../dsp/DSPGraph.h:378:32: warning: implicit conversion changes signedness: 'int' to 'size_type' (aka 'unsigned long') [-Wsign-conversion]
  378 |         scratchOutPtrs.resize (maxNodeOutputPorts/Users/joshua/Developer/PedalForge/source/ui/../pedals/../dsp/../dsp/DSPGraph.h:374:23: warning: implicit conversion changes signedness: 'int' to 'size_type' (aka 'unsigned long') [-Wsign-conversion]
  374 |    , nullptr);
      |                        ~~~~~~  ^~~~~~~~~~~~~~~~~~
        /Users/joshua/Developer/PedalForge/source/ui/../pedals/../dsp/../dsp/DSPGraph.h:379:32: warning: implicit conversion changes signedness: 'int' to 'size_type' (aka 'unsigned long') [-Wsign-conversion]
 b  379 |         scratchSile.nce.resize (maxBloresize (maxBlockSize, 0.0f);
      |               ~~~~~~  ^~~~~~~~~~~~
ckSize, 0.0f);
      |                        ~~~~~~  ^~~~~~~~~~~~
/Users/joshua/Developer/PedalForge/source/ui/../pedals/../dsp/../dsp/DSPGraph.h:380:32: warning: implicit conversion changes signedness: 'int' to 'size_type' (aka 'unsigned long') [-Wsign-conversion]
  380 |         scratchDevNull.resize (maxBlockSize, 0.0f);
      |                        ~~~~~~  ^~~~~~~~~~~~
/Users/joshua/Developer/PedalForge/source/ui/../pedals/../dsp/../dsp/DSPGraph.h:415:51: warning: implicit conversion changes signedness: 'mapped_type' (aka 'int') to 'size_type' (aka 'unsigned long') [-Wsign-conversion]
  415 |                                        bufferPool[portBufferMap[key]].data());
      |                                        ~~~~~~~~~~ ^~~~~~~~~~~~~~~~~~
/Users/joshua/Developer/PedalForge/source/ui/../pedals/../dsp/../dsp/DSPGraph.h:418:51: warning: implicit conversion changes signedness: 'mapped_type' (aka 'int') to 'size_type' (aka 'unsigned long') [-Wsign-conversion]
  418 |                                        bufferPool[portBufferMap[key]].data() + numSamples, 0.0f);
      |                                        ~~~~~~~~~~ ^~~~~~~~~~~~~~~~~~
/Users/joshua/Developer/PedalForge/source/ui/../pedals/../dsp/../dsp/DSPGraph.h:417:51: warning: implicit conversion changes signedness: 'mapped_type' (aka 'int') to 'size_type' (aka 'unsigned long') [-Wsign-conversion]
  417 |                             std::fill (bufferPool[portBufferMap[key]].data(),
      |                                        ~~~~~~~~~~ ^~~~~~~~~~~~~~~~~~
/Users/joshua/Developer/PedalForge/source/ui/../pedals/../dsp/../dsp/DSPGraph.h:436:51: warning: implicit conversion changes signedness: 'mapped_type' (aka 'int') to 'size_type' (aka 'unsigned long') [-Wsign-conversion]
  436 |                                        bufferPool[portBufferMap[key]].data());
      |                                        ~~~~~~~~~~ ^~~~~~~~~~~~~~~~~~
/Users/joshua/Developer/PedalForge/source/ui/../pedals/../dsp/../dsp/DSPGraph.h:439:51: warning: implicit conversion changes signedness: 'mapped_type' (aka 'int') to 'size_type' (aka 'unsigned long') [-Wsign-conversion]
  439 |                                        bufferPool[portBufferMap[key]].data() + numSamples, 0.0f);
      |                                        ~~~~~~~~~~ ^~~~~~~~~~~~~~~~~~
/Users/joshua/Developer/PedalForge/source/ui/../pedals/../dsp/../dsp/DSPGraph.h:438:51: warning: implicit conversion changes signedness: 'mapped_type' (aka 'int') to 'size_type' (aka 'unsigned long') [-Wsign-conversion]
  438 |                             std::fill (bufferPool[portBufferMap[key]].data(),
      |                                        ~~~~~~~~~~ ^~~~~~~~~~~~~~~~~~
/Users/joshua/Developer/PedalForge/source/ui/../pedals/../dsp/../dsp/DSPGraph.h:448:31: warning: implicit conversion changes signedness: 'int' to 'size_type' (aka 'unsigned long') [-Wsign-conversion]
  448 |                 scratchInPtrs[i] = nullptr;
      |                 ~~~~~~~~~~~~~ ^
/Users/joshua/Developer/PedalForge/source/ui/../pedals/../dsp/../dsp/DSPGraph.h:456:44: warning: implicit conversion changes signedness: 'const int' to 'size_type' (aka 'unsigned long') [-Wsign-conversion]
  456 |                         scratchInPtrs[conn.destPort] = bufferPool[portBufferMap[srcKey]].data();
      |                         ~~~~~~~~~~~~~ ~~~~~^~~~~~~~
/Users/joshua/Developer/PedalForge/source/ui/../pedals/../dsp/../dsp/DSPGraph.h:456:67: warning: implicit conversion changes signedness: 'mapped_type' (aka 'int') to 'size_type' (aka 'unsigned long') [-Wsign-conversion]
  456 |                         scratchInPtrs[conn.destPort] = bufferPool[portBufferMap[srcKey]].data();
      |                                                        ~~~~~~~~~~ ^~~~~~~~~~~~~~~~~~~~~
/Users/joshua/Developer/PedalForge/source/ui/../pedals/../dsp/../dsp/DSPGraph.h:463:35: warning: implicit conversion changes signedness: 'int' to 'size_type' (aka 'unsigned long') [-Wsign-conversion]
  463 |                 if (scratchInPtrs[i] == nullptr) scratchInPtrs[i] = scratchSilence.data();
      |                     ~~~~~~~~~~~~~ ^
/Users/joshua/Developer/PedalForge/source/ui/../pedals/../dsp/../dsp/DSPGraph.h:463:64: warning: implicit conversion changes signedness: 'int' to 'size_type' (aka 'unsigned long') [-Wsign-conversion]
  463 |                 if (scratchInPtrs[i] == nullptr) scratchInPtrs[i] = scratchSilence.data();
      |                                                  ~~~~~~~~~~~~~ ^
/Users/joshua/Developer/PedalForge/source/ui/../pedals/../dsp/../dsp/DSPGraph.h:468:32: warning: implicit conversion changes signedness: 'int' to 'size_type' (aka 'unsigned long') [-Wsign-conversion]
  468 |                 scratchOutPtrs[i] = nullptr;
      |                 ~~~~~~~~~~~~~~ ^
/Users/joshua/Developer/PedalForge/source/ui/../pedals/../dsp/../dsp/DSPGraph.h:473:36: warning: implicit conversion changes signedness: 'int' to 'size_type' (aka 'unsigned long') [-Wsign-conversion]
  473 |                     scratchOutPtrs[p] = bufferPool[portBufferMap[key]].data();
      |                     ~~~~~~~~~~~~~~ ^
/Users/joshua/Developer/PedalForge/source/ui/../pedals/../dsp/../dsp/DSPGraph.h:473:52: warning: implicit conversion changes signedness: 'mapped_type' (aka 'int') to 'size_type' (aka 'unsigned long') [-Wsign-conversion]
  473 |                     scratchOutPtrs[p] = bufferPool[portBufferMap[key]].data();
      |                                         ~~~~~~~~~~ ^~~~~~~~~~~~~~~~~~
/Users/joshua/Developer/PedalForge/source/ui/../pedals/../dsp/../dsp/DSPGraph.h:479:36: warning: implicit conversion changes signedness: 'int' to 'size_type' (aka 'unsigned long') [-Wsign-conversion]
  479 |                 if (scratchOutPtrs[i] == nullptr) scratchOutPtrs[i] = scratchDevNull.data();
      |                     ~~~~~~~~~~~~~~ ^
/Users/joshua/Developer/PedalForge/source/ui/../pedals/../dsp/../dsp/DSPGraph.h:479:66: warning: implicit conversion changes signedness: 'int' to 'size_type' (aka 'unsigned long') [-Wsign-conversion]
  479 |                 if (scratchOutPtrs[i] == nullptr) scratchOutPtrs[i] = scratchDevNull.data();
      |                                                   ~~~~~~~~~~~~~~ ^
/Users/joshua/Developer/PedalForge/source/ui/../pedals/../dsp/../dsp/DSPGraph.h:377:31: warning: implicit conversion changes signedness: 'int' to 'size_type' (aka 'unsigned long') [-Wsign-conversion]
  377 |         scratchInPtrs.resize (maxNodeInputPorts, nullptr);
/Users/joshua/Developer/PedalForge/source/ui/../pedals/../dsp/../dsp/DSPGraph.h:494:67: warning: implicit conversion changes signedness: 'int' to 'size_type' (aka 'unsigned long') [-Wsign-conversion]
  494 |                   |                       ~~~~~~  ^~~~~~~~~~~~~~~~~
    node->lastInputValues[(size_t) i] = scratchInPtrs[i] != nullptr ? scratchInPtrs[i][numSamples - 1] : 0.0f;
      |                                                     ~~~~~~~~~~~~~ ^
/Users/joshua/Developer/PedalForge/source/ui/../pedals/../dsp/../dsp/DSPGraph.h:494:97: warning: implicit conversion changes signedness: 'int' to 'size_type' (aka 'unsigned long') [-Wsign-conversion]
  494 |                 node->lastInputValues[(size_t) i] = scratchInPtrs[i] != nullptr ? scratchInPtrs[i][numSamples - 1] : 0.0f;
      |                                                                                   ~~~~~~~~~~~~~ ^
/Users/joshua/Developer/PedalForge/source/ui/../pedals/../dsp/../dsp/DSPGraph.h:499:69: warning: implicit conversion changes signedness: 'int' to 'size_type' (aka 'unsigned long') [-Wsign-conversion]
  499 |                 node->lastOutputValues[(size_t) i] = scratchOutPtrs[i] != nullptr ? scratchOutPtrs[i][numSamples - 1] : 0.0f;
      |                                                      ~~~~~~~~~~~~~~ ^
/Users/joshua/Developer/PedalForge/source/ui/../pedals/../dsp/../dsp/DSPGraph.h:499:100: warning: implicit conversion changes signedness: 'int' to 'size_type' (aka 'unsigned long') [-Wsign-conversion]
  499 |                 node->lastOutputValues[(size_t) i] = scratchOutPtrs[i] != nullptr ? scratchOutPtrs[i][numSamples - 1] : 0.0f;
      |                                                                                     ~~~~~~~~~~~~~~ ^
/Users/joshua/Developer/PedalForge/source/ui/../pedals/../dsp/../dsp/DSPGraph.h:507:57: warning: implicit conversion changes signedness: 'int' to 'size_type' (aka 'unsigned long') [-Wsign-conversion]
  507 |                     if (ch < numInputs && scratchInPtrs[ch] != nullptr && ch < buffer.getNumChannels())
      |                                           ~~~~~~~~~~~~~ ^~
/Users/joshua/Developer/PedalForge/source/ui/../pedals/../dsp/../dsp/DSPGraph.h:511:73: warning: implicit conversion changes signedness: 'int' to 'size_type' (aka 'unsigned long') [-Wsign-conversion]
  511 |                             std::copy (scratchInPtrs[ch], scratchInPtrs[ch] + numSamples,
      |                                                           ~~~~~~~~~~~~~ ^~
/Users/joshua/Developer/PedalForge/source/ui/../pedals/../dsp/../dsp/DSPGraph.h:511:54: warning: implicit conversion changes signedness: 'int' to 'size_type' (aka 'unsigned long') [-Wsign-conversion]
  511 |                             std::copy (scratchInPtrs[ch], scratchInPtrs[ch] + numSamples,
      |                                        ~~~~~~~~~~~~~ ^~
/Users/joshua/Developer/PedalForge/source/ui/../pedals/../dsp/../dsp/DSPGraph.h:517:61: warning: implicit conversion changes signedness: 'int' to 'size_type' (aka 'unsigned long') [-Wsign-conversion]
  517 |                             const auto* src = scratchInPtrs[ch];
      |                                               ~~~~~~~~~~~~~ ^~
/Users/joshua/Developer/PedalForge/source/ui/../pedals/../dsp/../dsp/DSPGraph.h:532:57: warning: implicit conversion changes signedness: 'int' to 'size_type' (aka 'unsigned long') [-Wsign-conversion]
  532 |                     if (ch < numInputs && scratchInPtrs[ch] != nullptr && (ch + 2) < buffer.getNumChannels())
      |                                           ~~~~~~~~~~~~~ ^~
/Users/joshua/Developer/PedalForge/source/ui/../pedals/../dsp/../dsp/DSPGraph.h:536:57: warning: implicit conversion changes signedness: 'int' to 'size_type' (aka 'unsigned long') [-Wsign-conversion]
  536 |                         const auto* src = scratchInPtrs[ch];
      |                                           ~~~~~~~~~~~~~ ^~
/Users/joshua/Developer/PedalForge/source/ui/../pedals/../dsp/../dsp/DSPGraph.h:378:32: warning: implicit conversion changes signedness: 'int' to 'size_type' (aka 'unsigned long') [-Wsign-conversion]
  378 |         scratchOutPtrs.resize (maxNodeOutputPorts, nullptr);
      |                        ~~~~~~  ^~~~~~~~~~~~~~~~~~
/Users/joshua/Developer/PedalForge/source/ui/../pedals/../dsp/../dsp/DSPGraph.h:379:32: warning: implicit conversion changes signedness: 'int' to 'size_type' (aka 'unsigned long') [-Wsign-conversion]
  379 |         scratchSilence.resize (maxBlockSize, 0.0f);
      |                        ~~~~~~  ^~~~~~~~~~~~
/Users/joshua/Developer/PedalForge/source/ui/../pedals/../dsp/../dsp/DSPGraph.h:380:32: warning: implicit conversion changes signedness: 'int' to 'size_type' (aka 'unsigned long') [-Wsign-conversion]
  380 |         scratchDevNull.resize (maxBlockSize, 0.0f);
      |                        ~~~~~~  ^~~~~~~~~~~~
/Users/joshua/Developer/PedalForge/source/ui/../pedals/../dsp/../dsp/DSPGraph.h:415:51: warning: implicit conversion changes signedness: 'mapped_type' (aka 'int') to 'size_type' (aka 'unsigned long') [-Wsign-conversion]
  415 |                                        bufferPool[portBufferMap[key]].data());
      |                                        ~~~~~~~~~~ ^~~~~~~~~~~~~~~~~~
/Users/joshua/Developer/PedalForge/source/ui/../pedals/../dsp/../dsp/DSPGraph.h:418:51: warning: implicit conversion changes signedness: 'mapped_type' (aka 'int') to 'size_type' (aka 'unsigned long') [-Wsign-conversion]
  418 |                                        bufferPool[portBufferMap[key]].data() + numSamples, 0.0f);
      |                                        ~~~~~~~~~~ ^~~~~~~~~~~~~~~~~~
/Users/joshua/Developer/PedalForge/source/ui/../pedals/../dsp/../dsp/DSPGraph.h:417:51: warning: implicit conversion changes signedness: 'mapped_type' (aka 'int') to 'size_type' (aka 'unsigned long') [-Wsign-conversion]
  417 |                             std::fill (bufferPool[portBufferMap[key]].data(),
      |                                        ~~~~~~~~~~ ^~~~~~~~~~~~~~~~~~
/Users/joshua/Developer/PedalForge/source/ui/../pedals/../dsp/../dsp/DSPGraph.h:436:51: warning: implicit conversion changes signedness: 'mapped_type' (aka 'int') to 'size_type' (aka 'unsigned long') [-Wsign-conversion]
  436 |                                        bufferPool[portBufferMap[key]].data());
      |                                        ~~~~~~~~~~ ^~~~~~~~~~~~~~~~~~
/Users/joshua/Developer/PedalForge/source/ui/../pedals/../dsp/../dsp/DSPGraph.h:439:51: warning: implicit conversion changes signedness: 'mapped_type' (aka 'int') to 'size_type' (aka 'unsigned long') [-Wsign-conversion]
  439 |                                        bufferPool[portBufferMap[key]].data() + numSamples, 0.0f);
      |                                        ~~~~~~~~~~ ^~~~~~~~~~~~~~~~~~
/Users/joshua/Developer/PedalForge/source/ui/../pedals/../dsp/../dsp/DSPGraph.h:438:51: warning: implicit conversion changes signedness: 'mapped_type' (aka 'int') to 'size_type' (aka 'unsigned long') [-Wsign-conversion]
  438 |                             std::fill (bufferPool[portBufferMap[key]].data(),
      |                                        ~~~~~~~~~~ ^~~~~~~~~~~~~~~~~~
/Users/joshua/Developer/PedalForge/source/ui/../pedals/../dsp/../dsp/DSPGraph.h:448:31: warning: implicit conversion changes signedness: 'int' to 'size_type' (aka 'unsigned long') [-Wsign-conversion]
  448 |                 scratchInPtrs[i] = nullptr;
      |                 ~~~~~~~~~~~~~ ^
/Users/joshua/Developer/PedalForge/source/ui/../pedals/../dsp/../dsp/DSPGraph.h:456:44: warning: implicit conversion changes signedness: 'const int' to 'size_type' (aka 'unsigned long') [-Wsign-conversion]
  456 |                         scratchInPtrs[conn.destPort] = bufferPool[portBufferMap[srcKey]].data();
      |                         ~~~~~~~~~~~~~ ~~~~~^~~~~~~~
/Users/joshua/Developer/PedalForge/source/ui/../pedals/../dsp/../dsp/DSPGraph.h:456:67: warning: implicit conversion changes signedness: 'mapped_type' (aka 'int') to 'size_type' (aka 'unsigned long') [-Wsign-conversion]
  456 |                         scratchInPtrs[conn.destPort] = bufferPool[portBufferMap[srcKey]].data();
      |                                                        ~~~~~~~~~~ ^~~~~~~~~~~~~~~~~~~~~
/Users/joshua/Developer/PedalForge/source/ui/../pedals/../dsp/../dsp/DSPGraph.h:463:35: warning: implicit conversion changes signedness: 'int' to 'size_type' (aka 'unsigned long') [-Wsign-conversion]
  463 |                 if (scratchInPtrs[i] == nullptr) scratchInPtrs[i] = scratchSilence.data();
      |                     ~~~~~~~~~~~~~ ^
/Users/joshua/Developer/PedalForge/source/ui/../pedals/../dsp/../dsp/DSPGraph.h:463:64: warning: implicit conversion changes signedness: 'int' to 'size_type' (aka 'unsigned long') [-Wsign-conversion]
  463 |                 if (scratchInPtrs[i] == nullptr) scratchInPtrs[i] = scratchSilence.data();
      |                                                  ~~~~~~~~~~~~~ ^
/Users/joshua/Developer/PedalForge/source/ui/../pedals/../dsp/../dsp/DSPGraph.h:468:32: warning: implicit conversion changes signedness: 'int' to 'size_type' (aka 'unsigned long') [-Wsign-conversion]
  468 |                 scratchOutPtrs[i] = nullptr;
      |                 ~~~~~~~~~~~~~~ ^
/Users/joshua/Developer/PedalForge/source/ui/../pedals/../dsp/../dsp/DSPGraph.h:473:36: warning: implicit conversion changes signedness: 'int' to 'size_type' (aka 'unsigned long') [-Wsign-conversion]
  473 |                     scratchOutPtrs[p] = bufferPool[portBufferMap[key]].data();
      |                     ~~~~~~~~~~~~~~ ^
/Users/joshua/Developer/PedalForge/source/ui/../pedals/../dsp/../dsp/DSPGraph.h:473:52: warning: implicit conversion changes signedness: 'mapped_type' (aka 'int') to 'size_type' (aka 'unsigned long') [-Wsign-conversion]
  473 |                     scratchOutPtrs[p] = bufferPool[portBufferMap[key]].data();
      |                                         ~~~~~~~~~~ ^~~~~~~~~~~~~~~~~~
/Users/joshua/Developer/PedalForge/source/ui/../pedals/../dsp/../dsp/DSPGraph.h:479:36: warning: implicit conversion changes signedness: 'int' to 'size_type' (aka 'unsigned long') [-Wsign-conversion]
  479 |                 if (scratchOutPtrs[i] == nullptr) scratchOutPtrs[i] = scratchDevNull.data();
      |                     ~~~~~~~~~~~~~~ ^
/Users/joshua/Developer/PedalForge/source/ui/../pedals/../dsp/../dsp/DSPGraph.h:479:66: warning: implicit conversion changes signedness: 'int' to 'size_type' (aka 'unsigned long') [-Wsign-conversion]
  479 |                 if (scratchOutPtrs[i] == nullptr) scratchOutPtrs[i] = scratchDevNull.data();
      |                                                   ~~~~~~~~~~~~~~ ^
/Users/joshua/Developer/PedalForge/source/ui/../pedals/../dsp/../dsp/DSPGraph.h:494:67: warning: implicit conversion changes signedness: 'int' to 'size_type' (aka 'unsigned long') [-Wsign-conversion]
  494 |                 node->lastInputValues[(size_t) i] = scratchInPtrs[i] != nullptr ? scratchInPtrs[i][numSamples - 1] : 0.0f;
      |                                                     ~~~~~~~~~~~~~ ^
/Users/joshua/Developer/PedalForge/source/ui/../pedals/../dsp/../dsp/DSPGraph.h:494:97: warning: implicit conversion changes signedness: 'int' to 'size_type' (aka 'unsigned long') [-Wsign-conversion]
  494 |                 node->lastInputValues[(size_t) i] = scratchInPtrs[i] != nullptr ? scratchInPtrs[i][numSamples - 1] : 0.0f;
      |                                                                                   ~~~~~~~~~~~~~ ^
/Users/joshua/Developer/PedalForge/source/ui/../pedals/../dsp/../dsp/DSPGraph.h:499:69: warning: implicit conversion changes signedness: 'int' to 'size_type' (aka 'unsigned long') [-Wsign-conversion]
  499 |                 node->lastOutputValues[(size_t) i] = scratchOutPtrs[i] != nullptr ? scratchOutPtrs[i][numSamples - 1] : 0.0f;
      |                                                      ~~~~~~~~~~~~~~ ^
/Users/joshua/Developer/PedalForge/source/ui/../pedals/../dsp/../dsp/DSPGraph.h:499:100: warning: implicit conversion changes signedness: 'int' to 'size_type' (aka 'unsigned long') [-Wsign-conversion]
  499 |                 node->lastOutputValues[(size_t) i] = scratchOutPtrs[i] != nullptr ? scratchOutPtrs[i][numSamples - 1] : 0.0f;
      |                                                                                     ~~~~~~~~~~~~~~ ^
/Users/joshua/Developer/PedalForge/source/ui/../pedals/../dsp/../dsp/DSPGraph.h:507:57: warning: implicit conversion changes signedness: 'int' to 'size_type' (aka 'unsigned long') [-Wsign-conversion]
  507 |                     if (ch < numInputs && scratchInPtrs[ch] != nullptr && ch < buffer.getNumChannels())
      |                                           ~~~~~~~~~~~~~ ^~
/Users/joshua/Developer/PedalForge/source/ui/../pedals/../dsp/../dsp/DSPGraph.h:511:73: warning: implicit conversion changes signedness: 'int' to 'size_type' (aka 'unsigned long') [-Wsign-conversion]
  511 |                             std::copy (scratchInPtrs[ch], scratchInPtrs[ch] + numSamples,
      |                                                           ~~~~~~~~~~~~~ ^~
/Users/joshua/Developer/PedalForge/source/ui/../pedals/../dsp/../dsp/DSPGraph.h:511:54: warning: implicit conversion changes signedness: 'int' to 'size_type' (aka 'unsigned long') [-Wsign-conversion]
  511 |                             std::copy (scratchInPtrs[ch], scratchInPtrs[ch] + numSamples,
      |                                        ~~~~~~~~~~~~~ ^~
/Users/joshua/Developer/PedalForge/source/ui/../pedals/../dsp/../dsp/DSPGraph.h:517:61: warning: implicit conversion changes signedness: 'int' to 'size_type' (aka 'unsigned long') [-Wsign-conversion]
  517 |                             const auto* src = scratchInPtrs[ch];
      |                                               ~~~~~~~~~~~~~ ^~
/Users/joshua/Developer/PedalForge/source/ui/../pedals/../dsp/../dsp/DSPGraph.h:532:57: warning: implicit conversion changes signedness: 'int' to 'size_type' (aka 'unsigned long') [-Wsign-conversion]
  532 |                     if (ch < numInputs && scratchInPtrs[ch] != nullptr && (ch + 2) < buffer.getNumChannels())
      |                                           ~~~~~~~~~~~~~ ^~
/Users/joshua/Developer/PedalForge/source/ui/../pedals/../dsp/../dsp/DSPGraph.h:536:57: warning: implicit conversion changes signedness: 'int' to 'size_type' (aka 'unsigned long') [-Wsign-conversion]
  536 |                         const auto* src = scratchInPtrs[ch];
      |                                           ~~~~~~~~~~~~~ ^~
In file included from /Users/joshua/Developer/PedalForge/source/PluginEditor.cpp:1:
In file included from /Users/joshua/Developer/PedalForge/source/PluginEditor.h:7:
In file included from /Users/joshua/Developer/PedalForge/source/ui/InventoryOverlay.h:4:
In file included from /Users/joshua/Developer/PedalForge/source/ui/PedalPalette.h:4:
In file included from /Users/joshua/Developer/PedalForge/source/ui/../pedals/PedalRegistry.h:4:
/Users/joshua/Developer/PedalForge/source/ui/../pedals/../dsp/GraphPedalProcessor.h:66:24: warning: declaration shadows a local variable [-Wshadow]
   66 |         else if (auto* node = dspGraph.getNode(nodeID - 1))
      |                        ^
/Users/joshua/Developer/PedalForge/source/ui/../pedals/../dsp/GraphPedalProcessor.h:62:19: note: previous declaration is here
   62 |         if (auto* node = dspGraph.getNode(nodeID))
      |                   ^
/Users/joshua/Developer/PedalForge/source/ui/../pedals/../dsp/GraphPedalProcessor.h:70:24: warning: declaration shadows a local variable [-Wshadow]
   70 |         else if (auto* node = dspGraph.getNode(nodeID + 1))
      |                        ^
/Users/joshua/Developer/PedalForge/source/ui/../pedals/../dsp/GraphPedalProcessor.h:66:24: note: previous declaration is here
   66 |         else if (auto* node = dspGraph.getNode(nodeID - 1))
      |                        ^
In file included from /Users/joshua/Developer/PedalForge/source/PluginProcessor.cpp:2:
In file included from /Users/joshua/Developer/PedalForge/source/PluginEditor.h:7:
In file included from /Users/joshua/Developer/PedalForge/source/ui/InventoryOverlay.h:4:
In file included from /Users/joshua/Developer/PedalForge/source/ui/PedalPalette.h:4:
In file included from /Users/joshua/Developer/PedalForge/source/ui/../pedals/PedalRegistry.h:4:
/Users/joshua/Developer/PedalForge/source/ui/../pedals/../dsp/GraphPedalProcessor.h:66:24: warning: declaration shadows a local variable [-Wshadow]
   66 |         else if (auto* node = dspGraph.getNode(nodeID - 1))
      |                        ^
/Users/joshua/Developer/PedalForge/source/ui/../pedals/../dsp/GraphPedalProcessor.h:62:19: note: previous declaration is here
   62 |         if (auto* node = dspGraph.getNode(nodeID))
      |                   ^
/Users/joshua/Developer/PedalForge/source/ui/../pedals/../dsp/GraphPedalProcessor.h:70:24: warning: declaration shadows a local variable [-Wshadow]
   70 |         else if (auto* node = dspGraph.getNode(nodeID + 1))
      |                        ^
/Users/joshua/Developer/PedalForge/source/ui/../pedals/../dsp/GraphPedalProcessor.h:66:24: note: previous declaration is here
   66 |         else if (auto* node = dspGraph.getNode(nodeID - 1))
      |                        ^
/Users/joshua/Developer/PedalForge/source/ui/../pedals/../dsp/GraphPedalProcessor.h:271:13: warning: unused variable 'seqID' [-Wunused-variable]
  271 |         int seqID = g.addNode (std::make_unique<GridSequencerNode>(), 2);
      |             ^~~~~
/Users/joshua/Developer/PedalForge/source/ui/../pedals/../dsp/GraphPedalProcessor.h:287:13: warning: unused variable 'seqID' [-Wunused-variable]
  287 |         int seqID = g.addNode (std::make_unique<MidiEditorNode>(), 2);
      |             ^~~~~
/Users/joshua/Developer/PedalForge/source/ui/../pedals/../dsp/GraphPedalProcessor.h:271:13: warning: unused variable 'seqID' [-Wunused-variable]
  271 |         int seqID = g.addNode (std::make_unique<GridSequencerNode>(), 2);
      |             ^~~~~
/Users/joshua/Developer/PedalForge/source/ui/../pedals/../dsp/GraphPedalProcessor.h:287:13: warning: unused variable 'seqID' [-Wunused-variable]
  287 |         int seqID = g.addNode (std::make_unique<MidiEditorNode>(), 2);
      |             ^~~~~
In file included from /Users/joshua/Developer/PedalForge/source/PluginEditor.cpp:1:
In file included from /Users/joshua/Developer/PedalForge/source/PluginEditor.h:7:
In file included from /Users/joshua/Developer/PedalForge/source/ui/InventoryOverlay.h:4:
In file included from /Users/joshua/Developer/PedalForge/source/ui/PedalPalette.h:4:
In file included from /Users/joshua/Developer/PedalForge/source/ui/../pedals/PedalRegistry.h:5:
In file included from /Users/joshua/Developer/PedalForge/source/ui/../pedals/FactoryDesigns.h:3:
/Users/joshua/Developer/PedalForge/source/ui/../pedals/../dsp/PedalDesign.h:471:14: warning: variable 'isDisplay' set but not used [-Wunused-but-set-variable]
  471 |         bool isDisplay = false;
      |              ^
In file included from /Users/joshua/Developer/PedalForge/source/PluginProcessor.cpp:2:
In file included from /Users/joshua/Developer/PedalForge/source/PluginEditor.h:7:
In file included from /Users/joshua/Developer/PedalForge/source/ui/InventoryOverlay.h:4:
In file included from /Users/joshua/Developer/PedalForge/source/ui/PedalPalette.h:4:
In file included from /Users/joshua/Developer/PedalForge/source/ui/../pedals/PedalRegistry.h:5:
In file included from /Users/joshua/Developer/PedalForge/source/ui/../pedals/FactoryDesigns.h:3:
/Users/joshua/Developer/PedalForge/source/ui/../pedals/../dsp/PedalDesign.h:471:14: warning: variable 'isDisplay' set but not used [-Wunused-but-set-variable]
  471 |         bool isDisplay = false;
      |              ^
In file included from /Users/joshua/Developer/PedalForge/source/PluginEditor.cpp:1:
In file included from /Users/joshua/Developer/PedalForge/source/PluginEditor.h:7:
/Users/joshua/Developer/PedalForge/source/ui/InventoryOverlay.h:38:10: warning: 'InventoryOverlay::keyPressed' hides overloaded virtual function [-Woverloaded-virtual]
   38 |     bool keyPressed (const juce::KeyPress& key, juce::Component* originatingComponent) override;
      |          ^
/Users/joshua/Developer/PedalForge/build/_deps/juce-src/modules/juce_gui_basics/components/juce_Component.h:1908:18: note: hidden overloaded virtual function 'juce::Component::keyPressed' declared here: different number of parameters (1 vs 2)
 1908 |     virtual bool keyPressed (const KeyPress& key);
      |                  ^
In file included from /Users/joshua/Developer/PedalForge/source/PluginProcessor.cpp:2:
In file included from /Users/joshua/Developer/PedalForge/source/PluginEditor.h:7:
/Users/joshua/Developer/PedalForge/source/ui/InventoryOverlay.h:38:10: warning: 'InventoryOverlay::keyPressed' hides overloaded virtual function [-Woverloaded-virtual]
   38 |     bool keyPressed (const juce::KeyPress& key, juce::Component* originatingComponent) override;
      |          ^
/Users/joshua/Developer/PedalForge/build/_deps/juce-src/modules/juce_gui_basics/components/juce_Component.h:1908:18: note: hidden overloaded virtual function 'juce::Component::keyPressed' declared here: different number of parameters (1 vs 2)
 1908 |     virtual bool keyPressed (const KeyPress& key);
      |                  ^
In file included from /Users/joshua/Developer/PedalForge/source/PluginEditor.cpp:1:
In file included from /Users/joshua/Developer/PedalForge/source/PluginEditor.h:13:
In file included from /Users/joshua/Developer/PedalForge/source/ui/CanvasOverlay.h:6:
/Users/joshua/Developer/PedalForge/source/ui/HardwareDrawing.h:538:93: warning: implicit conversion turns floating-point number into integer: 'float' to 'int' [-Wfloat-conversion]
  538 |                     g.drawImageWithin (img, area.getX(), area.getY(), area.getWidth(), area.getHeight(), juce::RectanglePlacement::centred);
      |                       ~~~~~~~~~~~~~~~                                                  ~~~~~^~~~~~~~~~~
/Users/joshua/Developer/PedalForge/source/ui/HardwareDrawing.h:538:76: warning: implicit conversion turns floating-point number into integer: 'float' to 'int' [-Wfloat-conversion]
  538 |                     g.drawImageWithin (img, area.getX(), area.getY(), area.getWidth(), area.getHeight(), juce::RectanglePlacement::centred);
      |                       ~~~~~~~~~~~~~~~                                 ~~~~~^~~~~~~~~~
/Users/joshua/Developer/PedalForge/source/ui/HardwareDrawing.h:538:63: warning: implicit conversion turns floating-point number into integer: 'float' to 'int' [-Wfloat-conversion]
  538 |                     g.drawImageWithin (img, area.getX(), area.getY(), area.getWidth(), area.getHeight(), juce::RectanglePlacement::centred);
      |                       ~~~~~~~~~~~~~~~                    ~~~~~^~~~~~
/Users/joshua/Developer/PedalForge/source/ui/HardwareDrawing.h:538:50: warning: implicit conversion turns floating-point number into integer: 'float' to 'int' [-Wfloat-conversion]
  538 |                     g.drawImageWithin (img, area.getX(), area.getY(), area.getWidth(), area.getHeight(), juce::RectanglePlacement::centred);
      |                       ~~~~~~~~~~~~~~~       ~~~~~^~~~~~
/Users/joshua/Developer/PedalForge/source/ui/HardwareDrawing.h:608:16: warning: 'Font' is deprecated: Use the constructor that takes a FontOptions argument [-Wdeprecated-declarations]
  608 |     juce::Font font (fontName, fontSize, styleFlags);
      |                ^
/Users/joshua/Developer/PedalForge/build/_deps/juce-src/modules/juce_graphics/fonts/juce_Font.h:88:7: note: 'Font' has been explicitly marked deprecated here
   88 |     [[deprecated ("Use the constructor that takes a FontOptions argument")]]
      |       ^
In file included from /Users/joshua/Developer/PedalForge/source/PluginProcessor.cpp:2:
In file included from /Users/joshua/Developer/PedalForge/source/PluginEditor.h:13:
In file included from /Users/joshua/Developer/PedalForge/source/ui/CanvasOverlay.h:6:
/Users/joshua/Developer/PedalForge/source/ui/HardwareDrawing.h:538:93: warning: implicit conversion turns floating-point number into integer: 'float' to 'int' [-Wfloat-conversion]
  538 |                     g.drawImageWithin (img, area.getX(), area.getY(), area.getWidth(), area.getHeight(), juce::RectanglePlacement::centred);
      |                       ~~~~~~~~~~~~~~~                                                  ~~~~~^~~~~~~~~~~
/Users/joshua/Developer/PedalForge/source/ui/HardwareDrawing.h:538:76: warning: implicit conversion turns floating-point number into integer: 'float' to 'int' [-Wfloat-conversion]
  538 |                     g.drawImageWithin (img, area.getX(), area.getY(), area.getWidth(), area.getHeight(), juce::RectanglePlacement::centred);
      |                       ~~~~~~~~~~~~~~~                                 ~~~~~^~~~~~~~~~
/Users/joshua/Developer/PedalForge/source/ui/HardwareDrawing.h:538:63: warning: implicit conversion turns floating-point number into integer: 'float' to 'int' [-Wfloat-conversion]
  538 |                     g.drawImageWithin (img, area.getX(), area.getY(), area.getWidth(), area.getHeight(), juce::RectanglePlacement::centred);
      |                       ~~~~~~~~~~~~~~~                    ~~~~~^~~~~~
/Users/joshua/Developer/PedalForge/source/ui/HardwareDrawing.h:538:50: warning: implicit conversion turns floating-point number into integer: 'float' to 'int' [-Wfloat-conversion]
  538 |                     g.drawImageWithin (img, area.getX(), area.getY(), area.getWidth(), area.getHeight(), juce::RectanglePlacement::centred);
      |                       ~~~~~~~~~~~~~~~       ~~~~~^~~~~~
/Users/joshua/Developer/PedalForge/source/ui/HardwareDrawing.h:608:16: warning: 'Font' is deprecated: Use the constructor that takes a FontOptions argument [-Wdeprecated-declarations]
  608 |     juce::Font font (fontName, fontSize, styleFlags);
      |                ^
/Users/joshua/Developer/PedalForge/build/_deps/juce-src/modules/juce_graphics/fonts/juce_Font.h:88:7: note: 'Font' has been explicitly marked deprecated here
   88 |     [[deprecated ("Use the constructor that takes a FontOptions argument")]]
      |       ^
In file included from /Users/joshua/Developer/PedalForge/source/PluginEditor.cpp:1:
In file included from /Users/joshua/Developer/PedalForge/source/PluginEditor.h:13:
In file included from /Users/joshua/Developer/PedalForge/source/ui/CanvasOverlay.h:9:
/Users/joshua/Developer/PedalForge/source/ui/DynamicDisplayComponent.h:222:24: warning: comparing floating point with == or != is unsafe [-Wfloat-equal]
  222 |             if (imgIdx == 0) // Play Icon
      |                 ~~~~~~ ^  ~
/Users/joshua/Developer/PedalForge/source/ui/DynamicDisplayComponent.h:228:29: warning: comparing floating point with == or != is unsafe [-Wfloat-equal]
  228 |             else if (imgIdx == 1) // Pause/Stop Icon
      |                      ~~~~~~ ^  ~
/Users/joshua/Developer/PedalForge/source/ui/DynamicDisplayComponent.h:232:29: warning: comparing floating point with == or != is unsafe [-Wfloat-equal]
  232 |             else if (imgIdx == 2) // Settings / Circle Icon
      |                      ~~~~~~ ^  ~
/Users/joshua/Developer/PedalForge/source/ui/DynamicDisplayComponent.h:220:33: warning: lambda capture 'this' is not used [-Wunused-lambda-capture]
  220 |         vm.drawImageCallback = [this](juce::Graphics& g, float imgIdx, float x, float y, float w, float h) {
      |                                 ^~~~
/Users/joshua/Developer/PedalForge/source/ui/DynamicDisplayComponent.h:319:28: warning: implicit conversion changes signedness: 'int' to 'size_type' (aka 'unsigned long') [-Wsign-conversion]
  319 |                 vm.vars[vm.getVarIndex("w")] = canvasW;
      |                 ~~      ~~~^~~~~~~~~~~~~~~~
/Users/joshua/Developer/PedalForge/source/ui/DynamicDisplayComponent.h:320:28: warning: implicit conversion changes signedness: 'int' to 'size_type' (aka 'unsigned long') [-Wsign-conversion]
  320 |                 vm.vars[vm.getVarIndex("h")] = canvasH;
      |                 ~~      ~~~^~~~~~~~~~~~~~~~
/Users/joshua/Developer/PedalForge/source/ui/DynamicDisplayComponent.h:325:28: warning: implicit conversion changes signedness: 'int' to 'size_type' (aka 'unsigned long') [-Wsign-conversion]
  325 |                 vm.vars[vm.getVarIndex("mouse_x")] = mx;
      |                 ~~      ~~~^~~~~~~~~~~~~~~~~~~~~~
/Users/joshua/Developer/PedalForge/source/ui/DynamicDisplayComponent.h:326:28: warning: implicit conversion changes signedness: 'int' to 'size_type' (aka 'unsigned long') [-Wsign-conversion]
  326 |                 vm.vars[vm.getVarIndex("mouse_y")] = my;
      |                 ~~      ~~~^~~~~~~~~~~~~~~~~~~~~~
/Users/joshua/Developer/PedalForge/source/ui/DynamicDisplayComponent.h:328:28: warning: implicit conversion changes signedness: 'int' to 'size_type' (aka 'unsigned long') [-Wsign-conversion]
  328 |                 vm.vars[vm.getVarIndex("mouse_down")]  = isMouseDownState ? 1.0f : 0.0f;
      |                 ~~      ~~~^~~~~~~~~~~~~~~~~~~~~~~~~
/Users/joshua/Developer/PedalForge/source/ui/DynamicDisplayComponent.h:329:28: warning: implicit conversion changes signedness: 'int' to 'size_type' (aka 'unsigned long') [-Wsign-conversion]
  329 |                 vm.vars[vm.getVarIndex("mouse_click")] = isMouseClickedState ? 1.0f : 0.0f;
      |                 ~~      ~~~^~~~~~~~~~~~~~~~~~~~~~~~~~
/Users/joshua/Developer/PedalForge/source/ui/DynamicDisplayComponent.h:330:28: warning: implicit conversion changes signedness: 'int' to 'size_type' (aka 'unsigned long') [-Wsign-conversion]
  330 |                 vm.vars[vm.getVarIndex("mouse_drag")]  = isMouseDraggedState ? 1.0f : 0.0f;
      |                 ~~      ~~~^~~~~~~~~~~~~~~~~~~~~~~~~
/Users/joshua/Developer/PedalForge/source/ui/DynamicDisplayComponent.h:332:28: warning: implicit conversion changes signedness: 'int' to 'size_type' (aka 'unsigned long') [-Wsign-conversion]
  332 |                 vm.vars[vm.getVarIndex("selected_track")] = (float)selectedTrack;
      |                 ~~      ~~~^~~~~~~~~~~~~~~~~~~~~~~~~~~~~
/Users/joshua/Developer/PedalForge/source/ui/DynamicDisplayComponent.h:335:28: warning: implicit conversion changes signedness: 'int' to 'size_type' (aka 'unsigned long') [-Wsign-conversion]
  335 |                 vm.vars[vm.getVarIndex("playhead")] = seqNode ? (float)seqNode->getCurrentStep (selectedTrack) : 0.0f;
      |                 ~~      ~~~^~~~~~~~~~~~~~~~~~~~~~~
/Users/joshua/Developer/PedalForge/source/ui/DynamicDisplayComponent.h:336:28: warning: implicit conversion changes signedness: 'int' to 'size_type' (aka 'unsigned long') [-Wsign-conversion]
  336 |                 vm.vars[vm.getVarIndex("bpm")]      = seqNode ? seqNode->getParam("bpm")->get() : 120.0f;
      |                 ~~      ~~~^~~~~~~~~~~~~~~~~~
/Users/joshua/Developer/PedalForge/source/ui/DynamicDisplayComponent.h:337:28: warning: implicit conversion changes signedness: 'int' to 'size_type' (aka 'unsigned long') [-Wsign-conversion]
  337 |                 vm.vars[vm.getVarIndex("run")]      = seqNode ? seqNode->getParam("run")->get() : 0.0f;
      |                 ~~      ~~~^~~~~~~~~~~~~~~~~~
/Users/joshua/Developer/PedalForge/source/ui/DynamicDisplayComponent.h:339:28: warning: implicit conversion changes signedness: 'int' to 'size_type' (aka 'unsigned long') [-Wsign-conversion]
  339 |                 vm.vars[vm.getVarIndex("time")] = (float)(juce::Time::getMillisecondCounter() % 100000) / 1000.0f;
      |                 ~~      ~~~^~~~~~~~~~~~~~~~~~~
/Users/joshua/Developer/PedalForge/source/ui/DynamicDisplayComponent.h:340:28: warning: implicit conversion changes signedness: 'int' to 'size_type' (aka 'unsigned long') [-Wsign-conversion]
  340 |                 vm.vars[vm.getVarIndex("t")]    = vm.vars[vm.getVarIndex("time")];
      |                 ~~      ~~~^~~~~~~~~~~~~~~~
/Users/joshua/Developer/PedalForge/source/ui/DynamicDisplayComponent.h:340:62: warning: implicit conversion changes signedness: 'int' to 'size_type' (aka 'unsigned long') [-Wsign-conversion]
  340 |                 vm.vars[vm.getVarIndex("t")]    = vm.vars[vm.getVarIndex("time")];
      |                                                   ~~      ~~~^~~~~~~~~~~~~~~~~~~
/Users/joshua/Developer/PedalForge/source/ui/DynamicDisplayComponent.h:441:70: warning: implicit conversion turns floating-point number into integer: 'float' to 'int' [-Wfloat-conversion]
  441 |             g.drawText (trackInfo, 10.0f, rowY, labelW - 15.0f, rowH * 0.5f, juce::Justification::bottomLeft);
      |               ~~~~~~~~                                          ~~~~~^~~~~~
/Users/joshua/Developer/PedalForge/source/ui/DynamicDisplayComponent.h:441:56: warning: implicit conversion turns floating-point number into integer: 'float' to 'int' [-Wfloat-conversion]
  441 |             g.drawText (trackInfo, 10.0f, rowY, labelW - 15.0f, rowH * 0.5f, juce::Justification::bottomLeft);
      |               ~~~~~~~~                          ~~~~~~~^~~~~~~
/Users/joshua/Developer/PedalForge/source/ui/DynamicDisplayComponent.h:441:43: warning: implicit conversion turns floating-point number into integer: 'float' to 'int' [-Wfloat-conversion]
  441 |             g.drawText (trackInfo, 10.0f, rowY, labelW - 15.0f, rowH * 0.5f, juce::Justification::bottomLeft);
      |               ~~~~~~~~                    ^~~~
In file included from /Users/joshua/Developer/PedalForge/source/PluginProcessor.cpp:2:
In file included from /Users/joshua/Developer/PedalForge/source/PluginEditor.h:13:
In file included from /Users/joshua/Developer/PedalForge/source/ui/CanvasOverlay.h:9:
/Users/joshua/Developer/PedalForge/source/ui/DynamicDisplayComponent.h:222:24: warning: comparing floating point with == or != is unsafe [-Wfloat-equal]
  222 |             if (imgIdx == 0) // Play Icon
      |                 ~~~~~~ ^  ~
/Users/joshua/Developer/PedalForge/source/ui/DynamicDisplayComponent.h:445:148: warning: implicit conversion turns floating-point number into integer: 'float' to 'int' [-Wfloat-conversion]
  445 |             g.draw/Users/joshua/Developer/PedalForge/source/ui/DynamicDisplayComponent.h:228:29: warning: comparing floating point with == or != is unsafe [-Wfloat-equal]
  228 |            Text (divStrings[divIdx] + " else if (imgIdx == 1) // Pause/Stop Icon
      |                      ~~~~~~ ^  ~
 div ▼  •  " + juce::String(loopLen) + " steps", 10.0f, rowY + rowH * 0.5f, labelW - 15.0f, rowH * 0.5f, juce::Justification::topLeft);/Users/joshua/Developer/PedalForge/source/ui/DynamicDisplayComponent.h:232:29: 
      |               ~~~~~~~~                                                                                                                    ~~~~~^~~~~~
/Users/joshua/Developer/PedalForge/source/ui/DynamicDisplayComponent.h:445:134: warning: implicit conversion turns floating-point number into integer: 'float' to 'int' [-Wfloat-conversion]
warning: comparing floating point with == or != is unsafe [-Wfloat-equal]
  445 |        232 |             else if (imgIdx == 2) // Settings / Circle Icon
      |                      ~~~~~~ ^  ~
       g.drawText (divStrings[divIdx] + " div ▼  •  " + j/Users/joshua/Developer/PedalForge/source/ui/DynamicDisplayComponent.h:220:33: warning: lambda capture 'this' is not used [-Wunused-lambda-capture]
  220 |         vm.drawImageCallback = [this](juce::Graphics& g, float imgIdx, float x, float y, float w, float h) {
      |                                 ^~~~
uce::String(loopLen) + " steps", 10.0f, rowY + rowH * 0.5f, labelW - 15.0f, rowH * 0.5f, juce::Justification::topLeft);
      |               ~~~~~~~~                                                                                                    ~~~~~~~^~~~~~~
/Users/joshua/Developer/PedalForge/source/ui/DynamicDisplayComponent.h:445:112: warning: implicit conversion turns floating-point number into integer: 'float' to 'int' [-Wfloat-conversion]
  445 |             g.drawText (divStrings[divIdx] + " div ▼  •  " + juce::String(loopLen) + " steps", 10.0f, rowY + rowH * 0.5f, labelW - 15.0f, rowH * 0.5f, juce::Justification::topLeft);
      |               ~~~~~~~~                                                                                ~~~~~^~~~~~~~~~~~~
/Users/joshua/Developer/PedalForge/source/ui/DynamicDisplayComponent.h:319:28: warning: implicit conversion changes signedness: 'int' to 'size_type' (aka 'unsigned long') [-Wsign-conversion]
  319 |                 vm.vars[vm.getVarIndex("w")] = canvasW;
      |                 ~~      ~~~^~~~~~~~~~~~~~~~
/Users/joshua/Developer/PedalForge/source/ui/DynamicDisplayComponent.h:320:28: warning: implicit conversion changes signedness: 'int' to 'size_type' (aka 'unsigned long') [-Wsign-conversion]
  320 |                 vm.vars[vm.getVarIndex("h")] = canvasH;
      |                 ~~      ~~~^~~~~~~~~~~~~~~~
/Users/joshua/Developer/PedalForge/source/ui/DynamicDisplayComponent.h:325:28: warning: implicit conversion changes signedness: 'int' to 'size_type' (aka 'unsigned long') [-Wsign-conversion]
  325 |                 vm.vars[vm.getVarIndex("mouse_x")] = mx;
      |                 ~~      ~~~^~~~~~~~~~~~~~~~~~~~~~
/Users/joshua/Developer/PedalForge/source/ui/DynamicDisplayComponent.h:326:28: warning: implicit conversion changes signedness: 'int' to 'size_type' (aka 'unsigned long') [-Wsign-conversion]
  326 |                 vm.va/Users/joshua/Developer/PedalForge/source/ui/DynamicDisplayComponent.h:567:53: rs[vm.getVarIndwarning: implicit conversion turns floating-point number into integer: 'float' to 'int' [-Wfloat-conversion]
  566 |  ex("m      ouse_y")] = my;
      |                 ~~      ~~~^~~~~~~~~~~~~~~~~~~~~~
 g.drawText ("Tip: Left-cli/Users/joshua/Developer/PedalForge/source/ui/DynamicDisplayComponent.h:328:28: warning: implicit conversion changes signedness: 'int' to 'size_type' (aka 'unsigned long') [-Wsign-conversion]
  328 |              ck labels for Note/Div. Right-click track for full menu.",
      |           ~~~~~~~~
   567 |                     470.0f, 8.0f, bounds.getWidth() - 610.0f, 28.0f, juce::Justification::centredLeft, true);
      |                                   ~~~~~~~~~~~~~~~~~~^~~~~~~~
  vm.vars[vm.getVarIndex("mouse_down")]  = isMouseDownState ? 1.0f : 0.0f;
      |                 ~~      ~~~^~~~~~~~~~~~~~~~~~~~~~~~~
/Users/joshua/Developer/PedalForge/source/ui/DynamicDisplayComponent.h:329:28: warning: implicit conversion changes signedness: 'int' to 'size_type' (aka 'unsigned long') [-Wsign-conversion]
  329 |                 vm.vars[vm.getVarIndex("mouse_click")] = isMouseClickedState ? 1.0f : 0.0f;
      |                 ~~      ~~~^~~~~~~~~~~~~~~~~~~~~~~~~~
/Users/joshua/Developer/PedalForge/source/ui/DynamicDisplayComponent.h:330:28: warning: implicit conversion changes signedness: 'int' to 'size_type' (aka 'unsigned long') [-Wsign-conversion]
  330 |                 vm.vars[vm.getVarIndex("mouse_drag")]  = isMouseDraggedState ? 1.0f : 0.0f;
      |                 ~~      ~~~^~~~~~~~~~~~~~~~~~~~~~~~~
/Users/joshua/Developer/PedalForge/source/ui/DynamicDisplayComponent.h:332:28: warning: implicit conversion changes signedness: 'int' to 'size_type' (aka 'unsigned long') [-Wsign-conversion]
  332 |                 vm.vars[vm.getVarIndex("selected_track")] = (float)selectedTrack;
      |                 ~~      ~~~^~~~~~~~~~~~~~~~~~~~~~~~~~~~~
/Users/joshua/Developer/PedalForge/source/ui/DynamicDisplayComponent.h:335:28: warning: implicit conversion changes signedness: 'int' to 'size_type' (aka 'unsigned long') [-Wsign-conversion]
  335 |                 vm.vars[vm.getVarIndex("playhead")] = seqNode ? (float)seqNode->getCurrentStep (selectedTrack) : 0.0f;
      |                 ~~      ~~~^~~~~~~~~~~~~~~~~~~~~~~
/Users/joshua/Developer/PedalForge/source/ui/DynamicDisplayComponent.h:336:28: warning: implicit conversion changes signedness: 'int' to 'size_type' (aka 'unsigned long') [-Wsign-conversion]
  336 |                 vm.vars[vm.getVarIndex("bpm")]      = seqNode ? seqNode->getParam("bpm")->get() : 120.0f;
      |                 ~~      ~~~^~~~~~~~~~~~~~~~~~
/Users/joshua/Developer/PedalForge/source/ui/DynamicDisplayComponent.h:337:28: warning: implicit conversion changes signedness: 'int' to 'size_type' (aka 'unsigned long') [-Wsign-conversion]
  337 |                 vm.vars[vm.getVarIndex("run")]      = seqNode ? seqNode->getParam("run")->get() : 0.0f;
      |                 ~~      ~~~^~~~~~~~~~~~~~~~~~
/Users/joshua/Developer/PedalForge/source/ui/DynamicDisplayComponent.h:339:28: warning: implicit conversion changes signedness: 'int' to 'size_type' (aka 'unsigned long') [-Wsign-conversion]
  339 |                 vm.vars[vm.getVarIndex("time")] = (float)(juce::Time::getMillisecondCounter() % 100000) / 1000.0f;
      |                 ~~      ~~~^~~~~~~~~~~~~~~~~~~
/Users/joshua/Developer/PedalForge/source/ui/DynamicDisplayComponent.h:340:28: warning: implicit conversion changes signedness: 'int' to 'size_type' (aka 'unsigned long') [-Wsign-conversion]
  340 |                 vm.vars[vm.getVarIndex("t")]    = vm.vars[vm.getVarIndex("time")];
      |                 ~~      ~~~^~~~~~~~~~~~~~~~
/Users/joshua/Developer/PedalForge/source/ui/DynamicDisplayComponent.h:340:62: warning: implicit conversion changes signedness: 'int' to 'size_type' (aka 'unsigned long') [-Wsign-conversion]
  340 |                 vm.vars[vm.getVarIndex("t")]    = vm.vars[vm.getVarIndex("time")];
      |                                                   ~~      ~~~^~~~~~~~~~~~~~~~~~~
/Users/joshua/Developer/PedalForge/source/ui/DynamicDisplayComponent.h:441:70: warning: implicit conversion turns floating-point number into integer: 'float' to 'int' [-Wfloat-conversion]
  441 |             g.drawText (trackInfo, 10.0f, rowY, labelW - 15.0f, rowH * 0.5f, juce::Justification::bottomLeft);
      |               ~~~~~~~~                                          ~~~~~^~~~~~
/Users/joshua/Developer/PedalForge/source/ui/DynamicDisplayComponent.h:441:56: warning: implicit conversion turns floating-point number into integer: 'float' to 'int' [-Wfloat-conversion]
  441 |             g.drawText (trackInfo, 10.0f, rowY, labelW - 15.0f, rowH * 0.5f, juce::Justification::bottomLeft);
      |               ~~~~~~~~                          ~~~~~~~^~~~~~~
/Users/joshua/Developer/PedalForge/source/ui/DynamicDisplayComponent.h:441:43: warning: implicit conversion turns floating-point number into integer: 'float' to 'int' [-Wfloat-conversion]
  441 |             g.drawText (trackInfo, 10.0f, rowY, labelW - 15.0f, rowH * 0.5f, juce::Justification::bottomLeft);
      |               ~~~~~~~~                    ^~~~
/Users/joshua/Developer/PedalForge/source/ui/DynamicDisplayComponent.h:445:148: warning: implicit conversion turns floating-point number into integer: 'float' to 'int' [-Wfloat-conversion]
  445 |             g.drawText (divStrings[divIdx] + " div ▼  •  " + juce::String(loopLen) + " steps", 10.0f, rowY + rowH * 0.5f, labelW - 15.0f, rowH * 0.5f, juce::Justification::topLeft);
      |               ~~~~~~~~                                                                                                                    ~~~~~^~~~~~
/Users/joshua/Developer/PedalForge/source/ui/DynamicDisplayComponent.h:445:134: warning: implicit conversion turns floating-point number into integer: 'float' to 'int' [-Wfloat-conversion]
  445 |             g.drawText (divStrings[divIdx] + " div ▼  •  " + juce::String(loopLen) + " steps", 10.0f, rowY + rowH * 0.5f, labelW - 15.0f, rowH * 0.5f, juce::Justification::topLeft);
      |               ~~~~~~~~                                                                                                    ~~~~~~~^~~~~~~
/Users/joshua/Developer/PedalForge/source/ui/DynamicDisplayComponent.h:445:112: warning: implicit conversion turns floating-point number into integer: 'float' to 'int' [-Wfloat-conversion]
  445 |             g.drawText (divStrings[divIdx] + " div ▼  •  " + juce::String(loopLen) + " steps", 10.0f, rowY + rowH * 0.5f, labelW - 15.0f, rowH * 0.5f, juce::Justification::topLeft);
      |               ~~~~~~~~                                                                                ~~~~~^~~~~~~~~~~~~
/Users/joshua/Developer/PedalForge/source/ui/DynamicDisplayComponent.h:567:53: warning: implicit conversion turns floating-point number into integer: 'float' to 'int' [-Wfloat-conversion]
  566 |         g.drawText ("Tip: Left-click labels for Note/Div. Right-click track for full menu.",
      |           ~~~~~~~~
  567 |                     470.0f, 8.0f, bounds.getWidth() - 610.0f, 28.0f, juce::Justification::centredLeft, true);
      |                                   ~~~~~~~~~~~~~~~~~~^~~~~~~~
/Users/joshua/Developer/PedalForge/source/ui/DynamicDisplayComponent.h:1514:62: warning: implicit conversion turns floating-point number into integer: 'float' to 'int' [-Wfloat-conversion]
 1514 |         g.drawText (tooltipStr, gridX, gridY + gridH + 1.0f, gridW, 14.0f, juce::Justification::centredRight);
      |           ~~~~~~~~                                           ^~~~~
/Users/joshua/Developer/PedalForge/source/ui/DynamicDisplayComponent.h:1514:54: warning: implicit conversion turns floating-point number into integer: 'float' to 'int' [-Wfloat-conversion]
 1514 |         g.drawText (tooltipStr, gridX, gridY + gridH + 1.0f, gridW, 14.0f, juce::Justification::centredRight);
      |           ~~~~~~~~                     ~~~~~~~~~~~~~~^~~~~~
/Users/joshua/Developer/PedalForge/source/ui/DynamicDisplayComponent.h:1514:33: warning: implicit conversion turns floating-point number into integer: 'float' to 'int' [-Wfloat-conversion]
 1514 |         g.drawText (tooltipStr, gridX, gridY + gridH + 1.0f, gridW, 14.0f, juce::Justification::centredRight);
      |           ~~~~~~~~              ^~~~~
/Users/joshua/Developer/PedalForge/source/ui/DynamicDisplayComponent.h:1558:15: warning: declaration shadows a field of 'DynamicDisplayComponent' [-Wshadow]
 1558 |         float leftMargin = 55.0f;
      |               ^
/Users/joshua/Developer/PedalForge/source/ui/DynamicDisplayComponent.h:2499:11: note: previous declaration is here
 2499 |     float leftMargin = 55.0f;
      |           ^
/Users/joshua/Developer/PedalForge/source/ui/DynamicDisplayComponent.h:1559:15: warning: declaration shadows a field of 'DynamicDisplayComponent' [-Wshadow]
 1559 |         float topMargin = 25.0f;
      |               ^
/Users/joshua/Developer/PedalForge/source/ui/DynamicDisplayComponent.h:2500:11: note: previous declaration is here
 2500 |     float topMargin = 25.0f;
      |           ^
/Users/joshua/Developer/PedalForge/source/ui/DynamicDisplayComponent.h:1561:15: warning: declaration shadows a field of 'DynamicDisplayComponent' [-Wshadow]
 1561 |         float rightMargin = 15.0f;
      |               ^
/Users/joshua/Developer/PedalForge/source/ui/DynamicDisplayComponent.h:2501:11: note: previous declaration is here
 2501 |     float rightMargin = 15.0f;
      |           ^
/Users/joshua/Developer/PedalForge/source/ui/DynamicDisplayComponent.h:1562:15: warning: declaration shadows a field of 'DynamicDisplayComponent' [-Wshadow]
 1562 |         float bottomMargin = 15.0f;
      |               ^
/Users/joshua/Developer/PedalForge/source/ui/DynamicDisplayComponent.h:2502:11: note: previous declaration is here
 2502 |     float bottomMargin = 15.0f;
      |           ^
/Users/joshua/Developer/PedalForge/source/ui/DynamicDisplayComponent.h:1666:15: warning: declaration shadows a field of 'DynamicDisplayComponent' [-Wshadow]
 1666 |         float leftMargin = 55.0f;
      |               ^
/Users/joshua/Developer/PedalForge/source/ui/DynamicDisplayComponent.h:2499:11: note: previous declaration is here
 2499 |     float leftMargin = 55.0f;
      |           ^
/Users/joshua/Developer/PedalForge/source/ui/DynamicDisplayComponent.h:1667:15: warning: declaration shadows a field of 'DynamicDisplayComponent' [-Wshadow]
 1667 |         float topMargin = 25.0f;
      |               ^
/Users/joshua/Developer/PedalForge/source/ui/DynamicDisplayComponent.h:2500:11: note: previous declaration is here
 2500 |     float topMargin = 25.0f;
      |           ^
/Users/joshua/Developer/PedalForge/source/ui/DynamicDisplayComponent.h:1669:15: warning: declaration shadows a field of 'DynamicDisplayComponent' [-Wshadow]
 1669 |         float rightMargin = 15.0f;
      |               ^
/Users/joshua/Developer/PedalForge/source/ui/DynamicDisplayComponent.h:2501:11: note: previous declaration is here
 2501 |     float rightMargin = 15.0f;
      |           ^
/Users/joshua/Developer/PedalForge/source/ui/DynamicDisplayComponent.h:1670:15: warning: declaration shadows a field of 'DynamicDisplayComponent' [-Wshadow]
 1670 |         float bottomMargin = 15.0f;
      |               ^
/Users/joshua/Developer/PedalForge/source/ui/DynamicDisplayComponent.h:2502:11: note: previous declaration is here
 2502 |     float bottomMargin = 15.0f;
      |           ^
/Users/joshua/Developer/PedalForge/source/ui/DynamicDisplayComponent.h:1871:53: warning: implicit conversion turns floating-point number into integer: 'float' to 'int' [-Wfloat-conversion]
 1870 |         g.drawText ("Octave: C" + juce::String(currentOctave) + " - B" + juce::String(currentOctave + 1) + " | Click grid to add, drag to move, drag edge to resize, double-click to delete.",
      |           ~~~~~~~~
 1871 |                     605.0f, 8.0f, bounds.getWidth() - 615.0f, 28.0f, juce::Justification::centredLeft, true);
      |                                   ~~~~~~~~~~~~~~~~~~^~~~~~~~
/Users/joshua/Developer/PedalForge/source/ui/DynamicDisplayComponent.h:1875:15: warning: declaration shadows a field of 'DynamicDisplayComponent' [-Wshadow]
 1875 |         float rightMargin = 10.0f;
      |               ^
/Users/joshua/Developer/PedalForge/source/ui/DynamicDisplayComponent.h:2501:11: note: previous declaration is here
 2501 |     float rightMargin = 15.0f;
      |           ^
/Users/joshua/Developer/PedalForge/source/ui/DynamicDisplayComponent.h:1940:87: warning: implicit conversion turns floating-point number into integer: 'float' to 'int' [-Wfloat-conversion]
 1940 |                 g.drawText (getMidiNoteName (noteNum), 5.0f, rowY, keyboardW - 10.0f, rowH, juce::Justification::centredLeft);
      |                   ~~~~~~~~                                                            ^~~~
/Users/joshua/Developer/PedalForge/source/ui/DynamicDisplayComponent.h:1940:78: warning: implicit conversion turns floating-point number into integer: 'float' to 'int' [-Wfloat-conversion]
 1940 |                 g.drawText (getMidiNoteName (noteNum), 5.0f, rowY, keyboardW - 10.0f, rowH, juce::Justification::centredLeft);
      |                   ~~~~~~~~                                         ~~~~~~~~~~^~~~~~~
/Users/joshua/Developer/PedalForge/source/ui/DynamicDisplayComponent.h:1940:62: warning: implicit conversion turns floating-point number into integer: 'float' to 'int' [-Wfloat-conversion]
 1940 |                 g.drawText (getMidiNoteName (noteNum), 5.0f, rowY, keyboardW - 10.0f, rowH, juce::Justification::centredLeft);
      |                   ~~~~~~~~                                   ^~~~
/Users/joshua/Developer/PedalForge/source/ui/DynamicDisplayComponent.h:1514:62: warning: implicit conversion turns floating-point number into integer: 'float' to 'int' [-Wfloat-conversion]
 1514 |         g.drawText (tooltipStr, gridX, gridY + gridH + 1.0f, gridW, 14.0f, juce::Justification::centredRight);
      |           ~~~~~~~~                                           ^~~~~
/Users/joshua/Developer/PedalForge/source/ui/DynamicDisplayComponent.h:1514:54: warning: implicit conversion turns floating-point number into integer: 'float' to 'int' [-Wfloat-conversion]
 1514 |         g.drawText (tooltipStr, gridX, gridY + gridH + 1.0f, gridW, 14.0f, juce::Justification::centredRight);
      |           ~~~~~~~~                     ~~~~~~~~~~~~~~^~~~~~
/Users/joshua/Developer/PedalForge/source/ui/DynamicDisplayComponent.h:1514:33: warning: implicit conversion turns floating-point number into integer: 'float' to 'int' [-Wfloat-conversion]
 1514 |         g.drawText (tooltipStr, gridX, gridY + /Users/joshua/Developer/PedalForge/source/ui/DynamicDisplayComponent.h:2027:68: warning: implicit conversion turns floating-point number into integer: 'float' to 'int' [-Wfloat-conversion]
 2027 |         g.drawTegridH + 1.0f, gridW, 1xt ("V4.0f, juce::JustELOCITY", 5.0f, laneTopY, keyboardW - 10.0f, velocityH, juce::Justification::centrification::centredRight);
      |           ~~~~~~~~              ^~~~~
ed);
      |           ~~~~~~~~                                                 ^~~~~~~~~
/Users/joshua/Developer/PedalForge/source/ui/DynamicDisplayComponent.h:2027:59: warning: implicit conversion turns floating-point number into integer: 'float' to 'int' [-Wfloat-conversion]
 2027 |         g.drawText ("VELOCITY", 5.0f, laneTopY, keyboardW - 10.0f, velocityH, juce::Justification::centred);
      |           ~~~~~~~~                              ~~~~~~~~~~^~~~~~~
/Users/joshua/Developer/PedalForge/source/ui/DynamicDisplayComponent.h:2027:39: warning: implicit conversion turns floating-point number into integer: 'float' to 'int' [-Wfloat-conversion]
 2027 |         g.drawText ("VELOCITY", 5.0f, laneTopY, keyboardW - 10.0f, velocityH, juce::Justification::centred);
      |           ~~~~~~~~                    ^~~~~~~~
/Users/joshua/Developer/PedalForge/source/ui/DynamicDisplayComponent.h:1558:15: warning: declaration shadows a field of 'DynamicDisplayComponent' [-Wshadow]
 1558 |         float leftMargin = 55.0f;
      |               ^
/Users/joshua/Developer/PedalForge/source/ui/DynamicDisplayComponent.h:2499:11: note: previous declaration is here
 2499 |     float leftMargin = 55.0f;
      |           ^
/Users/joshua/Developer/PedalForge/source/ui/DynamicDisplayComponent.h:2052:37: warning: implicit conversion loses floating-point precision: 'double' to 'float' [-Wimplicit-float-conversion]
/Users/joshua/Developer/PedalForge/source/ui/DynamicDisplayComponent.h:1559:15: warning: declaration shadows a field of 'DynamicDisplayComponent' [-Wshadow]
 2052 |         float playheadX = keyboardW + ( 1559 |         float topMargin = 25.playheadBeat / 4.0f) * gridW;
      |               ~~~~~~~~~   ~~~~~~~~~~^~~~~~~~~~~~~~~~~~~~~~~~~~~~~~~
0f;
      |               ^
/Users/joshua/Developer/PedalForge/source/ui/DynamicDisplayComponent.h:2500:11: note: previous declaration is here
 2500 |     float topMargin = 25.0f;
      |           ^
/Users/joshua/Developer/PedalForge/source/ui/DynamicDisplayComponent.h:1561:15: warning: declaration shadows a field of 'DynamicDisplayComponent' [-Wshadow]
 1561 |         float rightMargin = 15.0f;
      |               ^
/Users/joshua/Developer/PedalForge/source/ui/DynamicDisplayComponent.h:2501:11: note: previous declaration is here
 2501 |     float rightMargin = 15.0f;
      |           ^
/Users/joshua/Developer/PedalForge/source/ui/DynamicDisplayComponent.h:1562:15: warning: declaration shadows a field of 'DynamicDisplayComponent' [-Wshadow]
 1562 |         float bottomMargin = 15.0f;
      |               ^
/Users/joshua/Developer/PedalForge/source/ui/DynamicDisplayComponent.h:2502:11: note: previous declaration is here
/Users/joshua/Developer/PedalForge/source/ui/DynamicDisplayComponent.h:2070:15: warning: declaration shadows a field of 'DynamicDisplayComponent' [-Wshadow]
 2070 |         float rightMargin = 10.0f;
      |               ^
 2502 |     float bottomMargin = 15.0f;
      |           ^
/Users/joshua/Developer/PedalForge/source/ui/DynamicDisplayComponent.h:2501:11: note: previous declaration is here
 2501 |     float rightMargin = 15.0f;
      |           ^
/Users/joshua/Developer/PedalForge/source/ui/DynamicDisplayComponent.h:1666:15: warning: declaration shadows a field of 'DynamicDisplayComponent' [-Wshadow]
 1666 |         float leftMargin = 55.0f;
      |               ^
/Users/joshua/Developer/PedalForge/source/ui/DynamicDisplayComponent.h:2499:11: note: previous declaration is here
 2499 |     float leftMargin = 55.0f;
      |           ^
/Users/joshua/Developer/PedalForge/source/ui/DynamicDisplayComponent.h:1667:15: warning: declaration shadows a field of 'DynamicDisplayComponent' [-Wshadow]
 1667 |         float topMargin = 25.0f;
      |               ^
/Users/joshua/Developer/PedalForge/source/ui/DynamicDisplayComponent.h:2500:11: note: previous declaration is here
 2500 |     float topMargin = 25.0f;
      |           ^
/Users/joshua/Developer/PedalForge/source/ui/DynamicDisplayComponent.h:1669:15: warning: declaration shadows a field of 'DynamicDisplayComponent' [-Wshadow]
 1669 |         float rightMargin = 15.0f;
      |               ^
/Users/joshua/Developer/PedalForge/source/ui/DynamicDisplayComponent.h:2501:11: note: previous declaration is here
 2501 |     float rightMargin = 15.0f;
      |           ^
/Users/joshua/Developer/PedalForge/source/ui/DynamicDisplayComponent.h:1670:15: warning: declaration shadows a field of 'DynamicDisplayComponent' [-Wshadow]
 1670 |         float bottomMargin = 15.0f;
      |               ^
/Users/joshua/Developer/PedalForge/source/ui/DynamicDisplayComponent.h:2502:11: note: previous declaration is here
 2502 |     float bottomMargin = 15.0f;
      |           ^
/Users/joshua/Developer/PedalForge/source/ui/DynamicDisplayComponent.h:2197:23: warning: implicit conversion changes signedness: 'int' to 'size_type' (aka 'unsigned long') [-Wsign-conversion]
 2197 |                 notes[closestIdx].velocity = juce::jlimit (1, 127, (int)newVel);
      |                 ~~~~~ ^~~~~~~~~~
/Users/joshua/Developer/PedalForge/source/ui/DynamicDisplayComponent.h:2232:54: warning: implicit conversion changes signedness: 'size_t' (aka 'unsigned long') to 'difference_type' (aka 'long') [-Wsign-conversion]
 2232 |                         notes.erase (notes.begin() + i);
      |                                                    ~ ^
/Users/joshua/Developer/PedalForge/source/ui/DynamicDisplayComponent.h:2289:15: warning: declaration shadows a field of 'DynamicDisplayComponent' [-Wshadow]
 2289 |         float rightMargin = 10.0f;
      |               ^
/Users/joshua/Developer/PedalForge/source/ui/DynamicDisplayComponent.h:2501:11: note: previous declaration is here
 2501 |     float rightMargin = 15.0f;
      |           ^
/Users/joshua/Developer/PedalForge/source/ui/DynamicDisplayComponent.h:2333:23: warning: implicit conversion changes signedness: 'int' to 'size_type' (aka 'unsigned long') [-Wsign-conversion]
 2333 |                 notes[noteWithActiveVelocityDrag].velocity = juce::jlimit (1, 127, (int)newVel);
      |                 ~~~~~ ^~~~~~~~~~~~~~~~~~~~~~~~~~
/Users/joshua/Developer/PedalForge/source/ui/DynamicDisplayComponent.h:2345:32: warning: implicit conversion changes signedness: 'int' to 'size_type' (aka 'unsigned long') [-Wsign-conversion]
 2345 |             auto& note = notes[selectedNoteIndex];
      |                          ~~~~~ ^~~~~~~~~~~~~~~~~
/Users/joshua/Developer/PedalForge/source/ui/DynamicDisplayComponent.h:1871:53: warning: implicit conversion turns floating-point number into integer: 'float' to 'int' [-Wfloat-conversion]
 1870 |         g.drawText ("Octave: C" + juce::String(currentOctave) + " - B" + juc/Users/joshua/Developer/PedalForge/source/ui/DynamicDisplayComponent.h:2413:15e::String(currentOctave + 1) : warning: declaration shadows a field of 'DynamicDisplayComponent' [-Wshadow]
 2413 |         float right+ " | Click grid to add, drag to move, drag edge to resize, double-click to deleteMargin.",
      |           ~~~~~~~~
 = 10.0f;
      |               ^
 1871 |                     605.0f, 8.0f, bound/Users/joshua/Developer/PedalForge/source/ui/DynamicDisplayComponent.h:2501:11: note: previous declaration is here
s.getWidth() - 615.0f, 28.0f, juce::Justification::centredLeft, true);
       2501 |     float rightMargin = |                                   ~~~~~~~~~~~~~~~~~~^~~~~~~~
/Users/joshua/Developer/PedalForge/source/ui/DynamicDisplayComponent.h:1875:15: warning: declaration shadows a field of 'DynamicDisplayComponent' [-Wshadow]
15.0f;
      |           ^
 1875 |         float rightMargin = 10.0f;
      |               ^
/Users/joshua/Developer/PedalForge/source/ui/DynamicDisplayComponent.h:2501:11: note: previous declaration is here
 2501 |     float rightMargin = 15.0f;
      |           ^
/Users/joshua/Developer/PedalForge/source/ui/DynamicDisplayComponent.h:1940:87: warning: implicit conversion turns floating-point number into integer: 'float' to 'int' [-Wfloat-conversion]
 1940 |                 g.drawText (getMidiNoteName (noteNum), 5.0f, rowY, keyboardW - 10.0f, rowH, juce::Justification::centredLeft);
      |                   ~~~~~~~~                                                            ^~~~
/Users/joshua/Developer/PedalForge/source/ui/DynamicDisplayComponent.h:1940:78: warning: implicit conversion turns floating-point number into integer: 'float' to 'int' [-Wfloat-conversion]
 1940 |                 g.drawText (getMidiNoteName (noteNum), 5.0f, rowY, keyboardW - 10.0f, rowH, juce::Justification::centredLeft);
      |                   ~~~~~~~~                                         ~~~~~~~~~~^~~~~~~
/Users/joshua/Developer/PedalForge/source/ui/DynamicDisplayComponent.h:1940:62: warning: implicit conversion turns floating-point number into integer: 'float' to 'int' [-Wfloat-conversion]
 1940 |                 g.drawText (getMidiNoteName (noteNum), 5.0f, rowY, keyboardW - 10.0f, rowH, juce::Justification::centredLeft);
      |                   ~~~~~~~~                                   ^~~~
/Users/joshua/Developer/PedalForge/source/ui/DynamicDisplayComponent.h:2027:68: warning: implicit conversion turns floating-point number into integer: 'float' to 'int' [-Wfloat-conversion]
 2027 |         g.drawText ("VELOCITY", 5.0f, laneTopY, keyboardW - 10.0f, velocityH, juce::Justification::centred);
      |           ~~~~~~~~                                                 ^~~~~~~~~
/Users/joshua/Developer/PedalForge/source/ui/DynamicDisplayComponent.h:2027:59: warning: implicit conversion turns floating-point number into integer: 'float' to 'int' [-Wfloat-conversion]
 2027 |         g.drawText ("VELOCITY", 5.0f, laneTopY, keyboardW - 10.0f, velocityH, juce::Justification::centred);
      |           ~~~~~~~~                              ~~~~~~~~~~^~~~~~~
/Users/joshua/Developer/PedalForge/source/ui/DynamicDisplayComponent.h:2027:39: warning: implicit conversion turns floating-point number into integer: 'float' to 'int' [-Wfloat-conversion]
 2027 |         g.drawText ("VELOCITY", 5.0f, laneTopY, keyboardW - 10.0f, velocityH, juce::Justification::centred);
      |           ~~~~~~~~                    ^~~~~~~~
/Users/joshua/Developer/PedalForge/source/ui/DynamicDisplayComponent.h:2052:37: warning: implicit conversion loses floating-point precision: 'double' to 'float' [-Wimplicit-float-conversion]
 2052 |         float playheadX = keyboardW + (playheadBeat / 4.0f) * gridW;
      |               ~~~~~~~~~   ~~~~~~~~~~^~~~~~~~~~~~~~~~~~~~~~~~~~~~~~~
/Users/joshua/Developer/PedalForge/source/ui/DynamicDisplayComponent.h:2070:15: warning: declaration shadows a field of 'DynamicDisplayComponent' [-Wshadow]
 2070 |         float rightMargin = 10.0f;
      |               ^
/Users/joshua/Developer/PedalForge/source/ui/DynamicDisplayComponent.h:2501:11: note: previous declaration is here
 2501 |     float rightMargin = 15.0f;
      |           ^
/Users/joshua/Developer/PedalForge/source/ui/DynamicDisplayComponent.h:2197:23: warning: implicit conversion changes signedness: 'int' to 'size_type' (aka 'unsigned long') [-Wsign-conversion]
 2197 |                 notes[closestIdx].velocity = juce::jlimit (1, 127, (int)newVel);
      |                 ~~~~~ ^~~~~~~~~~
/Users/joshua/Developer/PedalForge/source/ui/DynamicDisplayComponent.h:2232:54: warning: implicit conversion changes signedness: 'size_t' (aka 'unsigned long') to 'difference_type' (aka 'long') [-Wsign-conversion]
 2232 |                         notes.erase (notes.begin() + i);
      |                                                    ~ ^
/Users/joshua/Developer/PedalForge/source/ui/DynamicDisplayComponent.h:2289:15: warning: declaration shadows a field of 'DynamicDisplayComponent' [-Wshadow]
 2289 |         float rightMargin = 10.0f;
      |               ^
/Users/joshua/Developer/PedalForge/source/ui/DynamicDisplayComponent.h:2501:11: note: previous declaration is here
 2501 |     float rightMargin = 15.0f;
      |           ^
/Users/joshua/Developer/PedalForge/source/ui/DynamicDisplayComponent.h:2333:23: warning: implicit conversion changes signedness: 'int' to 'size_type' (aka 'unsigned long') [-Wsign-conversion]
 2333 |                 notes[noteWithActiveVelocityDrag].velocity = juce::jlimit (1, 127, (int)newVel);
      |                 ~~~~~ ^~~~~~~~~~~~~~~~~~~~~~~~~~
/Users/joshua/Developer/PedalForge/source/ui/DynamicDisplayComponent.h:2345:32: warning: implicit conversion changes signedness: 'int' to 'size_type' (aka 'unsigned long') [-Wsign-conversion]
 2345 |             auto& note = notes[selectedNoteIndex];
      |                          ~~~~~ ^~~~~~~~~~~~~~~~~
/Users/joshua/Developer/PedalForge/source/ui/DynamicDisplayComponent.h:2413:15: warning: declaration shadows a field of 'DynamicDisplayComponent' [-Wshadow]
 2413 |         float rightMargin = 10.0f;
      |               ^
/Users/joshua/Developer/PedalForge/source/ui/DynamicDisplayComponent.h:2501:11: note: previous declaration is here
 2501 |     float rightMargin = 15.0f;
      |           ^
In file included from /Users/joshua/Developer/PedalForge/source/PluginEditor.cpp:1:
In file included from /Users/joshua/Developer/PedalForge/source/PluginEditor.h:13:
/Users/joshua/Developer/PedalForge/source/ui/CanvasOverlay.h:265:78: warning: comparing floating point with == or != is unsafe [-Wfloat-equal]
  265 |                             if (targetInstance->controlValues[baseControlID] != val || textChanged)
      |                                 ~~~~~~~~~~~~~~~~~~~~~~~~~~~~~~~~~~~~~~~~~~~~ ^  ~~~
In file included from /Users/joshua/Developer/PedalForge/source/PluginProcessor.cpp:2:
In file included from /Users/joshua/Developer/PedalForge/source/PluginEditor.h:13:
/Users/joshua/Developer/PedalForge/source/ui/CanvasOverlay.h:265:78: warning: comparing floating point with == or != is unsafe [-Wfloat-equal]
  265 |                             if (targetInstance->controlValues[baseControlID] != val || textChanged)
      |                                 ~~~~~~~~~~~~~~~~~~~~~~~~~~~~~~~~~~~~~~~~~~~~ ^  ~~~
In file included from /Users/joshua/Developer/PedalForge/source/PluginEditor.cpp:1:
In file included from /Users/joshua/Developer/PedalForge/source/PluginEditor.h:16:
/Users/joshua/Developer/PedalForge/source/ui/ScriptingTabComponent.h:217:17: error: use of undeclared identifier 'onOpenWiki'
  217 |             if (onOpenWiki)
      |                 ^
In file included from /Users/joshua/Developer/PedalForge/source/PluginProcessor.cpp:2:
In file included from /Users/joshua/Developer/PedalForge/source/PluginEditor.h:16:
/Users/joshua/Developer/PedalForge/source/ui/ScriptingTabComponent.h:217:17: error: use of undeclared identifier 'onOpenWiki'
  217 |             if (onOpenWiki)
      |                 ^
/Users/joshua/Developer/PedalForge/source/ui/ScriptingTabComponent.h:218:17: error: use of undeclared identifier 'onOpenWiki'
  218 |                 onOpenWiki (link);
      |                 ^
/Users/joshua/Developer/PedalForge/source/ui/ScriptingTabComponent.h:645:56: warning: implicit conversion changes signedness: 'int' to 'size_type' (aka 'unsigned long') [-Wsign-conversion]
  645 |             if (vm.getVarIndex ("w") >= 0)  vm.vars[vm.getVarIndex ("w")] = canvas.getWidth();
      |                                             ~~      ~~~^~~~~~~~~~~~~~~~~
/Users/joshua/Developer/PedalForge/source/ui/ScriptingTabComponent.h:646:56: warning: implicit conversion changes signedness: 'int' to 'size_type' (aka 'unsigned long') [-Wsign-conversion]
  646 |             if (vm.getVarIndex ("h") >= 0)  vm.vars[vm.getVarIndex ("h")] = canvas.getHeight();
      |                                             ~~      ~~~^~~~~~~~~~~~~~~~~
/Users/joshua/Developer/PedalForge/source/ui/ScriptingTabComponent.h:648:61: warning: implicit conversion changes signedness: 'int' to 'size_type' (aka 'unsigned long') [-Wsign-conversion]
  648 |             if (vm.getVarIndex ("mouse_x") >= 0) vm.vars[vm.getVarIndex ("mouse_x")] = lastCanvasMousePos.x;
      |                                                  ~~      ~~~^~~~~~~~~~~~~~~~~~~~~~~
/Users/joshua/Developer/PedalForge/source/ui/ScriptingTabComponent.h:649:61: warning: implicit conversion changes signedness: 'int' to 'size_type' (aka 'unsigned long') [-Wsign-conversion]
  649 |             if (vm.getVarIndex ("mouse_y") >= 0) vm.vars[vm.getVarIndex ("mouse_y")] = lastCanvasMousePos.y;
      |                                                  ~~      ~~~^~~~~~~~~~~~~~~~~~~~~~~
/Users/joshua/Developer/PedalForge/source/ui/ScriptingTabComponent.h:650:65: warning: implicit conversion changes signedness: 'int' to 'size_type' (aka 'unsigned long') [-Wsign-conversion]
  650 |             if (vm.getVarIndex ("mouse_down") >= 0)  vm.vars[vm.getVarIndex ("mouse_down")]  = isMouseDownInCanvas ? 1.0f : 0.0f;
      |                                                      ~~      ~~~^~~~~~~~~~~~~~~~~~~~~~~~~~
/Users/joshua/Developer/PedalForge/source/ui/ScriptingTabComponent.h:651:65: warning: implicit conversion changes signedness: 'int' to 'size_type' (aka 'unsigned long') [-Wsign-conversion]
  651 |             if (vm.getVarIndex ("mouse_click") >= 0) vm.vars[vm.getVarIndex ("mouse_click")] = isMouseClickedInCanvas ? 1.0f : 0.0f;
      |                                                      ~~      ~~~^~~~~~~~~~~~~~~~~~~~~~~~~~~
/Users/joshua/Developer/PedalForge/source/ui/ScriptingTabComponent.h:652:65: warning: implicit conversion changes signedness: 'int' to 'size_type' (aka 'unsigned long') [-Wsign-conversion]
  652 |             if (vm.getVarIndex ("mouse_drag") >= 0)  vm.vars[vm.getVarIndex ("mouse_drag")]  = isMouseDraggedInCanvas ? 1.0f : 0.0f;
      |                                                      ~~      ~~~^~~~~~~~~~~~~~~~~~~~~~~~~~
/Users/joshua/Developer/PedalForge/source/ui/ScriptingTabComponent.h:653:68: warning: implicit conversion changes signedness: 'int' to 'size_type' (aka 'unsigned long') [-Wsign-conversion]
  653 |             if (vm.getVarIndex ("selected_track") >= 0) vm.vars[vm.getVarIndex ("selected_track")] = 0.0f;
      |                                                         ~~      ~~~^~~~~~~~~~~~~~~~~~~~~~~~~~~~~~
/Users/joshua/Developer/PedalForge/source/ui/ScriptingTabComponent.h:654:62: warning: implicit conversion changes signedness: 'int' to 'size_type' (aka 'unsigned long') [-Wsign-conversion]
  654 |             if (vm.getVarIndex ("playhead") >= 0) vm.vars[vm.getVarIndex ("playhead")] = 0.0f;
      |                                                   ~~      ~~~^~~~~~~~~~~~~~~~~~~~~~~~
/Users/joshua/Developer/PedalForge/source/ui/ScriptingTabComponent.h:655:58: warning: implicit conversion changes signedness: 'int' to 'size_type' (aka 'unsigned long') [-Wsign-conversion]
  655 |             if (vm.getVarIndex ("bpm") >= 0)  vm.vars[vm.getVarIndex ("bpm")]  = 120.0f;
      |                                               ~~      ~~~^~~~~~~~~~~~~~~~~~~
/Users/joshua/Developer/PedalForge/source/ui/ScriptingTabComponent.h:656:58: warning: implicit conversion changes signedness: 'int' to 'size_type' (aka 'unsigned long') [-Wsign-conversion]
  656 |             if (vm.getVarIndex ("run") >= 0)  vm.vars[vm.getVarIndex ("run")]  = 0.0f;
      |                                               ~~      ~~~^~~~~~~~~~~~~~~~~~~
/Users/joshua/Developer/PedalForge/source/ui/ScriptingTabComponent.h:659:58: warning: implicit conversion changes signedness: 'int' to 'size_type' (aka 'unsigned long') [-Wsign-conversion]
  659 |             if (vm.getVarIndex ("time") >= 0) vm.vars[vm.getVarIndex ("time")] = timeVal;
      |                                               ~~      ~~~^~~~~~~~~~~~~~~~~~~~
/Users/joshua/Developer/PedalForge/source/ui/ScriptingTabComponent.h:218:17: /Users/joshua/Developer/PedalForge/source/ui/ScriptingTabComponent.h:660:58: warning: implicit conversion changes signedness: 'int' to 'size_type' (aka 'unsigned long') [-Wsign-conversion]
error: use of undeclared identifier 'onOpenWiki'
    218 |                 onOpenWiki (link);
      |                 ^
660 |             if (vm.getVarIndex ("t") >= 0)    vm.vars[vm.getVarIndex ("t")]    = timeVal;
      |                                               ~~      ~~~^~~~~~~~~~~~~~~~~
/Users/joshua/Developer/PedalForge/source/ui/ScriptingTabComponent.h:645:56: warning: implicit conversion changes signedness: 'int' to 'size_type' (aka 'unsigned long') [-Wsign-conversion]
  645 |             if (vm.getVarIndex ("w") >= 0)  vm.vars[vm.getVarIndex ("w")] = canvas.getWidth();
      |                                             ~~      ~~~^~~~~~~~~~~~~~~~~
/Users/joshua/Developer/PedalForge/source/ui/ScriptingTabComponent.h:646:56: warning: implicit conversion changes signedness: 'int' to 'size_type' (aka 'unsigned long') [-Wsign-conversion]
  646 |             if (vm.getVarIndex ("h") >= 0)  vm.vars[vm.getVarIndex ("h")] = canvas.getHeight();
      |                                             ~~      ~~~^~~~~~~~~~~~~~~~~
/Users/joshua/Developer/PedalForge/source/ui/ScriptingTabComponent.h:648:61: warning: implicit conversion changes signedness: 'int' to 'size_type' (aka 'unsigned long') [-Wsign-conversion]
  648 |             if (vm.getVarIndex ("mouse_x") >= 0) vm.vars[vm.getVarIndex ("mouse_x")] = lastCanvasMousePos.x;
      |                                                  ~~      ~~~^~~~~~~~~~~~~~~~~~~~~~~
/Users/joshua/Developer/PedalForge/source/ui/ScriptingTabComponent.h:649:61: warning: implicit conversion changes signedness: 'int' to 'size_type' (aka 'unsigned long') [-Wsign-conversion]
  649 |             if (vm.getVarIndex ("mouse_y") >= 0) vm.vars[vm.getVarIndex ("mouse_y")] = lastCanvasMousePos.y;
      |                                                  ~~      ~~~^~~~~~~~~~~~~~~~~~~~~~~
/Users/joshua/Developer/PedalForge/source/ui/ScriptingTabComponent.h:650:65: warning: implicit conversion changes signedness: 'int' to 'size_type' (aka 'unsigned long') [-Wsign-conversion]
  650 |             if (vm.getVarIndex ("mouse_down") >= 0)  vm.vars[vm.getVarIndex ("mouse_down")]  = isMouseDownInCanvas ? 1.0f : 0.0f;
      |                                                      ~~      ~~~^~~~~~~~~~~~~~~~~~~~~~~~~~
/Users/joshua/Developer/PedalForge/source/ui/ScriptingTabComponent.h:651:65: warning: implicit conversion changes signedness: 'int' to 'size_type' (aka 'unsigned long') [-Wsign-conversion]
  651 |             if (vm.getVarIndex ("mouse_click") >= 0) vm.vars[vm.getVarIndex ("mouse_click")] = isMouseClickedInCanvas ? 1.0f : 0.0f;
      |                                                      ~~      ~~~^~~~~~~~~~~~~~~~~~~~~~~~~~~
/Users/joshua/Developer/PedalForge/source/ui/ScriptingTabComponent.h:652:65: warning: implicit conversion changes signedness: 'int' to 'size_type' (aka 'unsigned long') [-Wsign-conversion]
  652 |             if (vm.getVarIndex ("mouse_drag") >= 0)  vm.vars[vm.getVarIndex ("mouse_drag")]  = isMouseDraggedInCanvas ? 1.0f : 0.0f;
      |                                                      ~~      ~~~^~~~~~~~~~~~~~~~~~~~~~~~~~
/Users/joshua/Developer/PedalForge/source/ui/ScriptingTabComponent.h:653:68: warning: implicit conversion changes signedness: 'int' to 'size_type' (aka 'unsigned long') [-Wsign-conversion]
  653 |             if (vm.getVarIndex ("selected_track") >= 0) vm.vars[vm.getVarIndex ("selected_track")] = 0.0f;
      |                                                         ~~      ~~~^~~~~~~~~~~~~~~~~~~~~~~~~~~~~~
/Users/joshua/Developer/PedalForge/source/ui/ScriptingTabComponent.h:654:62: warning: implicit conversion changes signedness: 'int' to 'size_type' (aka 'unsigned long') [-Wsign-conversion]
  654 |             if (vm.getVarIndex ("playhead") >= 0) vm.vars[vm.getVarIndex ("playhead")] = 0.0f;
      |                                                   ~~      ~~~^~~~~~~~~~~~~~~~~~~~~~~~
/Users/joshua/Developer/PedalForge/source/ui/ScriptingTabComponent.h:655:58: warning: implicit conversion changes signedness: 'int' to 'size_type' (aka 'unsigned long') [-Wsign-conversion]
  655 |             if (vm.getVarIndex ("bpm") >= 0)  vm.vars[vm.getVarIndex ("bpm")]  = 120.0f;
      |                                               ~~      ~~~^~~~~~~~~~~~~~~~~~~
/Users/joshua/Developer/PedalForge/source/ui/ScriptingTabComponent.h:656:58: warning: implicit conversion changes signedness: 'int' to 'size_type' (aka 'unsigned long') [-Wsign-conversion]
  656 |             if (vm.getVarIndex ("run") >= 0)  vm.vars[vm.getVarIndex ("run")]  = 0.0f;
      |                                               ~~      ~~~^~~~~~~~~~~~~~~~~~~
/Users/joshua/Developer/PedalForge/source/ui/ScriptingTabComponent.h:659:58: warning: implicit conversion changes signedness: 'int' to 'size_type' (aka 'unsigned long') [-Wsign-conversion]
  659 |             if (vm.getVarIndex ("time") >= 0) vm.vars[vm.getVarIndex ("time")] = timeVal;
      |                                               ~~      ~~~^~~~~~~~~~~~~~~~~~~~
/Users/joshua/Developer/PedalForge/source/ui/ScriptingTabComponent.h:660:58: warning: implicit conversion changes signedness: 'int' to 'size_type' (aka 'unsigned long') [-Wsign-conversion]
  660 |             if (vm.getVarIndex ("t") >= 0)    vm.vars[vm.getVarIndex ("t")]    = timeVal;
      |                                               ~~      ~~~^~~~~~~~~~~~~~~~~
/Users/joshua/Developer/PedalForge/source/ui/ScriptingTabComponent.h:937:23: warning: variable 'graphProc' set but not used [-Wunused-but-set-variable]
  937 |             if (auto* graphProc = dynamic_cast<GraphPedalProcessor*> (parentNode->getProcessor()))
      |                       ^
/Users/joshua/Developer/PedalForge/source/ui/ScriptingTabComponent.h:993:32: warning: lambda capture 'this' is not used [-Wunused-lambda-capture]
  993 |         vm.setParamCallback = [this](int, float) {
      |                                ^~~~
/Users/joshua/Developer/PedalForge/source/ui/ScriptingTabComponent.h:999:24: warning: comparing floating point with == or != is unsafe [-Wfloat-equal]
  999 |             if (imgIdx == 0)
      |                 ~~~~~~ ^  ~
/Users/joshua/Developer/PedalForge/source/ui/ScriptingTabComponent.h:1005:29: warning: comparing floating point with == or != is unsafe [-Wfloat-equal]
 1005 |             else if (imgIdx == 1)
      |                      ~~~~~~ ^  ~
/Users/joshua/Developer/PedalForge/source/ui/ScriptingTabComponent.h:1007:29: warning: comparing floating point with == or != is unsafe [-Wfloat-equal]
 1007 |             else if (imgIdx == 2)
      |                      ~~~~~~ ^  ~
/Users/joshua/Developer/PedalForge/source/ui/ScriptingTabComponent.h:997:33: warning: lambda capture 'this' is not used [-Wunused-lambda-capture]
  997 |         vm.drawImageCallback = [this](juce::Graphics& g, float imgIdx, float x, float y, float w, float h) {
      |                                 ^~~~
/Users/joshua/Developer/PedalForge/source/ui/ScriptingTabComponent.h:937:23: warning: variable 'graphProc' set but not used [-Wunused-but-set-variable]
  937 |             if (auto* graphProc = dynamic_cast<GraphPedalProcessor*> (parentNode->getProcessor()))
      |                       ^
/Users/joshua/Developer/PedalForge/source/ui/ScriptingTabComponent.h:993:32: warning: lambda capture 'this' is not used [-Wunused-lambda-capture]
  993 |         vm.setParamCallback = [this](int, float) {
      |                                ^~~~
/Users/joshua/Developer/PedalForge/source/ui/ScriptingTabComponent.h:999:24: warning: comparing floating point with == or != is unsafe [-Wfloat-equal]
  999 |             if (imgIdx == 0)
      |                 ~~~~~~ ^  ~
/Users/joshua/Developer/PedalForge/source/ui/ScriptingTabComponent.h:1005:29: warning: comparing floating point with == or != is unsafe [-Wfloat-equal]
 1005 |             else if (imgIdx == 1)
      |                      ~~~~~~ ^  ~
/Users/joshua/Developer/PedalForge/source/ui/ScriptingTabComponent.h:1007:29: warning: comparing floating point with == or != is unsafe [-Wfloat-equal]
 1007 |             else if (imgIdx == 2)
      |                      ~~~~~~ ^  ~
/Users/joshua/Developer/PedalForge/source/ui/ScriptingTabComponent.h:997:33: warning: lambda capture 'this' is not used [-Wunused-lambda-capture]
  997 |         vm.drawImageCallback = [this](juce::Graphics& g, float imgIdx, float x, float y, float w, float h) {
      |                                 ^~~~
In file included from /Users/joshua/Developer/PedalForge/source/PluginEditor.cpp:1:
In file included from /Users/joshua/Developer/PedalForge/source/PluginEditor.h:17:
/Users/joshua/Developer/PedalForge/source/ui/WikiTabComponent.h:52:29: warning: 'Font' is deprecated: Use the constructor that takes a FontOptions argument [-Wdeprecated-declarations]
   52 |         breadcrumb.setFont (juce::Font (13.0f));
      |                             ^
/Users/joshua/Developer/PedalForge/build/_deps/juce-src/modules/juce_graphics/fonts/juce_Font.h:76:7: note: 'Font' has been explicitly marked deprecated here
   76 |     [[deprecated ("Use the constructor that takes a FontOptions argument")]]
      |       ^
In file included from /Users/joshua/Developer/PedalForge/source/PluginEditor.cpp:1:
In file included from /Users/joshua/Developer/PedalForge/source/PluginEditor.h:17:
/Users/joshua/Developer/PedalForge/source/ui/WikiTabComponent.h:57:29: warning: 'Font' is deprecated: Use the constructor that takes a FontOptions argument [-Wdeprecated-declarations]
   57 |         titleLabel.setFont (juce::Font (15.0f, juce::Font::bold));
      |                             ^
/Users/joshua/Developer/PedalForge/build/_deps/juce-src/modules/juce_graphics/fonts/juce_Font.h:76:7: note: 'Font' has been explicitly marked deprecated here
   76 |     [[deprecated ("Use the constructor that takes a FontOptions argument")]]
      |       ^
In file included from /Users/joshua/Developer/PedalForge/source/PluginEditor.cpp:1:
In file included from /Users/joshua/Developer/PedalForge/source/PluginEditor.h:17:
/Users/joshua/Developer/PedalForge/source/ui/WikiTabComponent.h:57:29: warning: 'Font' is deprecated: Use the constructor that takes a FontOptions argument [-Wdeprecated-declarations]
   57 |         titleLabel.setFont (juce::Font (15.0f, juce::Font::bold));
      |                             ^
/Users/joshua/Developer/PedalForge/build/_deps/juce-src/modules/juce_graphics/fonts/juce_Font.h:76:7: note: 'Font' has been explicitly marked deprecated here
   76 |     [[deprecated ("Use the constructor that takes a FontOptions argument")]]
      |       ^
In file included from /Users/joshua/Developer/PedalForge/source/PluginProcessor.cpp:2:
In file included from /Users/joshua/Developer/PedalForge/source/PluginEditor.h:17:
/Users/joshua/Developer/PedalForge/source/ui/WikiTabComponent.h:52:29: warning: 'Font' is deprecated: Use the constructor that takes a FontOptions argument [-Wdeprecated-declarations]
   52 |         breadcrumb.setFont (juce::Font (13.0f));
      |                             ^
/Users/joshua/Developer/PedalForge/build/_deps/juce-src/modules/juce_graphics/fonts/juce_Font.h:76:7: note: 'Font' has been explicitly marked deprecated here
   76 |     [[deprecated ("Use the constructor that takes a FontOptions argument")]]
      |       ^
In file included from /Users/joshua/Developer/PedalForge/source/PluginProcessor.cpp:2:
In file included from /Users/joshua/Developer/PedalForge/source/PluginEditor.h:17:
/Users/joshua/Developer/PedalForge/source/ui/WikiTabComponent.h:57:29: warning: 'Font' is deprecated: Use the constructor that takes a FontOptions argument [-Wdeprecated-declarations]
   57 |         titleLabel.setFont (juce::Font (15.0f, juce::Font::bold));
      |                             ^
/Users/joshua/Developer/PedalForge/build/_deps/juce-src/modules/juce_graphics/fonts/juce_Font.h:76:7: note: 'Font' has been explicitly marked deprecated here
   76 |     [[deprecated ("Use the constructor that takes a FontOptions argument")]]
      |       ^
In file included from /Users/joshua/Developer/PedalForge/source/PluginProcessor.cpp:2:
In file included from /Users/joshua/Developer/PedalForge/source/PluginEditor.h:17:
/Users/joshua/Developer/PedalForge/source/ui/WikiTabComponent.h:57:29: warning: 'Font' is deprecated: Use the constructor that takes a FontOptions argument [-Wdeprecated-declarations]
   57 |         titleLabel.setFont (juce::Font (15.0f, juce::Font::bold));
      |                             ^
/Users/joshua/Developer/PedalForge/build/_deps/juce-src/modules/juce_graphics/fonts/juce_Font.h:76:7: note: 'Font' has been explicitly marked deprecated here
   76 |     [[deprecated ("Use the constructor that takes a FontOptions argument")]]
      |       ^
In file included from /Users/joshua/Developer/PedalForge/source/PluginEditor.cpp:1:
In file included from /Users/joshua/Developer/PedalForge/source/PluginEditor.h:17:
/Users/joshua/Developer/PedalForge/source/ui/WikiTabComponent.h:310:24: warning: 'Font' is deprecated: Use the constructor that takes a FontOptions argument [-Wdeprecated-declarations]
  310 |             g.setFont (juce::Font (fontSize, juce::Font::bold));
      |                        ^
/Users/joshua/Developer/PedalForge/build/_deps/juce-src/modules/juce_graphics/fonts/juce_Font.h:76:7: note: 'Font' has been explicitly marked deprecated here
   76 |     [[deprecated ("Use the constructor that takes a FontOptions argument")]]
      |       ^
In file included from /Users/joshua/Developer/PedalForge/source/PluginEditor.cpp:1:
In file included from /Users/joshua/Developer/PedalForge/source/PluginEditor.h:17:
/Users/joshua/Developer/PedalForge/source/ui/WikiTabComponent.h:310:24: warning: 'Font' is deprecated: Use the constructor that takes a FontOptions argument [-Wdeprecated-declarations]
  310 |             g.setFont (juce::Font (fontSize, juce::Font::bold));
      |                        ^
/Users/joshua/Developer/PedalForge/build/_deps/juce-src/modules/juce_graphics/fonts/juce_Font.h:76:7: note: 'Font' has been explicitly marked deprecated here
   76 |     [[deprecated ("Use the constructor that takes a FontOptions argument")]]
      |       ^
In file included from /Users/joshua/Developer/PedalForge/source/PluginEditor.cpp:1:
In file included from /Users/joshua/Developer/PedalForge/source/PluginEditor.h:17:
/Users/joshua/Developer/PedalForge/source/ui/WikiTabComponent.h:323:84: warning: 'getStringWidth' is deprecated: Use GlyphArrangement or TextLayout to compute text layouts [-Wdeprecated-declarations]
  323 |             int lines = juce::jmax (1, (int) std::ceil ((float) g.getCurrentFont().getStringWidth (text) / maxW));
      |                                                                                    ^
/Users/joshua/Developer/PedalForge/build/_deps/juce-src/modules/juce_graphics/fonts/juce_Font.h:466:7: note: 'getStringWidth' has been explicitly marked deprecated here
  466 |     [[deprecated ("Use GlyphArrangement or TextLayout to compute text layouts")]]
      |       ^
In file included from /Users/joshua/Developer/PedalForge/source/PluginEditor.cpp:1:
In file included from /Users/joshua/Developer/PedalForge/source/PluginEditor.h:17:
/Users/joshua/Developer/PedalForge/source/ui/WikiTabComponent.h:340:24: warning: 'Font' is deprecated: Use the constructor that takes a FontOptions argument [-Wdeprecated-declarations]
  340 |             g.setFont (juce::Font (14.0f));
      |                        ^
/Users/joshua/Developer/PedalForge/build/_deps/juce-src/modules/juce_graphics/fonts/juce_Font.h:76:7: note: 'Font' has been explicitly marked deprecated here
   76 |     [[deprecated ("Use the constructor that takes a FontOptions argument")]]
      |       ^
In file included from /Users/joshua/Developer/PedalForge/source/PluginEditor.cpp:1:
In file included from /Users/joshua/Developer/PedalForge/source/PluginEditor.h:17:
/Users/joshua/Developer/PedalForge/source/ui/WikiTabComponent.h:346:84: warning: 'getStringWidth' is deprecated: Use GlyphArrangement or TextLayout to compute text layouts [-Wdeprecated-declarations]
  346 |             int lines = juce::jmax (1, (int) std::ceil ((float) g.getCurrentFont().getStringWidth (text) / maxW));
      |                                                                                    ^
/Users/joshua/Developer/PedalForge/build/_deps/juce-src/modules/juce_graphics/fonts/juce_Font.h:466:7: note: 'getStringWidth' has been explicitly marked deprecated here
  466 |     [[deprecated ("Use GlyphArrangement or TextLayout to compute text layouts")]]
      |       ^
In file included from /Users/joshua/Developer/PedalForge/source/PluginEditor.cpp:1:
In file included from /Users/joshua/Developer/PedalForge/source/PluginEditor.h:17:
/Users/joshua/Developer/PedalForge/source/ui/WikiTabComponent.h:369:24: warning: 'Font' is deprecated: Use the constructor that takes a FontOptions argument [-Wdeprecated-declarations]
  369 |             g.setFont (juce::Font (juce::Font::getDefaultMonospacedFontName(), 13.0f, juce::Font::plain));
      |                        ^
/Users/joshua/Developer/PedalForge/build/_deps/juce-src/modules/juce_graphics/fonts/juce_Font.h:88:7: note: 'Font' has been explicitly marked deprecated here
   88 |     [[deprecated ("Use the constructor that takes a FontOptions argument")]]
      |       ^
In file included from /Users/joshua/Developer/PedalForge/source/PluginEditor.cpp:1:
In file included from /Users/joshua/Developer/PedalForge/source/PluginEditor.h:17:
/Users/joshua/Developer/PedalForge/source/ui/WikiTabComponent.h:369:24: warning: 'Font' is deprecated: Use the constructor that takes a FontOptions argument [-Wdeprecated-declarations]
  369 |             g.setFont (juce::Font (juce::Font::getDefaultMonospacedFontName(), 13.0f, juce::Font::plain));
      |                        ^
/Users/joshua/Developer/PedalForge/build/_deps/juce-src/modules/juce_graphics/fonts/juce_Font.h:88:7: note: 'Font' has been explicitly marked deprecated here
   88 |     [[deprecated ("Use the constructor that takes a FontOptions argument")]]
      |       ^
In file included from /Users/joshua/Developer/PedalForge/source/PluginEditor.cpp:1:
In file included from /Users/joshua/Developer/PedalForge/source/PluginEditor.h:17:
/Users/joshua/Developer/PedalForge/source/ui/WikiTabComponent.h:390:24: warning: 'Font' is deprecated: Use the constructor that takes a FontOptions argument [-Wdeprecated-declarations]
  390 |             g.setFont (juce::Font (13.0f));
      |                        ^
/Users/joshua/Developer/PedalForge/build/_deps/juce-src/modules/juce_graphics/fonts/juce_Font.h:76:7: note: 'Font' has been explicitly marked deprecated here
   76 |     [[deprecated ("Use the constructor that takes a FontOptions argument")]]
      |       ^
In file included from /Users/joshua/Developer/PedalForge/source/PluginEditor.cpp:1:
In file included from /Users/joshua/Developer/PedalForge/source/PluginEditor.h:17:
/Users/joshua/Developer/PedalForge/source/ui/WikiTabComponent.h:433:36: warning: 'Font' is deprecated: Use the constructor that takes a FontOptions argument [-Wdeprecated-declarations]
  433 |                         g.setFont (juce::Font (13.0f, juce::Font::bold));
      |                                    ^
/Users/joshua/Developer/PedalForge/build/_deps/juce-src/modules/juce_graphics/fonts/juce_Font.h:76:7: note: 'Font' has been explicitly marked deprecated here
   76 |     [[deprecated ("Use the constructor that takes a FontOptions argument")]]
      |       ^
In file included from /Users/joshua/Developer/PedalForge/source/PluginEditor.cpp:1:
In file included from /Users/joshua/Developer/PedalForge/source/PluginEditor.h:17:
/Users/joshua/Developer/PedalForge/source/ui/WikiTabComponent.h:433:36: warning: 'Font' is deprecated: Use the constructor that takes a FontOptions argument [-Wdeprecated-declarations]
  433 |                         g.setFont (juce::Font (13.0f, juce::Font::bold));
      |                                    ^
/Users/joshua/Developer/PedalForge/build/_deps/juce-src/modules/juce_graphics/fonts/juce_Font.h:76:7: note: 'Font' has been explicitly marked deprecated here
   76 |     [[deprecated ("Use the constructor that takes a FontOptions argument")]]
      |       ^
In file included from /Users/joshua/Developer/PedalForge/source/PluginEditor.cpp:1:
In file included from /Users/joshua/Developer/PedalForge/source/PluginEditor.h:17:
/Users/joshua/Developer/PedalForge/source/ui/WikiTabComponent.h:438:36: warning: 'Font' is deprecated: Use the constructor that takes a FontOptions argument [-Wdeprecated-declarations]
  438 |                         g.setFont (juce::Font (13.0f));
      |                                    ^
/Users/joshua/Developer/PedalForge/build/_deps/juce-src/modules/juce_graphics/fonts/juce_Font.h:76:7: note: 'Font' has been explicitly marked deprecated here
   76 |     [[deprecated ("Use the constructor that takes a FontOptions argument")]]
      |       ^
In file included from /Users/joshua/Developer/PedalForge/source/PluginEditor.cpp:1:
In file included from /Users/joshua/Developer/PedalForge/source/PluginEditor.h:17:
/Users/joshua/Developer/PedalForge/source/ui/WikiTabComponent.h:461:24: warning: 'Font' is deprecated: Use the constructor that takes a FontOptions argument [-Wdeprecated-declarations]
  461 |             g.setFont (juce::Font (14.0f));
      |                        ^
/Users/joshua/Developer/PedalForge/build/_deps/juce-src/modules/juce_graphics/fonts/juce_Font.h:76:7: note: 'Font' has been explicitly marked deprecated here
   76 |     [[deprecated ("Use the constructor that takes a FontOptions argument")]]
      |       ^
In file included from /Users/joshua/Developer/PedalForge/source/PluginEditor.cpp:1:
In file included from /Users/joshua/Developer/PedalForge/source/PluginEditor.h:17:
/Users/joshua/Developer/PedalForge/source/ui/WikiTabComponent.h:495:84: warning: 'getStringWidth' is deprecated: Use GlyphArrangement or TextLayout to compute text layouts [-Wdeprecated-declarations]
  495 |             int lines = juce::jmax (1, (int) std::ceil ((float) g.getCurrentFont().getStringWidth (text) / (maxW - indentPx - 14)));
      |                                                                                    ^
/Users/joshua/Developer/PedalForge/build/_deps/juce-src/modules/juce_graphics/fonts/juce_Font.h:466:7: note: 'getStringWidth' has been explicitly marked deprecated here
  466 |     [[deprecated ("Use GlyphArrangement or TextLayout to compute text layouts")]]
      |       ^
In file included from /Users/joshua/Developer/PedalForge/source/PluginEditor.cpp:1:
In file included from /Users/joshua/Developer/PedalForge/source/PluginEditor.h:17:
/Users/joshua/Developer/PedalForge/source/ui/WikiTabComponent.h:522:46: warning: 'getStringWidth' is deprecated: Use GlyphArrangement or TextLayout to compute text layouts [-Wdeprecated-declarations]
  522 |                     cx += g.getCurrentFont().getStringWidth (before);
      |                                              ^
/Users/joshua/Developer/PedalForge/build/_deps/juce-src/modules/juce_graphics/fonts/juce_Font.h:466:7: note: 'getStringWidth' has been explicitly marked deprecated here
  466 |     [[deprecated ("Use GlyphArrangement or TextLayout to compute text layouts")]]In file included from /Users/joshua/Developer/PedalForge/source/PluginProcessor.cpp:2:
In file included from /Users/joshua/Developer/PedalForge/source/PluginEditor.h:17:
/Users/joshua/Developer/PedalForge/source/ui/WikiTabComponent.h:310:24: warning: 'Font' is deprecated: Use the constructor that takes a FontOptions argument [-Wdeprecated-declarations]
  310 |             g.setFont (juce::Font (fontSize, j
      |       ^
uce::Font::bold));
      |                        ^
/Users/joshua/Developer/PedalForge/build/_deps/juce-src/modules/juce_graphics/fonts/juce_Font.h:76:7: note: 'Font' has been explicitly marked deprecated here
   76 |   In file included from /Users/joshua/Developer/PedalForge/source/PluginEditor.cpp:1:
In file included from /Users/joshua/Developer/PedalForge/source/PluginEditor.h:17:
/Users/joshua/Developer/PedalForge/source/ui/WikiTabComponent.h:537:52: warning: 'getStringWidth' is deprecated: Use GlyphArrangement or TextLayout to compute text layouts [-Wdeprecated-declarations]
    [[deprecated ("Use the constructor that takes a FontOptions arg537 |                     intument")]]
      |       ^
In file included from /Users/joshua/Developer/PedalForge/source/PluginProcessor.cpp:2:
In file included from /Users/joshua/Developer/PedalForge/source/PluginEditor.h: textW = g.getCurrentFont(17:
).getStringWidth (displayText);
      |                                                    ^
/Users/joshua/Developer/PedalForge/source/ui/WikiTabComponent.h:310:/Users/joshua/Developer/PedalForge/build/_deps/juce-src/modules/juce_graphics/fonts/juce_Font.h:466:7: note: 'getStringWidth' has been explicitly marked deprecated here
  466 |     [[deprec24: warning: 'Font' is deprecated: Use the constructor that takes a FontOptions argument [-Wdeprecated-declarations]
  310 |             g.sated ("Use GlyphArrangement or TextLayout to compute text layouts")]]
      |       ^
etFont (juce::Font (fontSize, juce::Font::bold));
      |                        ^
/Users/joshua/Developer/PedalForge/build/_deps/juce-src/modules/juce_graphics/fonts/juce_Font.h:76:7: note: 'Font' has been explicitly marked deprecated here
In file included from /Users/joshua/Developer/PedalForge/source/PluginEditor.cpp:1:
In file included from /Users/joshua/Developer/PedalForge/source/PluginEditor.h:17:
/Users/joshua/Developer/PedalForge/source/ui/WikiTabComponent.h:503:17: warning: unused variable 'pos' [-Wunused-variable]
   76 |     [[deprecated ("Use the construc  503 |             int pos = 0;
      |                 ^~~
tor that takes a FontOptions argument")]]
      |       ^
/Users/joshua/Developer/PedalForge/source/ui/WikiTabComponent.h:565:32: warning: 'Font' is deprecated: Use the constructor that takes a FontOptions argument [-Wdeprecated-declarations]
  565 |                     juce::Font f (14.0f);
      |                                ^
In file included from /Users/joshua/Developer/PedalForge/source/PluginProcessor.cpp:2:
In file included from /Users/joshua/Developer/PedalForge/source/PluginEditor.h:17:
/Users/joshua/Developer/PedalForge/source/ui/WikiTabComponent.h:323:84: warning: 'getStringWidth' is deprecated: Use GlyphArrangement or TextLayout to compute text layouts [-Wdeprecated-declarations]
  323 |             in/Users/joshua/Developer/PedalForge/build/_deps/juce-src/modules/juce_graphics/fonts/juce_Font.h:76:7: note: 'Font' has been explicitly marked deprecated here
   76 |     [[deprect lines = juce::jmax (1, (int) std::ceil ((float) g.getCurrentFont().getStringWidth ated ("Use (tthe constructor that takes a FontOptions argument")]]
      |       ^
ext) / maxW));
      |                                                                                    ^
/Users/joshua/Developer/PedalForge/build/_deps/juce-src/modules/juce_graphics/fonts/juce_Font.h:466:7: note: 'getStringWidth' has been explicitly marked deprecated here
  In file included from /Users/joshua/Developer/PedalForge/source/PluginEditor.cpp:1:
In file included from /Users/joshua/Developer/PedalForge/source/PluginEditor.h:17:
/Users/joshua/Developer/PedalForge/source/ui/WikiTabComponent.h:566:75: warning: 'getStringWidth' is deprecated: Use GlyphArrangement or TextLayout to compute text layouts [-Wdeprecated-declarations]
466  566 |                     int lines = juce::jmax (1, (int) std::ceil ((float) f.getStringWidth (stripMarkdown ( |     [[block.text)) / maxW));
      |                                                                           ^
dep/Users/joshua/Developer/PedalForge/build/_deps/juce-src/modules/juce_graphics/fonts/juce_Font.h:466:7: note: 'getStringWidth' has been explicitly marked deprecated here
recated ("Use GlyphArrangement or TextLayout to compute text layouts")]]
      |       ^
  466 |     [[deprecated ("Use GlyphArrangement or TextLayout to compute text layouts")]]
      |       ^
In file included from /Users/joshua/Developer/PedalForge/source/PluginProcessor.cpp:2:
In file included from /Users/joshua/Developer/PedalForge/source/PluginEditor.h:17:
/Users/joshua/Developer/PedalForge/source/ui/WikiTabComponent.h:340:24: warning: 'Font' is deprecated: Use the constructor that takes a FontOptions argument [-Wdeprecated-declarations]
  340 |             g.setFont (juce::Font (14.0f));
      |                        ^
/Users/joshua/Developer/PedalForge/build/_deps/juce-src/modules/juce_graphics/fonts/juce_Font.h:76:7: note: 'Font' has been explicitly marked deprecated here
In file included from /Users/joshua/Developer/PedalForge/source/PluginEditor.cpp:1:
In file included from /Users/joshua/Developer/PedalForge/source/PluginEditor.h:17:
/Users/joshua/Developer/PedalForge/source/ui/WikiTabComponent.h:583:32: warning: 'Font' is deprecated: Use the constructor that takes a FontOptions argument [-Wdeprecated-declarations]
   76 |     [[deprecated ("Use the constructor that takes a FontOptions argument")]]
      |       ^
  583 |                     juce::Font f (14.0f);
      |                                ^
/Users/joshua/Developer/PedalForge/build/_deps/juce-src/modules/juce_graphics/fonts/juce_Font.h:76:7: note: 'Font' has been explicitly marked deprecated here
In file included from /Users/joshua/Developer/PedalForge/source/PluginProcessor.cpp:2:
In file included from /Users/joshua/Developer/PedalForge/source/PluginEditor.h:17:
/Users/joshua/Developer/PedalForge/source/ui/WikiTabComponent.h:346:84: warning: 'getStringWidth' is deprecated: Use GlyphArrangement or TextLayout to compute text layouts [-Wdeprecated-declarations]
   76 |     [[deprecated ("Use the constru  346 |             int lines = juctor that takes a FontOptions argument")]]
      |       ^
ce::jmax (1, (int) std::ceil ((floatIn file included from /Users/joshua/Developer/PedalForge/source/PluginEditor.cpp:1:
In file included from /Users/joshua/Developer/PedalForge/source/PluginEditor.h:17:
/Users/joshua/Developer/PedalForge/source/ui/WikiTabComponent.h:584:75: warning: 'getStringWidth' is deprecated: Use GlyphArrangement or TextLayout to compute text layouts [-Wdeprecated-declarations]
  584 |                     int lines = juce::jmax (1, (int) std::ceil ((float) f.getStringWidth (stripMarkdown (block.text)) / maxW));
      |                                                                           ^
) g.getCurrentFont().getStri/Users/joshua/Developer/PedalForge/build/_deps/juce-src/modules/juce_graphics/fonts/juce_Font.h:466:7: note: 'getStringWidth' has been explicitly marked deprecated here
  466 |     [[deprecangWidth (text) / maxW));
      |                                                                                    ^
ted ("Use GlyphArrangement or TextLayout to compute text layouts")]]
      |       ^
/Users/joshua/Developer/PedalForge/build/_deps/juce-src/modules/juce_graphics/fonts/juce_Font.h:466:7: note: 'getStringWidth' has been explicitly marked deprecated here
  466 |     [[deprecated ("Use GlyphArrangement or TextLayout to compute text layouts")]]
      |       ^
In file included from /Users/joshua/Developer/PedalForge/source/PluginProcessor.cpp:2:
In file included from /Users/joshua/Developer/PedalForge/source/PluginEditor.h:17:
/Users/joshua/Developer/PedalForge/source/ui/WikiTabComponent.h:369:24: warning: 'Font' is deprecated: Use the constructor that takes a FontOptions argument [-Wdeprecated-declarations]
  369 |             g.setFont (juce::Font (juce::Font::getDefaultMonospacedFontName(), 13.0f, juce::Font::plain));
      |                        ^
/Users/joshua/Developer/PedalForge/build/_deps/juce-src/modules/juce_graphics/fonts/juce_Font.h:88:7: note: 'Font' has been explicitly marked deprecated here
   88 |     [[deprecated ("Use the constructor that takes a FontOptions argument")]]
      |       ^
In file included from /Users/joshua/Developer/PedalForge/source/PluginProcessor.cpp:2:
In file included from /Users/joshua/Developer/PedalForge/source/PluginEditor.h:17:
/Users/joshua/Developer/PedalForge/source/ui/WikiTabComponent.h:369:24: warning: 'Font' is deprecated: Use the constructor that takes a FontOptions argument [-Wdeprecated-declarations]
  369 |             g.setFont (juce::Font (juce::Font::getDefaultMonospacedFontName(), 13.0f, juce::Font::plain));
      |                        ^
/Users/joshua/Developer/PedalForge/build/_deps/juce-src/modules/juce_graphics/fonts/juce_Font.h:88:7: note: 'Font' has been explicitly marked deprecated here
   88 |     [[deprecated ("Use the constructor that takes a FontOptions argument")]]
      |       ^
In file included from /Users/joshua/Developer/PedalForge/source/PluginProcessor.cpp:2:
In file included from /Users/joshua/Developer/PedalForge/source/PluginEditor.h:17:
/Users/joshua/Developer/PedalForge/source/ui/WikiTabComponent.h:390:24: warning: 'Font' is deprecated: Use the constructor that takes a FontOptions argument [-Wdeprecated-declarations]
  In file included from 390 |             g.setFont (juce::Font (13.0f));
      |                        ^
/Users/joshua/Developer/PedalForge/source/PluginEditor.cpp:1:
In file included from /Users/joshua/Developer/PedalForge/source/PluginEditor.h:17:
/Users/joshua/Developer/PedalForge/source/ui/WikiTabComponent.h:702:49: warning: implicit conversion changes signedness: 'int' to 'size_type' (aka 'unsigned long') [-Wsign-conversion]
/Users/joshua/Developer/PedalForge/build/_deps/juce-src/modules/juce_graphics/fonts/juce_Font.h:76:7: note: 'Font' has been explicitly marked deprecated here
  702 |             con   76 |     [[deprecated ("Use the constructor that takes a FontOptions argument")]]
      |       ^
st auto& entry = filteredEntries[rowNumber];
      |                                 ~~~~~~~~~~~~~~~ ^~~~~~~~~
In file included from /Users/joshua/Developer/PedalForge/source/PluginProcessor.cpp:2:
In file included from /Users/joshua/Developer/PedalForge/source/PluginEditor.h:17:
/Users/joshua/Developer/PedalForge/source/ui/WikiTabComponent.h:433:36: warning: 'Font' is deprecated: Use the constructor that takes a FontOptions argument [-Wdeprecated-declarations]
  433 |                         g.set/Users/joshua/Developer/PedalForge/source/ui/WikiTabComponent.h:721:28: warning: 'Font' is deprecated: Use the constructor that takes a FontOptions argument [-Wdeprecated-declarations]
  721 |                 g.setFont (juce::Font (11.0f, juce::Font::bolFont (juce::Font (13.d));
      |                            ^
/Users/joshua/Developer/PedalForge/build/_deps/juce-src/modules/juce_graphics/fonts/juce_Font.h:76:70f: note: 'Font' has been explicitly marked deprecated here
, juce::Font::bold));
      |                                    ^
   76 |     [[deprecated ("Use the constructor that takes a FontOptions argument")]]
      |       ^
/Users/joshua/Developer/PedalForge/build/_deps/juce-src/modules/juce_graphics/fonts/juce_Font.h:76:7: note: 'Font' has been explicitly marked deprecated here
In file included from /Users/joshua/Developer/PedalForge/source/PluginEditor.cpp:1:
   76 |    In file included from /Users/joshua/Developer/PedalForge/source/PluginEditor.h:17:
/Users/joshua/Developer/PedalForge/source/ui/WikiTabComponent.h:721:28: warning: 'Font' is deprecated: Use the constructor that takes a FontOptions argument [-Wdeprecated-declarations]
 [[deprecated ("Use the constructor that takes a FontOptions argument")]]
      |       ^
  721 | In file included from /Users/joshua/Developer/PedalForge/source/PluginProcessor.cpp:2:
In file included from /Users/joshua/Developer/PedalForge/source/PluginEditor.h:17:
/Users/joshua/Developer/PedalForge/source/ui/WikiTabComponent.h:433:36: warning: 'Font' is deprecated: Use the constructor that takes a FontOptions argument [-Wdeprecated-declarations]
  433 |                      g.setFont (j                   g.setFonuce::Font (11.0f, juce::Font::bold));
      |                            ^
t (juce::Font (13.0f, juce::Font::bold));
      |                                    ^
/Users/joshua/Developer/PedalForge/build/_deps/juce-src/modules/juce_graphics/fonts/juce_Font.h:76:7: note: 'Font' has been explicitly marked deprecated here
/Users/joshua/Developer/PedalForge/build/_deps/juce-src/modules/juce_graphics/fonts/juce_Font.h:76:7: note: 'Font' has been explicitly marked deprecated here
   76 |     [[deprecated ("Use the constructor that takes a FontOptions argument")]]
      |       ^
   76 |     [[deprecated ("Use the consIn file included from /Users/joshua/Developer/PedalForge/source/PluginEditor.cpp:1:
In file included from /Users/joshua/Developer/PedalForge/source/PluginEditor.h:17:
/Users/joshua/Developer/PedalForge/source/ui/WikiTabComponent.h:728:28: warning: 'Font' is deprecated: Use the constructor that takes a FontOptions argument [-Wdeprecated-declarations]
  728 |                 g.setFont (juce::Font (13.0f));
      |                            ^
tructor that takes a FontOptions argument")]]
      |       ^
/Users/joshua/Developer/PedalForge/build/_deps/juce-src/modules/juce_graphics/fonts/juce_Font.h:76:7: note: 'Font' has been explicitly marked deprecated here
   76 |    In file included from /Users/joshua/Developer/PedalForge/source/PluginProcessor.cpp:2:
In file included from /Users/joshua/Developer/PedalForge/source/PluginEditor.h:17:
/Users/joshua/Developer/PedalForge/source/ui/WikiTabComponent.h:438:36: warning: 'Font' is deprecated: Use the constructor that takes a FontOptions argument [-Wdeprecated-declarations]
  438 |                         g.setFont (juce::Font (13.0f));
      |                                    ^
 [[deprecated ("Use the constr/Users/joshua/Developer/PedalForge/build/_deps/juce-src/modules/juce_graphics/fonts/juce_Font.h:76:7: note: 'Font' has been explicitly marked deprecated here
   76 |     [[deprecatuctor that takes a FontOptioed ("Use the constructor that takes a FontOptions argument")]]
      |       ^
ns argument")]]
      |       ^
In file included from /Users/joshua/Developer/PedalForge/source/PluginProcessor.cpp:2:
In file included from /Users/joshua/Developer/PedalForge/source/PluginEditor.h:17:
/Users/joshua/Developer/PedalForge/source/ui/WikiTabComponent.h:461:24: warning: 'Font' is deprecated: Use the constructor that takes a FontOptions argument [-Wdeprecated-declarations]
  461 |             g.setFont (juce::Font (14.0f));
      |                        ^
In file included from /Users/joshua/Developer/PedalForge/source/PluginEditor.cpp:1:
In file included from /Users/joshua/Developer/PedalForge/source/PluginEditor.h:17:
/Users/joshua/Developer/PedalForge/source/ui/WikiTabComponent.h:746:84: warning: implicit conversion changes signedness: 'int' to 'size_type' (aka 'unsigned long') [-Wsign-conversion]
  746 |             if (row >= 0 && row < (int) filteredEntries.size() && !filteredEntries[row].isSectionHeader)
      /Users/joshua/Developer/PedalForge/build/_deps/juce-src/modules/juce_graphics/fonts/juce_Font.h:76:7: note: 'Font' has been explicitly marked deprecated here
|                                                                    ~~~~~~~~~~~~~~~ ^~~
   76 |     [[depreca/Users/joshua/Developer/PedalForge/source/ui/WikiTabComponent.h:749:56: warning: implicit conversion changes signedness: 'int' to 'size_type' (aka 'unsigned long') [-Wsign-conversion]
ted ("Use the constructor that takes a FontOptions argu  749 |                     owner->nament"vigateTo (fi)]]
      |       ^
lteredEntries[row].pageId);
      |                                        ~~~~~~~~~~~~~~~ ^~~
In file included from /Users/joshua/Developer/PedalForge/source/PluginProcessor.cpp:2:
In file included from /Users/joshua/Developer/PedalForge/source/PluginEditor.h:17:
/Users/joshua/Developer/PedalForge/source/ui/WikiTabComponent.h:495:84: warning: 'getStringWidth' is deprecated: Use GlyphArrangement or TextLayout to compute text layouts [-Wdeprecated-declarations]
  495 |             int lines = juce::jmax (1, (int) std::ceil ((float) g.getCurrentFont().getStringWidth (text) / (maxW - indentPx - 14)));
      |                                                                                    ^
/Users/joshua/Developer/PedalForge/build/_deps/juce-src/modules/juce_graphics/fonts/juce_Font.h:466:7: note: 'getStringWidth' has been explicitly marked deprecated here
  466 |     [[deprecated ("Use GlyphArrangement or TextLayout to compute text layouts")]]
      |       ^
In file included from /Users/joshua/Developer/PedalForge/source/PluginProcessor.cpp:2:
In file included from /Users/joshua/Developer/PedalForge/source/PluginEditor.h:17:
/Users/joshua/Developer/PedalForge/source/ui/WikiTabComponent.h:522:46: warning: 'getStringWidth' is deprecated: Use GlyphArrangement or TextLayout to compute text layouts [-Wdeprecated-declarations]
  522 |                     cx += g.getCurrentFont().getStringWidth (before);
      |                                              ^
/Users/joshua/Developer/PedalForge/build/_deps/juce-src/modules/juce_graphics/fonts/juce_Font.h:466:7: note: 'getStringWidth' has been explicitly marked deprecated here
  466 |     [[deprecated ("Use GlyphArrangement or TextLayout to compute text layouts")]]
      |       ^
In file included from /Users/joshua/Developer/PedalForge/source/PluginProcessor.cpp:2:
In file included from /Users/joshua/Developer/PedalForge/source/PluginEditor.h:17:
/Users/joshua/Developer/PedalForge/source/ui/WikiTabComponent.h:537:52: warning: 'getStringWidth' is deprecated: Use GlyphArrangement or TextLayout to compute text layouts [-Wdeprecated-declarations]
  537 |                     int textW = g.getCurrentFont().getStringWidth (displayText);
      |                                                    ^
/Users/joshua/Developer/PedalForge/build/_deps/juce-src/modules/juce_graphics/fonts/juce_Font.h:466:7: note: 'getStringWidth' has been explicitly marked deprecated here
  466 |     [[deprecated ("Use GlyphArrangement or TextLayout to compute text layouts")]]
      |       ^
In file included from /Users/joshua/Developer/PedalForge/source/PluginProcessor.cpp:2:
In file included from /Users/joshua/Developer/PedalForge/source/PluginEditor.h:17:
/Users/joshua/Developer/PedalForge/source/ui/WikiTabComponent.h:503:17: warning: unused variable 'pos' [-Wunused-variable]
  503 |             int pos = 0;
      |                 ^~~
/Users/joshua/Developer/PedalForge/source/ui/WikiTabComponent.h:565:32: warning: 'Font' is deprecated: Use the constructor that takes a FontOptions argument [-Wdeprecated-declarations]
  565 |                     juce::Font f (14.0f);
      |                                ^
/Users/joshua/Developer/PedalForge/build/_deps/juce-src/modules/juce_graphics/fonts/juce_Font.h:76:7: note: 'Font' has been explicitly marked deprecated here
   76 |     [[deprecated ("Use the constructor that takes a FontOptions argument")]]
      |       ^
In file included from /Users/joshua/Developer/PedalForge/source/PluginProcessor.cpp:2:
In file included from /Users/joshua/Developer/PedalForge/source/PluginEditor.h:17:
/Users/joshua/Developer/PedalForge/source/ui/WikiTabComponent.h:566:75: warning: 'getStringWidth' is deprecated: Use GlyphArrangement or TextLayout to compute text layouts [-Wdeprecated-declarations]
  566 |                     int lines = juce::jmax (1, (int) std::ceil ((float) f.getStringWidth (stripMarkdown (block.text)) / maxW));
      |                                                                           ^
/Users/joshua/Developer/PedalForge/build/_deps/juce-src/modules/juce_graphics/fonts/juce_Font.h:466:7: note: 'getStringWidth' has been explicitly marked deprecated here
  466 |     [[deprecated ("Use GlyphArrangement or TextLayout to compute text layouts")]]
      |       ^
In file included from /Users/joshua/Developer/PedalForge/source/PluginProcessor.cpp:2:
In file included from /Users/joshua/Developer/PedalForge/source/PluginEditor.h:17:
/Users/joshua/Developer/PedalForge/source/ui/WikiTabComponent.h:583:32: warning: 'Font' is deprecated: Use the constructor that takes a FontOptions argument [-Wdeprecated-declarations]
  583 |                     juce::Font f (14.0f);
      |                                ^
/Users/joshua/Developer/PedalForge/build/_deps/juce-src/modules/juce_graphics/fonts/juce_Font.h:76:7: note: 'Font' has been explicitly marked deprecated here
   76 |     [[deprecated ("Use the constructor that takes a FontOptions argument")]]
      |       ^
In file included from /Users/joshua/Developer/PedalForge/source/PluginProcessor.cpp:2:
In file included from /Users/joshua/Developer/PedalForge/source/PluginEditor.h:17:
/Users/joshua/Developer/PedalForge/source/ui/WikiTabComponent.h:584:75: warning: 'getStringWidth' is deprecated: Use GlyphArrangement or TextLayout to compute text layouts [-Wdeprecated-declarations]
  584 |                     int lines = juce::jmax (1, (int) std::ceil ((float) f.getStringWidth (stripMarkdown (block.text)) / maxW));
      |                                                                           ^
/Users/joshua/Developer/PedalForge/build/_deps/juce-src/modules/juce_graphics/fonts/juce_Font.h:466:7: note: 'getStringWidth' has been explicitly marked deprecated here
  466 |     [[deprecated ("Use GlyphArrangement or TextLayout to compute text layouts")]]
      |       ^
In file included from /Users/joshua/Developer/PedalForge/source/PluginProcessor.cpp:2:
In file included from /Users/joshua/Developer/PedalForge/source/PluginEditor.h:17:
/Users/joshua/Developer/PedalForge/source/ui/WikiTabComponent.h:702:49: warning: implicit conversion changes signedness: 'int' to 'size_type' (aka 'unsigned long') [-Wsign-conversion]
  702 |             const auto& entry = filteredEntries[rowNumber];
      |                                 ~~~~~~~~~~~~~~~ ^~~~~~~~~
/Users/joshua/Developer/PedalForge/source/ui/WikiTabComponent.h:721:28: warning: 'Font' is deprecated: Use the constructor that takes a FontOptions argument [-Wdeprecated-declarations]
  721 |                 g.setFont (juce::Font (11.0f, juce::Font::bold));
      |                            ^
/Users/joshua/Developer/PedalForge/build/_deps/juce-src/modules/juce_graphics/fonts/juce_Font.h:76:7: note: 'Font' has been explicitly marked deprecated here
   76 |     [[deprecated ("Use the constructor that takes a FontOptions argument")]]
      |       ^
In file included from /Users/joshua/Developer/PedalForge/source/PluginProcessor.cpp:2:
In file included from /Users/joshua/Developer/PedalForge/source/PluginEditor.h:17:
/Users/joshua/Developer/PedalForge/source/ui/WikiTabComponent.h:721:28: warning: 'Font' is deprecated: Use the constructor that takes a FontOptions argument [-Wdeprecated-declarations]
  721 |                 g.setFont (juce::Font (11.0f, juce::Font::bold));
      |                            ^
/Users/joshua/Developer/PedalForge/build/_deps/juce-src/modules/juce_graphics/fonts/juce_Font.h:76:7: note: 'Font' has been explicitly marked deprecated here
   76 |     [[deprecated ("Use the constructor that takes a FontOptions argument")]]
      |       ^
In file included from /Users/joshua/Developer/PedalForge/source/PluginProcessor.cpp:2:
In file included from /Users/joshua/Developer/PedalForge/source/PluginEditor.h:17:
/Users/joshua/Developer/PedalForge/source/ui/WikiTabComponent.h:728:28: warning: 'Font' is deprecated: Use the constructor that takes a FontOptions argument [-Wdeprecated-declarations]
  728 |                 g.setFont (juce::Font (13.0f));
      |                            ^
/Users/joshua/Developer/PedalForge/build/_deps/juce-src/modules/juce_graphics/fonts/juce_Font.h:76:7: note: 'Font' has been explicitly marked deprecated here
   76 |     [[deprecated ("Use the constructor that takes a FontOptions argument")]]
      |       ^
In file included from /Users/joshua/Developer/PedalForge/source/PluginProcessor.cpp:2:
In file included from /Users/joshua/Developer/PedalForge/source/PluginEditor.h:17:
/Users/joshua/Developer/PedalForge/source/ui/WikiTabComponent.h:746:84: warning: implicit conversion changes signedness: 'int' to 'size_type' (aka 'unsigned long') [-Wsign-conversion]
  746 |             if (row >= 0 && row < (int) filteredEntries.size() && !filteredEntries[row].isSectionHeader)
      |                                                                    ~~~~~~~~~~~~~~~ ^~~
/Users/joshua/Developer/PedalForge/source/ui/WikiTabComponent.h:749:56: warning: implicit conversion changes signedness: 'int' to 'size_type' (aka 'unsigned long') [-Wsign-conversion]
  749 |                     owner->navigateTo (filteredEntries[row].pageId);
      |                                        ~~~~~~~~~~~~~~~ ^~~
/Users/joshua/Developer/PedalForge/source/ui/WikiTabComponent.h:913:52: warning: missing field 'text' initializer [-Wmissing-field-initializers]
  913 |                 blocks.push_back ({ MdBlock::Empty });
      |                                                    ^
/Users/joshua/Developer/PedalForge/source/ui/WikiTabComponent.h:920:61: warning: missing field 'text' initializer [-Wmissing-field-initializers]
  920 |                 blocks.push_back ({ MdBlock::HorizontalRule });
      |                                                             ^
/Users/joshua/Developer/PedalForge/source/ui/WikiTabComponent.h:1024:35: warning: implicit conversion changes signedness: 'int' to 'size_type' (aka 'unsigned long') [-Wsign-conversion]
 1024 |             currentPage = history[historyIndex];
      |                           ~~~~~~~ ^~~~~~~~~~~~
/Users/joshua/Developer/PedalForge/source/ui/WikiTabComponent.h:1036:35: warning: implicit conversion changes signedness: 'int' to 'size_type' (aka 'unsigned long') [-Wsign-conversion]
 1036 |             currentPage = history[historyIndex];
      |                           ~~~~~~~ ^~~~~~~~~~~~
In file included from /Users/joshua/Developer/PedalForge/source/PluginEditor.cpp:1:
/Users/joshua/Developer/PedalForge/source/PluginEditor.h:36:10: warning: 'PedalForgeEditor::keyPressed' hides overloaded virtual function [-Woverloaded-virtual]
   36 |     bool keyPressed (const juce::KeyPress& key, juce::Component* originatingComponent) override;
      |          ^
/Users/joshua/Developer/PedalForge/build/_deps/juce-src/modules/juce_gui_basics/components/juce_Component.h:1908:18: note: hidden overloaded virtual function 'juce::Component::keyPressed' declared here: different number of parameters (1 vs 2)
 1908 |     virtual bool keyPressed (const KeyPress& key);
      |                  ^
/Users/joshua/Developer/PedalForge/source/ui/WikiTabComponent.h:913:52: warning: missing field 'text' initializer [-Wmissing-field-initializers]
  913 |                 blocks.push_back ({ MdBlock::Empty });
      |                                                    ^
/Users/joshua/Developer/PedalForge/source/ui/WikiTabComponent.h:920:61: warning: missing field 'text' initializer [-Wmissing-field-initializers]
  920 |                 blocks.push_back ({ MdBlock::HorizontalRule });
      |                                                             ^
/Users/joshua/Developer/PedalForge/source/ui/WikiTabComponent.h:1024:35: warning: implicit conversion changes signedness: 'int' to 'size_type' (aka 'unsigned long') [-Wsign-conversion]
 1024 |             currentPage = history[historyIndex];
      |                           ~~~~~~~ ^~~~~~~~~~~~
/Users/joshua/Developer/PedalForge/source/ui/WikiTabComponent.h:1036:35: warning: implicit conversion changes signedness: 'int' to 'size_type' (aka 'unsigned long') [-Wsign-conversion]
 1036 |             currentPage = history[historyIndex];
      |                           ~~~~~~~ ^~~~~~~~~~~~
In file included from /Users/joshua/Developer/PedalForge/source/PluginProcessor.cpp:2:
/Users/joshua/Developer/PedalForge/source/PluginEditor.h:36:10: warning: 'PedalForgeEditor::keyPressed' hides overloaded virtual function [-Woverloaded-virtual]
   36 |     bool keyPressed (const juce::KeyPress& key, juce::Component* originatingComponent) override;
      |          ^
/Users/joshua/Developer/PedalForge/build/_deps/juce-src/modules/juce_gui_basics/components/juce_Component.h:1908:18: note: hidden overloaded virtual function 'juce::Component::keyPressed' declared here: different number of parameters (1 vs 2)
 1908 |     virtual bool keyPressed (const KeyPress& key);
      |                  ^
/Users/joshua/Developer/PedalForge/source/PluginEditor.cpp:115:27: warning: declaration shadows a local variable [-Wshadow-uncaptured-local]
  115 |                 if (auto* proc = node->getProcessor())
      |                           ^
/Users/joshua/Developer/PedalForge/source/PluginEditor.cpp:11:58: note: previous declaration is here
   11 | PedalForgeEditor::PedalForgeEditor (PedalForgeProcessor& proc)
      |                                                          ^
In file included from /Users/joshua/Developer/PedalForge/source/PluginProcessor.cpp:2:
In file included from /Users/joshua/Developer/PedalForge/source/PluginEditor.h:7:
In file included from /Users/joshua/Developer/PedalForge/source/ui/InventoryOverlay.h:4:
In file included from /Users/joshua/Developer/PedalForge/source/ui/PedalPalette.h:4:
In file included from /Users/joshua/Developer/PedalForge/source/ui/../pedals/PedalRegistry.h:4:
In file included from /Users/joshua/Developer/PedalForge/source/ui/../pedals/../dsp/GraphPedalProcessor.h:4:
In file included from /Users/joshua/Developer/PedalForge/source/ui/../pedals/../dsp/../dsp/DSPGraph.h:5:
In file included from /Users/joshua/Developer/PedalForge/source/ui/../pedals/../dsp/../dsp/NAMNode.h:4:
In file included from /Users/joshua/Developer/PedalForge/build/_deps/namcore-src/NAM/get_dsp.h:7:
In file included from /Users/joshua/Developer/PedalForge/build/_deps/namcore-src/NAM/dsp.h:10:
In file included from /Users/joshua/Developer/PedalForge/build/_deps/namcore-src/Dependencies/eigen/Eigen/Dense:1:
In file included from /Users/joshua/Developer/PedalForge/build/_deps/namcore-src/Dependencies/eigen/Eigen/Core:180:
/Users/joshua/Developer/PedalForge/build/_deps/namcore-src/Dependencies/eigen/Eigen/src/Core/GenericPacketMath.h:323:53: warning: comparing floating point with == or != is unsafe [-Wfloat-equal]
  323 | pcmp_eq(const Packet& a, const Packet& b) { return a==b ? ptrue(a) : pzero(a); }
      |                                                    ~^ ~
/Users/joshua/Developer/PedalForge/build/_deps/namcore-src/Dependencies/eigen/Eigen/src/Core/functors/UnaryFunctors.h:1056:29: note: in instantiation of function template specialization 'Eigen::internal::pcmp_eq<float>' requested here
 1056 |     const Packet inf_mask = pcmp_eq(e, inf);
      |                             ^
/Users/joshua/Developer/PedalForge/build/_deps/namcore-src/Dependencies/eigen/Eigen/src/Core/functors/UnaryFunctors.h:1048:12: note: in instantiation of function template specialization 'Eigen::internal::scalar_logistic_op<float>::packetOp<float>' requested here
 1048 |     return packetOp(x);
      |            ^
/Users/joshua/Developer/PedalForge/build/_deps/namcore-src/Dependencies/eigen/Eigen/src/Core/arch/NEON/UnaryFunctors.h:27:32: note: in instantiation of member function 'Eigen::internal::scalar_logistic_op<float>::operator()' requested here
   27 |     return Eigen::half(float_op(float(x)));
      |                                ^
In file included from /Users/joshua/Developer/PedalForge/source/PluginEditor.cpp:1:
In file included from /Users/joshua/Developer/PedalForge/source/PluginEditor.h:7:
In file included from /Users/joshua/Developer/PedalForge/source/ui/InventoryOverlay.h:4:
In file included from /Users/joshua/Developer/PedalForge/source/ui/PedalPalette.h:4:
In file included from /Users/joshua/Developer/PedalForge/source/ui/../pedals/PedalRegistry.h:4:
In file included from /Users/joshua/Developer/PedalForge/source/ui/../pedals/../dsp/GraphPedalProcessor.h:4:
In file included from /Users/joshua/Developer/PedalForge/source/ui/../pedals/../dsp/../dsp/DSPGraph.h:5:
In file included from /Users/joshua/Developer/PedalForge/source/ui/../pedals/../dsp/../dsp/NAMNode.h:4:
In file included from /Users/joshua/Developer/PedalForge/build/_deps/namcore-src/NAM/get_dsp.h:7:
In file included from /Users/joshua/Developer/PedalForge/build/_deps/namcore-src/NAM/dsp.h:10:
In file included from /Users/joshua/Developer/PedalForge/build/_deps/namcore-src/Dependencies/eigen/Eigen/Dense:1:
In file included from /Users/joshua/Developer/PedalForge/build/_deps/namcore-src/Dependencies/eigen/Eigen/Core:180:
/Users/joshua/Developer/PedalForge/build/_deps/namcore-src/Dependencies/eigen/Eigen/src/Core/GenericPacketMath.h:323:53: warning: comparing floating point with == or != is unsafe [-Wfloat-equal]
  323 | pcmp_eq(const Packet& a, const Packet& b) { return a==b ? ptrue(a) : pzero(a); }
      |                                                    ~^ ~
/Users/joshua/Developer/PedalForge/build/_deps/namcore-src/Dependencies/eigen/Eigen/src/Core/functors/UnaryFunctors.h:1056:29: note: in instantiation of function template specialization 'Eigen::internal::pcmp_eq<float>' requested here
 1056 |     const Packet inf_mask = pcmp_eq(e, inf);
      |                             ^
/Users/joshua/Developer/PedalForge/build/_deps/namcore-src/Dependencies/eigen/Eigen/src/Core/functors/UnaryFunctors.h:1048:12: note: in instantiation of function template specialization 'Eigen::internal::scalar_logistic_op<float>::packetOp<float>' requested here
 1048 |     return packetOp(x);
      |            ^
/Users/joshua/Developer/PedalForge/build/_deps/namcore-src/Dependencies/eigen/Eigen/src/Core/arch/NEON/UnaryFunctors.h:27:32: note: in instantiation of member function 'Eigen::internal::scalar_logistic_op<float>::operator()' requested here
   27 |     return Eigen::half(float_op(float(x)));
      |                                ^
In file included from /Users/joshua/Developer/PedalForge/source/PluginProcessor.cpp:2:
In file included from /Users/joshua/Developer/PedalForge/source/PluginEditor.h:7:
In file included from /Users/joshua/Developer/PedalForge/source/ui/InventoryOverlay.h:4:
In file included from /Users/joshua/Developer/PedalForge/source/ui/PedalPalette.h:4:
In file included from /Users/joshua/Developer/PedalForge/source/ui/../pedals/PedalRegistry.h:4:
In file included from /Users/joshua/Developer/PedalForge/source/ui/../pedals/../dsp/GraphPedalProcessor.h:4:
In file included from /Users/joshua/Developer/PedalForge/source/ui/../pedals/../dsp/../dsp/DSPGraph.h:5:
In file included from /Users/joshua/Developer/PedalForge/source/ui/../pedals/../dsp/../dsp/NAMNode.h:4:
In file included from /Users/joshua/Developer/PedalForge/build/_deps/namcore-src/NAM/get_dsp.h:7:
In file included from /Users/joshua/Developer/PedalForge/build/_deps/namcore-src/NAM/dsp.h:10:
In file included from /Users/joshua/Developer/PedalForge/build/_deps/namcore-src/Dependencies/eigen/Eigen/Dense:1:
In file included from /Users/joshua/Developer/PedalForge/build/_deps/namcore-src/Dependencies/eigen/Eigen/Core:303:
/Users/joshua/Developer/PedalForge/build/_deps/namcore-src/Dependencies/eigen/Eigen/src/Core/DenseStorage.h:504:124: warning: implicit conversion changes signedness: 'Index' (aka 'long') to 'std::size_t' (aka 'unsigned long') [-Wsign-conversion]
  504 |     EIGEN_DEVICE_FUNC ~DenseStorage() { internal::conditional_aligned_delete_auto<T,(Options_&DontAlign)==0>(m_data, m_rows*m_cols); }
      |                                         ~~~~~~~~                                                                     ~~~~~~^~~~~~~
/Users/joshua/Developer/PedalForge/build/_deps/namcore-src/Dependencies/eigen/Eigen/src/Core/PlainObjectBase.h:95:7: note: in instantiation of member function 'Eigen::DenseStorage<float, -1, -1, -1, 0>::~DenseStorage' requested here
   95 | class PlainObjectBase : public internal::dense_xpr_base<Derived>::type
      |       ^
In file included from /Users/joshua/Developer/PedalForge/source/PluginProcessor.cpp:2:
In file included from /Users/joshua/Developer/PedalForge/source/PluginEditor.h:7:
In file included from /Users/joshua/Developer/PedalForge/source/ui/InventoryOverlay.h:4:
In file included from /Users/joshua/Developer/PedalForge/source/ui/PedalPalette.h:4:
In file included from /Users/joshua/Developer/PedalForge/source/ui/../pedals/PedalRegistry.h:4:
In file included from /Users/joshua/Developer/PedalForge/source/ui/../pedals/../dsp/GraphPedalProcessor.h:4:
In file included from /Users/joshua/Developer/PedalForge/source/ui/../pedals/../dsp/../dsp/DSPGraph.h:5:
In file included from /Users/joshua/Developer/PedalForge/source/ui/../pedals/../dsp/../dsp/NAMNode.h:4:
In file included from /Users/joshua/Developer/PedalForge/build/_deps/namcore-src/NAM/get_dsp.h:7:
In file included from /Users/joshua/Developer/PedalForge/build/_deps/namcore-src/NAM/dsp.h:10:
In file included from /Users/joshua/Developer/PedalForge/build/_deps/namcore-src/Dependencies/eigen/Eigen/Dense:1:
In file included from /Users/joshua/Developer/PedalForge/build/_deps/namcore-src/Dependencies/eigen/Eigen/Core:303:
/Users/joshua/Developer/PedalForge/build/_deps/namcore-src/Dependencies/eigen/Eigen/src/Core/DenseStorage.h:459:56: warning: zero as null pointer constant [-Wzero-as-null-pointer-constant]
  459 |    EIGEN_DEVICE_FUNC constexpr DenseStorage() : m_data(0), m_rows(0), m_cols(0) {}
      |                                                        ^
      |                                                        nullptr
/Users/joshua/Developer/PedalForge/build/_deps/namcore-src/Dependencies/eigen/Eigen/src/Core/PlainObjectBase.h:462:45: note: in instantiation of member function 'Eigen::DenseStorage<float, -1, -1, -1, 0>::DenseStorage' requested here
  462 |     EIGEN_STRONG_INLINE PlainObjectBase() : m_storage()
      |                                             ^
/Users/joshua/Developer/PedalForge/build/_deps/namcore-src/Dependencies/eigen/Eigen/src/Core/Matrix.h:261:16: note: in instantiation of member function 'Eigen::PlainObjectBase<Eigen::Matrix<float, -1, -1>>::PlainObjectBase' requested here
  261 |     Matrix() : Base()
      |                ^
/Users/joshua/Developer/PedalForge/build/_deps/namcore-src/NAM/wavenet/../ring_buffer.h:15:3: note: in instantiation of member function 'Eigen::Matrix<float, -1, -1>::Matrix' requested here
   15 |   RingBuffer() {};
      |   ^
In file included from /Users/joshua/Developer/PedalForge/source/PluginEditor.cpp:1:
In file included from /Users/joshua/Developer/PedalForge/source/PluginEditor.h:7:
In file included from /Users/joshua/Developer/PedalForge/source/ui/InventoryOverlay.h:4:
In file included from /Users/joshua/Developer/PedalForge/source/ui/PedalPalette.h:4:
In file included from /Users/joshua/Developer/PedalForge/source/ui/../pedals/PedalRegistry.h:4:
In file included from /Users/joshua/Developer/PedalForge/source/ui/../pedals/../dsp/GraphPedalProcessor.h:4:
In file included from /Users/joshua/Developer/PedalForge/source/ui/../pedals/../dsp/../dsp/DSPGraph.h:5:
In file included from /Users/joshua/Developer/PedalForge/source/ui/../pedals/../dsp/../dsp/NAMNode.h:4:
In file included from /Users/joshua/Developer/PedalForge/build/_deps/namcore-src/NAM/get_dsp.h:7:
In file included from /Users/joshua/Developer/PedalForge/build/_deps/namcore-src/NAM/dsp.h:10:
In file included from /Users/joshua/Developer/PedalForge/build/_deps/namcore-src/Dependencies/eigen/Eigen/Dense:1:
In file included from /Users/joshua/Developer/PedalForge/build/_deps/namcore-src/Dependencies/eigen/Eigen/Core:303:
/Users/joshua/Developer/PedalForge/build/_deps/namcore-src/Dependencies/eigen/Eigen/src/Core/DenseStorage.h:504:124: warning: implicit conversion changes signedness: 'Index' (aka 'long') to 'std::size_t' (aka 'unsigned long') [-Wsign-conversion]
  504 |     EIGEN_DEVICE_FUNC ~DenseStorage() {In file included from /Users/joshua/Developer/PedalForge/source/PluginProcessor.cpp:2:
In file included from /Users/joshua/Developer/PedalForge/source/PluginEditor.h:7:
In file included from /Users/joshua/Developer/PedalForge/source/ui/InventoryOverlay.h:4:
In file included from /Users/joshua/Developer/PedalForge/source/ui/PedalPalette.h:4:
In file included from /Users/joshua/Developer/PedalForge/source/ui/../pedals/PedalRegistry.h:4:
In file included from /Users/joshua/Developer/PedalForge/source/ui/../pedals/../dsp/GraphPedalProcessor.h:4:
 internal::conditional_aligned_delete_auto<T,(Options_&DontAlign)==0>(m_data, m_rows*m_cols); }
      |                                         ~~~~~~~~                                                                     ~~~~~~^~~~~~~
In file included from /Users/joshua/Developer/PedalForge/source/ui/../pedals/../dsp/../dsp/DSPGraph.h:5:
In file included from /Users/joshua/Developer/PedalForge/source/ui/../pedals/../dsp/../dsp/NAMNode.h:4:
In file included from /Users/joshua/Developer/PedalForge/build/_deps/namcore-src/NAM/get_dsp.h:7:
In file included from /Users/joshua/Developer/PedalForge/build/_deps/namcore-src/NAM/dsp.h:10:
In file included from /Users/joshua/Developer/PedalForge/build/_deps/namcore-src/Dependencies/eigen/Eigen/Dense:1:
In file included from /Users/joshua/Developer/PedalForge/build/_deps/namcore-src/Dependencies/eigen/Eigen/Core:303:
/Users/joshua/Developer/PedalForge/build/_deps/namcore-src/Dependencies/eigen/Eigen/src/Core/DenseStorage.h:618:56: warning: zero as null pointer constant [-Wzero-as-null-pointer-constant]
/Users/joshua/Developer/PedalForge/build/_deps/namcore-src/Dependencies/eigen/Eigen/src/Core/PlainObjectBase.h:95:7: note: in instantiation of member function 'Eigen::DenseStorage<float, -1, -1, -1, 0>::~DenseStorage' requested here
  618 |    EIGEN_DEVICE_FUNC constexpr DenseStorage() : m_data(0), m_rows(0) {}
      |                                                        ^
      |                                                        nullptr
   95 | class PlainObjectBas/Users/joshua/Developer/PedalForge/build/_deps/namcore-src/Dependencies/eigen/Eigen/src/Core/PlainObjectBase.h:462:45: note: in instantiation of member function 'Eigen::DenseStorage<float, -1, -1, 1, 0>::DenseStorage' requested here
  462 |     EIGEN_STRONG_INLINE PlainObjectBase() : m_storage()
      |                                             ^
e : public internal::dense_xpr_base<Derived>::type
      |       ^
/Users/joshua/Developer/PedalForge/build/_deps/namcore-src/Dependencies/eigen/Eigen/src/Core/Matrix.h:261:16: note: in instantiation of member function 'Eigen::PlainObjectBase<Eigen::Matrix<float, -1, 1>>::PlainObjectBase' requested here
  261 |     Matrix() : Base()
      |                ^
/Users/joshua/Developer/PedalForge/build/_deps/namcore-src/NAM/wavenet/../conv1d.h:20:3: note: in instantiation of member function 'Eigen::Matrix<float, -1, 1>::Matrix' requested here
   20 |   Conv1D()
      |   ^
In file included from /Users/joshua/Developer/PedalForge/source/PluginEditor.cpp:1:
In file included from /Users/joshua/Developer/PedalForge/source/PluginEditor.h:7:
In file included from /Users/joshua/Developer/PedalForge/source/ui/InventoryOverlay.h:4:
In file included from /Users/joshua/Developer/PedalForge/source/ui/PedalPalette.h:4:
In file included from /Users/joshua/Developer/PedalForge/source/ui/../pedals/PedalRegistry.h:4:
In file included from /Users/joshua/Developer/PedalForge/source/ui/../pedals/../dsp/GraphPedalProcessor.h:4:
In file included from /Users/joshua/Developer/PedalForge/source/ui/../pedals/../dsp/../dsp/DSPGraph.h:5:
In file included from /Users/joshua/Developer/PedalForge/source/ui/../pedals/../dsp/../dsp/NAMNode.h:4:
In file included from /Users/joshua/Developer/PedalForge/build/_deps/namcore-src/NAM/get_dsp.h:7:
In file included from /Users/joshua/Developer/PedalForge/build/_deps/namcore-src/NAM/dsp.h:10:
In file included from /Users/joshua/Developer/PedalForge/build/_deps/namcore-src/Dependencies/eigen/Eigen/Dense:1:
In file included from /Users/joshua/Developer/PedalForge/build/_deps/namcore-src/Dependencies/eigen/Eigen/Core:303:
/Users/joshua/Developer/PedalForge/build/_deps/namcore-src/Dependencies/eigen/Eigen/src/Core/DenseStorage.h:459:56: warning: zero as null pointer constant [-Wzero-as-null-pointer-constant]
In file included from /Users/joshua/Developer/PedalForge/source/PluginProcessor.cpp  459 |    EIGEN_DEVICE_FUNC constexpr DenseStorage() : m_data(:2:
In file included from /Users/joshua/Developer/PedalForge/source/PluginEditor.h:7:
In file included from /Users/joshua/Developer/PedalForge/source/ui/InventoryOverlay.h:4:
In file included from /Users/joshua/Developer/PedalForge/source/ui/PedalPalette.h:4:
In file included from 0), m_rows(/Users/joshua/Developer/PedalForge/source/ui/../pedals/PedalRegistry.h:4:
In file included from /Users/joshua/Developer/PedalForge/source/ui/../pedals/../dsp/GraphPedalProcessor.h:4:
In file included from /Users/joshua/Developer/PedalForge/source/ui/../pedals/../dsp/../dsp/DSPGraph.h:5:
0), m_colsIn file included from /Users/joshua/Developer/PedalForge/source/ui/../pedals/../dsp/../dsp/NAMNode.h:4:
In file included from /Users/joshua/Developer/PedalForge/build/_deps/namcore-src/NAM/get_dsp.h:7:
In file included from /Users/joshua/Developer/PedalForge/build/_deps/namcore-src/NAM/dsp.h:10:
In file included from /Users/joshua/Developer/PedalForge/build/_deps/namcore-src/Dependencies/eigen/Eigen/Dense:1:
In file included from /Users/joshua/Developer/PedalForge/build/_deps/namcore-src/Dependencies/eigen/Eigen/Core:303:
/Users/joshua/Developer/PedalForge/build/_deps/namcore-src/Dependencies/eigen/Eigen/src/Core/DenseStorage.h:657:123: warning: implicit conversion changes signedness: 'Index' (aka 'long') to 'std::size_t' (aka 'unsigned long') [-Wsign-conversion]
(0) {}
      |                                                        ^
      |                                                        nullptr
  /Users/joshua/Developer/PedalForge/build/_deps/namcore-src/Dependencies/eigen/Eigen/src/Core/PlainObjectBase.h:462:45: note: in instantiation of member function 'Eigen::DenseStorage<float, -1, -1, -1, 0>::DenseStorage' requested here
  462 |     EIGEN_STRO657 |     EIGEN_DEVICE_FUNC ~DenseStorage() {NG_INLINE PlainObjectBase()  internal::conditional_aligne: m_storage()
      |                                             ^
/Users/joshua/Developer/PedalForge/build/_deps/namcore-src/Dependencies/eigen/Eigen/src/Core/Matrix.h:261:16: note: d_delete_auto<T,(Options_&DontAlign)==0>(m_data, Cols_*m_roin instantiation of member function 'Eigen::PlainObjectBase<Eigen::Matrix<float, -1, -1>>::PlainObjectBase' requested here
  261 |     Matrix()ws); }
      |                                         ~~~~~~~~                                                                     ~~~~~^~~~~~~
/Users/joshua/Developer/PedalForge/build/_deps/namcore-src/Dependencies/eigen/Eigen/src/Core/PlainObjectBase.h:95:7: note: in instantiation of member function 'Eigen::DenseStorage<float, -1, -1, 1, 0>::~DenseStorage' requested here
   95 | class PlainObjectBase : public internal::dense_xpr_base<Derived>::type
      |       ^
 : Base()
      |                ^
/Users/joshua/Developer/PedalForge/build/_deps/namcore-src/NAM/wavenet/../ring_buffer.h:15:3: note: in instantiation of member function 'Eigen::Matrix<float, -1, -1>::Matrix' requested here
   15 |   RingBuffer() {};
      |   ^
In file included from /Users/joshua/Developer/PedalForge/source/PluginProcessor.cpp:2:
In file included from /Users/joshua/Developer/PedalForge/source/PluginEditor.h:7:
In file included from /Users/joshua/Developer/PedalForge/source/ui/InventoryOverlay.h:4:
In file included from /Users/joshua/Developer/PedalForge/source/ui/PedalPalette.h:4:
In file included from /Users/joshua/Developer/PedalForge/source/ui/../pedals/PedalRegistry.h:4:
In file included from /Users/joshua/Developer/PedalForge/source/ui/../pedals/../dsp/GraphPedalProcessor.h:4:
In file included from /Users/joshua/Developer/PedalForge/source/ui/../pedals/../dsp/../dsp/DSPGraph.h:5:
In file included from /Users/joshua/Developer/PedalForge/source/ui/../pedals/../dsp/../dsp/NAMNode.h:4:
In file included from /Users/joshua/Developer/PedalForge/build/_deps/namcore-src/NAM/get_dsp.h:7:
In file included from /Users/joshua/Developer/PedalForge/build/_deps/namcore-src/NAM/dsp.h:10:
In file included from /Users/joshua/Developer/PedalForge/build/_deps/namcore-src/Dependencies/eigen/Eigen/Dense:1:
In file included from /Users/joshua/Developer/PedalForge/build/_deps/namcore-src/Dependencies/eigen/Eigen/Core:303:
/Users/joshua/Developer/PedalForge/build/_deps/namcore-src/Dependencies/eigen/Eigen/src/Core/DenseStorage.h:523:92: warning: In file included from /Users/joshua/Developer/PedalForge/source/PluginEditor.cpp:1:
In file included from /Users/joshua/Developer/PedalForge/source/PluginEditor.h:7:
In file included from /Users/joshua/Developer/PedalForge/source/ui/InventoryOverlay.h:4:
In file included from /Users/joshua/Developer/PedalForge/source/ui/PedalPalette.h:4:
In file included from /Users/joshua/Developer/PedalForge/source/ui/../pedals/PedalRegistry.h:implicit conversion changes signedness: 'Index' (aka 'long') to 'std::size_t' (aka 'unsigned long') [-Wsign-conversion]
4  523:
In file included from /Users/joshua/Developer/PedalForge/source/ui/../pedals/../dsp/GraphPedalProcessor.h:4:
In file included from /Users/joshua/Developer/PedalForge/source/ui/../pedals/../dsp/../dsp/DSPGraph.h:5:
In file included from /Users/joshua/Developer/PedalForge/source/ui/../pedals/../dsp/../dsp/NAMNode.h:4:
In file included from  |         internal::conditional_aligned_delete_aut/Users/joshua/Developer/PedalForge/build/_deps/namcore-src/NAM/get_dsp.h:7:
In file included from /Users/joshua/Developer/PedalForge/build/_deps/namcore-src/NAM/dsp.h:10:
In file included from /Users/joshua/Developer/PedalForge/build/_deps/namcore-src/Dependencies/eigen/Eigen/Dense:1:
In file included from /Users/joshua/Developer/PedalForge/build/_deps/namcore-src/Dependencies/eigen/Eigen/Core:303:
/Users/joshua/Developer/PedalForge/build/_deps/namcore-src/Dependencies/eigen/Eigen/src/Core/DenseStorage.h:618:56: warning: zero as null pointer constant [-Wzero-as-null-pointer-constant]
o<T,(Options_&DontAlign)==0>(m_data, m_  618 |    EIGEN_DEVICE_FUNC constexpr DenseStorrows*m_cols);
      |         ~~~~~~~~                                                                     ~~~~~~^~~~~~~
age() : m_data(0), m_rows(0) {}
      |                                                        ^
      |                                                        nullptr
/Users/joshua/Developer/PedalForge/build/_deps/namcore-src/Dependencies/eigen/Eigen/src/Core/PlainObjectBase.h:278:19: note: in instantiation of member function 'Eigen::DenseStorage<float, -1, -1, -1, 0>::resize' requested here
/Users/joshua/Developer/PedalForge/build/_deps/namcore-src/Dependencies/eigen/Eigen/src/Core/PlainObjectBase.h:462:45: note: in instantiation of member function 'Eigen::DenseStorage<float, -1, -1, 1, 0>::DenseStorage' requested here
  278 |         m_storage.resize(rows*cols, rows, cols);
      |                   ^
  462 |     EIGEN_STRONG_INLINE PlaIn file included from /Users/joshua/Developer/PedalForge/source/PluginProcessor.cpp:2:
In file included from /Users/joshua/Developer/PedalForge/source/PluginEditor.h:7:
In file included from /Users/joshua/Developer/PedalForge/source/ui/InventoryOverlay.h:4:
In file included from /Users/joshua/Developer/PedalForge/source/ui/PedalPalette.h:4:
In file included from /Users/joshua/Developer/PedalForge/source/ui/../pedals/PedalRegistry.h:4:
In file included from /Users/joshua/Developer/PedalForge/source/ui/../pedals/../dsp/GraphPedalProcessor.h:inObjectBase() : m_storage()
      |                                             ^
4/Users/joshua/Developer/PedalForge/build/_deps/namcore-src/Dependencies/eigen/Eigen/src/Core/Matrix.h:261:16: note: in instantiation of member function 'Eigen::PlainObjectBase<Eigen::Matrix<float, -1, 1>>::PlainObjectBase' requested here
  261 |     Matrix() : Base()
      |                ^
:
In file included from /Users/joshua/Developer/PedalForge/source/ui/../pedals/../dsp/../dsp/DSPGraph.h:5:
In file included from /Users/joshua/Developer/PedalForge/source/ui/../pedals/../dsp/../dsp/NAMNode.h:4:
In file included from /Users/joshua/Developer/PedalForge/build/_deps/namcore-src/NAM/get_dsp.h:7:
In file included from /Users/joshua/Developer/PedalForge/build/_deps/namcore-src/NAM/dsp.h:10:
In file included from /Users/joshua/Developer/PedalForge/build/_deps/namcore-src/Dependencies/eigen/Eigen/Dense:1:
In file included from /Users/joshua/Developer/PedalForge/build/_deps/namcore-src/Dependencies/eigen/Eigen/Core:303:
/Users/joshua/Developer/PedalForge/build/_deps/namcore-src/Dependencies/eigen/Eigen/src/Core/DenseStorage.h:525:86: warning: implicit conversion changes signedness: 'Index' (aka 'long') to 'std::size_t' (aka 'unsigned long') [-Wsign-conversion]
/Users/joshua/Developer/PedalForge/build/_deps/namcore-src/NAM/wavenet/../conv1d.h:20:3: note: in instantiation of member function 'Eigen::Matrix<float, -1, 1>::Matrix' requested here
   20 |   Conv1D()
      |   ^
  525 |           m_data = internal::conditional_aligned_new_auto<T,(Options_&DontAlign)==0>(size);
      |                    ~~~~~~~~                                                          ^~~~
/Users/joshua/Developer/PedalForge/build/_deps/namcore-src/Dependencies/eigen/Eigen/src/Core/DenseStorage.h:527:20: warning: zero as null pointer constant [-Wzero-as-null-pointer-constant]
  527 |           m_data = 0;
      |                    ^
      In file included from /Users/joshua/Developer/PedalForge/source/PluginEditor.cpp:1:
In file included from /Users/joshua/Developer/PedalForge/source/PluginEditor.h:7:
In file included from /Users/joshua/Developer/PedalForge/source/ui/InventoryOverlay.h:4:
|                    nullptr
In file included from /Users/joshua/Developer/PedalForge/source/ui/PedalPalette.h:4:
In file included from /Users/joshua/Developer/PedalForge/source/ui/../pedals/PedalRegistry.h:4:
In file included from /Users/joshua/Developer/PedalForge/source/ui/../pedals/../dsp/GraphPedalProcessor.h:4:
In file included from /Users/joshua/Developer/PedalForge/source/ui/../pedals/../dsp/../dsp/DSPGraph.h:5:
In file included from In file included from /Users/joshua/Developer/PedalForge/source/PluginProcessor.cpp:2:
/Users/joshua/Developer/PedalForge/source/ui/../pedals/../dsp/../dsp/NAMNode.h:4:
In file included from /Users/joshua/Developer/PedalForge/build/_deps/namcore-src/NAM/get_dsp.h:7:
In file included from /Users/joshua/Developer/PedalForge/build/_deps/namcore-src/NAM/dsp.h:10In file included from /Users/joshua/Developer/PedalForge/source/PluginEditor.h:7:
In file included from /Users/joshua/Developer/PedalForge/source/ui/InventoryOverlay.h:4:
In file included from /Users/joshua/Developer/PedalForge/source/ui/PedalPalette.h:4:
In file included from /Users/joshua/Developer/PedalForge/source/ui/../pedals/PedalRegistry.h:4:
In file included from /Users/joshua/Developer/PedalForge/source/ui/../pedals/../dsp/GraphPedalProcessor.h:4:
In file included from /Users/joshua/Developer/PedalForge/source/ui/../pedals/../dsp/../dsp/DSPGraph.h:5:
In file included from /Users/joshua/Developer/PedalForge/source/ui/../pedals/../dsp/../dsp/NAMNode.h:4:
In file included from /Users/joshua/Developer/PedalForge/build/_deps/namcore-src/NAM/get_dsp.h:7:
In file included from /Users/joshua/Developer/PedalForge/build/_deps/namcore-src/NAM/dsp.h:10:
In file included from /Users/joshua/Developer/PedalForge/build/_deps/namcore-src/Dependencies/eigen/Eigen/Dense:1:
In file included from /Users/joshua/Developer/PedalForge/build/_deps/namcore-src/Dependencies/eigen/Eigen/Core:173:
/Users/joshua/Developer/PedalForge/build/_deps/namcore-src/Dependencies/eigen/Eigen/src/Core/util/Memory.h:499:12: warning: zero as null pointer constant [-Wzero-as-null-pointer-constant]
:
  499 |     return 0; // short-cut. Also fixes BIn file included from /Users/joshua/Developer/PedalForge/build/_deps/namcore-src/Dependencies/eigen/Eigen/Dense:1:
In file included from /Users/joshua/Developer/PedalForge/build/_deps/namcore-src/Dependencies/eigen/Eigen/Core:303:
/Users/joshua/Developer/PedalForge/build/_deps/namcore-src/Dependencies/eigen/Eigen/src/Core/DenseStorage.h:657:123ug 884
      |            ^
      |            nullptr
: warning: implicit conversion changes signedness: 'Index' (aka 'long') to 'std::size_t' (aka 'unsigned long') [-Wsign-conversion]
  657 |     EIGEN_DEVICE_FUNC ~DenseStorage() { internal::conditional_aligned_delete_auto<T,(Options_&DontAlign)==0>(m_data, Cols_*m_rows); }
      |                                         ~~~~~~~~                                                                     ~~~~~^~~~~~~
/Users/joshua/Developer/PedalForge/build/_deps/namcore-src/Dependencies/eigen/Eigen/src/Core/DenseStorage.h:525:30: note: in instantiation of function template specialization 'Eigen::internal::conditional_aligned_new_auto<float, true>' requested here
/Users/joshua/Developer/PedalForge/build/_deps/namcore-src/Dependencies/eigen/Eigen/src/Core/PlainObjectBase.h  525 |           m_data = internal::conditional_aligned_new_auto<T,(Options_&DontAlign)==0>(size);
      |                              ^
:95:7: note: in instantiation of member function 'Eigen::DenseStorage<float, -1, -1, 1, 0>::~DenseStorage' requested here
/Users/joshua/Developer/PedalForge/build/_deps/namcore-src/Dependencies/eigen/Eigen/src/Core/PlainObjectBase.h:278:19: note: in instantiation of member function 'Eigen::DenseStorage<float, -1, -1, -1, 0>::resize' requested here
   95 | class PlainObjectBase : public internal::dense_xpr_base<D  278 |         m_storage.resize(rows*cols, rows, cols);
      |                   ^
erived>::type
      |       ^
In file included from /Users/joshua/Developer/PedalForge/source/PluginEditor.cpp:1:
In file included from /Users/joshua/Developer/PedalForge/source/PluginEditor.h:7:
In file included from /Users/joshua/Developer/PedalForge/source/ui/InventoryOverlay.h:4:
In file included from /Users/joshua/Developer/PedalForge/source/ui/PedalPalette.h:4:
In file included from /Users/joshua/Developer/PedalForge/source/ui/../pedals/PedalRegistry.h:4:
In file included from /Users/joshua/Developer/PedalForge/source/ui/../pedals/../dsp/GraphPedalProcessor.h:4:
In file included from /Users/joshua/Developer/PedalForge/source/ui/../pedals/../dsp/../dsp/DSPGraph.h:5:
In file included from /Users/joshua/Developer/PedalForge/source/ui/../pedals/../dsp/../dsp/NAMNode.h:4:
In file included from /Users/joshua/Developer/PedalForge/build/_deps/namcore-src/NAM/get_dsp.h:7:
In file included from /Users/joshua/Developer/PedalForge/build/_deps/namcore-src/NAM/dsp.h:10:
In file included from /Users/joshua/Developer/PedalForge/build/_deps/namcore-src/Dependencies/eigen/Eigen/Dense:1:
In file included from /Users/joshua/Developer/PedalForge/build/_deps/namcore-src/Dependencies/eigen/Eigen/Core:303:
/Users/joshua/Developer/PedalForge/build/_deps/namcore-src/Dependencies/eigen/Eigen/src/Core/DenseStorage.h:523:92: warning: implicit conversion changes signedness: 'Index' (aka 'long') to 'std::size_t' (aka 'unsigned long') [-Wsign-conversion]
  523 |         internal::conditional_aligned_delete_auto<T,(Options_&DontAlign)==0>(m_data, m_rows*m_cols);
      |         ~~~~~~~~                                                                     ~~~~~~^~~~~~~
/Users/joshua/Developer/PedalForge/build/_deps/namcore-src/Dependencies/eigen/Eigen/src/Core/PlainObjectBase.h:278:19: note: in instantiation of member function 'Eigen::DenseStorage<float, -1, -1, -1, 0>::resize' requested here
  278 |         m_storage.resize(rows*cols, rows, cols);
      |                   ^
In file included from /Users/joshua/Developer/PedalForge/source/PluginProcessor.cpp:2:
In file included from /Users/joshua/Developer/PedalForge/source/PluginEditor.h:7:
In file included from /Users/joshua/Developer/PedalForge/source/ui/InventoryOverlay.h:4:
In file included from /Users/joshua/Developer/PedalForge/source/ui/PedalPalette.h:4:
In file included from /Users/joshua/Developer/PedalForge/source/ui/../pedals/PedalRegistry.h:4:
In file included from /Users/joshua/Developer/PedalForge/source/ui/../pedals/../dsp/GraphPedalProcessor.h:4:
In file included from /Users/joshua/Developer/PedalForge/source/ui/../pedals/../dsp/../dsp/DSPGraph.h:In file included from /Users/joshua/Developer/PedalForge/source/PluginEditor.cpp:1:
In file included from /Users/joshua/Developer/PedalForge/source/PluginEditor.h:7:
In file included from /Users/joshua/Developer/PedalForge/source/ui/InventoryOverlay.h:4:
In file included from /Users/joshua/Developer/PedalForge/source/ui/PedalPalette.h:4:
In file included from /Users/joshua/Developer/PedalForge/source/ui/../pedals/PedalRegistry.h:4:
In file included from /Users/joshua/Developer/PedalForge/source/ui/../pedals/../dsp/GraphPedalProcessor.h:4:
In file included from /Users/joshua/Developer/PedalForge/source/ui/../pedals/../dsp/../dsp/DSPGraph.h:5:
In file included from /Users/joshua/Developer/PedalForge/source/ui/../pedals/../dsp/../dsp/NAMNode.h:4:
In file included from /Users/joshua/Developer/PedalForge/build/_deps/namcore-src/NAM/get_dsp.h:7:
In file included from /Users/joshua/Developer/PedalForge/build/_deps/namcore-src/NAM/dsp.h:10:
In file included from /Users/joshua/Developer/PedalForge/build/_deps/namcore-src/Dependencies/eigen/Eigen/Dense:1:
In file included from /Users/joshua/Developer/PedalForge/build/_deps/namcore-src/Dependencies/eigen/Eigen/Core:303:
/Users/joshua/Developer/PedalForge/build/_deps/namcore-src/Dependencies/eigen/Eigen/src/Core/DenseStorage.h:525:86: warning: implicit conversion changes signedness: 'Index' (aka 'long') to 'std::size_t' (aka 'unsigned long') [-Wsign-conversion]
  5255:
In file included from /Users/joshua/Developer/PedalForge/source/ui/../pedals/../dsp/../dsp/NAMNode.h:4:
In file included from /Users/joshua/Developer/PedalForge/build/_deps/namcore-src/NAM/get_dsp.h:7:
In file included from /Users/joshua/Developer/PedalForge/build/_deps/namcore-src/NAM/dsp.h:10:
In file included from /Users/joshua/Developer/PedalForge/build/_deps/namcore-src/Dependencies/eigen/Eigen/Dense:1:
In file included from /Users/joshua/Developer/PedalForge/build/_deps/namcore-src/Dependencies/eigen/Eigen/Core:322:
/Users/joshua/Developer/PedalForge/build/_deps/namcore-src/Dependencies/eigen/Eigen/src/Core/MapBase.h: |           m_data = internal::conditional_aligned_new_auto<T,(Options_&DontAlign)==0>(size);
      |                    ~~~~~~~~                                                          ^~~~
207:82: warning: zero as null pointer constant [-Wzero-as-null-pointer-constant]
  /Users/joshua/Developer/PedalForge/build/_deps/namcore-src/Dependencies/eigen/Eigen/src/Core/DenseStorage.h:527:20: warning: zero as null pointer constant [-Wzero-as-null-pointer-constant]
  527 |           m_da207 |     void checkSanity(std::enable_if_t<internal::traits<T>::Alignment==0,void*> = 0) const
      |                                                                                  ^
      |                                                                                  nullptr
ta/Users/joshua/Developer/PedalForge/build/_deps/namcore-src/Dependencies/eigen/Eigen/src/Core/MapBase.h:181:7: note: in instantiation of default function argument expression for 'checkSanity<Eigen::Block<const Eigen::Matrix<float, -1, -1>>>' required here
  181 |       checkSanity<Derived>();
      |       ^
 = 0/Users/joshua/Developer/PedalForge/build/_deps/namcore-src/Dependencies/eigen/Eigen/src/Core/Block.h:389:9: note: in instantiation of member function 'Eigen::MapBase<Eigen::Block<const Eigen::Matrix<float, -1, -1>>>::MapBase' requested here
  389 |       : Base(add_to_nullable_pointer(xpr.data(),
      |         ^
;
      |                    ^
      |                    nullptr
/Users/joshua/Developer/PedalForge/build/_deps/namcore-src/Dependencies/eigen/Eigen/src/Core/Block.h:168:9: note: in instantiation of member function 'Eigen::internal::BlockImpl_dense<const Eigen::Matrix<float, -1, -1>>::BlockImpl_dense' requested here
In file included from /Users/joshua/Developer/PedalForge/source/PluginEditor.cpp:1:
In file included from /Users/joshua/Developer/PedalForge/source/PluginEditor.h:7:
In file included from /Users/joshua/Developer/PedalForge/source/ui/InventoryOverlay.h:4:
In file included from /Users/joshua/Developer/PedalForge/source/ui/PedalPalette.h:4:
In file included from /Users/joshua/Developer/PedalForge/source/ui/../pedals/PedalRegistry.h:4:
In file included from /Users/joshua/Developer/PedalForge/source/ui/../pedals/../dsp/GraphPedalProcessor.h:4:
In file included from /Users/joshua/Developer/PedalForge/source/ui/../pedals/../dsp/../dsp/DSPGraph.h:5:
In file included from /Users/joshua/Developer/PedalForge/source/ui/../pedals/../dsp/../dsp/NAMNode.h:4:
In file included from /Users/joshua/Developer/PedalForge/build/_deps/namcore-src/NAM/get_dsp.h:7:
In file included from /Users/joshua/Developer/PedalForge/build/_deps/namcore-src/NAM/dsp.h:10:
In file included from /Users/joshua/Developer/PedalForge/build/_deps/namcore-src/Dependencies/eigen/Eigen/Dense:1:
In file included from /Users/joshua/Developer/PedalForge/build/_deps/namcore-src/Dependencies/eigen/Eigen/Core:173:
/Users/joshua/Developer/PedalForge/build/_deps/namcore-src/Dependencies/eigen/Eigen/src/Core/util/Memory.h:499:12: warning: zero as null pointer constant [-Wzero-as-null-pointer-constant]
  499 |     return 0; // s  168 |       : Ihort-cut. Also fixes Bmpl(xpr, startRow, startCol, blockRows, blockCols) {}
      |         ^
ug 884
      |            ^
      |            nullptr
/Users/joshua/Developer/PedalForge/build/_deps/namcore-src/Dependencies/eigen/Eigen/src/Core/Block.h:144:9: note: in instantiation of member function 'Eigen::BlockImpl<const Eigen::Matrix<float, -1, -1>, -1, -1, false, Eigen::Dense>::BlockImpl' requested here
/Users/joshua/Developer/PedalForge/build/_deps/namcore-src/Dependencies/eigen/Eigen/src/Core/DenseStorage.h:525:30: note: in instantiation of function template specialization 'Eigen::internal::conditional_aligned_new_auto<float, true>' requested here
  144  525 |           m_data = internal::conditi |       : Impl(xonal_aligned_new_auto<T,(Optipr, staonsrtRow_&DontAlign)==0>(size);
      |                              ^
, startCol, blockRows, blockCols)
      |         ^
/Users/joshua/Developer/PedalForge/build/_deps/namcore-src/Dependencies/eigen/Eigen/src/Core/PlainObjectBase.h:278:19: note: in instantiation of member function 'Eigen::DenseStorage<float, -1, -1, -1, 0>::resize' requested here
  278 | /Users/joshua/Developer/PedalForge/build/_deps/namcore-src/Dependencies/eigen/Eigen/src/Core/../plugins/BlockMethods.h:        m_storage.resiz586:10: e(rows*cols, rows, cols);
      |                   ^
note: in instantiation of member function 'Eigen::Block<const Eigen::Matrix<float, -1, -1>>::Block' requested here
  586 |   return typename ConstNRowsBlockXpr<internal::get_fixed_value<NRowsType>::value>::Type
      |          ^
/Users/joshua/Developer/PedalForge/build/_deps/namcore-src/NAM/wavenet/../film.h:177:36: note: in instantiation of function template specialization 'Eigen::DenseBase<Eigen::Matrix<float, -1, -1>>::topRows<long>' requested here
  177 |     const auto scale = scale_shift.topRows(get_input_dim()).leftCols(num_frames);
      |                                    ^
In file included from /Users/joshua/Developer/PedalForge/source/PluginEditor.cpp:1:
In file included from /Users/joshua/Developer/PedalForge/source/PluginEditor.h:7:
In file included from /Users/joshua/Developer/PedalForge/source/ui/InventoryOverlay.h:4:
In file included from /Users/joshua/Developer/PedalForge/source/ui/PedalPalette.h:4:
In file included from /Users/joshua/Developer/PedalForge/source/ui/../pedals/PedalRegistry.h:4:
In file included from /Users/joshua/Developer/PedalForge/source/ui/../pedals/../dsp/GraphPedalProcessor.h:4:
In file included from /Users/joshua/Developer/PedalForge/source/ui/../pedals/../dsp/../dsp/DSPGraph.h:5:
In file included from /Users/joshua/Developer/PedalForge/source/ui/../pedals/../dsp/../dsp/NAMNode.h:4:
In file included from /Users/joshua/Developer/PedalForge/build/_deps/namcore-src/NAM/get_dsp.h:7:
In file included from /Users/joshua/Developer/PedalForge/build/_deps/namcore-src/NAM/dsp.h:10:
In file included from /Users/joshua/Developer/PedalForge/build/_deps/namcore-src/Dependencies/eigen/Eigen/Dense:1:
In file included from /Users/joshua/Developer/PedalForge/build/_deps/namcore-src/Dependencies/eigen/Eigen/Core:322:
/Users/joshua/Developer/PedalForge/build/_deps/namcore-src/Dependencies/eigen/Eigen/src/Core/MapBase.h:207:82: warning: zero as null pointer constant [-Wzero-as-null-pointer-constant]
  207 |     void checkSanity(std::enable_if_t<internal::traits<T>::Alignment==0,void*> = 0) const
      |                                                                                  ^
      |                                                                                  nullptr
/Users/joshua/Developer/PedalForge/build/_deps/namcore-src/Dependencies/eigen/Eigen/src/Core/MapBase.h:181:7: note: in instantiation of default function argument expression for 'checkSanity<Eigen::Block<const Eigen::Matrix<float, -1, -1>>>' required here
  181 |       checkSanity<Derived>();
      |       ^
In file included from /Users/joshua/Developer/PedalForge/source/PluginProcessor.cpp:/Users/joshua/Developer/PedalForge/build/_deps/namcore-src/Dependencies/eigen/Eigen/src/Core/Block.h:2:
In file included from /Users/joshua/Developer/PedalForge/source/PluginEditor.h:7:
In file included from /Users/joshua/Developer/PedalForge/source/ui/InventoryOverlay.h:4:
In file included from /Users/joshua/Developer/PedalForge/source/ui/PedalPalette.h:4:
In file included from /Users/joshua/Developer/PedalForge/source/ui/../pedals/PedalRegistry.h:4:
In file included from /Users/joshua/Developer/PedalForge/source/ui/../pedals/../dsp/GraphPedalProcessor.h:4:
In file included from /Users/joshua/Developer/PedalForge/source/ui/../pedals/../dsp/../dsp/DSPGraph.h:5:
In file included from /Users/joshua/Developer/PedalForge/source/ui/../pedals/../dsp/../dsp/NAMNode.h:4:
In file included from /Users/joshua/Developer/PedalForge/build/_deps/namcore-src/NAM/get_dsp.h:7:
In file included from /Users/joshua/Developer/PedalForge/build/_deps/namcore-src/NAM/dsp.h:10:
In file included from /Users/joshua/Developer/PedalForge/build/_deps/namcore-src/Dependencies/eigen/Eigen/Dense:1:
In file included from /Users/joshua/Developer/PedalForge/build/_deps/namcore-src/Dependencies/eigen/Eigen/Core:322:
/Users/joshua/Developer/PedalForge/build/_deps/namcore-src/Dependencies/eigen/Eigen/src/Core/MapBase.h:207:82: warning: zero as null pointer constant [-Wzero-as-null-pointer-constant]
389  207 |     void checkSanity(std::enable_if_t<internal::traits<T>::Alignment==0,void*> = 0) const
      |                                                                                  ^
      |                                                                                  nullptr
:/Users/joshua/Developer/PedalForge/build/_deps/namcore-src/Dependencies/eigen/Eigen/src/Core/MapBase.h:181:7: note: in instantiation of default function argument expression for 'checkSanity<Eigen::Block<const Eigen::Block<const Eigen::Matrix<float, -1, -1>>, -1, -1, true>>' required here
9: note: in instantiation of member function 'Eigen::MapBase<Eigen::Block<const Eigen::Matrix<float, -1, -1>>>::MapBase' requested here
  181 |       checkSanity<Derived>();
      |       ^
  389 |       : Base(add_to_nullable_pointer(xpr.data(),
      |         ^
/Users/joshua/Developer/PedalForge/build/_deps/namcore-src/Dependencies/eigen/Eigen/src/Core/Block.h:/Users/joshua/Developer/PedalForge/build/_deps/namcore-src/Dependencies/eigen/Eigen/src/Core/Block.h:168:9: note: in instantiation of member function 'Eigen::internal::BlockImpl_dense<const Eigen::Matrix<float, -1, -1>>::BlockImpl_dense' requested here
389:9: note: in instantiation of member function 'Eigen::MapBase<Eigen::Block<const Eigen::Block<const Eigen::Matrix<float, -1, -1>>, -1, -1, true>>::MapBase' requested here
  168 |       : Impl(xpr, startRow, startCol  389 |       : Base(add_to_nullable_pointer(xpr.data(),
      |         ^
, blockRows,/Users/joshua/Developer/PedalForge/build/_deps/namcore-src/Dependencies/eigen/Eigen/src/Core/Block.h:168:9: note: in instantiation of member function 'Eigen::internal::BlockImpl_dense<const Eigen::Block<const Eigen::Matrix<float, -1, -1>>, -1, -1, true>::BlockImpl_dense' requested here
 blockCols) {}
      |         ^
  168 |       /Users/joshua/Developer/PedalForge/build/_deps/namcore-src/Dependencies/eigen/Eigen/src/Core/Block.h:144:9: note: in instantiation of member function 'Eigen::BlockImpl<const Eigen::Matrix<float, -1, -1>, -1, -1, false, Eigen::Dense>::BlockImpl' requested here
: Impl  144 |       : Impl(xpr, startRow, startCol, blockRows, blockCols)
      |         ^
(xpr, startR/Users/joshua/Developer/PedalForge/build/_deps/namcore-src/Dependencies/eigen/Eigen/src/Core/../plugins/BlockMethods.h:586:10: note: in instantiation of member function 'Eigen::Block<const Eigen::Matrix<float, -1, -1>>::Block' requested here
  586 |   return typenow, startCol, blockRows, blockCols) {}
      |         ^
ame ConstNRowsBlockXpr<internal::get_fixed_value<NRowsType>::value>::Type
      |          ^
/Users/joshua/Developer/PedalForge/build/_deps/namcore-src/Dependencies/eigen/Eigen/src/Core/Block.h:144/Users/joshua/Developer/PedalForge/build/_deps/namcore-src/NAM/wavenet/../film.h:177:36::9: note: in instantiation of member function 'Eigen::BlockImpl<const Eigen::Block<const Eigen::Matrix<float, -1, -1>>, -1, -1, true, Eigen::Dense>::BlockImpl' requested here
  144 |       : Impl(xpr, startRow, startCol, blockRows, blockCols)
      |         ^
 note: in instantiation of function template specialization 'Eigen::DenseBase<Eigen::Matrix<float, -1, -1>>::topRows<long>' requested here
  177 |     const auto scale = scale_shift.topRows(get_input_dim()).leftCols(num_frames);
      |                                    ^
/Users/joshua/Developer/PedalForge/build/_deps/namcore-src/Dependencies/eigen/Eigen/src/Core/../plugins/BlockMethods.h:813:10: note: in instantiation of member function 'Eigen::Block<const Eigen::Block<const Eigen::Matrix<float, -1, -1>>, -1, -1, true>::Block' requested here
  813 |   return typename ConstNColsBlockXpr<internal::get_fixed_value<NColsType>::value>::Type
      |          ^
/Users/joshua/Developer/PedalForge/build/_deps/namcore-src/NAM/wavenet/../film.h:177:61: note: in instantiation of function template specialization 'Eigen::DenseBase<Eigen::Block<const Eigen::Matrix<float, -1, -1>>>::leftCols<int>' requested here
  177 |     const auto scale = scale_shift.topRows(get_input_dim()).leftCols(num_frames);
      |                                                             ^
In file included from /Users/joshua/Developer/PedalForge/source/PluginEditor.cpp:1:
In file included from /Users/joshua/Developer/PedalForge/source/PluginEditor.h:7:
In file included from /Users/joshua/Developer/PedalForge/source/ui/InventoryOverlay.h:4:
In file included from /Users/joshua/Developer/PedalForge/source/ui/PedalPalette.h:4:
In file included from /Users/joshua/Developer/PedalForge/source/ui/../pedals/PedalRegistry.h:4:
In file included from /Users/joshua/Developer/PedalForge/source/ui/../pedals/../dsp/GraphPedalProcessor.h:4:
In file included from /Users/joshua/Developer/PedalForge/source/ui/../pedals/../dsp/../dsp/DSPGraph.h:5:
In file included from /Users/joshua/Developer/PedalForge/source/ui/../pedals/../dsp/../dsp/NAMNode.h:4:
In file included from /Users/joshua/Developer/PedalForge/build/_deps/namcore-src/NAM/get_dsp.h:7:
In file included from /Users/joshua/Developer/PedalForge/build/_deps/namcore-src/NAM/dsp.h:10:
In file included from /Users/joshua/Developer/PedalForge/build/_deps/namcore-src/Dependencies/eigen/Eigen/Dense:1:
In file included from /Users/joshua/Developer/PedalForge/build/_deps/namcore-src/Dependencies/eigen/Eigen/Core:322:
/Users/joshua/Developer/PedalForge/build/_deps/namcore-src/Dependencies/eigen/Eigen/src/Core/MapBase.h:207:82: warning: zero as null pointer constant [-Wzero-as-null-pointer-constant]
  207 |     void checkSanity(std::enable_if_t<internal::traits<T>::Alignment==0,voiIn file included from /Users/joshua/Developer/PedalForge/source/PluginProcessor.cpp:2:
In file included from /Users/joshua/Developer/PedalForge/source/PluginEditor.h:7:
In file included from /Users/joshua/Developer/PedalForge/source/ui/InventoryOverlay.h:4:
In file included from /Users/joshua/Developer/PedalForge/source/ui/PedalPalette.h:4:
In file included from /Users/joshua/Developer/PedalForge/source/ui/../pedals/PedalRegistry.h:4:
In file included from /Users/joshua/Developer/PedalForge/source/ui/../pedals/../dsp/GraphPedalProcessor.h:4:
In file included from /Users/joshua/Developer/PedalForge/source/ui/../pedals/../dsp/../dsp/DSPGraph.h:5:
In file included from /Users/joshua/Developer/PedalForge/source/ui/../pedals/../dsp/../dsp/NAMNode.h:4:
In file included from /Users/joshua/Developer/PedalForge/build/_deps/namcore-src/NAM/get_dsp.h:7:
In file included from /Users/joshua/Developer/PedalForge/build/_deps/namcore-src/NAM/dsp.h:10:
In file included from /Users/joshua/Developer/PedalForge/build/_deps/namcore-src/Dependencies/eigen/Eigen/Dense:1:
In file included from /Users/joshua/Developer/PedalForge/build/_deps/namcore-src/Dependencies/eigen/Eigen/Core:322:
/Users/joshua/Developer/PedalForge/build/_deps/namcore-src/Dependencies/eigen/Eigen/src/Core/MapBase.h:207:82: warning: zero as null pointer constant [-Wzero-as-null-pointer-constant]
d*> = 0) const
      |                                                                                  ^
      |                                                                                  nullptr
  207 | /Users/joshua/Developer/PedalForge/build/_deps/namcore-src/Dependencies/eigen/Eigen/src/Core/MapBase.h:181:7: note: in instantiation of default function argument expression for 'checkSanity<Eigen::Block<const Eigen::Block<const Eigen::Matrix<float, -1, -1>>, -1, -1, true>>' required here
    vo  181 |       checkSanity<Derived>();
      |       ^
id checkSanity(std::enable_if_t<internal::traits<T>::Alignment==0,void*> = 0) const
      |                                                                                  ^
      |                                                                                  nullptr
/Users/joshua/Developer/PedalForge/build/_deps/namcore-src/Dependencies/eigen/Eigen/src/Core/Block.h/Users/joshua/Developer/PedalForge/build/_deps/namcore-src/Dependencies/eigen/Eigen/src/Core/MapBase.h:181:7: note: in instantiation of default function argument expression for 'checkSanity<Eigen::Block<Eigen::Matrix<float, -1, -1>, -1, -1, true>>' required here
  181 |       checkSanity<Derived>();
      |       ^
:389:9: note: in instantiation of member function 'Eigen::MapBase<Eigen::Block<const Eigen::Block<const Eigen::Matrix<float, -1, -1>>, -1, -1, true>>::MapBase' requested here
  389 |       : Base(add/Users/joshua/Developer/PedalForge/build/_deps/namcore-src/Dependencies/eigen/Eigen/src/Core/MapBase.h:291:85: note: in instantiation of member function 'Eigen::MapBase<Eigen::Block<Eigen::Matrix<float, -1, -1>, -1, -1, true>, 0>::MapBase' requested here
_to_nullable_pointer(xpr.data(),
      |         ^
  291/Users/joshua/Developer/PedalForge/build/_deps/namcore-src/Dependencies/eigen/Eigen/src/Core/Block.h:168:9: note: in instantiation of member function 'Eigen::internal::BlockImpl_dense<const Eigen::Block<const Eigen::Matrix<float, -1, -1>>, -1, -1, true>::BlockImpl_dense' requested here
  168 |       : Impl(xpr, startRow, startCol, blockRows, blockCols) {}
       | |         ^
    EIGEN_DEVICE_FUNC inline MapBase(P/Users/joshua/Developer/PedalForge/build/_deps/namcore-src/Dependencies/eigen/Eigen/src/Core/Block.h:144:9: note: in instantiation of member function 'Eigen::BlockImpl<const Eigen::Block<const Eigen::Matrix<float, -1, -1>>, -1, -1, true, Eigen::Dense>::BlockImpl' requested here
ointerType dataPtr, Index rows, Index cols) : B  144as |       : Impl(xpr, starte(dataRow, startCol, Ptr, rows, cols) {}
      |                                                                                     ^
blockRows, blockCols)
      |         ^
/Users/joshua/Developer/PedalForge/build/_deps/namcore-src/Dependencies/eigen/Eigen/src/Core/Block.h:/Users/joshua/Developer/PedalForge/build/_deps/namcore-src/Dependencies/eigen/Eigen/src/Core/../plugins/BlockMethods.h:813:10: note: in instantiation of member function 'Eigen::Block<const Eigen::Block<const Eigen::Matrix<float, -1, -1>>, -1, -1, true>::Block' requested here
389:9: note: in instantiation of member function 'Eigen::MapBase<Eigen::Block<Eigen::Matrix<float, -1, -1>, -1, -1, true>>::MapBase' requested here
  813 |   return typename ConstNColsBlockXpr<internal::get_fixed_value<NColsType>::value>::Type
      |          ^
  389 |       : Base(add_to_nullable_pointer(xpr.data(),
      |         ^
/Users/joshua/Developer/PedalForge/build/_deps/namcore-src/NAM/wavenet/../film.h:177:61:/Users/joshua/Developer/PedalForge/build/_deps/namcore-src/Dependencies/eigen/Eigen/src/Core/Block.h:168:9: note: in instantiation of member function 'Eigen::internal::BlockImpl_dense<Eigen::Matrix<float, -1, -1>, -1, -1, true>::BlockImpl_dense' requested here
  168 |       : Imp note: in instantiation of function template specialization 'Eigen::DenseBase<Eigen::Block<const Eigen::Matrix<float, -1, -1>>>::leftCols<int>' requested here
  177 |     const auto scall(xpr, startRow, startCol, blockRows, blockCols) {}
      |         ^
e = scale_shift.topRows(get_input_dim()).leftCols(num_frames);
      |                                                             ^
/Users/joshua/Developer/PedalForge/build/_deps/namcore-src/Dependencies/eigen/Eigen/src/Core/Block.h:144:9: note: in instantiation of member function 'Eigen::BlockImpl<Eigen::Matrix<float, -1, -1>, -1, -1, true, Eigen::Dense>::BlockImpl' requested here
  144 |       : Impl(xpr, startRow, startCol, blockRows, blockCols)
      |         ^
/Users/joshua/Developer/PedalForge/build/_deps/namcore-src/Dependencies/eigen/Eigen/src/Core/../plugins/BlockMethods.h:799:10: note: in instantiation of member function 'Eigen::Block<Eigen::Matrix<float, -1, -1>, -1, -1, true>::Block' requested here
  799 |   return typename NColsBlockXpr<internal::get_fixed_value<NColsType>::value>::Type
      |          ^
/Users/joshua/Developer/PedalForge/build/_deps/namcore-src/NAM/wavenet/../film.h:182:15: note: in instantiation of function template specialization 'Eigen::DenseBase<Eigen::Matrix<float, -1, -1>>::leftCols<int>' requested here
  182 |       _output.leftCols(num_frames).array() = input.leftCols(num_frames).array() In file included from /Users/joshua/Developer/PedalForge/source/PluginEditor.cpp:1:
In file included from /Users/joshua/Developer/PedalForge/source/PluginEditor.h:7:
In file included from /Users/joshua/Developer/PedalForge/source/ui/InventoryOverlay.h:4:
In file included from /Users/joshua/Developer/PedalForge/source/ui/PedalPalette.h:4:
In file included from /Users/joshua/Developer/PedalForge/source/ui/../pedals/PedalRegistry.h:4:
In file included from /Users/joshua/Developer/PedalForge/source/ui/../pedals/../dsp/GraphPedalProcessor.h:4:
In file included from /Users/joshua/Developer/PedalForge/source/ui/../pedals/../dsp/../dsp/DSPGraph.h:5:
In file included from /Users/joshua/Developer/PedalForge/source/ui/../pedals/../dsp/../dsp/NAMNode.h:4:
In file included from /Users/joshua/Developer/PedalForge/build/_deps/namcore-src/NAM/get_dsp.h:7:
In file included from /Users/joshua/Developer/PedalForge/build/_deps/namcore-src/NAM/dsp.h:10:
In file included from /Users/joshua/Developer/PedalForge/build/_deps/namcore-src/Dependencies/eigen/Eigen/Dense:1:
In file included from /Users/joshua/Developer/PedalForge/build/_deps/namcore-src/Dependencies/eigen/Eigen/Core:322:
/Users/joshua/Developer/PedalForge/build/_deps/namcore-src/Dependencies/eigen/Eigen/src/Core/MapBase.h:207:82: warning: zero as null pointer constant [-Wzero-as-null-pointer-constant]
*  207 |     void checkSanity(std::enable_if_t<internal::traits<T>::Alignment==0,void*> = 0) const
      |                                                                                  ^
      |                                                                                  nullptr
 scale.array() + shift.arr/Users/joshua/Developer/PedalForge/build/_deps/namcore-src/Dependencies/eigen/Eigen/src/Core/MapBase.h:181:7: note: in instantiation of default function argument expression for 'checkSanity<Eigen::Block<Eigen::Matrix<float, -1, -1>, -1, -1, true>>' required here
  181 |       checkSanity<Derived>();
      |       ^
ay();
      |               ^
/Users/joshua/Developer/PedalForge/build/_deps/namcore-src/Dependencies/eigen/Eigen/src/Core/MapBase.h:291:85: note: in instantiation of member function 'Eigen::MapBase<Eigen::Block<Eigen::Matrix<float, -1, -1>, -1, -1, true>, 0>::MapBase' requested here
  291 |     EIGEN_DEVICE_FUNC inline MapBase(PointerType dataPtr, Index rows, Index cols) : Base(dataPtr, rows, cols) {}
      |                                                                                     ^
/Users/joshua/Developer/PedalForge/build/_deps/namcore-src/Dependencies/eigen/Eigen/src/Core/Block.h:389:9: note: in instantiation of member function 'Eigen::MapBase<Eigen::Block<Eigen::Matrix<float, -1, -1>, -1, -1, true>>::MapBase' requested here
  389 |       : Base(add_to_nullable_pointer(xpr.data(),
      |         ^
/Users/joshua/Developer/PedalForge/build/_deps/namcore-src/Dependencies/eigen/Eigen/src/Core/Block.h:168:9: note: in instantiation of member function 'Eigen::internal::BlockImpl_dense<Eigen::Matrix<float, -1, -1>, -1, -1, true>::BlockImpl_dense' requested here
  168 |       : Impl(xpr, startRow, startCol, blockRows, blockCols) {}
      |         ^
/Users/joshua/Developer/PedalForge/build/_deps/namcore-src/Dependencies/eigen/Eigen/src/Core/Block.h:144:9: note: in instantiation of member function 'Eigen::BlockImpl<Eigen::Matrix<float, -1, -1>, -1, -1, true, Eigen::Dense>::BlockImpl' requested here
  144 |       : Impl(xpr, startRow, startCol, blockRows, blockCols)
      |         ^
/Users/joshua/Developer/PedalForge/build/_deps/namcore-src/Dependencies/eigen/Eigen/src/Core/../plugins/BlockMethods.h:799:10: note: in instantiation of member function 'Eigen::Block<Eigen::Matrix<float, -1, -1>, -1, -1, true>::Block' requested here
  799 |   return typename NColsBlockXpr<internal::get_fixed_value<NColsType>::value>::TIn file included from /Users/joshua/Developer/PedalForge/source/PluginProcessor.cpp:2:
In file included from /Users/joshua/Developer/PedalForge/source/PluginEditor.h:7:
In file included from /Users/joshua/Developer/PedalForge/source/ui/InventoryOverlay.h:4:
In file included from /Users/joshua/Developer/PedalForge/source/ui/PedalPalette.h:4:
In file included from /Users/joshua/Developer/PedalForge/source/ui/../pedals/PedalRegistry.h:4:
In file included from /Users/joshua/Developer/PedalForge/source/ui/../pedals/../dsp/GraphPedalProcessor.h:4:
In file included from /Users/joshua/Developer/PedalForge/source/ui/../pedals/../dsp/../dsp/DSPGraph.h:5:
In file included from /Users/joshua/Developer/PedalForge/source/ui/../pedals/../dsp/../dsp/NAMNode.h:4:
In file included from /Users/joshua/Developer/PedalForge/build/_deps/namcore-src/NAM/get_dsp.h:7:
In file included from /Users/joshua/Developer/PedalForge/build/_deps/namcore-src/NAM/dsp.h:10:
In file included from /Users/joshua/Developer/PedalForge/build/_deps/namcore-src/Dependencies/eigen/Eigen/Dense:1:
In file included from /Users/joshua/Developer/PedalForge/build/_deps/namcore-src/Dependencies/eigen/Eigen/Core:322:
/Users/joshua/Developer/PedalForge/build/_deps/namcore-src/Dependencies/eigen/Eigen/src/Core/MapBase.h:207:82: warning: zero as null pointer constant [-Wzero-as-null-pointer-constant]
ype
      |          ^
  /Users/joshua/Developer/PedalForge/build/_deps/namcore-src/NAM/wavenet/../film.h:182:15:207 |     void checkSanity(std:: note: in instantiation of function template specialization 'Eigen::DenseBase<Eigen::Matrix<float, -1, -1>>::leftCols<int>' requested here
  182 |       _output.leftCols(num_frames).array() = input.leftCols(num_frames).array() * scale.array() + shift.array();
      |               ^
enable_if_t<internal::traits<T>::Alignment==0,void*> = 0) const
      |                                                                                  ^
      |                                                                                  nullptr
/Users/joshua/Developer/PedalForge/build/_deps/namcore-src/Dependencies/eigen/Eigen/src/Core/MapBase.h:181:7: note: in instantiation of default function argument expression for 'checkSanity<Eigen::Block<const Eigen::Ref<const Eigen::Matrix<float, -1, -1>>, -1, -1, true>>' required here
  181 |       checkSanity<Derived>();
      |       ^
/Users/joshua/Developer/PedalForge/build/_deps/namcore-src/Dependencies/eigen/Eigen/src/Core/Block.h:389:9: note: in instantiation of member function 'Eigen::MapBase<Eigen::Block<const Eigen::Ref<const Eigen::Matrix<float, -1, -1>>, -1, -1, true>>::MapBase' requested here
  389 |       : Base(add_to_nullable_pointer(xpr.data(),
      |         ^
/Users/joshua/Developer/PedalForge/build/_deps/namcore-src/Dependencies/eigen/Eigen/src/Core/Block.h:168:9: note: in instantiation of member function 'Eigen::internal::BlockImpl_dense<const Eigen::Ref<const Eigen::Matrix<float, -1, -1>>, -1, -1, true>::BlockImpl_dense' requested here
  168 |       : Impl(xpr, startRow, startCol, blockRows, blockCols) {}
      |         ^
/Users/joshua/Developer/PedalForge/build/_deps/namcore-src/Dependencies/eigen/Eigen/src/Core/Block.h:144:9: note: in instantiation of member function 'Eigen::BlockImpl<const Eigen::Ref<const Eigen::Matrix<float, -1, -1>>, -1, -1, true, Eigen::Dense>::BlockImpl' requested here
  144 |       : Impl(xpr, startRow, startCol, blockRows, blockCols)
      |         ^
/Users/joshua/Developer/PedalForge/build/_deps/namcore-src/Dependencies/eigen/Eigen/src/Core/../plugins/BlockMethods.h:813:10: note: in instantiation of member function 'Eigen::Block<const Eigen::Ref<const Eigen::Matrix<float, -1, -1>>, -1, -1, true>::Block' requested here
  813 |   return typename ConstNColsBlockXpr<internal::get_fixed_value<NColsType>::value>::Type
      |          ^
In file included from /Users/joshua/Developer/PedalForge/source/PluginEditor.cpp:1:
In file included from /Users/joshua/Developer/PedalForge/source/PluginEditor.h:7:
In file included from /Users/joshua/Developer/PedalForge/source/ui/InventoryOverlay.h:4:
In file included from /Users/joshua/Developer/PedalForge/source/ui/PedalPalette.h:4:
In file included from /Users/joshua/Developer/PedalForge/source/ui/../pedals/PedalRegistry.h:4:
In file included from /Users/joshua/Developer/PedalForge/source/ui/../pedals/../dsp/GraphPedalProcessor.h:4:
In file included from /Users/joshua/Developer/PedalForge/source/ui/../pedals/../dsp/../dsp/DSPGraph.h:5:
In file included from /Users/joshua/Developer/PedalForge/source/ui/../pedals/../dsp/../dsp/NAMNode.h:4:
In file included from /Users/joshua/Developer/PedalForge/build/_deps/namcore-src/NAM/get_dsp.h:7:
In file included from /Users/joshua/Developer/PedalForge/build/_deps/namcore-src/NAM/dsp.h:10:
In file included from /Users/joshua/Developer/PedalForge/build/_deps/namcore-src/Dependencies/eigen/Eigen/Dense:1:
In file included from /Users/joshua/Developer/PedalForge/build/_deps/namcore-src/Dependencies/eigen/Eigen/Core:322:
/Users/joshua/Developer/PedalForge/build/_deps/namcore-src/Dependencies/eigen/Eigen/src/Core/MapBase.h:207:82: warning: zero as null pointer constant [-Wzero-as-null-pointer-constant]
/Users/joshua/Developer/PedalForge/build/_deps/namcore-src/NAM/wavenet/../film.h:182:  20752: |     void checkSanity(std::enable_if note: in instantiation of function template specialization 'Eigen::DenseBase<Eigen::Ref<const Eigen::Matrix<float, -1, -1>>>::leftCols<int>' requested here
_  182 |    t<internal::traits<T>::Alignment==0,void*> = 0) const
      |                                                                                  ^
      |                                                                                  nullptr
 /Users/joshua/Developer/PedalForge/build/_deps/namcore-src/Dependencies/eigen/Eigen/src/Core/MapBase.h:181:7: note: in instantiation of default function argument expression for 'checkSanity<Eigen::Block<const Eigen::Ref<const Eigen::Matrix<float, -1, -1>>, -1, -1, true>>' required here
  _out  181 |       checkSanity<Derived>();
      |       ^
put.leftCols(num_frames).array() = input.leftCols(num_frames).array() * scale.array() + shift.array();
      |                                                    ^
/Users/joshua/Developer/PedalForge/build/_deps/namcore-src/Dependencies/eigen/Eigen/src/Core/Block.h:389:9: note: in instantiation of member function 'Eigen::MapBase<Eigen::Block<const Eigen::Ref<const Eigen::Matrix<float, -1, -1>>, -1, -1, true>>::MapBase' requested here
  389 |       : Base(add_to_nullable_pointer(xpr.data(),
      |         ^
/Users/joshua/Developer/PedalForge/build/_deps/namcore-src/Dependencies/eigen/Eigen/src/Core/Block.h:168:9: note: in instantiation of member function 'Eigen::internal::BlockImpl_dense<const Eigen::Ref<const Eigen::Matrix<float, -1, -1>>, -1, -1, true>::BlockImpl_dense' requested here
  168 |       : Impl(xpr, startRow, startCol, blockRows, blockCols) {}
      |         ^
/Users/joshua/Developer/PedalForge/build/_deps/namcore-src/Dependencies/eigen/Eigen/src/Core/Block.h:144:9: note: in instantiation of member function 'Eigen::BlockImpl<const Eigen::Ref<const Eigen::Matrix<float, -1, -1>>, -1, -1, true, Eigen::Dense>::BlockImpl' requested here
  144 |       : Impl(xpr, startRow, startCol, blockRows, blockCols)
      |         ^
/Users/joshua/Developer/PedalForge/build/_deps/namcore-src/Dependencies/eigen/Eigen/src/Core/../plugins/BlockMethods.h:813:10: note: in instantiation of member function 'Eigen::Block<const Eigen::Ref<const Eigen::Matrix<float, -1, -1>>, -1, -1, true>::Block' requested here
  813 |   return typename ConstNColsBlockXpr<internal::get_fixed_value<NColsType>::value>::Type
      |          ^
/Users/joshua/Developer/PedalForge/build/_deps/namcore-src/NAM/wavenet/../film.h:182:52: note: in instantiation of function template specialization 'Eigen::DenseBase<Eigen::Ref<const Eigen::Matrix<float, -1, -1>>>::leftCols<int>' requested here
  182 |       _output.leftCols(num_frames).array() = input.leftCols(num_frames).array() * scale.array() + shift.array();
      |                                                    ^
In file included from /Users/joshua/Developer/PedalForge/source/PluginProcessor.cpp:2:
In file included from /Users/joshua/Developer/PedalForge/source/PluginEditor.h:7:
In file included from /Users/joshua/Developer/PedalForge/source/ui/InventoryOverlay.h:4:
In file included from /Users/joshua/Developer/PedalForge/source/ui/PedalPalette.h:4:
In file included from /Users/joshua/Developer/PedalForge/source/ui/../pedals/PedalRegistry.h:4:
In file included from /Users/joshua/Developer/PedalForge/source/ui/../pedals/../dsp/GraphPedalProcessor.h:4:
In file included from /Users/joshua/Developer/PedalForge/source/ui/../pedals/../dsp/../dsp/DSPGraph.h:5:
In file included from /Users/joshua/Developer/PedalForge/source/ui/../pedals/../dsp/../dsp/NAMNode.h:4:
In file included from /Users/joshua/Developer/PedalForge/build/_deps/namcore-src/NAM/get_dsp.h:7:
In file included from /Users/joshua/Developer/PedalForge/build/_deps/namcore-src/NAM/dsp.h:10:
In file included from /Users/joshua/Developer/PedalForge/build/_deps/namcore-src/Dependencies/eigen/Eigen/Dense:1:
In file included from /Users/joshua/Developer/PedalForge/build/_deps/namcore-src/Dependencies/eigen/Eigen/Core:294:
/Users/joshua/Developer/PedalForge/build/_deps/namcore-src/Dependencies/eigen/Eigen/src/Core/AssignEvaluator.h:857:132: warning: zero as null pointer constant [-Wzero-as-null-pointer-constant]
  857 | void call_assignment(Dst& dst, const Src& src, const Func& func, std::enable_if_t<!evaluator_assume_aliasing<Src>::value, void*> = 0)
      |                                                                                                                                    ^
      |                                                                                                                                    nullptr
/Users/joshua/Developer/PedalForge/build/_deps/namcore-src/Dependencies/eigen/Eigen/src/Core/AssignEvaluator.h:837:3: note: in instantiation of default function argument expression for 'call_assignment<Eigen::ArrayWrapper<Eigen::Block<Eigen::Matrix<float, -1, -1>, -1, -1, true>>, Eigen::CwiseBinaryOp<Eigen::internal::scalar_sum_op<float>, const Eigen::CwiseBinaryOp<Eigen::internal::scalar_product_op<float>, const Eigen::ArrayWrapper<const Eigen::Block<const Eigen::Ref<const Eigen::Matrix<float, -1, -1>>, -1, -1, true>>, const Eigen::ArrayWrapper<const Eigen::Block<const Eigen::Block<const Eigen::Matrix<float, -1, -1>>, -1, -1, true>>>, const Eigen::ArrayWrapper<const Eigen::Block<const Eigen::Block<const Eigen::Matrix<float, -1, -1>>, -1, -1, true>>>, Eigen::internal::assign_op<float, float>>' required here
  837 |   call_assignment(dst, src, internal::assign_op<typename Dst::Scalar,typename Src::Scalar>());
      |   ^
/Users/joshua/Developer/PedalForge/build/_deps/namcore-src/Dependencies/eigen/Eigen/src/Core/Assign.h:43:13: note: in instantiation of function template specialization 'Eigen::internal::call_assignment<Eigen::ArrayWrapper<Eigen::Block<Eigen::Matrix<float, -1, -1>, -1, -1, true>>, Eigen::CwiseBinaryOp<Eigen::internal::scalar_sum_op<float>, const Eigen::CwiseBinaryOp<Eigen::internal::scalar_product_op<float>, const Eigen::ArrayWrapper<const Eigen::Block<const Eigen::Ref<const Eigen::Matrix<float, -1, -1>>, -1, -1, true>>, const Eigen::ArrayWrapper<const Eigen::Block<const Eigen::Block<const Eigen::Matrix<float, -1, -1>>, -1, -1, true>>>, const Eigen::ArrayWrapper<const Eigen::Block<const Eigen::Block<const Eigen::Matrix<float, -1, -1>>, -1, -1, true>>>>' requested here
   43 |   internal::call_assignment(derived(), other.derived());
      |             ^
/Users/joshua/Developer/PedalForge/build/_deps/namcore-src/Dependencies/eigen/Eigen/src/Core/ArrayWrapper.h:49:5: note: in instantiation of function template specialization 'Eigen::DenseBase<Eigen::ArrayWrapper<Eigen::Block<Eigen::Matrix<float, -1, -1>, -1, -1, true>>>::operator=<Eigen::CwiseBinaryOp<Eigen::internal::scalar_sum_op<float>, const Eigen::CwiseBinaryOp<Eigen::internal::scalar_product_op<float>, const Eigen::ArrayWrapper<const Eigen::Block<const Eigen::Ref<const Eigen::Matrix<float, -1, -1>>, -1, -1, true>>, const Eigen::ArrayWrapper<const Eigen::Block<const Eigen::Block<const Eigen::Matrix<float, -1, -1>>, -1, -1, true>>>, const Eigen::ArrayWrapper<const Eigen::Block<const Eigen::Block<const Eigen::Matrix<float, -1, -1>>, -1, -1, true>>>>' requested here
   49 |     EIGEN_INHERIT_ASSIGNMENT_OPERATORS(ArrayWrapper)
      |     ^
/Users/joshua/Developer/PedalForge/build/_deps/namcore-src/Dependencies/eigen/Eigen/src/Core/util/Macros.h:1119:5: note: expanded from macro 'EIGEN_INHERIT_ASSIGNMENT_OPERATORS'
 1119 |     EIGEN_INHERIT_ASSIGNMENT_EQIn file included from /Users/joshua/Developer/PedalForge/source/PluginEditor.cpp:1:
In file included from /Users/joshua/Developer/PedalForge/source/PluginEditor.h:7:
In file included from /Users/joshua/Developer/PedalForge/source/ui/InventoryOverlay.h:4:
In file included from /Users/joshua/Developer/PedalForge/source/ui/PedalPalette.h:4:
In file included from /Users/joshua/Developer/PedalForge/source/ui/../pedals/PedalRegistry.h:4:
In file included from /Users/joshua/Developer/PedalForge/source/ui/../pedals/../dsp/GraphPedalProcessor.h:4:
In file included from /Users/joshua/Developer/PedalForge/source/ui/../pedals/../dsp/../dsp/DSPGraph.h:5:
In file included from /Users/joshua/Developer/PedalForge/source/ui/../pedals/../dsp/../dsp/NAMNode.h:4:
In file included from /Users/joshua/Developer/PedalForge/build/_deps/namcore-src/NAM/get_dsp.h:7:
In file included from /Users/joshua/Developer/PedalForge/build/_deps/namcore-src/NAM/dsp.h:10:
In file included from /Users/joshua/Developer/PedalForge/build/_deps/namcore-src/Dependencies/eigen/Eigen/Dense:1:
In file included from /Users/joshua/Developer/PedalForge/build/_deps/namcore-src/Dependencies/eigen/Eigen/Core:294:
/Users/joshua/Developer/PedalForge/build/_deps/namcore-src/Dependencies/eigen/Eigen/src/Core/AssignEvaluator.h:857:132: warning: zero as null pointer constant [-Wzero-as-null-pointer-constant]
UAL_OPERATOR(Derived) \
      |     ^
  857 | void call_assignment(Dst& dst, const Src& src, const /Users/joshua/Developer/PedalForge/build/_deps/namcore-src/Dependencies/eigen/Eigen/src/Core/util/Macros.h:1092:108: Func& func, std::enable_if_t<!evaluator_assume_aliasing<Src>::value, void*> = 0)
      |                                                                                                                                    ^
      |                                                                                                                                    nullptr
note: expanded from macro 'EIGEN_INHERIT_ASSIGNMENT_EQUAL_OPERATOR'
 1092 |     EIGEN_DEVICE_FUNC EIGEN_STRONG_INLINE/Users/joshua/Developer/PedalForge/build/_deps/namcore-src/Dependencies/eigen/Eigen/src/Core/AssignEvaluator.h:837:3 D: note: in instantiation of default function argument expression for 'call_assignment<Eigen::ArrayWrapper<Eigen::Block<Eigen::Matrix<float, -1, -1>, -1, -1, true>>, Eigen::CwiseBinaryOp<Eigen::internal::scalar_sum_op<float>, const Eigen::CwiseBinaryOp<Eigen::internal::scalar_product_op<float>, const Eigen::ArrayWrapper<const Eigen::Block<const Eigen::Ref<const Eigen::Matrix<float, -1, -1>>, -1, -1, true>>, const Eigen::ArrayWrapper<const Eigen::Block<const Eigen::Block<const Eigen::Matrix<float, -1, -1>>, -1, -1, true>>>, const Eigen::ArrayWrapper<const Eigen::Block<const Eigen::Block<const Eigen::Matrix<float, -1, -1>>, -1, -1, true>>>, Eigen::internal::assign_op<float, float>>' required here
  837 |   call_assignment(dst, src, internal::assign_op<typename Dst::Scalar,typename Src::Scalar>());
      |   ^
eri/Users/joshua/Developer/PedalForge/build/_deps/namcore-src/Dependencies/eigen/Eigen/src/Core/Assign.h:43:13: note: in instantiation of function template specialization 'Eigen::internal::call_assignment<Eigen::ArrayWrapper<Eigen::Block<Eigen::Matrix<float, -1, -1>, -1, -1, true>>, Eigen::CwiseBinaryOp<Eigen::internal::scalar_sum_op<float>, const Eigen::CwiseBinaryOp<Eigen::internal::scalar_product_op<float>, const Eigen::ArrayWrapper<const Eigen::Block<const Eigen::Ref<const Eigen::Matrix<float, -1, -1>>, -1, -1, true>>, const Eigen::ArrayWrapper<const Eigen::Block<const Eigen::Block<const Eigen::Matrix<float, -1, -1>>, -1, -1, true>>>, const Eigen::ArrayWrapper<const Eigen::Block<const Eigen::Block<const Eigen::Matrix<float, -1, -1>>, -1, -1, true>>>>' requested here
   43 |   internal::callved& operator=(const DenseBase<OtherDerived>& other) { Base::opera_assignment(derived(), other.derived());
      |             ^
tor=(other.deriv/Users/joshua/Developer/PedalForge/build/_deps/namcore-src/Dependencies/eigen/Eigen/src/Core/ArrayWrapper.h:49:5: note: in instantiation of function template specialization 'Eigen::DenseBase<Eigen::ArrayWrapper<Eigen::Block<Eigen::Matrix<float, -1, -1>, -1, -1, true>>>::operator=<Eigen::CwiseBinaryOp<Eigen::internal::scalar_sum_op<float>, const Eigen::CwiseBinaryOp<Eigen::internal::scalar_product_op<float>, const Eigen::ArrayWrapper<const Eigen::Block<const Eigen::Ref<const Eigen::Matrix<float, -1, -1>>, -1, -1, true>>, const Eigen::ArrayWrapper<const Eigen::Block<const Eigen::Block<const Eigen::Matrix<float, -1, -1>>, -1, -1, true>>>, const Eigen::ArrayWrapper<const Eigen::Block<const Eigen::Block<const Eigen::Matrix<float, -1, -1>>, -1, -1, true>>>>' requested here
ed()); return *this; }
      |                                                                                                            ^
   49 |     EIGE/Users/joshua/Developer/PedalForge/build/_deps/namcore-src/NAM/wavenet/../film.h:182:44N_INHERIT_ASS: note: in instantiation of function template specialization 'Eigen::ArrayWrapper<Eigen::Block<Eigen::Matrix<float, -1, -1>, -1, -1, true>>::operator=<Eigen::CwiseBinaryOp<Eigen::internal::scalar_sum_op<float>, const Eigen::CwiseBinaryOp<Eigen::internal::scalar_product_op<float>, const Eigen::ArrayWrapper<const Eigen::Block<const Eigen::Ref<const Eigen::Matrix<float, -1, -1>>, -1, -1, true>>, const Eigen::ArrayWrapper<const Eigen::Block<const Eigen::Block<const Eigen::Matrix<float, -1, -1>>, -1, -1, true>>>, const Eigen::ArrayWrapper<const Eigen::Block<const Eigen::Block<const Eigen::Matrix<float, -1, -1>>, -1, -1, true>>>>' requested here
IGNMENT_OPERATORS(ArrayWrapper)
      |     ^
  /Users/joshua/Developer/PedalForge/build/_deps/namcore-src/Dependencies/eigen/Eigen/src/Core/util/Macros.h:1119:5: note: expanded from macro 'EIGEN_INHERIT_ASSIGNMENT_OPERATORS'
182 |       _output.leftCols(num_frames).array() = input.leftCols(num_f 1119ra |     EIGEN_INHERIT_ASSIGNMENT_EQUAL_OPERATOR(Derived) \
      |     ^
mes).array() * scale.array() + shift.array();
      |                                            ^
/Users/joshua/Developer/PedalForge/build/_deps/namcore-src/Dependencies/eigen/Eigen/src/Core/util/Macros.h:1092:108: note: expanded from macro 'EIGEN_INHERIT_ASSIGNMENT_EQUAL_OPERATOR'
 1092 |     EIGEN_DEVICE_FUNC EIGEN_STRONG_INLINE Derived& operator=(const DenseBase<OtherDerived>& other) { Base::operator=(other.derived()); return *this; }
      |                                                                                                            ^
In file included from /Users/joshua/Developer/PedalForge/source/PluginProcessor.cpp:/Users/joshua/Developer/PedalForge/build/_deps/namcore-src/NAM/wavenet/../film.h:182:44:2:
 note: in instantiation of function template specialization 'Eigen::ArrayWrapper<Eigen::Block<Eigen::Matrix<float, -1, -1>, -1, -1, true>>::operator=<Eigen::CwiseBinaryOp<Eigen::internal::scalar_sum_op<float>, const Eigen::CwiseBinaryOp<Eigen::internal::scalar_product_op<float>, const Eigen::ArrayWrapper<const Eigen::Block<const Eigen::Ref<const Eigen::Matrix<float, -1, -1>>, -1, -1, true>>, const Eigen::ArrayWrapper<const Eigen::Block<const Eigen::Block<const Eigen::Matrix<float, -1, -1>>, -1, -1, true>>>, const Eigen::ArrayWrapper<const Eigen::Block<const Eigen::Block<const Eigen::Matrix<float, -1, -1>>, -1, -1, true>>>>' requested here
  182 |       _output.leftCoIn file included from /Users/joshua/Developer/PedalForge/source/PluginEditor.h:7:
In file included from /Users/joshua/Developer/PedalForge/source/ui/InventoryOverlay.h:4:
In file included from /Users/joshua/Developer/PedalForge/source/ui/PedalPalette.h:4:
In file included from /Users/joshua/Developer/PedalForge/source/ui/../pedals/PedalRegistry.h:4:
In file included from /Users/joshua/Developer/PedalForge/source/ui/../pedals/../dsp/GraphPedalProcessor.h:4:
In file included from /Users/joshua/Developer/PedalForge/source/ui/../pedals/../dsp/../dsp/DSPGraph.h:5:
In file included from /Users/joshua/Developer/PedalForge/source/ui/../pedals/../dsp/../dsp/NAMNode.h:4:
In file included from /Users/joshua/Developer/PedalForge/build/_deps/namcore-src/NAM/get_dsp.h:7:
In file included from /Users/joshua/Developer/PedalForge/build/_deps/namcore-src/NAM/dsp.h:10:
In file included from /Users/joshua/Developer/PedalForge/build/_deps/namcore-src/Dependencies/eigen/Eigen/Dense:1:
In file included from /Users/joshua/Developer/PedalForge/build/_deps/namcore-src/Dependencies/eigen/Eigen/Core:168:
/Users/joshua/Developer/PedalForge/build/_deps/namcore-src/Dependencies/eigen/Eigen/src/Core/util/Meta.h:313:56: warning: zero as null pointer constant [-Wzero-as-null-pointer-constant]
ls(num_frames).array() = input.leftCols(num_frames).array() * scale.array() + shift.array();
      |                                            ^
  313 |   enum { value = sizeof(testFunctor<T>(static_cast<T*>(0))) == sizeof(meta_yes) };
      |                                                        ^
      |                                                        nullptr
/Users/joshua/Developer/PedalForge/build/_deps/namcore-src/Dependencies/eigen/Eigen/src/Core/AssignEvaluator.h:889:3: In file included from /Users/joshua/Developer/PedalForge/source/PluginEditor.cpp:1:
In file included from /Users/joshua/Developer/PedalForge/source/PluginEditor.h:7:
In file included from /Users/joshua/Developer/PedalForge/source/ui/InventoryOverlay.h:4:
In file included from /Users/joshua/Developer/PedalForge/source/ui/PedalPalette.h:4:
In file included from /Users/joshua/Developer/PedalForge/source/ui/../pedals/PedalRegistry.h:4:
In file included from /Users/joshua/Developer/PedalForge/source/ui/../pedals/../dsp/GraphPedalProcessor.h:4:
In file included from /Users/joshua/Developer/PedalForge/source/ui/../pedals/../dsp/../dsp/DSPGraph.h:5:
In file included from /Users/joshua/Developer/PedalForge/source/ui/../pedals/../dsp/../dsp/NAMNode.h:4:
In file included from /Users/joshua/Developer/PedalForge/build/_deps/namcore-src/NAM/get_dsp.h:7:
In file included from /Users/joshua/Developer/PedalForge/build/_deps/namcore-src/NAM/dsp.h:10:
In file included from /Users/joshua/Developer/PedalForge/build/_deps/namcore-src/Dependencies/eigen/Eigen/Dense:1:
In file included from /Users/joshua/Developer/PedalForge/build/_deps/namcore-src/Dependencies/eigen/Eigen/Core:168:
/Users/joshua/Developer/PedalForge/build/_deps/namcore-src/Dependencies/eigen/Eigen/src/Core/util/Meta.h:313:56: warning: zero as null pointer constant [-Wzero-as-null-pointer-constant]
note:   313 |   enin instantiation of template class 'Eigen::internal::has_ReturnType<Eigen::ScalarBinaryOpTraits<float, float, Eigen::internal::assign_op<float, float>>>' requested here
u  889 |   EIGEN_CHECK_BINARY_COMPATIBILIY(Func,typename ActualDstTypeCleaned::Scalar,typename Src::Scalar);
      |   ^
m { value = sizeof(testFunctor<T>(static_cast<T*>(0))) == sizeof(meta_yes) };
      |                                                        ^
      |                                                        nullptr
/Users/joshua/Developer/PedalForge/build/_deps/namcore-src/Dependencies/eigen/Eigen/src/Core/util/XprHelper.h/Users/joshua/Developer/PedalForge/build/_deps/namcore-src/Dependencies/eigen/Eigen/src/Core/AssignEvaluator.h:889:3::835:41: note: expanded from macro 'EIGEN_CHECK_BINARY_COMPATIBILIY'
   835 |   EIGEN_STATIC_ASSERT((Eigen::internal::has_ReturnType<ScalarBinaryOpTraits<LHS, RHS,BINOP> >::value), \
      |                                         ^
note: in instantiation of template class 'Eigen::internal::has_ReturnType<Eigen::ScalarBinaryOpTraits<float, float, Eigen::internal::assign_op<float, float>>>' requested here
/Users/joshua/Developer/PedalForge/build/_deps/namcore-src/Dependencies/eigen/Eigen/src/Core/AssignEvaluator.h:859:3: note: in instantiation of function template specialization 'Eigen::internal::call_assignment_no_alias<Eigen::ArrayWrapper<Eigen::Block<Eigen::Matrix<float, -1, -1>, -1, -1, true>>, Eigen::CwiseBinaryOp<Eigen::internal::scalar_sum_op<float>, const Eigen::CwiseBinaryOp<Eigen::internal::scalar_product_op<float>, const Eigen::ArrayWrapper<const Eigen::Block<const Eigen::Ref<const Eigen::Matrix<float, -1, -1>>, -1, -1, true>>, const Eigen::ArrayWrapper<const Eigen::Block<const Eigen::Block<const Eigen::Matrix<float, -1, -1>>, -1, -1, true>>>, const Eigen::ArrayWrapper<const Eigen::Block<const Eigen::Block<const Eigen::Matrix<float, -1, -1>>, -1, -1, true>>>, Eigen::internal::assign_op<float, float>>' requested here
  889 |   EIGEN_CHECK_BINARY_COMPATIBILIY(Func,typename ActualDstTypeCleaned::Scalar,typename Src::Scalar);
      |   ^
  859 |   call_assignment_no_alias(dst, src, func)/Users/joshua/Developer/PedalForge/build/_deps/namcore-src/Dependencies/eigen/Eigen/src/Core/util/XprHelper.h:;
835:      |   ^
/Users/joshua/Developer/PedalForge/build/_deps/namcore-src/Dependencies/eigen/Eigen/src/Core/AssignEvaluator.h:837:3: note: in instantiation of function template specialization 'Eigen::internal::call_assignment<Eigen::ArrayWrapper<Eigen::Block<Eigen::Matrix<float, -1, -1>, -1, -1, true>>, Eigen::CwiseBinaryOp<Eigen::internal::scalar_sum_op<float>, const Eigen::CwiseBinaryOp<Eigen::internal::scalar_product_op<float>, const Eigen::ArrayWrapper<const Eigen::Block<const Eigen::Ref<const Eigen::Matrix<float, -1, -1>>, -1, -1, true>>, const Eigen::ArrayWrapper<const Eigen::Block<const Eigen::Block<const Eigen::Matrix<float, -1, -1>>, -1, -1, true>>>, const Eigen::ArrayWrapper<const Eigen::Block<const Eigen::Block<const Eigen::Matrix<float, -1, -1>>, -1, -1, true>>>, Eigen::internal::assign_op<float, float>>' requested here
  837 |   call_assignment(dst, src, internal::assign_op<typename Dst::Scalar,typename Src::Scalar>());
      |   ^
41/Users/joshua/Developer/PedalForge/build/_deps/namcore-src/Dependencies/eigen/Eigen/src/Core/Assign.h:43:13: note: in instantiation of function template specialization 'Eigen::internal::call_assignment<Eigen::ArrayWrapper<Eigen::Block<Eigen::Matrix<float, -1, -1>, -1, -1, true>>, Eigen::CwiseBinaryOp<Eigen::internal::scalar_sum_op<float>, const Eigen::CwiseBinaryOp<Eigen::internal::scalar_product_op<float>, const Eigen::ArrayWrapper<const Eigen::Block<const Eigen::Ref<const Eigen::Matrix<float, -1, -1>>, -1, -1, true>>, const Eigen::ArrayWrapper<const Eigen::Block<const Eigen::Block<const Eigen::Matrix<float, -1, -1>>, -1, -1, true>>>, const Eigen::ArrayWrapper<const Eigen::Block<const Eigen::Block<const Eigen::Matrix<float, -1, -1>>, -1, -1, true>>>>' requested here
   43 |   internal::call_assignment(derived(), other.derived());
      |             ^
: note: expanded from macro 'EIGEN_CHECK_BINARY_COMPATIBILIY'
/Users/joshua/Developer/PedalForge/build/_deps/namcore-src/Dependencies/eigen/Eigen/src/Core/ArrayWrapper.h  835 |   EIGEN_STATIC_ASSERT((Eigen::internal::has_ReturnType<ScalarBinaryOpTraits<LHS, RHS,BINOP> >::value), \
      |                                         ^
:49:5: note: in instantiation of function template specialization 'Eigen::DenseBase<Eigen::ArrayWrapper<Eigen::Block<Eigen::Matrix<float, -1, -1>, -1, -1, true>>>::operator=<Eigen::CwiseBinaryOp<Eigen::internal::scalar_sum_op<float>, const Eigen::CwiseBinaryOp<Eigen::internal::scalar_product_op<float>, const Eigen::ArrayWrapper<const Eigen::Block<const Eigen::Ref<const Eigen::Matrix<float, -1, -1>>, -1, -1, true>>, const Eigen::ArrayWrapper<const Eigen::Block<const Eigen::Block<const Eigen::Matrix<float, -1, -1>>, -1, -1, true>>>, const Eigen::ArrayWrapper<const Eigen::Block<const Eigen::Block<const Eigen::Matrix<float, -1, -1>>, -1, -1, true>>>>' requested here
/Users/joshua/Developer/PedalForge/build/_deps/namcore-src/Dependencies/eigen/Eigen/src/Core/AssignEvaluator.h:859:   49 |    3: note: in instantiation of function template specialization 'Eigen::internal::call_assignment_no_alias<Eigen::ArrayWrapper<Eigen::Block<Eigen::Matrix<float, -1, -1>, -1, -1, true>>, Eigen::CwiseBinaryOp<Eigen::internal::scalar_sum_op<float>, const Eigen::CwiseBinaryOp<Eigen::internal::scalar_product_op<float>, const Eigen::ArrayWrapper<const Eigen::Block<const Eigen::Ref<const Eigen::Matrix<float, -1, -1>>, -1, -1, true>>, const Eigen::ArrayWrapper<const Eigen::Block<const Eigen::Block<const Eigen::Matrix<float, -1, -1>>, -1, -1, true>>>, const Eigen::ArrayWrapper<const Eigen::Block<const Eigen::Block<const Eigen::Matrix<float, -1, -1>>, -1, -1, true>>>, Eigen::internal::assign_op<float, float>>' requested here
 EIGEN_INHERIT_ASSIGNMENT_OPERATORS(ArrayWrapper)
      |     ^
  859 |   ca/Users/joshua/Developer/PedalForge/build/_deps/namcore-src/Dependencies/eigen/Eigen/src/Core/util/Macros.h:1119:5: note: expanded from macro 'EIGEN_INHERIT_ASSIGNMENT_OPERATORS'
ll_assignment_no_alias(dst, src, func);
      |   ^
 1119 |     EIGEN_INHERIT_ASSIGNMENT_EQUAL_OPERATOR(Derived) \
      |     ^
/Users/joshua/Developer/PedalForge/build/_deps/namcore-src/Dependencies/eigen/Eigen/src/Core/AssignEvaluator.h:837:3:/Users/joshua/Developer/PedalForge/build/_deps/namcore-src/Dependencies/eigen/Eigen/src/Core/util/Macros.h:1092:108: note: expanded from macro 'EIGEN_INHERIT_ASSIGNMENT_EQUAL_OPERATOR'
 1092 |     EIGEN_DEVICE_FUNC EIGEN_STRONG_INLINE Derived& operator=(const DenseBase<OtherDerived>& other) { Base::operator=(other.derived()); return *this; }
      |                                                                                                            ^
 note: in instantiation of function template specialization 'Eigen::internal::call_assignment<Eigen::ArrayWrapper<Eigen::Block<Eigen::Matrix<float, -1, -1>, -1, -1, true>>, Eigen::CwiseBinaryOp<Eigen::internal::scalar_sum_op<float>, const Eigen::CwiseBinaryOp<Eigen::internal::scalar_product_op<float>, const Eigen::ArrayWrapper<const Eigen::Block<const Eigen::Ref<const Eigen::Matrix<float, -1, -1>>, -1, -1, true>>, const Eigen::ArrayWrapper<const Eigen::Block<const Eigen::Block<const Eigen::Matrix<float, -1, -1>>, -1, -1, true>>>, const Eigen::ArrayWrapper<const Eigen::Block<const Eigen::Block<const Eigen::Matrix<float, -1, -1>>, -1, -1, true>>>, Eigen::internal::assign_op<float, float>>' requested here
  837 |   call/Users/joshua/Developer/PedalForge/build/_deps/namcore-src/NAM/wavenet/../film.h:182:44_as: note: in instantiation of function template specialization 'Eigen::ArrayWrapper<Eigen::Block<Eigen::Matrix<float, -1, -1>, -1, -1, true>>::operator=<Eigen::CwiseBinaryOp<Eigen::internal::scalar_sum_op<float>, const Eigen::CwiseBinaryOp<Eigen::internal::scalar_product_op<float>, const Eigen::ArrayWrapper<const Eigen::Block<const Eigen::Ref<const Eigen::Matrix<float, -1, -1>>, -1, -1, true>>, const Eigen::ArrayWrapper<const Eigen::Block<const Eigen::Block<const Eigen::Matrix<float, -1, -1>>, -1, -1, true>>>, const Eigen::ArrayWrapper<const Eigen::Block<const Eigen::Block<const Eigen::Matrix<float, -1, -1>>, -1, -1, true>>>>' requested here
signment(dst, src, internal::assign_op<typename Dst::Scalar,typename Src::Scalar>());
      |   ^
  182 | /Users/joshua/Developer/PedalForge/build/_deps/namcore-src/Dependencies/eigen/Eigen/src/Core/Assign.h:43:13: note: in instantiation of function template specialization 'Eigen::internal::call_assignment<Eigen::ArrayWrapper<Eigen::Block<Eigen::Matrix<float, -1, -1>, -1, -1, true>>, Eigen::CwiseBinaryOp<Eigen::internal::scalar_sum_op<float>, const Eigen::CwiseBinaryOp<Eigen::internal::scalar_product_op<float>, const Eigen::ArrayWrapper<const Eigen::Block<const Eigen::Ref<const Eigen::Matrix<float, -1, -1>>, -1, -1, true>>, const Eigen::ArrayWrapper<const Eigen::Block<const Eigen::Block<const Eigen::Matrix<float, -1, -1>>, -1, -1, true>>>, const Eigen::ArrayWrapper<const Eigen::Block<const Eigen::Block<const Eigen::Matrix<float, -1, -1>>, -1, -1, true>>>>' requested here
   43 |   internal::call_assignment(derived(), other.derived());
      |             ^
      _output.left/Users/joshua/Developer/PedalForge/build/_deps/namcore-src/Dependencies/eigen/Eigen/src/Core/ArrayWrapper.h:49:5: note: in instantiation of function template specialization 'Eigen::DenseBase<Eigen::ArrayWrapper<Eigen::Block<Eigen::Matrix<float, -1, -1>, -1, -1, true>>>::operator=<Eigen::CwiseBinaryOp<Eigen::internal::scalar_sum_op<float>, const Eigen::CwiseBinaryOp<Eigen::internal::scalar_product_op<float>, const Eigen::ArrayWrapper<const Eigen::Block<const Eigen::Ref<const Eigen::Matrix<float, -1, -1>>, -1, -1, true>>, const Eigen::ArrayWrapper<const Eigen::Block<const Eigen::Block<const Eigen::Matrix<float, -1, -1>>, -1, -1, true>>>, const Eigen::ArrayWrapper<const Eigen::Block<const Eigen::Block<const Eigen::Matrix<float, -1, -1>>, -1, -1, true>>>>' requested here
Cols(num_frames).array() = input.leftCols(num_frames).array() * scale.array() + shift.array();
      |                                            ^
   49 |     EIGEN_INHERIT_ASSIGNMENT_OPERATORS(ArIn file included from /Users/joshua/Developer/PedalForge/source/PluginProcessor.cpp:2:
In file included from /Users/joshua/Developer/PedalForge/source/PluginEditor.h:7:
In file included from /Users/joshua/Developer/PedalForge/source/ui/InventoryOverlay.h:4:
In file included from /Users/joshua/Developer/PedalForge/source/ui/PedalPalette.h:4:
In file included from /Users/joshua/Developer/PedalForge/source/ui/../pedals/PedalRegistry.h:4:
In file included from /Users/joshua/Developer/PedalForge/source/ui/../pedals/../dsp/GraphPedalProcessor.h:4rayWrapper)
      |     ^
/Users/joshua/Developer/PedalForge/build/_deps/namcore-src/Dependencies/eigen/Eigen/src/Core/util/Macros.h:1119:5: note: expanded from macro 'EIGEN_INHERIT_ASSIGNMENT_OPERATORS'
 1119 |     EIGEN_INHERIT_ASSIGNMENT_EQUAL_OPERATOR(Derived) \
      |     ^
:
In file included from /Users/joshua/Developer/PedalForge/source/ui/../pedals/../dsp/../dsp/DSPGraph.h:5:
In file included from /Users/joshua/Developer/PedalForge/source/ui/../pedals/../dsp/../dsp/NAMNode.h:4:
In file included from /Users/joshua/Developer/PedalForge/build/_deps/namcore-src/NAM/get_dsp.h:7:
In file included from /Users/joshua/Developer/PedalForge/build/_deps/namcore-src/NAM/dsp.h:10:
In file included from /Users/joshua/Developer/PedalForge/build/_deps/namcore-src/Dependencies/eigen/Eigen/Dense:1:
In file included from /Users/joshua/Developer/PedalForge/build/_deps/namcore-src/Dependencies/eigen/Eigen/Core:168:
/Users/joshua/Developer/PedalForge/build/_deps/namcore-src/Dependencies/eigen/Eigen/src/Core/util/Meta.h:/Users/joshua/Developer/PedalForge/build/_deps/namcore-src/Dependencies/eigen/Eigen/src/Core/util/Macros.h:1092:108: note: expanded from macro 'EIGEN_INHERIT_ASSIGNMENT_EQUAL_OPERATOR'
310:97: warning: zero as null pointer constant [-Wzero-as-null-pointer-constant]
 1092 |    310   EIGEN_DEVICE_FUNC EIGE |   template <typename C> static meta_yes testFunctor(C const *, typename C::ReturnType const * = 0);
      |                                                                                                 ^
      |                                                                                                 nullptr
N_STRONG_I/Users/joshua/Developer/PedalForge/build/_deps/namcore-src/Dependencies/eigen/Eigen/src/Core/util/Meta.h:313:25: note: in instantiation of default function argument expression for 'testFunctor<Eigen::ScalarBinaryOpTraits<float, float, Eigen::internal::assign_op<float, float>>>' required here
  313 |  NLINE Derived& operator=(const DenseBase<OtherDerived>& other) e { Base::operator=(other.dernum {ived()); return *this; }
      |                                                                                                            ^
 value = sizeof(testFunctor<T>(static_cast<T*>(0))) == sizeof(meta_yes) };
      |                         ^
/Users/joshua/Developer/PedalForge/build/_deps/namcore-src/NAM/wavenet/../film.h:182:44: note: in instantiation of function template specialization 'Eigen::ArrayWrapper<Eigen::Block<Eigen::Matrix<float, -1, -1>, -1, -1, true>>::operator=<Eigen::CwiseBinaryOp<Eigen::internal::scalar_sum_op<float>, const Eigen::CwiseBinaryOp<Eigen::internal::scalar_product_op<float>, const Eigen::ArrayWrapper<const Eigen::Block<const Eigen::Ref<const Eigen::Matrix<float, -1, -1>>, -1, -1, true>>, const Eigen::ArrayWrapper<const Eigen::Block<const Eigen::Block<const Eigen::Matrix<float, -1, -1>>, -1, -1, true>>>, const Eigen::ArrayWrapper<const Eigen::Block<const Eigen::Block<const Eigen::Matrix<float, -1, -1>>, -1, -1, true>>>>' requested here
/Users/joshua/Developer/PedalForge/build/_deps/namcore-src/Dependencies/eigen/Eigen/src/Core/AssignEvaluator.h  182 |       _output.leftCols(nu:889:3: note: in instantiation of template class 'Eigen::internal::has_ReturnType<Eigen::ScalarBinaryOpTraits<float, float, Eigen::internal::assign_op<float, float>>>' requested here
  889 |   EIGEN_CHECK_BINARY_COMPAm_frames).array() = input.leftCols(num_frames).array() * scale.array() + shift.array();
      |                                            ^
TIBILIY(Func,typename ActualDstTypeCleaned::Scalar,typename Src::Scalar);
      |   ^
In file included from /Users/joshua/Developer/PedalForge/source/PluginEditor.cpp:1:
In file included from /Users/joshua/Developer/PedalForge/source/PluginEditor.h:7:
In file included from /Users/joshua/Developer/PedalForge/source/ui/InventoryOverlay.h:4:
In file included from /Users/joshua/Developer/PedalForge/source/ui/PedalPalette.h:4:
In file included from /Users/joshua/Developer/PedalForge/source/ui/../pedals/PedalRegistry.h/Users/joshua/Developer/PedalForge/build/_deps/namcore-src/Dependencies/eigen/Eigen/src/Core/util/XprHelper.h:835:41: note: expanded from macro 'EIGEN_CHECK_BINARY_COMPATIBILIY'
:4:
In file included from /Users/joshua/Developer/PedalForge/source/ui/../pedals/../dsp/GraphPedalProcessor.h:4:
In file included from /Users/joshua/Developer/PedalForge/source/ui/../pedals/../dsp/../dsp/DSPGraph.h:5:
In file included from /Users/joshua/Developer/PedalForge/source/ui/../pedals/../dsp/../dsp/NAMNode.h:4:
In file included from /Users/joshua/Developer/PedalForge/build/_deps/namcore-src/NAM/get_dsp.h:7:
In file included from /Users/joshua/Developer/PedalForge/build/_deps/namcore-src/NAM/dsp.h:10  835 |   EIGEN_STATIC_ASSERT((Eigen::interna:
In file included from /Users/joshua/Developer/PedalForge/build/_deps/namcore-src/Dependencies/eigen/Eigen/Dense:1:
In file included from /Users/joshua/Developer/PedalForge/build/_deps/namcore-src/Dependencies/eigen/Eigen/Core:168l::h:
/Users/joshua/Developer/PedalForge/build/_deps/namcore-src/Dependencies/eigen/Eigen/src/Core/util/Meta.has:310:97: warning: zero as null pointer constant [-Wzero-as-null-pointer-constant]
  310 |   template <typename C> static meta_yes testFunctor(C const *, typename C::ReturnType const * = 0);
      |                                                                                                 ^
      |                                                                                                 nullptr
_ReturnType<ScalarBinaryOpTraits<LHS, RHS,BINOP> >::value), \
      |                                         ^
/Users/joshua/Developer/PedalForge/build/_deps/namcore-src/Dependencies/eigen/Eigen/src/Core/util/Meta.h:313/Users/joshua/Developer/PedalForge/build/_deps/namcore-src/Dependencies/eigen/Eigen/src/Core/AssignEvaluator.h:859:3: note: in instantiation of function template specialization 'Eigen::internal::call_assignment_no_alias<Eigen::ArrayWrapper<Eigen::Block<Eigen::Matrix<float, -1, -1>, -1, -1, true>>, Eigen::CwiseBinaryOp<Eigen::internal::scalar_sum_op<float>, const Eigen::CwiseBinaryOp<Eigen::internal::scalar_product_op<float>, const Eigen::ArrayWrapper<const Eigen::Block<const Eigen::Ref<const Eigen::Matrix<float, -1, -1>>, -1, -1, true>>, const Eigen::ArrayWrapper<const Eigen::Block<const Eigen::Block<const Eigen::Matrix<float, -1, -1>>, -1, -1, true>>>, const Eigen::ArrayWrapper<const Eigen::Block<const Eigen::Block<const Eigen::Matrix<float, -1, -1>>, -1, -1, true>>>, Eigen::internal::assign_op<float, float>>' requested here
  859 |   call_assignme:25: note: in instantiation of default function argument expression for 'testFunctor<Eigen::ScalarBinaryOpTraits<float, float, Eigen::internal::assign_op<float, float>>>' required here
  313 |   enum { value =nt_no_alias(dst, src, func);
       sizeof(testFunctor<T>(static_cast<T*>(0))) == sizeof(meta_yes) };
      |                         ^
|   ^
/Users/joshua/Developer/PedalForge/build/_deps/namcore-src/Dependencies/eigen/Eigen/src/Core/AssignEvaluator.h:889:3: note: in instantiation of template class 'Eigen::internal::has_ReturnType<Eigen::ScalarBinaryOpTraits<float, float, Eigen::internal::assign_op<float, float>>>' requested here
/Users/joshua/Developer/PedalForge/build/_deps/namcore-src/Dependencies/eigen/Eigen/src/Core/AssignEvaluator.h:837:3: note: in instantiation of function template specialization 'Eigen::internal::call_assignment<Eigen::ArrayWrapper<Eigen::Block<Eigen::Matrix<float, -1, -1>, -1, -1, true>>, Eigen::CwiseBinaryOp<Eigen::internal::scalar_sum_op<float>, const Eigen::CwiseBinaryOp<Eigen::internal::scalar_product_op<float>, const Eigen::ArrayWrapper<const Eigen::Block<const Eigen::Ref<const Eigen::Matrix<float, -1, -1>>, -1, -1, true>>, const Eigen::ArrayWrapper<const Eigen::Block<const Eigen::Block<const Eigen::Matrix<float, -1, -1>>, -1, -1, true>>>, const Eigen::ArrayWrapper<const Eigen::Block<const Eigen::Block<const Eigen::Matrix<float, -1, -1>>, -1, -1, true>>>, Eigen::internal::assign_op<float, float>>' requested here
  889 |   EIGEN_CHECK_BINARY_COMPATIBILIY(Func,typename ActualDstTy  837 |   call_assignment(dst, src, internal::assign_op<typename Dst::Scalar,typename Src::Scalar>());
      |   ^
peCleaned::Scalar,typename Src::Scalar);
      |   ^
/Users/joshua/Developer/PedalForge/build/_deps/namcore-src/Dependencies/eigen/Eigen/src/Core/Assign.h:43:13: note: in instantiation of function template specialization 'Eigen::internal::call_assignment<Eigen::ArrayWrapper<Eigen::Block<Eigen::Matrix<float, -1, -1>, -1, -1, true>>, Eigen::CwiseBinaryOp<Eigen::internal::scalar_sum_op<float>, const Eigen::CwiseBinaryOp<Eigen::internal::scalar_product_op<float>, const Eigen::ArrayWrapper<const Eigen::Block<const Eigen::Ref<const Eigen::Matrix<float, -1, -1>>, -1, -1, true>>, const Eigen::ArrayWrapper<const Eigen::Block<const Eigen::Block<const Eigen::Matrix<float, -1, -1>>, -1, -1, true>>>, const Eigen::ArrayWrapper<const Eigen::Block<const Eigen::Block<const Eigen::Matrix<float, -1, -1>>, -1, -1, true>>>>' requested here
/Users/joshua/Developer/PedalForge/build/_deps/namcore-src/Dependencies/eigen/Eigen/src/Core/util/XprHelper.h:835:41: note: expanded from macro 'EIGEN_CHECK_BINARY_COMPATIBILIY'
   43  835 |   EIGEN_STATIC_ASSERT((Eigen::internal::has_ReturnType<ScalarBinaryOpTraits<LHS, RHS,BINOP> >::value), \
      |                                         ^
/Users/joshua/Developer/PedalForge/build/_deps/namcore-src/Dependencies/eigen/Eigen/src/Core/AssignEvaluator.h:859:3: note: in instantiation of function template specialization 'Eigen::internal::call_assignment_no_alias<Eigen::ArrayWrapper<Eigen::Block<Eigen::Matrix<float, -1, -1>, -1, -1, true>>, Eigen::CwiseBinaryOp<Eigen::internal::scalar_sum_op<float>, const Eigen::CwiseBinaryOp<Eigen::internal::scalar_product_op<float>, const Eigen::ArrayWrapper<const Eigen::Block<const Eigen::Ref<const Eigen::Matrix<float, -1, -1>>, -1, -1, true>>, const Eigen::ArrayWrapper<const Eigen::Block<const Eigen::Block<const Eigen::Matrix<float, -1, -1>>, -1, -1, true>>>, const Eigen::ArrayWrapper<const Eigen::Block<const Eigen::Block<const Eigen::Matrix<float, -1, -1>>, -1, -1, true>>>, Eigen::internal::assign_op<float, float>>' requested here
  859 |   call_assignment_no_alias(dst, src, func);
      |   ^
 |   internal::call_assignment(derived(), other.derived());
      |             ^
/Users/joshua/Developer/PedalForge/build/_deps/namcore-src/Dependencies/eigen/Eigen/src/Core/AssignEvaluator.h:837:3: note: in instantiation of function template specialization 'Eigen::internal::call_assignment<Eigen::ArrayWrapper<Eigen::Block<Eigen::Matrix<float, -1, -1>, -1, -1, true>>, Eigen::CwiseBinaryOp<Eigen::internal::scalar_sum_op<float>, const Eigen::CwiseBinaryOp<Eigen::internal::scalar_product_op<float>, const Eigen::ArrayWrapper<const Eigen::Block<const Eigen::Ref<const Eigen::Matrix<float, -1, -1>>, -1, -1, true>>, const Eigen::ArrayWrapper<const Eigen::Block<const Eigen::Block<const Eigen::Matrix<float, -1, -1>>, -1, -1, true>>>, const Eigen::ArrayWrapper<const Eigen::Block<const Eigen::Block<const Eigen::Matrix<float, -1, -1>>, -1, -1, true>>>, Eigen::internal::assign_op<float, float>>' requested here
/Users/joshua/Developer/PedalForge/build/_deps/namcore-src/Dependencies/eigen/Eigen/src/Core/ArrayWrapper.h:49:5: note: in instantiation of function template specialization 'Eigen::DenseBase<Eigen::ArrayWrapper<Eigen::Block<Eigen::Matrix<float, -1, -1>, -1, -1, true>>>::operator=<Eigen::CwiseBinaryOp<Eigen::internal::scalar_sum_op<float>, const Eigen::CwiseBinaryOp<Eigen::internal::scalar_product_op<float>, const Eigen::ArrayWrapper<const Eigen::Block<const Eigen::Ref<const Eigen::Matrix<float, -1, -1>>, -1, -1, true>>, const Eigen::ArrayWrapper<const Eigen::Block<const Eigen::Block<const Eigen::Matrix<float, -1, -1>>, -1, -1, true>>>, const Eigen::ArrayWrapper<const Eigen::Block<const Eigen::Block<const Eigen::Matrix<float, -1, -1>>, -1, -1, true>>>>' requested here
  837 |   cal   49 |     EIGEN_INHERIT_ASSIGNMENT_OPERATORS(ArrayWrapper)
      |     ^
/Users/joshua/Developer/PedalForge/build/_deps/namcore-src/Dependencies/eigen/Eigen/src/Core/util/Macros.h:1119:5: note: expanded from macro 'EIGEN_INHERIT_ASSIGNMENT_OPERATORS'
 1119 |     EIGEN_INHERIT_ASSIGNMENT_EQUAL_OPERATOR(Derived) \
      |     ^
l_assignment(dst, src, internal::assign_op<typen/Users/joshua/Developer/PedalForge/build/_deps/namcore-src/Dependencies/eigen/Eigen/src/Core/util/Macros.h:1092:108: note: expanded from macro 'EIGEN_INHERIT_ASSIGNMENT_EQUAL_OPERATOR'
ame Dst::Scalar,typename Src::Scalar>());
      |   ^
 1092 |  /Users/joshua/Developer/PedalForge/build/_deps/namcore-src/Dependencies/eigen/Eigen/src/Core/Assign.h:43:13:   EIGEN_DEVICE_FUNC EIGEN_S note: in instantiation of function template specialization 'Eigen::internal::call_assignment<Eigen::ArrayWrapper<Eigen::Block<Eigen::Matrix<float, -1, -1>, -1, -1, true>>, Eigen::CwiseBinaryOp<Eigen::internal::scalar_sum_op<float>, const Eigen::CwiseBinaryOp<Eigen::internal::scalar_product_op<float>, const Eigen::ArrayWrapper<const Eigen::Block<const Eigen::Ref<const Eigen::Matrix<float, -1, -1>>, -1, -1, true>>, const Eigen::ArrayWrapper<const Eigen::Block<const Eigen::Block<const Eigen::Matrix<float, -1, -1>>, -1, -1, true>>>, const Eigen::ArrayWrapper<const Eigen::Block<const Eigen::Block<const Eigen::Matrix<float, -1, -1>>, -1, -1, true>>>>' requested here
   43 |   internal::call_assigTRONG_INnment(derived(), otheLINE Derived&r.derived());
      |             ^
/Users/joshua/Developer/PedalForge/build/_deps/namcore-src/Dependencies/eigen/Eigen/src/Core/ArrayWrapper.h:49:5: note: in instantiation of function template specialization 'Eigen::DenseBase<Eigen::ArrayWrapper<Eigen::Block<Eigen::Matrix<float, -1, -1>, -1, -1, true>>>::operator=<Eigen::CwiseBinaryOp<Eigen::internal::scalar_sum_op<float>, const Eigen::CwiseBinaryOp<Eigen::internal::scalar_product_op<float>, const Eigen::ArrayWrapper<const Eigen::Block<const Eigen::Ref<const Eigen::Matrix<float, -1, -1>>, -1, -1, true>>, const Eigen::ArrayWrapper<const Eigen::Block<const Eigen::Block<const Eigen::Matrix<float, -1, -1>>, -1, -1, true>>>, const Eigen::ArrayWrapper<const Eigen::Block<const Eigen::Block<const Eigen::Matrix<float, -1, -1>>, -1, -1, true>>>>' requested here
 operator=(const DenseBase<OtherDerived>& other) { Base::operator=(other.derived()); return *this; }
      |                                                                                                            ^
   49 |     EIGEN_INHERIT_ASSIGNMENT_OPERATORS/Users/joshua/Developer/PedalForge/build/_deps/namcore-src/NAM/wavenet/../film.h:182:44: note: in instantiation of function template specialization 'Eigen::ArrayWrapper<Eigen::Block<Eigen::Matrix<float, -1, -1>, -1, -1, true>>::operator=<Eigen::CwiseBinaryOp<Eigen::internal::scalar_sum_op<float>, const Eigen::CwiseBinaryOp<Eigen::internal::scalar_product_op<float>, const Eigen::ArrayWrapper<const Eigen::Block<const Eigen::Ref<const Eigen::Matrix<float, -1, -1>>, -1, -1, true>>, const Eigen::ArrayWrapper<const Eigen::Block<const Eigen::Block<const Eigen::Matrix<float, -1, -1>>, -1, -1, true>>>, const Eigen::ArrayWrapper<const Eigen::Block<const Eigen::Block<const Eigen::Matrix<float, -1, -1>>, -1, -1, true>>>>' requested here
  182 |       _output.(ArrayWrapper)
      |     ^
/Users/joshua/Developer/PedalForge/build/_deps/namcore-src/Dependencies/eigen/Eigen/src/Core/util/Macros.h:1119:5: note: leftCols(num_frames).array()expanded from macro 'EIGEN_INHERIT_ASSIGNMENT_OPERATORS'
 1119 |     EIGEN_INHERIT_ASSIGNMENT_EQUAL_OPERATOR(Derived) \
      |     ^
 = input.leftCols(num_frames).array() * scale.array() + shift.array();
      |                                            ^
/Users/joshua/Developer/PedalForge/build/_deps/namcore-src/Dependencies/eigen/Eigen/src/Core/util/Macros.h:1092:108: note: expanded from macro 'EIGEN_INHERIT_ASSIGNMENT_EQUAL_OPERATOR'
 1092 |     EIGEN_DEVICE_FUNC EIGEN_STRONG_INLINE Derived& operator=(const DenseBase<OtherDerived>& other) { Base::operator=(other.derived()); return *this; }
      |                                                                                                            ^
/Users/joshua/Developer/PedalForge/build/_deps/namcore-src/NAM/wavenet/../film.h:182:44: note: in instantiation of function template specialization 'Eigen::ArrayWrapper<Eigen::Block<Eigen::Matrix<float, -1, -1>, -1, -1, true>>::operator=<Eigen::CwiseBinaryOp<Eigen::internal::scalar_sum_op<float>, const Eigen::CwiseBinaryOp<Eigen::internal::scalar_product_op<float>, const Eigen::ArrayWrapper<const Eigen::Block<const Eigen::Ref<const Eigen::Matrix<float, -1, -1>>, -1, -1, true>>, const Eigen::ArrayWrapper<const Eigen::Block<const Eigen::Block<const Eigen::Matrix<float, -1, -1>>, -1, -1, true>>>, const Eigen::ArrayWrapper<const Eigen::Block<const Eigen::Block<const Eigen::Matrix<float, -1, -1>>, -1, -1, true>>>>' requested here
  182 |       _output.leftCols(num_frames).array() = input.leftCols(num_frames).array() * scale.array() + shift.array();
      |                                            ^
In file included from /Users/joshua/Developer/PedalForge/source/PluginProcessor.cpp:2:
In file included from /Users/joshua/Developer/PedalForge/source/PluginEditor.h:7:
In file included from /Users/joshua/Developer/PedalForge/source/ui/InventoryOverlay.h:4:
In file included from /Users/joshua/Developer/PedalForge/source/ui/PedalPalette.h:4:
In file included from /Users/joshua/Developer/PedalForge/source/ui/../pedals/PedalRegistry.h:4:
In file included from /Users/joshua/Developer/PedalForge/source/ui/../pedals/../dsp/GraphPedalProcessor.h:4:
In file included from /Users/joshua/Developer/PedalForge/source/ui/../pedals/../dsp/../dsp/DSPGraph.h:5:
In file included from /Users/joshua/Developer/PedalForge/source/ui/../pedals/../dsp/../dsp/NAMNode.h:4:
In file included from /Users/joshua/Developer/PedalForge/build/_deps/namcore-src/NAM/get_dsp.h:7:
In file included from /Users/joshua/Developer/PedalForge/build/_deps/namcore-src/NAM/dsp.h:10:
In file included from /Users/joshua/Developer/PedalForge/build/_deps/namcore-src/Dependencies/eigen/Eigen/Dense:1:
In file included from /Users/joshua/Developer/PedalForge/build/_deps/namcore-src/Dependencies/eigen/Eigen/Core:294:
/Users/joshua/Developer/PedalForge/build/_deps/namcore-src/Dependencies/eigen/Eigen/src/Core/AssignEvaluator.h:857:132: warning: zero as null pointer constant [-Wzero-as-null-pointer-constant]
  857 | void call_assignment(Dst& dst, const Src& src, const Func& func, std::enable_if_t<!evaluator_assume_aliasing<Src>::value, void*> = 0)
      |                                                                                                                                    ^
      |                                                                                                                                    nullptr
/Users/joshua/Developer/PedalForge/build/_deps/namcore-src/Dependencies/eigen/Eigen/src/Core/AssignEvaluator.h:837:3: note: in instantiation of default function argument expression for 'call_assignment<Eigen::ArrayWrapper<Eigen::Block<Eigen::Matrix<float, -1, -1>, -1, -1, true>>, Eigen::CwiseBinaryOp<Eigen::internal::scalar_product_op<float>, const Eigen::ArrayWrapper<const Eigen::Block<const Eigen::Ref<const Eigen::Matrix<float, -1, -1>>, -1, -1, true>>, const Eigen::ArrayWrapper<const Eigen::Block<const Eigen::Block<const Eigen::Matrix<float, -1, -1>>, -1, -1, true>>>, Eigen::internal::assign_op<float, float>>' required here
  837 |   call_assignment(dst, src, internal::assign_op<typename Dst::Scalar,typename Src::Scalar>());
      |   ^
/Users/joshua/Developer/PedalForge/build/_deps/namcore-src/Dependencies/eigen/Eigen/src/Core/Assign.h:43:13: note: in instantiation of function template specialization 'Eigen::internal::call_assignment<Eigen::ArrayWrapper<Eigen::Block<Eigen::Matrix<float, -1, -1>, -1, -1, true>>, Eigen::CwiseBinaryOp<Eigen::internal::scalar_product_op<float>, const Eigen::ArrayWrapper<const Eigen::Block<const Eigen::Ref<const Eigen::Matrix<float, -1, -1>>, -1, -1, true>>, const Eigen::ArrayWrapper<const Eigen::Block<const Eigen::Block<const Eigen::Matrix<float, -1, -1>>, -1, -1, true>>>>' requested here
   43 |   internal::call_assignment(derived(), other.derived());
      |             ^
/Users/joshua/Developer/PedalForge/build/_deps/namcore-src/Dependencies/eigen/Eigen/src/Core/ArrayWrapper.h:49:5: note: in instantiation of function template specialization 'Eigen::DenseBase<Eigen::ArrayWrapper<Eigen::Block<Eigen::Matrix<float, -1, -1>, -1, -1, true>>>::operator=<Eigen::CwiseBinaryOp<Eigen::internal::scalar_product_op<float>, const Eigen::ArrayWrapper<const Eigen::Block<const Eigen::Ref<const Eigen::Matrix<float, -1, -1>>, -1, -1, true>>, const Eigen::ArrayWrapper<const Eigen::Block<const Eigen::Block<const Eigen::Matrix<float, -1, -1>>, -1, -1, true>>>>' requested here
   49 |     EIGEN_INHERIT_ASSIGNMENT_OPERATORS(ArrayWrapper)
      |     ^
In file included from /Users/joshua/Developer/PedalForge/source/PluginEditor.cpp:1:
In file included from /Users/joshua/Developer/PedalForge/source/PluginEditor.h:7:
In file included from /Users/joshua/Developer/PedalForge/source/ui/InventoryOverlay.h:4:
In file included from /Users/joshua/Developer/PedalForge/source/ui/PedalPalette.h:4:
In file included from /Users/joshua/Developer/PedalForge/source/ui/../pedals/PedalRegistry.h:4:
In file included from /Users/joshua/Developer/PedalForge/source/ui/../pedals/../dsp/GraphPedalProcessor.h:4/Users/joshua/Developer/PedalForge/build/_deps/namcore-src/Dependencies/eigen/Eigen/src/Core/util/Macros.h:1119:5: note: expanded from macro 'EIGEN_INHERIT_ASSIGNMENT_OPERATORS'
 1119 |     EIGEN_INHERIT_ASSIGNMENT_EQUAL_OPERATOR(Derived) \
      |     ^
:
/Users/joshua/Developer/PedalForge/build/_deps/namcore-src/Dependencies/eigen/Eigen/src/Core/util/Macros.h:1092:108: note: expanded from macro 'EIGEN_INHERIT_ASSIGNMENT_EQUAL_OPERATOR'
 1092 |     EIGEN_DEVICE_FUNC EIGEIn file included from /Users/joshua/Developer/PedalForge/source/ui/../pedals/../dsp/../dsp/DSPGraph.h:N5:
In file included from /Users/joshua/Developer/PedalForge/source/ui/../pedals/../dsp/../dsp/NAMNode.h:4:
In file included from /Users/joshua/Developer/PedalForge/build/_deps/namcore-src/NAM/get_dsp.h:7:
In file included from /Users/joshua/Developer/PedalForge/build/_deps/namcore-src/NAM/dsp.h:10_STRONG_INLINE :
In file included from /Users/joshua/Developer/PedalForge/build/_deps/namcore-src/Dependencies/eigen/Eigen/Dense:1:
In file included from /Users/joshua/Developer/PedalForge/build/_deps/namcore-src/Dependencies/eigen/Eigen/Core:294:
/Users/joshua/Developer/PedalForge/build/_deps/namcore-src/Dependencies/eigen/Eigen/src/Core/AssignEvaluator.h:857:132: warning: zero as null pointer constant [-Wzero-as-null-pointer-constant]
  857 | void call_assignment(Dst& dstDerived& operator=(const DenseBase<OtherDerived>& other) { Base::operator=(other.derived()); return *this; }
      |                                                                                                            ^
, c/Users/joshua/Developer/PedalForge/build/_deps/namcore-src/NAM/wavenet/../film.h:186:44: note: in instantiation of function template specialization 'Eigen::ArrayWrapper<Eigen::Block<Eigen::Matrix<float, -1, -1>, -1, -1, true>>::operator=<Eigen::CwiseBinaryOp<Eigen::internal::scalar_product_op<float>, const Eigen::ArrayWrapper<const Eigen::Block<const Eigen::Ref<const Eigen::Matrix<float, -1, -1>>, -1, -1, true>>, const Eigen::ArrayWrapper<const Eigen::Block<const Eigen::Block<const Eigen::Matrix<float, -1, -1>>, -1, -1, true>>>>' requested here
  186 |       _output.onst Src& src, const Func& func, std::enable_if_t<!evaluator_assume_aliasing<Src>::value, void*> = 0)
      |                                                                                                                                    ^
      |                                                                                                                                    nullptr
leftCols(num_frames).array() = input.leftCols(num_frames).array() * scale.array();/Users/joshua/Developer/PedalForge/build/_deps/namcore-src/Dependencies/eigen/Eigen/src/Core/AssignEvaluator.h:837:3: note: in instantiation of default function argument expression for 'call_assignment<Eigen::ArrayWrapper<Eigen::Block<Eigen::Matrix<float, -1, -1>, -1, -1, true>>, Eigen::CwiseBinaryOp<Eigen::internal::scalar_product_op<float>, const Eigen::ArrayWrapper<const Eigen::Block<const Eigen::Ref<const Eigen::Matrix<float, -1, -1>>, -1, -1, true>>, const Eigen::ArrayWrapper<const Eigen::Block<const Eigen::Block<const Eigen::Matrix<float, -1, -1>>, -1, -1, true>>>, Eigen::internal::assign_op<float, float>>' required here
  837 |   call_assignment(dst, src, internal::assign_op<typename D
      |                                            ^
st::Scalar,typename Src::Scalar>());
      |   ^
/Users/joshua/Developer/PedalForge/build/_deps/namcore-src/Dependencies/eigen/Eigen/src/Core/Assign.h:43:13: note: in instantiation of function template specialization 'Eigen::internal::call_assignment<Eigen::ArrayWrapper<Eigen::Block<Eigen::Matrix<float, -1, -1>, -1, -1, true>>, Eigen::CwiseBinaryOp<Eigen::internal::scalar_product_op<float>, const Eigen::ArrayWrapper<const Eigen::Block<const Eigen::Ref<const Eigen::Matrix<float, -1, -1>>, -1, -1, true>>, const Eigen::ArrayWrapper<const Eigen::Block<const Eigen::Block<const Eigen::Matrix<float, -1, -1>>, -1, -1, true>>>>' requested here
   43 |   internal::call_assignment(derived(), other.derived());
      |             ^
/Users/joshua/Developer/PedalForge/build/_deps/namcore-src/Dependencies/eigen/Eigen/src/Core/ArrayWrapper.h:49:5: note: in instantiation of function template specialization 'Eigen::DenseBase<Eigen::ArrayWrapper<Eigen::Block<Eigen::Matrix<float, -1, -1>, -1, -1, true>>>::operator=<Eigen::CwiseBinaryOp<Eigen::internal::scalar_product_op<float>, const Eigen::ArrayWrapper<const Eigen::Block<const Eigen::Ref<const Eigen::Matrix<float, -1, -1>>, -1, -1, true>>, const Eigen::ArrayWrapper<const Eigen::Block<const Eigen::Block<const Eigen::Matrix<float, -1, -1>>, -1, -1, true>>>>' requested here
   49 |     EIGEN_INHERIT_ASSIGNMENT_OPERATORS(ArrayWrapper)
      |     ^
/Users/joshua/Developer/PedalForge/build/_deps/namcore-src/Dependencies/eigen/Eigen/src/Core/util/Macros.h:1119:5: note: expanded from macro 'EIGEN_INHERIT_ASSIGNMENT_OPERATORS'
 1119 |     EIGEN_INHERIT_ASSIGNMENT_EQUAL_OPERATOR(Derived) \
      |     ^
/Users/joshua/Developer/PedalForge/build/_deps/namcore-src/Dependencies/eigen/Eigen/src/Core/util/Macros.h:1092:108: note: expanded from macro 'EIGEN_INHERIT_ASSIGNMENT_EQUAL_OPERATOR'
 1092 |     EIGEN_DEVICE_FUNC EIGEN_STRONG_INLINE Derived& operator=(const DenseBase<OtherDerived>& other) { Base::operator=(other.derived()); return *this; }
      |                                                                                                            ^
/Users/joshua/Developer/PedalForge/build/_deps/namcore-src/NAM/wavenet/../film.h:186:44: note: in instantiation of function template specialization 'Eigen::ArrayWrapper<Eigen::Block<Eigen::Matrix<float, -1, -1>, -1, -1, true>>::operator=<Eigen::CwiseBinaryOp<Eigen::internal::scalar_product_op<float>, const Eigen::ArrayWrapper<const Eigen::Block<const Eigen::Ref<const Eigen::Matrix<float, -1, -1>>, -1, -1, true>>, const Eigen::ArrayWrapper<const Eigen::Block<const Eigen::Block<const Eigen::Matrix<float, -1, -1>>, -1, -1, true>>>>' requested here
  186 |       _output.leftCols(num_frames).array() = input.leftCols(num_frames).array() * scale.array();
      |                                            ^
In file included from /Users/joshua/Developer/PedalForge/source/PluginProcessor.cpp:2:
In file included from /Users/joshua/Developer/PedalForge/source/PluginEditor.h:7:
In file included from /Users/joshua/Developer/PedalForge/source/ui/InventoryOverlay.h:4:
In file included from /Users/joshua/Developer/PedalForge/source/ui/PedalPalette.h:4:
In file included from /Users/joshua/Developer/PedalForge/source/ui/../pedals/PedalRegistry.h:4:
In file included from /Users/joshua/Developer/PedalForge/source/ui/../pedals/../dsp/GraphPedalProcessor.h:4:
In file included from /Users/joshua/Developer/PedalForge/source/ui/../pedals/../dsp/../dsp/DSPGraph.h:5:
In file included from /Users/joshua/Developer/PedalForge/source/ui/../pedals/../dsp/../dsp/NAMNode.h:4:
In file included from /Users/joshua/Developer/PedalForge/build/_deps/namcore-src/NAM/get_dsp.h:7:
In file included from /Users/joshua/Developer/PedalForge/build/_deps/namcore-src/NAM/dsp.h:10:
In file included from /Users/joshua/Developer/PedalForge/build/_deps/namcore-src/Dependencies/eigen/Eigen/Dense:1:
In file included from /Users/joshua/Developer/PedalForge/build/_deps/namcore-src/Dependencies/eigen/Eigen/Core:324:
/Users/joshua/Developer/PedalForge/build/_deps/namcore-src/Dependencies/eigen/Eigen/src/Core/Ref.h:86:12: warning: zero as null pointer constant [-Wzero-as-null-pointer-constant]
   86 |     : Base(0,RowsAtCompileTime==Dynamic?0:RowsAtCompileTime,ColsAtCompileTime==Dynamic?0:ColsAtCompileTime),
      |            ^
      |            nullptr
/Users/joshua/Developer/PedalForge/build/_deps/namcore-src/Dependencies/eigen/Eigen/src/Core/Ref.h:355:30: note: in instantiation of member function 'Eigen::RefBase<Eigen::Ref<const Eigen::Matrix<float, -1, -1>>>::RefBase' requested here
  355 |     EIGEN_DEVICE_FUNC inline Ref(const RefBase<OtherRef>& other) {
      |                              ^
/Users/joshua/Developer/PedalForge/build/_deps/namcore-src/NAM/wavenet/../film.h:201:13: note: in instantiation of function template specialization 'Eigen::Ref<const Eigen::Matrix<float, -1, -1>>::Ref<Eigen::Ref<Eigen::Matrix<float, -1, -1>>>' requested here
  201 |     Process(input, condition, num_frames);
      |             ^
In file included from /Users/joshua/Developer/PedalForge/source/PluginEditor.cpp:1:
In file included from /Users/joshua/Developer/PedalForge/source/PluginEditor.h:7:
In file included from /Users/joshua/Developer/PedalForge/source/ui/InventoryOverlay.h:4:
In file included from /Users/joshua/Developer/PedalForge/source/ui/PedalPalette.h:4:
In file included from /Users/joshua/Developer/PedalForge/source/ui/../pedals/PedalRegistry.h:4:
In file included from /Users/joshua/Developer/PedalForge/source/ui/../pedals/../dsp/GraphPedalProcessor.h:4:
In file included from In file included from /Users/joshua/Developer/PedalForge/source/PluginProcessor.cpp:2:
In file included from /Users/joshua/Developer/PedalForge/source/PluginEditor.h:7:
In file included from /Users/joshua/Developer/PedalForge/source/ui/InventoryOverlay.h:4:
In file included from /Users/joshua/Developer/PedalForge/source/ui/PedalPalette.h:4:
In file included from /Users/joshua/Developer/PedalForge/source/ui/../pedals/../dsp/../dsp/DSPGraph.h:5:
In file included from /Users/joshua/Developer/PedalForge/source/ui/../pedals/../dsp/../dsp/NAMNode.h:4/Users/joshua/Developer/PedalForge/source/ui/../pedals/PedalRegistry.h:4:
:
In file included from In file included from /Users/joshua/Developer/PedalForge/source/ui/../pedals/../dsp/GraphPedalProcessor.h:4:
In file included from /Users/joshua/Developer/PedalForge/source/ui/../pedals/../dsp/../dsp/DSPGraph.h:5:
In file included from /Users/joshua/Developer/PedalForge/source/ui/../pedals/../dsp/../dsp/NAMNode.h:4:
In file included from /Users/joshua/Developer/PedalForge/build/_deps/namcore-src/NAM/get_dsp.h:7:
In file included from /Users/joshua/Developer/PedalForge/build/_deps/namcore-src/NAM/dsp.h:10:
In file included from /Users/joshua/Developer/PedalForge/build/_deps/namcore-src/Dependencies/eigen/Eigen/Dense:1:
In file included from /Users/joshua/Developer/PedalForge/build/_deps/namcore-src/Dependencies/eigen/Eigen/Core:322:
/Users/joshua/Developer/PedalForge/build/_deps/namcore-src/Dependencies/eigen/Eigen/src/Core/MapBase.h:207:82: warning: zero as null pointer constant [-Wzero-as-null-pointer-constant]
/Users/joshua/Developer/PedalForge/build/_deps/namcore-src/NAM/get_dsp.h:7:
In file included from /Users/joshua/Developer/PedalForge/build/_deps/namcore-src/NAM/dsp.h:10:
In file included from /Users/joshua/Developer/PedalForge/build/_deps/namcore-src/Dependencies/eigen/Eigen/Dense:1:
In file included from /Users/joshua/Developer/PedalForge/build/_deps/namcore-src/Dependencies/eigen/Eigen/Core:324:
/Users/joshua/Developer/PedalForge/build/_deps/namcore-src/Dependencies/eigen/Eigen/src/Core/Ref.h:86:12: warning: zero as null pointer constant [-Wzero-as-null-pointer-constant]
     86 |     : Base(0,RowsAtCompileTime==Dynamic?0:RowsAtCompileTime,ColsAtCompileTime==Dynamic?0:C207 |     void checkSanity(std::enable_if_t<internal::traits<T>::Alignment==0,void*> = 0) const
      |                                                                                  ^
      |                                                                                  nullptr
o/Users/joshua/Developer/PedalForge/build/_deps/namcore-src/Dependencies/eigen/Eigen/src/Core/MapBase.h:181:7: note: in instantiation of default function argument expression for 'checkSanity<Eigen::Ref<const Eigen::Matrix<float, -1, -1>>>' required here
lsAtCompileTime),
      |            ^
      |            nullptr
  /Users/joshua/Developer/PedalForge/build/_deps/namcore-src/Dependencies/eigen/Eigen/src/Core/Ref.h:355:30: note: in instantiation of member function 'Eigen::RefBase<Eigen::Ref<const Eigen::Matrix<float, -1, -1>>>::RefBase' requested here
  355 |     EIGEN_DEVICE_FUNC inline Ref(const RefBase<OtherRef>& other) {
      |                              ^
181/Users/joshua/Developer/PedalForge/build/_deps/namcore-src/NAM/wavenet/../film.h:201:13: note: in instantiation of function template specialization 'Eigen::Ref<const Eigen::Matrix<float, -1, -1>>::Ref<Eigen::Ref<Eigen::Matrix<float, -1, -1>>>' requested here
 |       checkSanity<Derived>();
      |       ^
  201 |     Process(input, condition, num_frames);
      |             ^
/Users/joshua/Developer/PedalForge/build/_deps/namcore-src/Dependencies/eigen/Eigen/src/Core/Ref.h:86:7: note: in instantiation of member function 'Eigen::MapBase<Eigen::Ref<const Eigen::Matrix<float, -1, -1>>>::MapBase' requested here
   86 |     : Base(0,RowsAtCompileTime==Dynamic?0:RowsAtCompileTime,ColsAtCompileTime==Dynamic?0:ColsAtCompileTime),
      |       ^
/Users/joshua/Developer/PedalForge/build/_deps/namcore-src/Dependencies/eigen/Eigen/src/Core/Ref.h:355:30: note: in instantiation of member function 'Eigen::RefBase<Eigen::Ref<const Eigen::Matrix<float, -1, -1>>>::RefBase' requested here
  355 |     EIGEN_DEVICE_FUNC inline Ref(const RefBase<OtherRef>& other) {
      |                              ^
In file included from /Users/joshua/Developer/PedalForge/source/PluginEditor.cpp:1:
In file included from /Users/joshua/Developer/PedalForge/source/PluginEditor.h:7:
In file included from /Users/joshua/Developer/PedalForge/source/ui/InventoryOverlay.h:4:
In file included from /Users/joshua/Developer/PedalForge/source/ui/PedalPalette.h:4:
In file included from /Users/joshua/Developer/PedalForge/source/ui/../pedals/PedalRegistry.h:4:
In file included from /Users/joshua/Developer/PedalForge/source/ui/../pedals/../dsp/GraphPedalProcessor.h:4:
In file included from /Users/joshua/Developer/PedalForge/source/ui/../pedals/../dsp/../dsp/DSPGraph.h:5:
In file included from /Users/joshua/Developer/PedalForge/source/ui/../pedals/../dsp/../dsp/NAMNode.h:4:
In file included from /Users/joshua/Developer/PedalForge/build/_deps/namcore-src/NAM/get_dsp.h:7:
In file included from /Users/joshua/Developer/PedalForge/build/_deps/namcore-src/NAM/dsp.h:10:
In file included from /Users/joshua/Developer/PedalForge/build/_deps/namcore-src/Dependencies/eigen/Eigen/Dense:1:
In file included from /Users/joshua/Developer/PedalForge/build/_deps/namcore-src/Dependencies/eigen/Eigen/Core:322:
/Users/joshua/Developer/PedalForge/build/_deps/namcore-src/Dependencies/eigen/Eigen/src/Core/MapBase.h:207:82: warning: zero as null pointer constant [-Wzero-as-null-pointer-constant]
/Users/joshua/Developer/PedalForge/build/_deps/namcore-src/NAM/wavenet/../film.h  207 |     void checkSanity(std::enable_if_t<internal::traits<T>:::201:13: note: in instantiation of function template specialization 'Eigen::Ref<const Eigen::Matrix<float, -1, -1>>::Ref<Eigen::Ref<Eigen::Matrix<float, -1, -1>>>' requested here
  201 |     Process(input, condition, num_frames);
      |             ^
Alignment==0,void*> = 0) const
      |                                                                                  ^
      |                                                                                  nullptr
/Users/joshua/Developer/PedalForge/build/_deps/namcore-src/Dependencies/eigen/Eigen/src/Core/MapBase.h:181:7: note: in instantiation of default function argument expression for 'checkSanity<Eigen::Ref<const Eigen::Matrix<float, -1, -1>>>' required here
  181 |       checkSanity<Derived>();
      |       ^
/Users/joshua/Developer/PedalForge/build/_deps/namcore-src/Dependencies/eigen/Eigen/src/Core/Ref.h:86:7: note: in instantiation of member function 'Eigen::MapBase<Eigen::Ref<const Eigen::Matrix<float, -1, -1>>>::MapBase' requested here
   86 |     : Base(0,RowsAtCompileTime==Dynamic?0:RowsAtCompileTime,ColsAtCompileTime==Dynamic?0:ColsAtCompileTime),
      |       ^
/Users/joshua/Developer/PedalForge/build/_deps/namcore-src/Dependencies/eigen/Eigen/src/Core/Ref.h:355:30: note: in instantiation of member function 'Eigen::RefBase<Eigen::Ref<const Eigen::Matrix<float, -1, -1>>>::RefBase' requested here
  355 |     EIGEN_DEVICE_FUNC inline Ref(const RefBase<OtherRef>& other) {
      |                              ^
/Users/joshua/Developer/PedalForge/build/_deps/namcore-src/NAM/wavenet/../film.h:201:13: note: in instantiation of function template specialization 'Eigen::Ref<const Eigen::Matrix<float, -1, -1>>::Ref<Eigen::Ref<Eigen::Matrix<float, -1, -1>>>' requested here
  201 |     Process(input, condition, num_frames);
      |             ^
In file included from /Users/joshua/Developer/PedalForge/source/PluginProcessor.cpp:2:
In file included from /Users/joshua/Developer/PedalForge/source/PluginEditor.h:7:
In file included from /Users/joshua/Developer/PedalForge/source/ui/InventoryOverlay.h:4:
In file included from /Users/joshua/Developer/PedalForge/source/ui/PedalPalette.h:4:
In file included from /Users/joshua/Developer/PedalForge/source/ui/../pedals/PedalRegistry.h:4:
In file included from /Users/joshua/Developer/PedalForge/source/ui/../pedals/../dsp/GraphPedalProcessor.h:4:
In file included from /Users/joshua/Developer/PedalForge/source/ui/../pedals/../dsp/../dsp/DSPGraph.h:5:
In file included from /Users/joshua/Developer/PedalForge/source/ui/../pedals/../dsp/../dsp/NAMNode.h:4:
In file included from /Users/joshua/Developer/PedalForge/build/_deps/namcore-src/NAM/get_dsp.h:7:
In file included from /Users/joshua/Developer/PedalForge/build/_deps/namcore-src/NAM/dsp.h:10:
In file included from /Users/joshua/Developer/PedalForge/build/_deps/namcore-src/Dependencies/eigen/Eigen/Dense:1:
In file included from /Users/joshua/Developer/PedalForge/build/_deps/namcore-src/Dependencies/eigen/Eigen/Core:322:
/Users/joshua/Developer/PedalForge/build/_deps/namcore-src/Dependencies/eigen/Eigen/src/Core/MapBase.h:207:82: warning: zero as null pointer constant [-Wzero-as-null-pointer-constant]
  207 |     void checkSanity(std::enable_if_t<internal::traits<T>::Alignment==0,void*> = 0) const
      |                                                                                  ^
      |                                                                                  nullptr
/Users/joshua/Developer/PedalForge/build/_deps/namcore-src/Dependencies/eigen/Eigen/src/Core/MapBase.h:181:7: note: in instantiation of default function argument expression for 'checkSanity<Eigen::Block<Eigen::Ref<Eigen::Matrix<float, -1, -1>>, -1, -1, true>>' required here
  181 |       checkSanity<Derived>();
      |       ^
/Users/joshua/Developer/PedalForge/build/_deps/namcore-src/Dependencies/eigen/Eigen/src/Core/MapBase.h:291:85: note: in instantiation of member function 'Eigen::MapBase<Eigen::Block<Eigen::Ref<Eigen::Matrix<float, -1, -1>>, -1, -1, true>, 0>::MapBase' requested here
  291 |     EIGEN_DEVICE_FUNC inline MapBase(PointerType dataPtr, Index rows, Index cols) : Base(dataPtr, rows, cols) {}
      |                                                                                     ^
/Users/joshua/Developer/PedalForge/build/_deps/namcore-src/Dependencies/eigen/Eigen/src/Core/Block.h:389:9: note: in instantiation of member function 'Eigen::MapBase<Eigen::Block<Eigen::Ref<Eigen::Matrix<float, -1, -1>>, -1, -1, true>>::MapBase' requested here
  389 |       : Base(add_to_nullable_pointer(xpr.data(),
      |         ^
/Users/joshua/Developer/PedalForge/build/_deps/namcore-src/Dependencies/eigen/Eigen/src/Core/Block.h:168:9: note: in instantiation of member function 'Eigen::internal::BlockImpl_dense<Eigen::Ref<Eigen::Matrix<float, -1, -1>>, -1, -1, true>::BlockImpl_dense' requested here
  168 |       : Impl(xpr, startRow, startCol, blockRows, blockCols) {}
      |         ^
/Users/joshua/Developer/PedalForge/build/_deps/namcore-src/Dependencies/eigen/Eigen/src/Core/Block.h:144:9: note: in instantiation of member function 'Eigen::BlockImpl<Eigen::Ref<Eigen::Matrix<float, -1, -1>>, -1, -1, true, Eigen::Dense>::BlockImpl' requested here
  144 |       : Impl(xpr, startRow, startCol, blockRows, blockCols)
      |         ^
/Users/joshua/Developer/PedalForge/build/_deps/namcore-src/Dependencies/eigen/Eigen/src/Core/../plugins/BlockMethods.h:799:10: note: in instantiation of member function 'Eigen::Block<Eigen::Ref<Eigen::Matrix<float, -1, -1>>, -1, -1, true>::Block' requested here
  799 |   return typename NColsBlocIn file included from /Users/joshua/Developer/PedalForge/source/PluginEditor.cpp:1:
In file included from /Users/joshua/Developer/PedalForge/source/PluginEditor.h:7:
In file included from /Users/joshua/Developer/PedalForge/source/ui/InventoryOverlay.h:4:
In file included from /Users/joshua/Developer/PedalForge/source/ui/PedalPalette.h:4:
In file included from /Users/joshua/Developer/PedalForge/source/ui/../pedals/PedalRegistry.h:4kXpr<internal::get_fixed_value<NColsType>::value>::Type
      |          ^
:
/Users/joshua/Developer/PedalForge/build/_deps/namcore-src/NAM/wavenet/../film.h:202:11: note: in instantiation of function template specialization 'Eigen::DenseBase<Eigen::Ref<Eigen::Matrix<float, -1, -1>>>::leftCols<int>' requested here
In file included from /Users/joshua/Developer/PedalForge/source/ui/../pedals/../dsp/GraphPedalProcessor.h:4:
In file included from /Users/joshua/Developer/PedalForge/source/ui/../pedals/../dsp/../dsp/DSPGraph.h:5:
In file included from /Users/joshua/Developer/PedalForge/source/ui/../pedals/../dsp/../dsp/NAMNode.h:4:
In file included from /Users/joshua/Developer/PedalForge/build/_deps/namcore-src/NAM/get_dsp.h:7:
In file included from /Users/joshua/Developer/PedalForge/build/_deps/namcore-src/NAM/dsp.h:10:
In file included from /Users/joshua/Developer/PedalForge/build/_deps/namcore-src/Dependencies/eigen/Eigen/Dense:1:
In file included from /Users/joshua/Developer/PedalForge/build/_deps/namcore-src/Dependencies/eigen/Eigen/Core:322:
/Users/joshua/Developer/PedalForge/build/_deps/namcore-src/Dependencies/eigen/Eigen/src/Core/MapBase.h:207:82: warning: zero as null pointer constant [-Wzero-as-null-pointer-constant]
  202 |     input.leftCols(num_frames).noalias() = _output.leftCols(num_frames);
      |           ^
  207 |     void checkSanity(std::enable_if_t<internal::traits<T>::Alignment==0,void*> = 0) const
      |                                                                                  ^
      |                                                                                  nullptr
/Users/joshua/Developer/PedalForge/build/_deps/namcore-src/Dependencies/eigen/Eigen/src/Core/MapBase.h:181:7: note: in instantiation of default function argument expression for 'checkSanity<Eigen::Block<Eigen::Ref<Eigen::Matrix<float, -1, -1>>, -1, -1, true>>' required here
  181 |       checkSanity<Derived>();
      |       ^
/Users/joshua/Developer/PedalForge/build/_deps/namcore-src/Dependencies/eigen/Eigen/src/Core/MapBase.h:291:85: note: in instantiation of member function 'Eigen::MapBase<Eigen::Block<Eigen::Ref<Eigen::Matrix<float, -1, -1>>, -1, -1, true>, 0>::MapBase' requested here
  291 |     EIGEN_DEVICE_FUNC inline MapBase(PointerType dataPtr, Index rows, Index cols) : Base(dataPtr, rows, cols) {}
      |                                                                                     ^
/Users/joshua/Developer/PedalForge/build/_deps/namcore-src/Dependencies/eigen/Eigen/src/Core/Block.h:389:9: note: in instantiation of member function 'Eigen::MapBase<Eigen::Block<Eigen::Ref<Eigen::Matrix<float, -1, -1>>, -1, -1, true>>::MapBase' requested here
  389 |       : Base(add_to_nullable_pointer(xpr.data(),
      |         ^
/Users/joshua/Developer/PedalForge/build/_deps/namcore-src/Dependencies/eigen/Eigen/src/Core/Block.h:168:9: note: in instantiation of member function 'Eigen::internal::BlockImpl_dense<Eigen::Ref<Eigen::Matrix<float, -1, -1>>, -1, -1, true>::BlockImpl_dense' requested here
  168 |       : Impl(xpr, startRow, startCol, blockRows, blockCols) {}
      |         ^
/Users/joshua/Developer/PedalForge/build/_deps/namcore-src/Dependencies/eigen/Eigen/src/Core/Block.h:144:9: note: in instantiation of member function 'Eigen::BlockImpl<Eigen::Ref<Eigen::Matrix<float, -1, -1>>, -1, -1, true, Eigen::Dense>::BlockImpl' requested here
  144 |       : Impl(xpr, startRow, startCol, blockRows, blockCols)
      |         ^
/Users/joshua/Developer/PedalForge/build/_deps/namcore-src/Dependencies/eigen/Eigen/src/Core/../plugins/BlockMethods.h:799:10: note: in instantiation of member function 'Eigen::Block<Eigen::Ref<Eigen::Matrix<float, -1, -1>>, -1, -1, true>::Block' requested here
  799 |   return typename NColsBlockXpr<internal::get_fixed_value<NColsType>::value>::Type
      |          ^
/Users/joshua/Developer/PedalForge/build/_deps/namcore-src/NAM/wavenet/../film.h:202:11: note: in instantiation of function template specialization 'Eigen::DenseBase<Eigen::Ref<Eigen::Matrix<float, -1, -1>>>::leftCols<int>' requested here
  202 |     input.leftCols(num_frames).noalias() = _output.leftCols(num_frames);
      |           ^
In file included from /Users/joshua/Developer/PedalForge/source/PluginProcessor.cpp:2:
In file included from /Users/joshua/Developer/PedalForge/source/PluginEditor.h:7:
In file included from /Users/joshua/Developer/PedalForge/source/ui/InventoryOverlay.h:4:
In file included from /Users/joshua/Developer/PedalForge/source/ui/PedalPalette.h:4:
In file included from /Users/joshua/Developer/PedalForge/source/ui/../pedals/PedalRegistry.h:4:
In file included from /Users/joshua/Developer/PedalForge/source/ui/../pedals/../dsp/GraphPedalProcessor.h:4:
In file included from /Users/joshua/Developer/PedalForge/source/ui/../pedals/../dsp/../dsp/DSPGraph.h:5:
In file included from /Users/joshua/Developer/PedalForge/source/ui/../pedals/../dsp/../dsp/NAMNode.h:4:
In file included from /Users/joshua/Developer/PedalForge/build/_deps/namcore-src/NAM/get_dsp.h:7:
In file included from /Users/joshua/Developer/PedalForge/build/_deps/namcore-src/NAM/dsp.h:10:
In file included from /Users/joshua/Developer/PedalForge/build/_deps/namcore-src/Dependencies/eigen/Eigen/Dense:1:
In file included from /Users/joshua/Developer/PedalForge/build/_deps/namcore-src/Dependencies/eigen/Eigen/Core:322:
/Users/joshua/Developer/PedalForge/build/_deps/namcore-src/Dependencies/eigen/Eigen/src/Core/MapBase.h:207:82: warning: zero as null pointer constant [-Wzero-as-null-pointer-constant]
  207 |     void checkSanity(std::enable_if_t<internal::traits<T>::Alignment==0,void*> = 0) const
      |                                                                                  ^
      |                                                                                  nullptr
/Users/joshua/Developer/PedalForge/build/_deps/namcore-src/Dependencies/eigen/Eigen/src/Core/MapBase.h:181:7: note: in instantiation of default function argument expression for 'checkSanity<Eigen::Block<const Eigen::Matrix<float, -1, 1>, -1, 1>>' required here
  181 |       checkSanity<Derived>();
      |       ^
/Users/joshua/Developer/PedalForge/build/_deps/namcore-src/Dependencies/eigen/Eigen/src/Core/Block.h:389:9: note: in instantiation of member function 'Eigen::MapBase<Eigen::Block<const Eigen::Matrix<float, -1, 1>, -1, 1>>::MapBase' requested here
  389 |       : Base(add_to_nullable_pointer(xpr.data(),
      |         ^
/Users/joshua/Developer/PedalForge/build/_deps/namcore-src/Dependencies/eigen/Eigen/src/Core/Block.h:168:9: note: in instantiation of member function 'Eigen::internal::BlockImpl_dense<const Eigen::Matrix<float, -1, 1>, -1, 1>::BlockImpl_dense' requested here
  168 |       : Impl(xpr, startRow, startCol, blockRows, blockCols) {}
      |         ^
/Users/joshua/Developer/PedalForge/build/_deps/namcore-src/Dependencies/eigen/Eigen/src/Core/Block.h:144:9: note: in instantiation of member function 'Eigen::BlockImpl<const Eigen::Matrix<float, -1, 1>, -1, 1, false, Eigen::Dense>::BlockImpl' requested here
  144 |       : Impl(xpr, startRow, startCol, blockRows, blockCols)
      |         ^
/Users/joshua/Developer/PedalForge/build/_deps/namcore-src/Dependencies/eigen/Eigen/src/Core/VectorBlock.h:79:9: note: in instantiation of member function 'Eigen::Block<const Eigen::Matrix<float, -1, 1>, -1, 1>::Block' requested here
   79 |       : Base(vector,
      |         ^
/Users/joshua/Developer/PedalForge/build/_deps/namcore-src/Dependencies/eigen/Eigen/src/Core/../plugins/IndexedViewMethods.h:161:12: note: in instantiation of member function 'Eigen::VectorBlock<const Eigen::Matrix<float, -1, 1>>::VectorBlock' requested here
  161 |     return ConstReturnType(derived, inteIn file included from /Users/joshua/Developer/PedalForge/source/PluginEditor.cpp:1:
In file included from /Users/joshua/Developer/PedalForge/source/PluginEditor.h:7:
In file included from /Users/joshua/Developer/PedalForge/source/ui/InventoryOverlay.h:4:
In file included from /Users/joshua/Developer/PedalForge/source/ui/PedalPalette.h:4:
In file included from /Users/joshua/Developer/PedalForge/source/ui/../pedals/PedalRegistry.h:4:
In file included from rna/Users/joshua/Developer/PedalForge/source/ui/../pedals/../dsp/GraphPedalProcessor.h:4:
In file included from /Users/joshua/Developer/PedalForge/source/ui/../pedals/../dsp/../dsp/DSPGraph.h:5:
In file included from /Users/joshua/Developer/PedalForge/source/ui/../pedals/../dsp/../dsp/NAMNode.h:4:
l::first(actualIndices), internal::index_list_size(actualIndices));
      |            ^
In file included from /Users/joshua/Developer/PedalForge/build/_deps/namcore-src/NAM/get_dsp.h:7:
In file included from /Users/joshua/Developer/PedalForge/build/_deps/namcore-src/NAM/dsp.h:10:
In file included from /Users/joshua/Developer/PedalForge/build/_deps/namcore-src/Dependencies/eigen/Eigen/Dense:1:
In file included from /Users/joshua/Developer/PedalForge/build/_deps/namcore-src/Dependencies/eigen/Eigen/Core:322:
/Users/joshua/Developer/PedalForge/build/_deps/namcore-src/Dependencies/eigen/Eigen/src/Core/MapBase.h:207:82: warning: zero as null pointer constant [-Wzero-as-null-pointer-constant]
/Users/joshua/Developer/PedalForge/build/_deps/namcore-src/Dependencies/eigen/Eigen/src/Core/../plugins/IndexedViewMethods.h  207 |     void checkSanity(std::enable_if_t<internal::traits<T>::Alignment==0,void*>:292:46: note: in instantiation of member function 'Eigen::DenseBase<Eigen::Matrix<float, -1, 1>>::VectorIndexedViewSelector<Eigen::ArithmeticSequence<Eigen::symbolic::AddExpr<Eigen::symbolic::AddExpr<Eigen::symbolic::SymbolExpr<Eigen::internal::symbolic_last_tag>, Eigen::symbolic::ValueExpr<Eigen::internal::FixedInt<1>>>, Eigen::symbolic::ValueExpr<>>>>::run' requested here
 = 0) const
        292 |   return VectorIndexedView|                                                                                  ^
      |                                                                                  nullptr
/Users/joshua/Developer/PedalForge/build/_deps/namcore-src/Dependencies/eigen/Eigen/src/Core/MapBase.h:181:7: note: in instantiation of default function argument expression for 'checkSanity<Eigen::Block<const Eigen::Matrix<float, -1, 1>, -1, 1>>' required here
  181 |       checkSanity<Derived>();
      |       ^
Selector<Indices>::run(/Users/joshua/Developer/PedalForge/build/_deps/namcore-src/Dependencies/eigen/Eigen/src/Core/Block.h:derived(), indices);
      |                                              ^
389:9:/Users/joshua/Developer/PedalForge/build/_deps/namcore-src/NAM/lstm.h:28:62: note: in instantiation of function template specialization 'Eigen::DenseBase<Eigen::Matrix<float, -1, 1>>::operator()<Eigen::ArithmeticSequence<Eigen::symbolic::AddExpr<Eigen::symbolic::AddExpr<Eigen::symbolic::SymbolExpr<Eigen::internal::symbolic_last_tag>, Eigen::symbolic::ValueExpr<Eigen::internal::FixedInt<1>>>, Eigen::symbolic::ValueExpr<>>>, true>' requested here
   28 |   Eigen::Ve note: in instantiation of member function 'Eigen::MapBase<Eigen::Block<const Eigen::Matrix<float, -1, 1>, -1, 1>>::MapBase' requested here
  389 |       : Base(add_to_nullable_pointer(xpr.data(),
      |         ^
ctorXf get_hidden_state() const { return this->_xh(Eige/Users/joshua/Developer/PedalForge/build/_deps/namcore-src/Dependencies/eigen/Eigen/src/Core/Block.h:168:9: note: in instantiation of member function 'Eigen::internal::BlockImpl_dense<const Eigen::Matrix<float, -1, 1>, -1, 1>::BlockImpl_dense' requested heren::placeholders::last
N(this->_get_hidden_size())); };
      |                                                              ^
  168 |       : Impl(xpr, startRow, startCol, blockRows, blockCols) {}
      |         ^
/Users/joshua/Developer/PedalForge/build/_deps/namcore-src/Dependencies/eigen/Eigen/src/Core/Block.h:144:9: note: in instantiation of member function 'Eigen::BlockImpl<const Eigen::Matrix<float, -1, 1>, -1, 1, false, Eigen::Dense>::BlockImpl' requested here
  144 |       : Impl(xpr, startRow, startCol, blockRows, blockCols)
      |         ^
/Users/joshua/Developer/PedalForge/build/_deps/namcore-src/Dependencies/eigen/Eigen/src/Core/VectorBlock.h:79:9: note: in instantiation of member function 'Eigen::Block<const Eigen::Matrix<float, -1, 1>, -1, 1>::Block' requested here
   79 |       : Base(vector,
      |         ^
/Users/joshua/Developer/PedalForge/build/_deps/namcore-src/Dependencies/eigen/Eigen/src/Core/../plugins/IndexedViewMethods.h:161:12: note: in instantiation of member function 'Eigen::VectorBlock<const Eigen::Matrix<float, -1, 1>>::VectorBlock' requested here
  161 |     return ConstReturnType(derived, internal::first(actualIndices), internal::index_list_size(actualIndices));
      |            ^
In file included from /Users/joshua/Developer/PedalForge/build/_deps/namcore-src/Dependencies/eigen/Eigen/src/Core/../plugins/IndexedViewMethods.h:292:46: note: in instantiation of member function 'Eigen::DenseBase<Eigen::Matrix<float, -1, 1>>::VectorIndexedViewSelector<Eigen::ArithmeticSequence<Eigen::symbolic::AddExpr<Eigen::symbolic::AddExpr<Eigen::symbolic::SymbolExpr<Eigen::internal::symbolic_last_tag>, Eigen::symbolic::ValueExpr<Eigen::internal::FixedInt<1>>>, Eigen::symbolic::ValueExpr<>>>>::run' requested here
  292 |   return Vecto/Users/joshua/Developer/PedalForge/source/PluginProcessor.cpp:2:
In file included from /Users/joshua/Developer/PedalForge/source/PluginEditor.h:7:
In file included from /Users/joshua/Developer/PedalForge/source/ui/InventoryOverlay.h:4:
In file included from /Users/joshua/Developer/PedalForge/source/ui/PedalPalette.h:4:
In file included from /Users/joshua/Developer/PedalForge/source/ui/../pedals/PedalRegistry.h:4:
In file included from /Users/joshua/Developer/PedalForge/source/ui/../pedals/../dsp/GraphPedalProcessor.h:4:
In file included from rIndexedViewSelector<Indices>::run(derived(), indices);
      |                                              ^
/Users/joshua/Developer/PedalForge/source/ui/../pedals/../dsp/../dsp/DSPGraph.h:5:
In file included from /Users/joshua/Developer/PedalForge/source/ui/../pedals/../dsp/../dsp/NAMNode.h:4:
In file included from /Users/joshua/Developer/PedalForge/build/_deps/namcore-src/NAM/get_dsp.h:7:
In file included from /Users/joshua/Developer/PedalForge/build/_deps/namcore-src/NAM/dsp.h:10:
In file included from /Users/joshua/Developer/PedalForge/build/_deps/namcore-src/Dependencies/eigen/Eigen/Dense:1:
In file included from /Users/joshua/Developer/PedalForge/build/_deps/namcore-src/Dependencies/eigen/Eigen/Core:303:
/Users/joshua/Developer/PedalForge/build/_deps/namcore-src/Dependencies/eigen/Eigen/src/Core/DenseStorage.h:673:91: warning: implicit conversion changes signedness: 'Index' (aka 'long') to 'std::size_t' (aka 'unsigned long') [-Wsign-conversion]
/Users/joshua/Developer/PedalForge/build/_deps/namcore-src/NAM/lstm.h:28  673 |         internal::conditional_aligned_delete_auto<T,(Options_&DontAlign)==0>(m_data, Cols_*m_rows);
      |         ~~~~~~~~                                                                     ~~~~~^~~~~~~
:62: note: in instantiation of function template specialization 'Eigen::DenseBase<Eigen::Matrix<float, -1, 1>>::operator()<Eigen::ArithmeticSequence<Eigen::symbolic::AddExpr<Eigen::symbolic::AddExpr<Eigen::symbolic::SymbolExpr<Eigen::internal::symbolic_last_tag>, Eigen::symbolic::ValueExpr<Eigen::internal::FixedInt<1>>>, Eigen::symbolic::ValueExpr<>>>, true>' requested here
/Users/joshua/Developer/PedalForge/build/_deps/namcore-src/Dependencies/eigen/Eigen/src/Core/PlainObjectBase.h   28 |   Eigen::VectorXf get_hid:278:19: note: in instantiation of member function 'Eigen::DenseStorage<float, -1, -1, 1, 0>::resize' requested here
  278 |         m_storage.resize(rows*cols, rows, cols);
      |                   ^
den_state() const { return this-/Users/joshua/Developer/PedalForge/build/_deps/namcore-src/Dependencies/eigen/Eigen/src/Core/PlainObjectBase.h:>_xh(Eigen::placehol568:7: note: in instantiation of function template specialization 'Eigen::PlainObjectBase<Eigen::Matrix<float, -1, 1>>::resizeLike<Eigen::Block<const Eigen::Matrix<float, -1, 1>, -1, 1>>' requested here
  568 |       resizeLike(other);
      |       ^
ders::lastN(this->_g/Users/joshua/Developer/PedalForge/build/_deps/namcore-src/Dependencies/eigen/Eigen/src/Core/Matrix.h:414:9: note: in instantiation of function template specialization 'Eigen::PlainObjectBase<Eigen::Matrix<float, -1, 1>>::PlainObjectBase<Eigen::Block<const Eigen::Matrix<float, -1, 1>, -1, 1>>' requested here
et_hidd  414 |       : Base(other.derived())
      |         ^
en_size())); };
      |                                                              ^
/Users/joshua/Developer/PedalForge/build/_deps/namcore-src/NAM/lstm.h:28:53: note: in instantiation of function template specialization 'Eigen::Matrix<float, -1, 1>::Matrix<Eigen::Block<const Eigen::Matrix<float, -1, 1>, -1, 1>>' requested here
   28 |   Eigen::VectorXf get_hidden_state() const { return this->_xh(Eigen::placeholders::lastN(this->_get_hidden_size())); };
      |                                                     ^
In file included from /Users/joshua/Developer/PedalForge/source/PluginProcessor.cpp:2:
In file included from /Users/joshua/Developer/PedalForge/source/PluginEditor.h:7:
In file included from /Users/joshua/Developer/PedalForge/source/ui/InventoryOverlay.h:4:
In file included from /Users/joshua/Developer/PedalForge/source/ui/PedalPalette.h:4:
In file included from /Users/joshua/Developer/PedalForge/source/ui/../pedals/PedalRegistry.h:4:
In file included from /Users/joshua/Developer/PedalForge/source/ui/../pedals/../dsp/GraphPedalProcessor.h:4:
In file included from /Users/joshua/Developer/PedalForge/source/ui/../pedals/../dsp/../dsp/DSPGraph.h:5:
In file included from /Users/joshua/Developer/PedalForge/source/ui/../pedals/../dsp/../dsp/NAMNode.h:4:
In file included from /Users/joshua/Developer/PedalForge/build/_deps/namcore-src/NAM/get_dsp.h:7:
In file included from /Users/joshua/Developer/PedalForge/build/_deps/namcore-src/NAM/dsp.h:10:
In file included from /Users/joshua/Developer/PedalForge/build/_deps/namcore-src/Dependencies/eigen/Eigen/Dense:1:
In file included from /Users/joshua/Developer/PedalForge/build/_deps/namcore-src/Dependencies/eigen/Eigen/Core:303:
/Users/joshua/Developer/PedalForge/build/_deps/namcore-src/Dependencies/eigen/Eigen/src/Core/DenseStorage.h:675:86: warning: implicit conversion changes signedness: 'Index' (aka 'long') to 'std::size_t' (aka 'unsigned long') [-Wsign-conversion]
  675 |           m_data = internal::conditional_aligned_new_auto<T,(Options_&DontAlign)==0>(size);
      |                    ~~~~~~~~                                                          ^~~~
In file included from /Users/joshua/Developer/PedalForge/source/PluginEditor.cpp:1:
In file included from /Users/joshua/Developer/PedalForge/source/PluginEditor.h:7:
In file included from /Users/joshua/Developer/PedalForge/source/ui/InventoryOverlay.h:4:
In file included from /Users/joshua/Developer/PedalForge/source/ui/PedalPalette.h:4:
In file included from /Users/joshua/Developer/PedalForge/source/ui/../pedals/PedalRegistry.h:4:
In file included from /Users/joshua/Developer/PedalForge/source/ui/../pedals/../dsp/GraphPedalProcessor.h:4:
In file included from /Users/joshua/Developer/PedalForge/source/ui/../pedals/../dsp/../dsp/DSPGraph.h:5:
In file included from /Users/joshua/Developer/PedalForge/source/ui/../pedals/../dsp/../dsp/NAMNode.h:4:
In file included from /Users/joshua/Developer/PedalForge/build/_deps/namcore-src/NAM/get_dsp.h:7:
In file included from /Users/joshua/Developer/PedalForge/build/_deps/namcore-src/NAM/dsp.h:10:
In file included from /Users/joshua/Developer/PedalForge/build/_deps/namcore-src/Dependencies/eigen/Eigen/Dense:1:
In file included from /Users/joshua/Developer/PedalForge/build/_deps/namcore-src/Dependencies/eigen/Eigen/Core:303:
/Users/joshua/Developer/PedalForge/build/_deps/namcore-src/Dependencies/eigen/Eigen/src/Core/DenseStorage.h:673:91: warning: implicit conversion changes signedness: 'Index' (aka 'long') to 'std::size_t' (aka 'unsigned long') [-Wsign-conversion]
  673 |  /Users/joshua/Developer/PedalForge/build/_deps/namcore-src/Dependencies/eigen/Eigen/src/Core/DenseStorage.h:677:20: warning: zero as null pointer constant [-Wzero-as-null-pointer-constant]
       internal::conditional_aligned_delete_a  677 |           m_data = uto<T,(Options_&DontAlign)==0>(m_data, Cols_*m_rows);
      |         ~~~~~~~~                                                                     ~~~~~^~~~~~~
0;
      |                    ^
      |                    nullptr
/Users/joshua/Developer/PedalForge/build/_deps/namcore-src/Dependencies/eigen/Eigen/src/Core/PlainObjectBase.h:278:19: note: in instantiation of member function 'Eigen::DenseStorage<float, -1, -1, 1, 0>::resize' requested here
  278 |         m_storage.resize(rows*cols, rows, cols);
      |                   ^
/Users/joshua/Developer/PedalForge/build/_deps/namcore-src/Dependencies/eigen/Eigen/src/Core/PlainObjectBase.h:568:7: note: in instantiation of function template specialization 'Eigen::PlainObjectBase<Eigen::Matrix<float, -1, 1>>::resizeLike<Eigen::Block<const Eigen::Matrix<float, -1, 1>, -1, 1>>' requested here
  568 |       resizeLike(other);
      |       ^
/Users/joshua/Developer/PedalForge/build/_deps/namcore-src/Dependencies/eigen/Eigen/src/Core/Matrix.h:414:9: note: in instantiation of function template specialization 'Eigen::PlainObjectBase<Eigen::Matrix<float, -1, 1>>::PlainObjectBase<Eigen::Block<const Eigen::Matrix<float, -1, 1>, -1, 1>>' requested here
  414 |       : Base(other.derived())
      |         ^
/Users/joshua/Developer/PedalForge/build/_deps/namcore-src/NAM/lstm.h:28:53: note: in instantiation of function template specialization 'Eigen::Matrix<float, -1, 1>::Matrix<Eigen::Block<const Eigen::Matrix<float, -1, 1>, -1, 1>>' requested here
   28 |   Eigen::VectorXf get_hidden_state() const { return this->_xh(Eigen::placeholders::lastN(this->_get_hidden_size())); };
      |                                                     ^
In file included from /Users/joshua/Developer/PedalForge/source/PluginEditor.cpp:1:
In file included from /Users/joshua/Developer/PedalForge/source/PluginEditor.h:7:
In file included from /Users/joshua/Developer/PedalForge/source/ui/InventoryOverlay.h:4:
In file included from /Users/joshua/Developer/PedalForge/source/ui/PedalPalette.h:4:
In file included from /Users/joshua/Developer/PedalForge/source/ui/../pedals/PedalRegistry.h:4:
In file included from /Users/joshua/Developer/PedalForge/source/ui/../pedals/../dsp/GraphPedalProcessor.h:4:
In file included from /Users/joshua/Developer/PedalForge/source/ui/../pedals/../dsp/../dsp/DSPGraph.h:5:
In file included from /Users/joshua/Developer/PedalForge/source/ui/../pedals/../dsp/../dsp/NAMNode.h:4:
In file included from /Users/joshua/Developer/PedalForge/build/_deps/namcore-src/NAM/get_dsp.h:7:
In file included from /Users/joshua/Developer/PedalForge/build/_deps/namcore-src/NAM/dsp.h:10:
In file included from /Users/joshua/Developer/PedalForge/build/_deps/namcore-src/Dependencies/eigen/Eigen/Dense:1:
In file included from /Users/joshua/Developer/PedalForge/build/_deps/namcore-src/Dependencies/eigen/Eigen/Core:303:
/Users/joshua/Developer/PedalForge/build/_deps/namcore-src/Dependencies/eigen/Eigen/src/Core/DenseStorage.h:675:86: warning: implicit conversion changes signedness: 'Index' (aka 'long') to 'std::size_t' (aka 'unsigned long') [-Wsign-conversion]
  675 |           m_data = internal::conditional_aligned_new_auto<T,(Options_&DontAlign)==0>(size);
      |                    ~~~~~~~~                                                          ^~~~
/Users/joshua/Developer/PedalForge/build/_deps/namcore-src/Dependencies/eigen/Eigen/src/Core/DenseStorage.h:677:20: warning: zero as null pointer constant [-Wzero-as-null-pointer-constant]
  677 |           m_data = 0;
      |                    ^
      |                    nullptr
In file included from /Users/joshua/Developer/PedalForge/source/PluginProcessor.cpp:2:
In file included from /Users/joshua/Developer/PedalForge/source/PluginEditor.h:13:
In file included from /Users/joshua/Developer/PedalForge/source/ui/CanvasOverlay.h:9:
/Users/joshua/Developer/PedalForge/source/ui/DynamicDisplayComponent.h:852:22: warning: private field 'parent' is not used [-Wunused-private-field]
  852 |     juce::Component* parent = nullptr;
      |                      ^
390 warnings and 2 errors generated.
make[2]: *** [CMakeFiles/PedalForge.dir/source/PluginProcessor.cpp.o] Error 1
make[2]: *** Waiting for unfinished jobs....
In file included from /Users/joshua/Developer/PedalForge/source/PluginEditor.cpp:1:
In file included from /Users/joshua/Developer/PedalForge/source/PluginEditor.h:13:
In file included from /Users/joshua/Developer/PedalForge/source/ui/CanvasOverlay.h:9:
/Users/joshua/Developer/PedalForge/source/ui/DynamicDisplayComponent.h:852:22: warning: private field 'parent' is not used [-Wunused-private-field]
  852 |     juce::Component* parent = nullptr;
      |                      ^
391 warnings and 2 errors generated.
make[2]: *** [CMakeFiles/PedalForge.dir/source/PluginEditor.cpp.o] Error 1
make[1]: *** [CMakeFiles/PedalForge.dir/all] Error 2
make: *** [all] Error 2
