[  1%] Building CXX object CMakeFiles/PedalForge.dir/source/PluginProcessor.cpp.o
In file included from /Users/joshua/Developer/PedalForge/source/PluginProcessor.cpp:2:
In file included from /Users/joshua/Developer/PedalForge/source/PluginEditor.h:7:
In file included from /Users/joshua/Developer/PedalForge/source/ui/InventoryOverlay.h:4:
In file included from /Users/joshua/Developer/PedalForge/source/ui/PedalPalette.h:4:
In file included from /Users/joshua/Developer/PedalForge/source/ui/../pedals/PedalRegistry.h:4:
In file included from /Users/joshua/Developer/PedalForge/source/ui/../pedals/../dsp/GraphPedalProcessor.h:4:
In file included from /Users/joshua/Developer/PedalForge/source/ui/../pedals/../dsp/../dsp/DSPGraph.h:4:
In file included from /Users/joshua/Developer/PedalForge/source/ui/../pedals/../dsp/../dsp/DSPNodeLibrary.h:4:
/Users/joshua/Developer/PedalForge/source/ui/../pedals/../dsp/../dsp/ExpressionVM.h:105:37: warning: implicit conversion changes signedness: 'int' to 'size_type' (aka 'unsigned long') [-Wsign-conversion]
  105 |             Op op = (Op) bytecode[pc++];
      |                          ~~~~~~~~ ~~^~
/Users/joshua/Developer/PedalForge/source/ui/../pedals/../dsp/../dsp/ExpressionVM.h:108:72: warning: implicit conversion changes signedness: 'int' to 'size_type' (aka 'unsigned long') [-Wsign-conversion]
  108 |                 case OP_PUSH_CONST: stack[sp++] = constants[bytecode[pc++]]; break;
      |                                                             ~~~~~~~~ ~~^~
/Users/joshua/Developer/PedalForge/source/ui/../pedals/../dsp/../dsp/ExpressionVM.h:109:67: warning: implicit conversion changes signedness: 'int' to 'size_type' (aka 'unsigned long') [-Wsign-conversion]
  109 |                 case OP_PUSH_VAR:   stack[sp++] = vars[bytecode[pc++]]; break;
      |                                                        ~~~~~~~~ ~~^~
/Users/joshua/Developer/PedalForge/source/ui/../pedals/../dsp/../dsp/ExpressionVM.h:110:53: warning: implicit conversion changes signedness: 'int' to 'size_type' (aka 'unsigned long') [-Wsign-conversion]
  110 |                 case OP_STORE_VAR:  vars[bytecode[pc++]] = stack[sp - 1]; break;
      |                                          ~~~~~~~~ ~~^~
In file included from /Users/joshua/Developer/PedalForge/source/PluginProcessor.cpp:2:
In file included from /Users/joshua/Developer/PedalForge/source/PluginEditor.h:7:
In file included from /Users/joshua/Developer/PedalForge/source/ui/InventoryOverlay.h:4:
In file included from /Users/joshua/Developer/PedalForge/source/ui/PedalPalette.h:4:
In file included from /Users/joshua/Developer/PedalForge/source/ui/../pedals/PedalRegistry.h:4:
In file included from /Users/joshua/Developer/PedalForge/source/ui/../pedals/../dsp/GraphPedalProcessor.h:4:
In file included from /Users/joshua/Developer/PedalForge/source/ui/../pedals/../dsp/../dsp/DSPGraph.h:4:
/Users/joshua/Developer/PedalForge/source/ui/../pedals/../dsp/../dsp/DSPNodeLibrary.h:78:74: warning: comparing floating point with == or != is unsafe [-Wfloat-equal]
   78 |                 else if (msg.isNoteOff() && msg.getNoteNumber() / 127.0f == currentNote)
      |                                             ~~~~~~~~~~~~~~~~~~~~~~~~~~~~ ^  ~~~~~~~~~~~
/Users/joshua/Developer/PedalForge/source/ui/../pedals/../dsp/../dsp/DSPNodeLibrary.h:476:29: warning: implicit conversion loses floating-point precision: 'double' to 'float' [-Wimplicit-float-conversion]
  476 |                 case 0: v = std::sin (phase * 2.0 * juce::MathConstants<double>::pi); break;
      |                           ~ ^~~~~~~~~~~~~~~~~~~~~~~~~~~~~~~~~~~~~~~~~~~~~~~~~~~~~~~~
/Users/joshua/Developer/PedalForge/source/ui/../pedals/../dsp/../dsp/DSPNodeLibrary.h:511:24: warning: implicit conversion changes signedness: 'int' to 'size_type' (aka 'unsigned long') [-Wsign-conversion]
  511 |         buffer.resize (maxSamples, 0.0f);
      |                ~~~~~~  ^~~~~~~~~~
/Users/joshua/Developer/PedalForge/source/ui/../pedals/../dsp/../dsp/DSPNodeLibrary.h:527:36: warning: implicit conversion changes signedness: 'int' to 'size_type' (aka 'unsigned long') [-Wsign-conversion]
  527 |             float delayed = buffer[readPos];
      |                             ~~~~~~ ^~~~~~~
/Users/joshua/Developer/PedalForge/source/ui/../pedals/../dsp/../dsp/DSPNodeLibrary.h:529:20: warning: implicit conversion changes signedness: 'int' to 'size_type' (aka 'unsigned long') [-Wsign-conversion]
  529 |             buffer[writePos] = input;
      |             ~~~~~~ ^~~~~~~~
/Users/joshua/Developer/PedalForge/source/ui/../pedals/../dsp/../dsp/DSPNodeLibrary.h:561:24: warning: implicit conversion changes signedness: 'int' to 'size_type' (aka 'unsigned long') [-Wsign-conversion]
  561 |         buffer.resize (maxSamples, 0.0f);
      |                ~~~~~~  ^~~~~~~~~~
/Users/joshua/Developer/PedalForge/source/ui/../pedals/../dsp/../dsp/DSPNodeLibrary.h:582:65: warning: implicit conversion changes signedness: 'int' to 'size_type' (aka 'unsigned long') [-Wsign-conversion]
  582 |             float delayed = buffer[r0] * (1.0f - frac) + buffer[r1] * frac;
      |                                                          ~~~~~~ ^~
/Users/joshua/Developer/PedalForge/source/ui/../pedals/../dsp/../dsp/DSPNodeLibrary.h:582:36: warning: implicit conversion changes signedness: 'int' to 'size_type' (aka 'unsigned long') [-Wsign-conversion]
  582 |             float delayed = buffer[r0] * (1.0f - frac) + buffer[r1] * frac;
      |                             ~~~~~~ ^~
/Users/joshua/Developer/PedalForge/source/ui/../pedals/../dsp/../dsp/DSPNodeLibrary.h:584:20: warning: implicit conversion changes signedness: 'int' to 'size_type' (aka 'unsigned long') [-Wsign-conversion]
  584 |             buffer[writePos] = in[0][i] + delayed * fb;
      |             ~~~~~~ ^~~~~~~~
/Users/joshua/Developer/PedalForge/source/ui/../pedals/../dsp/../dsp/DSPNodeLibrary.h:719:55: warning: implicit conversion changes signedness: 'int' to 'size_type' (aka 'unsigned long') [-Wsign-conversion]
  719 |         for (int i = 0; i < 4; ++i) { comb[i].resize ((int)(combLens[i] * scale), 0.0f); combIdx[i] = 0; combFilt[i] = 0.0f; }
      |                                               ~~~~~~  ^~~~~~~~~~~~~~~~~~~~~~~~~~
/Users/joshua/Developer/PedalForge/source/ui/../pedals/../dsp/../dsp/DSPNodeLibrary.h:720:53: warning: implicit conversion changes signedness: 'int' to 'size_type' (aka 'unsigned long') [-Wsign-conversion]
  720 |         for (int i = 0; i < 2; ++i) { ap[i].resize ((int)(apLens[i] * scale), 0.0f); apIdx[i] = 0; }
      |                                             ~~~~~~  ^~~~~~~~~~~~~~~~~~~~~~~~
/Users/joshua/Developer/PedalForge/source/ui/../pedals/../dsp/../dsp/DSPNodeLibrary.h:737:37: warning: implicit conversion changes signedness: 'int' to 'size_type' (aka 'unsigned long') [-Wsign-conversion]
  737 |                 float del = comb[c][combIdx[c]];
      |                             ~~~~    ^~~~~~~~~~
/Users/joshua/Developer/PedalForge/source/ui/../pedals/../dsp/../dsp/DSPNodeLibrary.h:739:25: warning: implicit conversion changes signedness: 'int' to 'size_type' (aka 'unsigned long') [-Wsign-conversion]
  739 |                 comb[c][combIdx[c]] = x + combFilt[c] * size;
      |                 ~~~~    ^~~~~~~~~~
/Users/joshua/Developer/PedalForge/source/ui/../pedals/../dsp/../dsp/DSPNodeLibrary.h:748:35: warning: implicit conversion changes signedness: 'int' to 'size_type' (aka 'unsigned long') [-Wsign-conversion]
  748 |                 float del = ap[a][apIdx[a]];
      |                             ~~    ^~~~~~~~
/Users/joshua/Developer/PedalForge/source/ui/../pedals/../dsp/../dsp/DSPNodeLibrary.h:750:23: warning: implicit conversion changes signedness: 'int' to 'size_type' (aka 'unsigned long') [-Wsign-conversion]
  750 |                 ap[a][apIdx[a]] = wet + del * 0.5f;
      |                 ~~    ^~~~~~~~
/Users/joshua/Developer/PedalForge/source/ui/../pedals/../dsp/../dsp/DSPNodeLibrary.h:787:26: warning: parameter 'sr' shadows member inherited from type 'DSPNode' [-Wshadow-field]
  787 |     void prepare (double sr, int bs) override
      |                          ^
/Users/joshua/Developer/PedalForge/source/ui/../pedals/../dsp/../dsp/DSPNode.h:277:12: note: declared here
  277 |     double sr = 44100.0;
      |            ^
In file included from /Users/joshua/Developer/PedalForge/source/PluginProcessor.cpp:2:
In file included from /Users/joshua/Developer/PedalForge/source/PluginEditor.h:7:
In file included from /Users/joshua/Developer/PedalForge/source/ui/InventoryOverlay.h:4:
In file included from /Users/joshua/Developer/PedalForge/source/ui/PedalPalette.h:4:
In file included from /Users/joshua/Developer/PedalForge/source/ui/../pedals/PedalRegistry.h:4:
In file included from /Users/joshua/Developer/PedalForge/source/ui/../pedals/../dsp/GraphPedalProcessor.h:4:
In file included from /Users/joshua/Developer/PedalForge/source/ui/../pedals/../dsp/../dsp/DSPGraph.h:4:
/Users/joshua/Developer/PedalForge/source/ui/../pedals/../dsp/../dsp/DSPNodeLibrary.h:837:26: warning: parameter 'sr' shadows member inherited from type 'DSPNode' [-Wshadow-field]
  837 |     void prepare (double sr, int bs) override
      |                          ^
/Users/joshua/Developer/PedalForge/source/ui/../pedals/../dsp/../dsp/DSPNode.h:277:12: note: declared here
  277 |     double sr = 44100.0;
      |            ^
In file included from /Users/joshua/Developer/PedalForge/source/PluginProcessor.cpp:2:
In file included from /Users/joshua/Developer/PedalForge/source/PluginEditor.h:7:
In file included from /Users/joshua/Developer/PedalForge/source/ui/InventoryOverlay.h:4:
In file included from /Users/joshua/Developer/PedalForge/source/ui/PedalPalette.h:4:
In file included from /Users/joshua/Developer/PedalForge/source/ui/../pedals/PedalRegistry.h:4:
In file included from /Users/joshua/Developer/PedalForge/source/ui/../pedals/../dsp/GraphPedalProcessor.h:4:
In file included from /Users/joshua/Developer/PedalForge/source/ui/../pedals/../dsp/../dsp/DSPGraph.h:4:
/Users/joshua/Developer/PedalForge/source/ui/../pedals/../dsp/../dsp/DSPNodeLibrary.h:901:26: warning: parameter 'sr' shadows member inherited from type 'DSPNode' [-Wshadow-field]
  901 |     void prepare (double sr, int bs) override
      |                          ^
/Users/joshua/Developer/PedalForge/source/ui/../pedals/../dsp/../dsp/DSPNode.h:277:12: note: declared here
  277 |     double sr = 44100.0;
      |            ^
In file included from /Users/joshua/Developer/PedalForge/source/PluginProcessor.cpp:2:
In file included from /Users/joshua/Developer/PedalForge/source/PluginEditor.h:7:
In file included from /Users/joshua/Developer/PedalForge/source/ui/InventoryOverlay.h:4:
In file included from /Users/joshua/Developer/PedalForge/source/ui/PedalPalette.h:4:
In file included from /Users/joshua/Developer/PedalForge/source/ui/../pedals/PedalRegistry.h:4:
In file included from /Users/joshua/Developer/PedalForge/source/ui/../pedals/../dsp/GraphPedalProcessor.h:4:
In file included from /Users/joshua/Developer/PedalForge/source/ui/../pedals/../dsp/../dsp/DSPGraph.h:4:
/Users/joshua/Developer/PedalForge/source/ui/../pedals/../dsp/../dsp/DSPNodeLibrary.h:969:26: warning: parameter 'sr' shadows member inherited from type 'DSPNode' [-Wshadow-field]
  969 |     void prepare (double sr, int bs) override
      |                          ^
/Users/joshua/Developer/PedalForge/source/ui/../pedals/../dsp/../dsp/DSPNode.h:277:12: note: declared here
  277 |     double sr = 44100.0;
      |            ^
In file included from /Users/joshua/Developer/PedalForge/source/PluginProcessor.cpp:2:
In file included from /Users/joshua/Developer/PedalForge/source/PluginEditor.h:7:
In file included from /Users/joshua/Developer/PedalForge/source/ui/InventoryOverlay.h:4:
In file included from /Users/joshua/Developer/PedalForge/source/ui/PedalPalette.h:4:
In file included from /Users/joshua/Developer/PedalForge/source/ui/../pedals/PedalRegistry.h:4:
In file included from /Users/joshua/Developer/PedalForge/source/ui/../pedals/../dsp/GraphPedalProcessor.h:4:
In file included from /Users/joshua/Developer/PedalForge/source/ui/../pedals/../dsp/../dsp/DSPGraph.h:4:
/Users/joshua/Developer/PedalForge/source/ui/../pedals/../dsp/../dsp/DSPNodeLibrary.h:982:18: warning: comparing floating point with == or != is unsafe [-Wfloat-equal]
  982 |         if (freq != lastFreq || gainDB != lastGain || q != lastQ)
      |             ~~~~ ^  ~~~~~~~~
/Users/joshua/Developer/PedalForge/source/ui/../pedals/../dsp/../dsp/DSPNodeLibrary.h:982:40: warning: comparing floating point with == or != is unsafe [-Wfloat-equal]
  982 |         if (freq != lastFreq || gainDB != lastGain || q != lastQ)
      |                                 ~~~~~~ ^  ~~~~~~~~
/Users/joshua/Developer/PedalForge/source/ui/../pedals/../dsp/../dsp/DSPNodeLibrary.h:982:57: warning: comparing floating point with == or != is unsafe [-Wfloat-equal]
  982 |         if (freq != lastFreq || gainDB != lastGain || q != lastQ)
      |                                                       ~ ^  ~~~~~
/Users/joshua/Developer/PedalForge/source/ui/../pedals/../dsp/../dsp/DSPNodeLibrary.h:1038:26: warning: parameter 'sr' shadows member inherited from type 'DSPNode' [-Wshadow-field]
 1038 |     void prepare (double sr, int bs) override
      |                          ^
/Users/joshua/Developer/PedalForge/source/ui/../pedals/../dsp/../dsp/DSPNode.h:277:12: note: declared here
  277 |     double sr = 44100.0;
      |            ^
In file included from /Users/joshua/Developer/PedalForge/source/PluginProcessor.cpp:2:
In file included from /Users/joshua/Developer/PedalForge/source/PluginEditor.h:7:
In file included from /Users/joshua/Developer/PedalForge/source/ui/InventoryOverlay.h:4:
In file included from /Users/joshua/Developer/PedalForge/source/ui/PedalPalette.h:4:
In file included from /Users/joshua/Developer/PedalForge/source/ui/../pedals/PedalRegistry.h:4:
In file included from /Users/joshua/Developer/PedalForge/source/ui/../pedals/../dsp/GraphPedalProcessor.h:4:
In file included from /Users/joshua/Developer/PedalForge/source/ui/../pedals/../dsp/../dsp/DSPGraph.h:4:
/Users/joshua/Developer/PedalForge/source/ui/../pedals/../dsp/../dsp/DSPNodeLibrary.h:1670:67: warning: implicit conversion changes signedness: 'int' to 'size_type' (aka 'unsigned long') [-Wsign-conversion]
 1670 |         if (int srIdx = vm.getVarIndex("sr"); srIdx >= 0) vm.vars[srIdx] = (float) sampleRate;
      |                                                           ~~      ^~~~~
/Users/joshua/Developer/PedalForge/source/ui/../pedals/../dsp/../dsp/DSPNodeLibrary.h:1671:67: warning: implicit conversion changes signedness: 'int' to 'size_type' (aka 'unsigned long') [-Wsign-conversion]
 1671 |         if (int dtIdx = vm.getVarIndex("dt"); dtIdx >= 0) vm.vars[dtIdx] = 1.0f / (float) sampleRate;
      |                                                           ~~      ^~~~~
/Users/joshua/Developer/PedalForge/source/ui/../pedals/../dsp/../dsp/DSPNodeLibrary.h:1672:67: warning: implicit conversion changes signedness: 'int' to 'size_type' (aka 'unsigned long') [-Wsign-conversion]
 1672 |         if (int tIdx  = vm.getVarIndex("t");  tIdx >= 0)  vm.vars[tIdx]  = 0.0f;
      |                                                           ~~      ^~~~
/Users/joshua/Developer/PedalForge/source/ui/../pedals/../dsp/../dsp/DSPNodeLibrary.h:1686:25: warning: implicit conversion changes signedness: 'value_type' (aka 'int') to 'size_type' (aka 'unsigned long') [-Wsign-conversion]
 1686 |                 vm.vars[paramIndices[p]] = getParams()[p].get();
      |                 ~~      ^~~~~~~~~~~~~~~
/Users/joshua/Developer/PedalForge/source/ui/../pedals/../dsp/../dsp/DSPNodeLibrary.h:1692:43: warning: implicit conversion changes signedness: 'int' to 'size_type' (aka 'unsigned long') [-Wsign-conversion]
 1692 |         float dt = (dtIdx >= 0) ? vm.vars[dtIdx] : 0.0f;
      |                                   ~~      ^~~~~
/Users/joshua/Developer/PedalForge/source/ui/../pedals/../dsp/../dsp/DSPNodeLibrary.h:1700:29: warning: implicit conversion changes signedness: 'value_type' (aka 'int') to 'size_type' (aka 'unsigned long') [-Wsign-conversion]
 1700 |                     vm.vars[inputIndices[p]] = (p < (size_t)numIn) ? in[p][i] : 0.0f;
      |                     ~~      ^~~~~~~~~~~~~~~
/Users/joshua/Developer/PedalForge/source/ui/../pedals/../dsp/../dsp/DSPNodeLibrary.h:1706:52: warning: implicit conversion changes signedness: 'value_type' (aka 'int') to 'size_type' (aka 'unsigned long') [-Wsign-conversion]
 1706 |                 if (outputIndices[p] >= 0) vm.vars[outputIndices[p]] = 0.0f;
      |                                            ~~      ^~~~~~~~~~~~~~~~
/Users/joshua/Developer/PedalForge/source/ui/../pedals/../dsp/../dsp/DSPNodeLibrary.h:1708:41: warning: implicit conversion changes signedness: 'int' to 'size_type' (aka 'unsigned long') [-Wsign-conversion]
 1708 |             if (defOutIdx >= 0) vm.vars[defOutIdx] = 0.0f;
      |                                 ~~      ^~~~~~~~~
/Users/joshua/Developer/PedalForge/source/ui/../pedals/../dsp/../dsp/DSPNodeLibrary.h:1715:58: warning: implicit conversion changes signedness: 'value_type' (aka 'int') to 'size_type' (aka 'unsigned long') [-Wsign-conversion]
 1715 |                     if (outputIndices[p] >= 0 && vm.vars[outputIndices[p]] != 0.0f)
      |                                                  ~~      ^~~~~~~~~~~~~~~~
/Users/joshua/Developer/PedalForge/source/ui/../pedals/../dsp/../dsp/DSPNodeLibrary.h:1716:45: warning: implicit conversion changes signedness: 'value_type' (aka 'int') to 'size_type' (aka 'unsigned long') [-Wsign-conversion]
 1716 |                         out[p][i] = vm.vars[outputIndices[p]];
      |                                     ~~      ^~~~~~~~~~~~~~~~
/Users/joshua/Developer/PedalForge/source/ui/../pedals/../dsp/../dsp/DSPNodeLibrary.h:1718:64: warning: implicit conversion changes signedness: 'int' to 'size_type' (aka 'unsigned long') [-Wsign-conversion]
 1718 |                         out[0][i] = (defOutIdx >= 0 && vm.vars[defOutIdx] != 0.0f) ? vm.vars[defOutIdx] : result;
      |                                                        ~~      ^~~~~~~~~
/Users/joshua/Developer/PedalForge/source/ui/../pedals/../dsp/../dsp/DSPNodeLibrary.h:1718:94: warning: implicit conversion changes signedness: 'int' to 'size_type' (aka 'unsigned long') [-Wsign-conversion]
 1718 |                         out[0][i] = (defOutIdx >= 0 && vm.vars[defOutIdx] != 0.0f) ? vm.vars[defOutIdx] : result;
      |                                                                                      ~~      ^~~~~~~~~
/Users/joshua/Developer/PedalForge/source/ui/../pedals/../dsp/../dsp/DSPNodeLibrary.h:1724:36: warning: implicit conversion changes signedness: 'int' to 'size_type' (aka 'unsigned long') [-Wsign-conversion]
 1724 |             if (tIdx >= 0) vm.vars[tIdx] += dt;
      |                            ~~      ^~~~
/Users/joshua/Developer/PedalForge/source/ui/../pedals/../dsp/../dsp/DSPNodeLibrary.h:1868:54: warning: comparing floating point with == or != is unsafe [-Wfloat-equal]
 1868 |                     if (msg.getNoteNumber() / 127.0f == currentNote)
      |                         ~~~~~~~~~~~~~~~~~~~~~~~~~~~~ ^  ~~~~~~~~~~~
In file included from /Users/joshua/Developer/PedalForge/source/PluginProcessor.cpp:2:
In file included from /Users/joshua/Developer/PedalForge/source/PluginEditor.h:7:
In file included from /Users/joshua/Developer/PedalForge/source/ui/InventoryOverlay.h:4:
In file included from /Users/joshua/Developer/PedalForge/source/ui/PedalPalette.h:4:
In file included from /Users/joshua/Developer/PedalForge/source/ui/../pedals/PedalRegistry.h:4:
In file included from /Users/joshua/Developer/PedalForge/source/ui/../pedals/../dsp/GraphPedalProcessor.h:4:
In file included from /Users/joshua/Developer/PedalForge/source/ui/../pedals/../dsp/../dsp/DSPGraph.h:4:
In file included from /Users/joshua/Developer/PedalForge/source/ui/../pedals/../dsp/../dsp/DSPNodeLibrary.h:2036:
/Users/joshua/Developer/PedalForge/source/ui/../pedals/../dsp/../dsp/SynthNodeLibrary.h:153:28: warning: implicit conversion loses floating-point precision: 'double' to 'float' [-Wimplicit-float-conversion]
  153 |         float aRate = 1.0f / (a * sr);
      |               ~~~~~   ~~~~~^~~~~~~~~~
/Users/joshua/Developer/PedalForge/source/ui/../pedals/../dsp/../dsp/SynthNodeLibrary.h:154:28: warning: implicit conversion loses floating-point precision: 'double' to 'float' [-Wimplicit-float-conversion]
  154 |         float dRate = 1.0f / (d * sr);
      |               ~~~~~   ~~~~~^~~~~~~~~~
/Users/joshua/Developer/PedalForge/source/ui/../pedals/../dsp/../dsp/SynthNodeLibrary.h:155:28: warning: implicit conversion loses floating-point precision: 'double' to 'float' [-Wimplicit-float-conversion]
  155 |         float rRate = 1.0f / (r * sr);
      |               ~~~~~   ~~~~~^~~~~~~~~~
/Users/joshua/Developer/PedalForge/source/ui/../pedals/../dsp/../dsp/SynthNodeLibrary.h:207:28: warning: implicit conversion loses floating-point precision: 'double' to 'float' [-Wimplicit-float-conversion]
  207 |         float aRate = 1.0f / (getParam("attack")->get() * sr);
      |               ~~~~~   ~~~~~^~~~~~~~~~~~~~~~~~~~~~~~~~~~~~~~~~
/Users/joshua/Developer/PedalForge/source/ui/../pedals/../dsp/../dsp/SynthNodeLibrary.h:208:28: warning: implicit conversion loses floating-point precision: 'double' to 'float' [-Wimplicit-float-conversion]
  208 |         float rRate = 1.0f / (getParam("release")->get() * sr);
      |               ~~~~~   ~~~~~^~~~~~~~~~~~~~~~~~~~~~~~~~~~~~~~~~~
/Users/joshua/Developer/PedalForge/source/ui/../pedals/../dsp/../dsp/SynthNodeLibrary.h:269:61: warning: implicit conversion loses floating-point precision: 'double' to 'float' [-Wimplicit-float-conversion]
  269 |             float p = freq * juce::MathConstants<float>::pi / sr;
      |                   ~   ~~~~~~~~~~~~~~~~~~~~~~~~~~~~~~~~~~~~~~^~~~
/Users/joshua/Developer/PedalForge/source/ui/../pedals/../dsp/../dsp/SynthNodeLibrary.h:320:69: warning: implicit conversion loses floating-point precision: 'double' to 'float' [-Wimplicit-float-conversion]
  320 |             float wc = 2.0f * juce::MathConstants<float>::pi * freq / sr;
      |                   ~~   ~~~~~~~~~~~~~~~~~~~~~~~~~~~~~~~~~~~~~~~~~~~~~^~~~
/Users/joshua/Developer/PedalForge/source/ui/../pedals/../dsp/../dsp/SynthNodeLibrary.h:369:17: warning: implicit conversion turns floating-point number into integer: 'float' to 'bool' [-Wfloat-conversion]
  369 |             if (isExp)
      |             ~~  ^~~~~
/Users/joshua/Developer/PedalForge/source/ui/../pedals/../dsp/../dsp/SynthNodeLibrary.h:397:39: warning: implicit conversion loses floating-point precision: 'double' to 'float' [-Wimplicit-float-conversion]
  397 |         float coeff = time > 0.001f ? std::exp (-1.0f / (time * sr)) : 0.0f;
      |               ~~~~~                   ^~~~~~~~~~~~~~~~~~~~~~~~~~~~~~
In file included from /Users/joshua/Developer/PedalForge/source/PluginProcessor.cpp:2:
In file included from /Users/joshua/Developer/PedalForge/source/PluginEditor.h:7:
In file included from /Users/joshua/Developer/PedalForge/source/ui/InventoryOverlay.h:4:
In file included from /Users/joshua/Developer/PedalForge/source/ui/PedalPalette.h:4:
In file included from /Users/joshua/Developer/PedalForge/source/ui/../pedals/PedalRegistry.h:4:
In file included from /Users/joshua/Developer/PedalForge/source/ui/../pedals/../dsp/GraphPedalProcessor.h:4:
In file included from /Users/joshua/Developer/PedalForge/source/ui/../pedals/../dsp/../dsp/DSPGraph.h:4:
In file included from /Users/joshua/Developer/PedalForge/source/ui/../pedals/../dsp/../dsp/DSPNodeLibrary.h:2037:
/Users/joshua/Developer/PedalForge/source/ui/../pedals/../dsp/../dsp/MemoryNodeLibrary.h:43:32: warning: implicit conversion changes signedness: 'int' to 'size_type' (aka 'unsigned long') [-Wsign-conversion]
   43 |             out[0][i] = memory[readIdx];
      |                         ~~~~~~ ^~~~~~~
/Users/joshua/Developer/PedalForge/source/ui/../pedals/../dsp/../dsp/MemoryNodeLibrary.h:46:24: warning: implicit conversion changes signedness: 'int' to 'size_type' (aka 'unsigned long') [-Wsign-conversion]
   46 |                 memory[writeIdx] = dataIn;
      |                 ~~~~~~ ^~~~~~~~
/Users/joshua/Developer/PedalForge/source/ui/../pedals/../dsp/../dsp/MemoryNodeLibrary.h:99:35: warning: implicit conversion changes signedness: 'unsigned int' to 'int' [-Wsign-conversion]
   99 |         int numChannels = reader->numChannels;
      |             ~~~~~~~~~~~   ~~~~~~~~^~~~~~~~~~~
/Users/joshua/Developer/PedalForge/source/ui/../pedals/../dsp/../dsp/MemoryNodeLibrary.h:379:30: warning: comparing floating point with == or != is unsafe [-Wfloat-equal]
  379 |             out[0][i] = (val != lastVal) ? 1.0f : 0.0f;
      |                          ~~~ ^  ~~~~~~~
/Users/joshua/Developer/PedalForge/source/ui/../pedals/../dsp/../dsp/MemoryNodeLibrary.h:452:12: warning: non-static data member 'sr' of 'LogicDelayNode' shadows member inherited from type 'DSPNode' [-Wshadow-field]
  452 |     double sr = 44100.0;
      |            ^
/Users/joshua/Developer/PedalForge/source/ui/../pedals/../dsp/../dsp/DSPNode.h:277:12: note: declared here
  277 |     double sr = 44100.0;
      |            ^
In file included from /Users/joshua/Developer/PedalForge/source/PluginProcessor.cpp:2:
In file included from /Users/joshua/Developer/PedalForge/source/PluginEditor.h:7:
In file included from /Users/joshua/Developer/PedalForge/source/ui/InventoryOverlay.h:4:
In file included from /Users/joshua/Developer/PedalForge/source/ui/PedalPalette.h:4:
In file included from /Users/joshua/Developer/PedalForge/source/ui/../pedals/PedalRegistry.h:4:
In file included from /Users/joshua/Developer/PedalForge/source/ui/../pedals/../dsp/GraphPedalProcessor.h:4:
In file included from /Users/joshua/Developer/PedalForge/source/ui/../pedals/../dsp/../dsp/DSPGraph.h:4:
In file included from /Users/joshua/Developer/PedalForge/source/ui/../pedals/../dsp/../dsp/DSPNodeLibrary.h:2037:
/Users/joshua/Developer/PedalForge/source/ui/../pedals/../dsp/../dsp/MemoryNodeLibrary.h:427:24: warning: implicit conversion changes signedness: 'int' to 'size_type' (aka 'unsigned long') [-Wsign-conversion]
  427 |         buffer.resize ((int)(sampleRate * 5.0), 0.0f); // 5 sec max
      |                ~~~~~~  ^~~~~~~~~~~~~~~~~~~~~~~
/Users/joshua/Developer/PedalForge/source/ui/../pedals/../dsp/../dsp/MemoryNodeLibrary.h:439:20: warning: implicit conversion changes signedness: 'int' to 'size_type' (aka 'unsigned long') [-Wsign-conversion]
  439 |             buffer[writePos] = val;
      |             ~~~~~~ ^~~~~~~~
/Users/joshua/Developer/PedalForge/source/ui/../pedals/../dsp/../dsp/MemoryNodeLibrary.h:444:32: warning: implicit conversion changes signedness: 'int' to 'size_type' (aka 'unsigned long') [-Wsign-conversion]
  444 |             out[0][i] = buffer[readPos];
      |                         ~~~~~~ ^~~~~~~
/Users/joshua/Developer/PedalForge/source/ui/../pedals/../dsp/../dsp/MemoryNodeLibrary.h:446:39: warning: implicit conversion changes signedness: 'size_type' (aka 'unsigned long') to 'int' [-Wsign-conversion]
  446 |             writePos = (writePos + 1) % buffer.size();
      |                      ~ ~~~~~~~~~~~~~~~^~~~~~~~~~~~~~~
/Users/joshua/Developer/PedalForge/source/ui/../pedals/../dsp/../dsp/MemoryNodeLibrary.h:446:34: warning: implicit conversion changes signedness: 'int' to 'size_type' (aka 'unsigned long') [-Wsign-conversion]
  446 |             writePos = (writePos + 1) % buffer.size();
      |                         ~~~~~~~~~^~~  ~
/Users/joshua/Developer/PedalForge/source/ui/../pedals/../dsp/../dsp/MemoryNodeLibrary.h:496:12: warning: non-static data member 'sr' of 'PulseWidthNode' shadows member inherited from type 'DSPNode' [-Wshadow-field]
  496 |     double sr = 44100.0;
      |            ^
/Users/joshua/Developer/PedalForge/source/ui/../pedals/../dsp/../dsp/DSPNode.h:277:12: note: declared here
  277 |     double sr = 44100.0;
      |            ^
In file included from /Users/joshua/Developer/PedalForge/source/PluginProcessor.cpp:2:
In file included from /Users/joshua/Developer/PedalForge/source/PluginEditor.h:7:
In file included from /Users/joshua/Developer/PedalForge/source/ui/InventoryOverlay.h:4:
In file included from /Users/joshua/Developer/PedalForge/source/ui/PedalPalette.h:4:
In file included from /Users/joshua/Developer/PedalForge/source/ui/../pedals/PedalRegistry.h:4:
In file included from /Users/joshua/Developer/PedalForge/source/ui/../pedals/../dsp/GraphPedalProcessor.h:4:
In file included from /Users/joshua/Developer/PedalForge/source/ui/../pedals/../dsp/../dsp/DSPGraph.h:4:
In file included from /Users/joshua/Developer/PedalForge/source/ui/../pedals/../dsp/../dsp/DSPNodeLibrary.h:2037:
/Users/joshua/Developer/PedalForge/source/ui/../pedals/../dsp/../dsp/MemoryNodeLibrary.h:541:12: warning: non-static data member 'sr' of 'OneShotNode' shadows member inherited from type 'DSPNode' [-Wshadow-field]
  541 |     double sr = 44100.0;
      |            ^
/Users/joshua/Developer/PedalForge/source/ui/../pedals/../dsp/../dsp/DSPNode.h:277:12: note: declared here
  277 |     double sr = 44100.0;
      |            ^
In file included from /Users/joshua/Developer/PedalForge/source/PluginProcessor.cpp:2:
In file included from /Users/joshua/Developer/PedalForge/source/PluginEditor.h:7:
In file included from /Users/joshua/Developer/PedalForge/source/ui/InventoryOverlay.h:4:
In file included from /Users/joshua/Developer/PedalForge/source/ui/PedalPalette.h:4:
In file included from /Users/joshua/Developer/PedalForge/source/ui/../pedals/PedalRegistry.h:4:
In file included from /Users/joshua/Developer/PedalForge/source/ui/../pedals/../dsp/GraphPedalProcessor.h:4:
In file included from /Users/joshua/Developer/PedalForge/source/ui/../pedals/../dsp/../dsp/DSPGraph.h:4:
In file included from /Users/joshua/Developer/PedalForge/source/ui/../pedals/../dsp/../dsp/DSPNodeLibrary.h:2037:
/Users/joshua/Developer/PedalForge/source/ui/../pedals/../dsp/../dsp/MemoryNodeLibrary.h:588:12: warning: non-static data member 'sr' of 'DebounceNode' shadows member inherited from type 'DSPNode' [-Wshadow-field]
  588 |     double sr = 44100.0;
      |            ^
/Users/joshua/Developer/PedalForge/source/ui/../pedals/../dsp/../dsp/DSPNode.h:277:12: note: declared here
  277 |     double sr = 44100.0;
      |            ^
In file included from /Users/joshua/Developer/PedalForge/source/PluginProcessor.cpp:2:
In file included from /Users/joshua/Developer/PedalForge/source/PluginEditor.h:7:
In file included from /Users/joshua/Developer/PedalForge/source/ui/InventoryOverlay.h:4:
In file included from /Users/joshua/Developer/PedalForge/source/ui/PedalPalette.h:4:
In file included from /Users/joshua/Developer/PedalForge/source/ui/../pedals/PedalRegistry.h:4:
In file included from /Users/joshua/Developer/PedalForge/source/ui/../pedals/../dsp/GraphPedalProcessor.h:4:
In file included from /Users/joshua/Developer/PedalForge/source/ui/../pedals/../dsp/../dsp/DSPGraph.h:4:
In file included from /Users/joshua/Developer/PedalForge/source/ui/../pedals/../dsp/../dsp/DSPNodeLibrary.h:2037:
/Users/joshua/Developer/PedalForge/source/ui/../pedals/../dsp/../dsp/MemoryNodeLibrary.h:568:21: warning: comparing floating point with == or != is unsafe [-Wfloat-equal]
  568 |             if (val != pendingVal)
      |                 ~~~ ^  ~~~~~~~~~~
/Users/joshua/Developer/PedalForge/source/ui/../pedals/../dsp/../dsp/MemoryNodeLibrary.h:632:12: warning: non-static data member 'sr' of 'BlinkNode' shadows member inherited from type 'DSPNode' [-Wshadow-field]
  632 |     double sr = 44100.0;
      |            ^
/Users/joshua/Developer/PedalForge/source/ui/../pedals/../dsp/../dsp/DSPNode.h:277:12: note: declared here
  277 |     double sr = 44100.0;
      |            ^
In file included from /Users/joshua/Developer/PedalForge/source/PluginProcessor.cpp:2:
In file included from /Users/joshua/Developer/PedalForge/source/PluginEditor.h:7:
In file included from /Users/joshua/Developer/PedalForge/source/ui/InventoryOverlay.h:4:
In file included from /Users/joshua/Developer/PedalForge/source/ui/PedalPalette.h:4:
In file included from /Users/joshua/Developer/PedalForge/source/ui/../pedals/PedalRegistry.h:4:
In file included from /Users/joshua/Developer/PedalForge/source/ui/../pedals/../dsp/GraphPedalProcessor.h:4:
In file included from /Users/joshua/Developer/PedalForge/source/ui/../pedals/../dsp/../dsp/DSPGraph.h:4:
In file included from /Users/joshua/Developer/PedalForge/source/ui/../pedals/../dsp/../dsp/DSPNodeLibrary.h:2037:
/Users/joshua/Developer/PedalForge/source/ui/../pedals/../dsp/../dsp/MemoryNodeLibrary.h:675:12: warning: non-static data member 'sr' of 'RampNode' shadows member inherited from type 'DSPNode' [-Wshadow-field]
  675 |     double sr = 44100.0;
      |            ^
/Users/joshua/Developer/PedalForge/source/ui/../pedals/../dsp/../dsp/DSPNode.h:277:12: note: declared here
  277 |     double sr = 44100.0;
      |            ^
In file included from /Users/joshua/Developer/PedalForge/source/PluginProcessor.cpp:2:
In file included from /Users/joshua/Developer/PedalForge/source/PluginEditor.h:7:
In file included from /Users/joshua/Developer/PedalForge/source/ui/InventoryOverlay.h:4:
In file included from /Users/joshua/Developer/PedalForge/source/ui/PedalPalette.h:4:
In file included from /Users/joshua/Developer/PedalForge/source/ui/../pedals/PedalRegistry.h:4:
In file included from /Users/joshua/Developer/PedalForge/source/ui/../pedals/../dsp/GraphPedalProcessor.h:4:
In file included from /Users/joshua/Developer/PedalForge/source/ui/../pedals/../dsp/../dsp/DSPGraph.h:4:
In file included from /Users/joshua/Developer/PedalForge/source/ui/../pedals/../dsp/../dsp/DSPNodeLibrary.h:2037:
/Users/joshua/Developer/PedalForge/source/ui/../pedals/../dsp/../dsp/MemoryNodeLibrary.h:715:22: warning: implicit conversion changes signedness: 'int' to 'size_type' (aka 'unsigned long') [-Wsign-conversion]
  715 |                 data[idx] = val_in;
      |                 ~~~~ ^~~
/Users/joshua/Developer/PedalForge/source/ui/../pedals/../dsp/../dsp/MemoryNodeLibrary.h:724:34: warning: implicit conversion changes signedness: 'int' to 'size_type' (aka 'unsigned long') [-Wsign-conversion]
  724 |                 out[0][i] = data[idx];
      |                             ~~~~ ^~~
/Users/joshua/Developer/PedalForge/source/ui/../pedals/../dsp/../dsp/MemoryNodeLibrary.h:714:52: warning: comparison of integers of different signs: 'int' and 'size_type' (aka 'unsigned long') [-Wsign-compare]
  714 |             if (set && !lastSet && idx >= 0 && idx < data.size()) {
      |                                                ~~~ ^ ~~~~~~~~~~~
/Users/joshua/Developer/PedalForge/source/ui/../pedals/../dsp/../dsp/MemoryNodeLibrary.h:723:33: warning: comparison of integers of different signs: 'int' and 'size_type' (aka 'unsigned long') [-Wsign-compare]
  723 |             if (idx >= 0 && idx < data.size()) {
      |                             ~~~ ^ ~~~~~~~~~~~
In file included from /Users/joshua/Developer/PedalForge/source/PluginProcessor.cpp:2:
In file included from /Users/joshua/Developer/PedalForge/source/PluginEditor.h:7:
In file included from /Users/joshua/Developer/PedalForge/source/ui/InventoryOverlay.h:4:
In file included from /Users/joshua/Developer/PedalForge/source/ui/PedalPalette.h:4:
In file included from /Users/joshua/Developer/PedalForge/source/ui/../pedals/PedalRegistry.h:4:
In file included from /Users/joshua/Developer/PedalForge/source/ui/../pedals/../dsp/GraphPedalProcessor.h:4:
In file included from /Users/joshua/Developer/PedalForge/source/ui/../pedals/../dsp/../dsp/DSPGraph.h:4:
In file included from /Users/joshua/Developer/PedalForge/source/ui/../pedals/../dsp/../dsp/DSPNodeLibrary.h:2039:
/Users/joshua/Developer/PedalForge/source/ui/../pedals/../dsp/../dsp/LogicNodeLibrary.h:78:56: warning: implicit conversion loses floating-point precision: 'double' to 'float' [-Wimplicit-float-conversion]
   78 |         float durSamples = getParam("duration")->get() * sr;
      |               ~~~~~~~~~~   ~~~~~~~~~~~~~~~~~~~~~~~~~~~~^~~~
In file included from /Users/joshua/Developer/PedalForge/source/PluginProcessor.cpp:2:
In file included from /Users/joshua/Developer/PedalForge/source/PluginEditor.h:7:
In file included from /Users/joshua/Developer/PedalForge/source/ui/InventoryOverlay.h:4:
In file included from /Users/joshua/Developer/PedalForge/source/ui/PedalPalette.h:4:
In file included from /Users/joshua/Developer/PedalForge/source/ui/../pedals/PedalRegistry.h:4:
In file included from /Users/joshua/Developer/PedalForge/source/ui/../pedals/../dsp/GraphPedalProcessor.h:4:
In file included from /Users/joshua/Developer/PedalForge/source/ui/../pedals/../dsp/../dsp/DSPGraph.h:4:
In file included from /Users/joshua/Developer/PedalForge/source/ui/../pedals/../dsp/../dsp/DSPNodeLibrary.h:2041:
/Users/joshua/Developer/PedalForge/source/ui/../pedals/../dsp/../dsp/GridSequencerNode.h:41:15: warning: unused variable 'bpm' [-Wunused-variable]
   41 |         float bpm = getParam("bpm")->get();
      |               ^~~
/Users/joshua/Developer/PedalForge/source/ui/../pedals/../dsp/../dsp/GridSequencerNode.h:38:33: warning: unused parameter 'in' [-Wunused-parameter]
   38 |     void process (const float** in, int numIn, float** out, int numOut, int numSamples) override
      |                                 ^
/Users/joshua/Developer/PedalForge/source/ui/../pedals/../dsp/../dsp/GridSequencerNode.h:38:41: warning: unused parameter 'numIn' [-Wunused-parameter]
   38 |     void process (const float** in, int numIn, float** out, int numOut, int numSamples) override
      |                                         ^
In file included from /Users/joshua/Developer/PedalForge/source/PluginProcessor.cpp:2:
In file included from /Users/joshua/Developer/PedalForge/source/PluginEditor.h:7:
In file included from /Users/joshua/Developer/PedalForge/source/ui/InventoryOverlay.h:4:
In file included from /Users/joshua/Developer/PedalForge/source/ui/PedalPalette.h:4:
In file included from /Users/joshua/Developer/PedalForge/source/ui/../pedals/PedalRegistry.h:4:
In file included from /Users/joshua/Developer/PedalForge/source/ui/../pedals/../dsp/GraphPedalProcessor.h:4:
In file included from /Users/joshua/Developer/PedalForge/source/ui/../pedals/../dsp/../dsp/DSPGraph.h:4:
In file included from /Users/joshua/Developer/PedalForge/source/ui/../pedals/../dsp/../dsp/DSPNodeLibrary.h:2042:
/Users/joshua/Developer/PedalForge/source/ui/../pedals/../dsp/../dsp/ControlNodeLibrary.h:255:12: warning: non-static data member 'sr' of 'PitchDetectorNode' shadows member inherited from type 'DSPNode' [-Wshadow-field]
  255 |     double sr = 44100.0;
      |            ^
/Users/joshua/Developer/PedalForge/source/ui/../pedals/../dsp/../dsp/DSPNode.h:277:12: note: declared here
  277 |     double sr = 44100.0;
      |            ^
In file included from /Users/joshua/Developer/PedalForge/source/PluginProcessor.cpp:2:
In file included from /Users/joshua/Developer/PedalForge/source/PluginEditor.h:7:
In file included from /Users/joshua/Developer/PedalForge/source/ui/InventoryOverlay.h:4:
In file included from /Users/joshua/Developer/PedalForge/source/ui/PedalPalette.h:4:
In file included from /Users/joshua/Developer/PedalForge/source/ui/../pedals/PedalRegistry.h:4:
In file included from /Users/joshua/Developer/PedalForge/source/ui/../pedals/../dsp/GraphPedalProcessor.h:4:
In file included from /Users/joshua/Developer/PedalForge/source/ui/../pedals/../dsp/../dsp/DSPGraph.h:4:
In file included from /Users/joshua/Developer/PedalForge/source/ui/../pedals/../dsp/../dsp/DSPNodeLibrary.h:2043:
/Users/joshua/Developer/PedalForge/source/ui/../pedals/../dsp/../dsp/PeripheralNodeLibrary.h:130:30: warning: implicit conversion loses floating-point precision: 'double' to 'float' [-Wimplicit-float-conversion]
  130 |         float releaseCoeff = std::exp (-1.0f / (sr * releaseMs * 0.001f));
      |               ~~~~~~~~~~~~   ^~~~~~~~~~~~~~~~~~~~~~~~~~~~~~~~~~~~~~~~~~~~
/Users/joshua/Developer/PedalForge/source/ui/../pedals/../dsp/../dsp/PeripheralNodeLibrary.h:202:41: warning: implicit conversion loses floating-point precision: 'double' to 'float' [-Wimplicit-float-conversion]
  202 |                         float freq = sr / period;
      |                               ~~~~   ~~~^~~~~~~~
/Users/joshua/Developer/PedalForge/source/ui/../pedals/../dsp/../dsp/PeripheralNodeLibrary.h:547:39: warning: implicit conversion loses floating-point precision: 'double' to 'float' [-Wimplicit-float-conversion]
  547 |         float durSamples = sr * durMs * 0.001f;
      |               ~~~~~~~~~~   ~~~~~~~~~~~^~~~~~~~
/Users/joshua/Developer/PedalForge/source/ui/../pedals/../dsp/../dsp/PeripheralNodeLibrary.h:569:34: warning: implicit conversion loses floating-point precision: 'double' to 'float' [-Wimplicit-float-conversion]
  569 |                 float inc = freq / sr;
      |                       ~~~   ~~~~~^~~~
In file included from /Users/joshua/Developer/PedalForge/source/PluginProcessor.cpp:2:
In file included from /Users/joshua/Developer/PedalForge/source/PluginEditor.h:7:
In file included from /Users/joshua/Developer/PedalForge/source/ui/InventoryOverlay.h:4:
In file included from /Users/joshua/Developer/PedalForge/source/ui/PedalPalette.h:4:
In file included from /Users/joshua/Developer/PedalForge/source/ui/../pedals/PedalRegistry.h:4:
In file included from /Users/joshua/Developer/PedalForge/source/ui/../pedals/../dsp/GraphPedalProcessor.h:4:
In file included from /Users/joshua/Developer/PedalForge/source/ui/../pedals/../dsp/../dsp/DSPGraph.h:5:
In file included from /Users/joshua/Developer/PedalForge/source/ui/../pedals/../dsp/../dsp/NAMNode.h:4:
In file included from /Users/joshua/Developer/PedalForge/build/_deps/namcore-src/NAM/get_dsp.h:7:
In file included from /Users/joshua/Developer/PedalForge/build/_deps/namcore-src/NAM/dsp.h:10:
In file included from /Users/joshua/Developer/PedalForge/build/_deps/namcore-src/Dependencies/eigen/Eigen/Dense:1:
In file included from /Users/joshua/Developer/PedalForge/build/_deps/namcore-src/Dependencies/eigen/Eigen/Core:173:
/Users/joshua/Developer/PedalForge/build/_deps/namcore-src/Dependencies/eigen/Eigen/src/Core/util/Memory.h:157:19: warning: zero as null pointer constant [-Wzero-as-null-pointer-constant]
  157 |   if (original == 0) return 0;
      |                   ^
      |                   nullptr
/Users/joshua/Developer/PedalForge/build/_deps/namcore-src/Dependencies/eigen/Eigen/src/Core/util/Memory.h:157:29: warning: zero as null pointer constant [-Wzero-as-null-pointer-constant]
  157 |   if (original == 0) return 0;
      |                             ^
      |                             nullptr
/Users/joshua/Developer/PedalForge/build/_deps/namcore-src/Dependencies/eigen/Eigen/src/Core/util/Memory.h:992:58: warning: zero as null pointer constant [-Wzero-as-null-pointer-constant]
  992 |   pointer allocate(size_type num, const void* /*hint*/ = 0)
      |                                                          ^
      |                                                          nullptr
In file included from /Users/joshua/Developer/PedalForge/source/PluginProcessor.cpp:2:
In file included from /Users/joshua/Developer/PedalForge/source/PluginEditor.h:7:
In file included from /Users/joshua/Developer/PedalForge/source/ui/InventoryOverlay.h:4:
In file included from /Users/joshua/Developer/PedalForge/source/ui/PedalPalette.h:4:
In file included from /Users/joshua/Developer/PedalForge/source/ui/../pedals/PedalRegistry.h:4:
In file included from /Users/joshua/Developer/PedalForge/source/ui/../pedals/../dsp/GraphPedalProcessor.h:4:
In file included from /Users/joshua/Developer/PedalForge/source/ui/../pedals/../dsp/../dsp/DSPGraph.h:5:
In file included from /Users/joshua/Developer/PedalForge/source/ui/../pedals/../dsp/../dsp/NAMNode.h:4:
In file included from /Users/joshua/Developer/PedalForge/build/_deps/namcore-src/NAM/get_dsp.h:7:
In file included from /Users/joshua/Developer/PedalForge/build/_deps/namcore-src/NAM/dsp.h:10:
In file included from /Users/joshua/Developer/PedalForge/build/_deps/namcore-src/Dependencies/eigen/Eigen/Dense:1:
In file included from /Users/joshua/Developer/PedalForge/build/_deps/namcore-src/Dependencies/eigen/Eigen/Core:179:
/Users/joshua/Developer/PedalForge/build/_deps/namcore-src/Dependencies/eigen/Eigen/src/Core/MathFunctions.h:1376:18: warning: implicit conversion changes signedness: 'int' to 'unsigned int' [-Wsign-conversion]
 1376 |   unsigned int v(x);
      |                ~ ^
In file included from /Users/joshua/Developer/PedalForge/source/PluginProcessor.cpp:2:
In file included from /Users/joshua/Developer/PedalForge/source/PluginEditor.h:7:
In file included from /Users/joshua/Developer/PedalForge/source/ui/InventoryOverlay.h:4:
In file included from /Users/joshua/Developer/PedalForge/source/ui/PedalPalette.h:4:
In file included from /Users/joshua/Developer/PedalForge/source/ui/../pedals/PedalRegistry.h:4:
In file included from /Users/joshua/Developer/PedalForge/source/ui/../pedals/../dsp/GraphPedalProcessor.h:4:
In file included from /Users/joshua/Developer/PedalForge/source/ui/../pedals/../dsp/../dsp/DSPGraph.h:5:
In file included from /Users/joshua/Developer/PedalForge/source/ui/../pedals/../dsp/../dsp/NAMNode.h:4:
In file included from /Users/joshua/Developer/PedalForge/build/_deps/namcore-src/NAM/get_dsp.h:7:
In file included from /Users/joshua/Developer/PedalForge/build/_deps/namcore-src/NAM/dsp.h:10:
In file included from /Users/joshua/Developer/PedalForge/build/_deps/namcore-src/Dependencies/eigen/Eigen/Dense:1:
In file included from /Users/joshua/Developer/PedalForge/build/_deps/namcore-src/Dependencies/eigen/Eigen/Core:185:
/Users/joshua/Developer/PedalForge/build/_deps/namcore-src/Dependencies/eigen/Eigen/src/Core/arch/Default/BFloat16.h:174:61: warning: out-of-line definition of constexpr static data member is redundant in C++17 and is deprecated [-Wdeprecated-redundant-constexpr-static-def]
  174 | EIGEN_CONSTEXPR const bool numeric_limits_bfloat16_impl<T>::is_specialized;
      |                                                             ^
/Users/joshua/Developer/PedalForge/build/_deps/namcore-src/Dependencies/eigen/Eigen/src/Core/arch/Default/BFloat16.h:176:61: warning: out-of-line definition of constexpr static data member is redundant in C++17 and is deprecated [-Wdeprecated-redundant-constexpr-static-def]
  176 | EIGEN_CONSTEXPR const bool numeric_limits_bfloat16_impl<T>::is_signed;
      |                                                             ^
/Users/joshua/Developer/PedalForge/build/_deps/namcore-src/Dependencies/eigen/Eigen/src/Core/arch/Default/BFloat16.h:178:61: warning: out-of-line definition of constexpr static data member is redundant in C++17 and is deprecated [-Wdeprecated-redundant-constexpr-static-def]
  178 | EIGEN_CONSTEXPR const bool numeric_limits_bfloat16_impl<T>::is_integer;
      |                                                             ^
/Users/joshua/Developer/PedalForge/build/_deps/namcore-src/Dependencies/eigen/Eigen/src/Core/arch/Default/BFloat16.h:180:61: warning: out-of-line definition of constexpr static data member is redundant in C++17 and is deprecated [-Wdeprecated-redundant-constexpr-static-def]
  180 | EIGEN_CONSTEXPR const bool numeric_limits_bfloat16_impl<T>::is_exact;
      |                                                             ^
/Users/joshua/Developer/PedalForge/build/_deps/namcore-src/Dependencies/eigen/Eigen/src/Core/arch/Default/BFloat16.h:182:61: warning: out-of-line definition of constexpr static data member is redundant in C++17 and is deprecated [-Wdeprecated-redundant-constexpr-static-def]
  182 | EIGEN_CONSTEXPR const bool numeric_limits_bfloat16_impl<T>::has_infinity;
      |                                                             ^
/Users/joshua/Developer/PedalForge/build/_deps/namcore-src/Dependencies/eigen/Eigen/src/Core/arch/Default/BFloat16.h:184:61: warning: out-of-line definition of constexpr static data member is redundant in C++17 and is deprecated [-Wdeprecated-redundant-constexpr-static-def]
  184 | EIGEN_CONSTEXPR const bool numeric_limits_bfloat16_impl<T>::has_quiet_NaN;
      |                                                             ^
/Users/joshua/Developer/PedalForge/build/_deps/namcore-src/Dependencies/eigen/Eigen/src/Core/arch/Default/BFloat16.h:186:61: warning: out-of-line definition of constexpr static data member is redundant in C++17 and is deprecated [-Wdeprecated-redundant-constexpr-static-def]
  186 | EIGEN_CONSTEXPR const bool numeric_limits_bfloat16_impl<T>::has_signaling_NaN;
      |                                                             ^
/Users/joshua/Developer/PedalForge/build/_deps/namcore-src/Dependencies/eigen/Eigen/src/Core/arch/Default/BFloat16.h:188:80: warning: out-of-line definition of constexpr static data member is redundant in C++17 and is deprecated [-Wdeprecated-redundant-constexpr-static-def]
  188 | EIGEN_CONSTEXPR const std::float_denorm_style numeric_limits_bfloat16_impl<T>::has_denorm;
      |                                                                                ^
/Users/joshua/Developer/PedalForge/build/_deps/namcore-src/Dependencies/eigen/Eigen/src/Core/arch/Default/BFloat16.h:190:61: warning: out-of-line definition of constexpr static data member is redundant in C++17 and is deprecated [-Wdeprecated-redundant-constexpr-static-def]
  190 | EIGEN_CONSTEXPR const bool numeric_limits_bfloat16_impl<T>::has_denorm_loss;
      |                                                             ^
/Users/joshua/Developer/PedalForge/build/_deps/namcore-src/Dependencies/eigen/Eigen/src/Core/arch/Default/BFloat16.h:192:79: warning: out-of-line definition of constexpr static data member is redundant in C++17 and is deprecated [-Wdeprecated-redundant-constexpr-static-def]
  192 | EIGEN_CONSTEXPR const std::float_round_style numeric_limits_bfloat16_impl<T>::round_style;
      |                                                                               ^
/Users/joshua/Developer/PedalForge/build/_deps/namcore-src/Dependencies/eigen/Eigen/src/Core/arch/Default/BFloat16.h:194:61: warning: out-of-line definition of constexpr static data member is redundant in C++17 and is deprecated [-Wdeprecated-redundant-constexpr-static-def]
  194 | EIGEN_CONSTEXPR const bool numeric_limits_bfloat16_impl<T>::is_iec559;
      |                                                             ^
/Users/joshua/Developer/PedalForge/build/_deps/namcore-src/Dependencies/eigen/Eigen/src/Core/arch/Default/BFloat16.h:196:61: warning: out-of-line definition of constexpr static data member is redundant in C++17 and is deprecated [-Wdeprecated-redundant-constexpr-static-def]
  196 | EIGEN_CONSTEXPR const bool numeric_limits_bfloat16_impl<T>::is_bounded;
      |                                                             ^
/Users/joshua/Developer/PedalForge/build/_deps/namcore-src/Dependencies/eigen/Eigen/src/Core/arch/Default/BFloat16.h:198:61: warning: out-of-line definition of constexpr static data member is redundant in C++17 and is deprecated [-Wdeprecated-redundant-constexpr-static-def]
  198 | EIGEN_CONSTEXPR const bool numeric_limits_bfloat16_impl<T>::is_modulo;
      |                                                             ^
/Users/joshua/Developer/PedalForge/build/_deps/namcore-src/Dependencies/eigen/Eigen/src/Core/arch/Default/BFloat16.h:200:60: warning: out-of-line definition of constexpr static data member is redundant in C++17 and is deprecated [-Wdeprecated-redundant-constexpr-static-def]
  200 | EIGEN_CONSTEXPR const int numeric_limits_bfloat16_impl<T>::digits;
      |                                                            ^
/Users/joshua/Developer/PedalForge/build/_deps/namcore-src/Dependencies/eigen/Eigen/src/Core/arch/Default/BFloat16.h:202:60: warning: out-of-line definition of constexpr static data member is redundant in C++17 and is deprecated [-Wdeprecated-redundant-constexpr-static-def]
  202 | EIGEN_CONSTEXPR const int numeric_limits_bfloat16_impl<T>::digits10;
      |                                                            ^
/Users/joshua/Developer/PedalForge/build/_deps/namcore-src/Dependencies/eigen/Eigen/src/Core/arch/Default/BFloat16.h:204:60: warning: out-of-line definition of constexpr static data member is redundant in C++17 and is deprecated [-Wdeprecated-redundant-constexpr-static-def]
  204 | EIGEN_CONSTEXPR const int numeric_limits_bfloat16_impl<T>::max_digits10;
      |                                                            ^
/Users/joshua/Developer/PedalForge/build/_deps/namcore-src/Dependencies/eigen/Eigen/src/Core/arch/Default/BFloat16.h:206:60: warning: out-of-line definition of constexpr static data member is redundant in C++17 and is deprecated [-Wdeprecated-redundant-constexpr-static-def]
  206 | EIGEN_CONSTEXPR const int numeric_limits_bfloat16_impl<T>::radix;
      |                                                            ^
/Users/joshua/Developer/PedalForge/build/_deps/namcore-src/Dependencies/eigen/Eigen/src/Core/arch/Default/BFloat16.h:208:60: warning: out-of-line definition of constexpr static data member is redundant in C++17 and is deprecated [-Wdeprecated-redundant-constexpr-static-def]
  208 | EIGEN_CONSTEXPR const int numeric_limits_bfloat16_impl<T>::min_exponent;
      |                                                            ^
/Users/joshua/Developer/PedalForge/build/_deps/namcore-src/Dependencies/eigen/Eigen/src/Core/arch/Default/BFloat16.h:210:60: warning: out-of-line definition of constexpr static data member is redundant in C++17 and is deprecated [-Wdeprecated-redundant-constexpr-static-def]
  210 | EIGEN_CONSTEXPR const int numeric_limits_bfloat16_impl<T>::min_exponent10;
      |                                                            ^
/Users/joshua/Developer/PedalForge/build/_deps/namcore-src/Dependencies/eigen/Eigen/src/Core/arch/Default/BFloat16.h:212:60: warning: out-of-line definition of constexpr static data member is redundant in C++17 and is deprecated [-Wdeprecated-redundant-constexpr-static-def]
  212 | EIGEN_CONSTEXPR const int numeric_limits_bfloat16_impl<T>::max_exponent;
      |                                                            ^
/Users/joshua/Developer/PedalForge/build/_deps/namcore-src/Dependencies/eigen/Eigen/src/Core/arch/Default/BFloat16.h:214:60: warning: out-of-line definition of constexpr static data member is redundant in C++17 and is deprecated [-Wdeprecated-redundant-constexpr-static-def]
  214 | EIGEN_CONSTEXPR const int numeric_limits_bfloat16_impl<T>::max_exponent10;
      |                                                            ^
/Users/joshua/Developer/PedalForge/build/_deps/namcore-src/Dependencies/eigen/Eigen/src/Core/arch/Default/BFloat16.h:216:61: warning: out-of-line definition of constexpr static data member is redundant in C++17 and is deprecated [-Wdeprecated-redundant-constexpr-static-def]
  216 | EIGEN_CONSTEXPR const bool numeric_limits_bfloat16_impl<T>::traps;
      |                                                             ^
/Users/joshua/Developer/PedalForge/build/_deps/namcore-src/Dependencies/eigen/Eigen/src/Core/arch/Default/BFloat16.h:218:61: warning: out-of-line definition of constexpr static data member is redundant in C++17 and is deprecated [-Wdeprecated-redundant-constexpr-static-def]
  218 | EIGEN_CONSTEXPR const bool numeric_limits_bfloat16_impl<T>::tinyness_before;
      |                                                             ^
In file included from /Users/joshua/Developer/PedalForge/source/PluginProcessor.cpp:2:
In file included from /Users/joshua/Developer/PedalForge/source/PluginEditor.h:7:
In file included from /Users/joshua/Developer/PedalForge/source/ui/InventoryOverlay.h:4:
In file included from /Users/joshua/Developer/PedalForge/source/ui/PedalPalette.h:4:
In file included from /Users/joshua/Developer/PedalForge/source/ui/../pedals/PedalRegistry.h:4:
In file included from /Users/joshua/Developer/PedalForge/source/ui/../pedals/../dsp/GraphPedalProcessor.h:4:
In file included from /Users/joshua/Developer/PedalForge/source/ui/../pedals/../dsp/../dsp/DSPGraph.h:5:
In file included from /Users/joshua/Developer/PedalForge/source/ui/../pedals/../dsp/../dsp/NAMNode.h:4:
In file included from /Users/joshua/Developer/PedalForge/build/_deps/namcore-src/NAM/get_dsp.h:7:
In file included from /Users/joshua/Developer/PedalForge/build/_deps/namcore-src/NAM/dsp.h:10:
In file included from /Users/joshua/Developer/PedalForge/build/_deps/namcore-src/Dependencies/eigen/Eigen/Dense:1:
In file included from /Users/joshua/Developer/PedalForge/build/_deps/namcore-src/Dependencies/eigen/Eigen/Core:227:
/Users/joshua/Developer/PedalForge/build/_deps/namcore-src/Dependencies/eigen/Eigen/src/Core/arch/NEON/TypeCasting.h:42:32: warning: implicit conversion changes signedness: 'const unsigned int' to 'const int' [-Wsign-conversion]
   42 |   return static_cast<Packet4c>(a);
      |          ~~~~~~~~~~~           ^
/Users/joshua/Developer/PedalForge/build/_deps/namcore-src/Dependencies/eigen/Eigen/src/Core/arch/NEON/TypeCasting.h:55:33: warning: implicit conversion changes signedness: 'const int' to 'const unsigned int' [-Wsign-conversion]
   55 |   return static_cast<Packet4uc>(a);
      |          ~~~~~~~~~~~            ^
/Users/joshua/Developer/PedalForge/build/_deps/namcore-src/Dependencies/eigen/Eigen/src/Core/arch/NEON/TypeCasting.h:390:33: warning: implicit conversion changes signedness: 'const int' to 'const unsigned int' [-Wsign-conversion]
  390 |   return static_cast<Packet4uc>(a);
      |          ~~~~~~~~~~~            ^
/Users/joshua/Developer/PedalForge/build/_deps/namcore-src/Dependencies/eigen/Eigen/src/Core/arch/NEON/TypeCasting.h:517:32: warning: implicit conversion changes signedness: 'const unsigned int' to 'const int' [-Wsign-conversion]
  517 |   return static_cast<Packet4c>(a);
      |          ~~~~~~~~~~~           ^
In file included from /Users/joshua/Developer/PedalForge/source/PluginProcessor.cpp:2:
In file included from /Users/joshua/Developer/PedalForge/source/PluginEditor.h:7:
In file included from /Users/joshua/Developer/PedalForge/source/ui/InventoryOverlay.h:4:
In file included from /Users/joshua/Developer/PedalForge/source/ui/PedalPalette.h:4:
In file included from /Users/joshua/Developer/PedalForge/source/ui/../pedals/PedalRegistry.h:4:
In file included from /Users/joshua/Developer/PedalForge/source/ui/../pedals/../dsp/GraphPedalProcessor.h:4:
In file included from /Users/joshua/Developer/PedalForge/source/ui/../pedals/../dsp/../dsp/DSPGraph.h:5:
In file included from /Users/joshua/Developer/PedalForge/source/ui/../pedals/../dsp/../dsp/NAMNode.h:4:
In file included from /Users/joshua/Developer/PedalForge/build/_deps/namcore-src/NAM/get_dsp.h:7:
In file included from /Users/joshua/Developer/PedalForge/build/_deps/namcore-src/NAM/dsp.h:10:
In file included from /Users/joshua/Developer/PedalForge/build/_deps/namcore-src/Dependencies/eigen/Eigen/Dense:1:
In file included from /Users/joshua/Developer/PedalForge/build/_deps/namcore-src/Dependencies/eigen/Eigen/Core:282:
/Users/joshua/Developer/PedalForge/build/_deps/namcore-src/Dependencies/eigen/Eigen/src/Core/util/ReshapedHelper.h:45:31: warning: implicit conversion changes signedness: 'int' to 'unsigned int' [-Wsign-conversion]
   45 |   return order == AutoOrder ? flags & RowMajorBit : order;
      |                               ^~~~~ ~
In file included from /Users/joshua/Developer/PedalForge/source/PluginProcessor.cpp:2:
In file included from /Users/joshua/Developer/PedalForge/source/PluginEditor.h:7:
In file included from /Users/joshua/Developer/PedalForge/source/ui/InventoryOverlay.h:4:
In file included from /Users/joshua/Developer/PedalForge/source/ui/PedalPalette.h:4:
In file included from /Users/joshua/Developer/PedalForge/source/ui/../pedals/PedalRegistry.h:4:
In file included from /Users/joshua/Developer/PedalForge/source/ui/../pedals/../dsp/GraphPedalProcessor.h:4:
In file included from /Users/joshua/Developer/PedalForge/source/ui/../pedals/../dsp/../dsp/DSPGraph.h:5:
In file included from /Users/joshua/Developer/PedalForge/source/ui/../pedals/../dsp/../dsp/NAMNode.h:4:
In file included from /Users/joshua/Developer/PedalForge/build/_deps/namcore-src/NAM/get_dsp.h:7:
In file included from /Users/joshua/Developer/PedalForge/build/_deps/namcore-src/NAM/dsp.h:10:
In file included from /Users/joshua/Developer/PedalForge/build/_deps/namcore-src/Dependencies/eigen/Eigen/Dense:1:
In file included from /Users/joshua/Developer/PedalForge/build/_deps/namcore-src/Dependencies/eigen/Eigen/Core:285:
/Users/joshua/Developer/PedalForge/build/_deps/namcore-src/Dependencies/eigen/Eigen/src/Core/IO.h:68:30: warning: implicit conversion changes signedness: 'int' to 'size_type' (aka 'unsigned long') [-Wsign-conversion]
   68 |     while (i>=0 && matSuffix[i]!='\n')
      |                    ~~~~~~~~~ ^
In file included from /Users/joshua/Developer/PedalForge/source/PluginProcessor.cpp:2:
In file included from /Users/joshua/Developer/PedalForge/source/PluginEditor.h:7:
In file included from /Users/joshua/Developer/PedalForge/source/ui/InventoryOverlay.h:4:
In file included from /Users/joshua/Developer/PedalForge/source/ui/PedalPalette.h:4:
In file included from /Users/joshua/Developer/PedalForge/source/ui/../pedals/PedalRegistry.h:4:
In file included from /Users/joshua/Developer/PedalForge/source/ui/../pedals/../dsp/GraphPedalProcessor.h:4:
In file included from /Users/joshua/Developer/PedalForge/source/ui/../pedals/../dsp/../dsp/DSPGraph.h:5:
In file included from /Users/joshua/Developer/PedalForge/source/ui/../pedals/../dsp/../dsp/NAMNode.h:4:
In file included from /Users/joshua/Developer/PedalForge/build/_deps/namcore-src/NAM/get_dsp.h:7:
In file included from /Users/joshua/Developer/PedalForge/build/_deps/namcore-src/NAM/dsp.h:12:
/Users/joshua/Developer/PedalForge/build/_deps/namcore-src/NAM/activations.h:62:2: warning: extra ';' outside of a function is incompatible with C++98 [-Wc++98-compat-extra-semi]
   62 | };
      |  ^
/Users/joshua/Developer/PedalForge/build/_deps/namcore-src/NAM/activations.h:67:2: warning: extra ';' outside of a function is incompatible with C++98 [-Wc++98-compat-extra-semi]
   67 | };
      |  ^
/Users/joshua/Developer/PedalForge/build/_deps/namcore-src/NAM/activations.h:111:24: warning: implicit conversion loses floating-point precision: 'double' to 'float' [-Wimplicit-float-conversion]
  111 |   return leaky_relu(x, 0.01);
      |          ~~~~~~~~~~    ^~~~
/Users/joshua/Developer/PedalForge/build/_deps/namcore-src/NAM/activations.h:179:57: warning: extra ';' after member function definition [-Wextra-semi]
  179 |   virtual void apply(float* data, long size) override {};
      |                                                         ^
/Users/joshua/Developer/PedalForge/build/_deps/namcore-src/NAM/activations.h:178:3: warning: '~ActivationIdentity' overrides a destructor but is not marked 'override' [-Winconsistent-missing-destructor-override]
  178 |   ~ActivationIdentity() = default;
      |   ^
/Users/joshua/Developer/PedalForge/build/_deps/namcore-src/NAM/activations.h:142:11: note: overridden virtual function is here
  142 |   virtual ~Activation() = default;
      |           ^
/Users/joshua/Developer/PedalForge/build/_deps/namcore-src/NAM/activations.h:179:29: warning: unused parameter 'data' [-Wunused-parameter]
  179 |   virtual void apply(float* data, long size) override {};
      |                             ^
/Users/joshua/Developer/PedalForge/build/_deps/namcore-src/NAM/activations.h:179:40: warning: unused parameter 'size' [-Wunused-parameter]
  179 |   virtual void apply(float* data, long size) override {};
      |                                        ^
/Users/joshua/Developer/PedalForge/build/_deps/namcore-src/NAM/activations.h:228:21: warning: implicit conversion loses floating-point precision: 'double' to 'float' [-Wimplicit-float-conversion]
  228 |   float min_slope = 0.01;
      |                     ^~~~
/Users/joshua/Developer/PedalForge/build/_deps/namcore-src/NAM/activations.h:229:21: warning: implicit conversion loses floating-point precision: 'double' to 'float' [-Wimplicit-float-conversion]
  229 |   float max_slope = 0.01;
      |                     ^~~~
/Users/joshua/Developer/PedalForge/build/_deps/namcore-src/NAM/activations.h:228:21: warning: implicit conversion loses floating-point precision: 'double' to 'float' [-Wimplicit-float-conversion]
  228 |   float min_slope = 0.01;
      |                     ^~~~
/Users/joshua/Developer/PedalForge/build/_deps/namcore-src/NAM/activations.h:229:21: warning: implicit conversion loses floating-point precision: 'double' to 'float' [-Wimplicit-float-conversion]
  229 |   float max_slope = 0.01;
      |                     ^~~~
/Users/joshua/Developer/PedalForge/build/_deps/namcore-src/NAM/activations.h:268:26: warning: implicit conversion loses floating-point precision: 'double' to 'float' [-Wimplicit-float-conversion]
  268 |   float negative_slope = 0.01;
      |                          ^~~~
/Users/joshua/Developer/PedalForge/build/_deps/namcore-src/NAM/activations.h:268:26: warning: implicit conversion loses floating-point precision: 'double' to 'float' [-Wimplicit-float-conversion]
  268 |   float negative_slope = 0.01;
      |                          ^~~~
/Users/joshua/Developer/PedalForge/build/_deps/namcore-src/NAM/activations.h:295:52: warning: implicit conversion changes signedness: 'long' to 'size_type' (aka 'unsigned long') [-Wsign-conversion]
  295 |       const float negative_slope = negative_slopes[pos % negative_slopes.size()];
      |                                                    ^~~ ~
/Users/joshua/Developer/PedalForge/build/_deps/namcore-src/NAM/activations.h:324:16: warning: implicit conversion changes signedness: 'unsigned long' to 'Index' (aka 'long') [-Wsign-conversion]
  324 |         matrix(channel, time_step) = leaky_relu(matrix(channel, time_step), slopes_for_channels[channel]);
      |         ~~~~~~ ^~~~~~~
/Users/joshua/Developer/PedalForge/build/_deps/namcore-src/NAM/activations.h:324:56: warning: implicit conversion changes signedness: 'unsigned long' to 'Index' (aka 'long') [-Wsign-conversion]
  324 |         matrix(channel, time_step) = leaky_relu(matrix(channel, time_step), slopes_for_channels[channel]);
      |                                                 ~~~~~~ ^~~~~~~
/Users/joshua/Developer/PedalForge/build/_deps/namcore-src/NAM/activations.h:427:2: warning: extra ';' outside of a function is incompatible with C++98 [-Wc++98-compat-extra-semi]
  427 | }; // namespace activations
      |  ^
/Users/joshua/Developer/PedalForge/build/_deps/namcore-src/NAM/activations.h:428:2: warning: extra ';' outside of a function is incompatible with C++98 [-Wc++98-compat-extra-semi]
  428 | }; // namespace nam
      |  ^
In file included from /Users/joshua/Developer/PedalForge/source/PluginProcessor.cpp:2:
In file included from /Users/joshua/Developer/PedalForge/source/PluginEditor.h:7:
In file included from /Users/joshua/Developer/PedalForge/source/ui/InventoryOverlay.h:4:
In file included from /Users/joshua/Developer/PedalForge/source/ui/PedalPalette.h:4:
In file included from /Users/joshua/Developer/PedalForge/source/ui/../pedals/PedalRegistry.h:4:
In file included from /Users/joshua/Developer/PedalForge/source/ui/../pedals/../dsp/GraphPedalProcessor.h:4:
In file included from /Users/joshua/Developer/PedalForge/source/ui/../pedals/../dsp/../dsp/DSPGraph.h:5:
In file included from /Users/joshua/Developer/PedalForge/source/ui/../pedals/../dsp/../dsp/NAMNode.h:4:
In file included from /Users/joshua/Developer/PedalForge/build/_deps/namcore-src/NAM/get_dsp.h:7:
/Users/joshua/Developer/PedalForge/build/_deps/namcore-src/NAM/dsp.h:84:71: warning: extra ';' after member function definition [-Wextra-semi]
   84 |   double GetExpectedSampleRate() const { return mExpectedSampleRate; };
      |                                                                       ^
/Users/joshua/Developer/PedalForge/build/_deps/namcore-src/NAM/dsp.h:88:55: warning: extra ';' after member function definition [-Wextra-semi]
   88 |   int NumInputChannels() const { return mInChannels; };
      |                                                       ^
/Users/joshua/Developer/PedalForge/build/_deps/namcore-src/NAM/dsp.h:92:57: warning: extra ';' after member function definition [-Wextra-semi]
   92 |   int NumOutputChannels() const { return mOutChannels; };
      |                                                         ^
/Users/joshua/Developer/PedalForge/build/_deps/namcore-src/NAM/dsp.h:127:52: warning: extra ';' after member function definition [-Wextra-semi]
  127 |   bool HasLoudness() const { return mHasLoudness; };
      |                                                    ^
/Users/joshua/Developer/PedalForge/build/_deps/namcore-src/NAM/dsp.h:186:45: warning: extra ';' after member function definition [-Wextra-semi]
  186 |   virtual int PrewarmSamples() { return 0; };
      |                                             ^
/Users/joshua/Developer/PedalForge/build/_deps/namcore-src/NAM/dsp.h:194:58: warning: extra ';' after member function definition [-Wextra-semi]
  194 |   int GetMaxBufferSize() const { return mMaxBufferSize; };
      |                                                          ^
/Users/joshua/Developer/PedalForge/build/_deps/namcore-src/NAM/dsp.h:336:108: warning: extra ';' after member function definition [-Wextra-semi]
  336 |   Eigen::MatrixXf process(const Eigen::MatrixXf& input) const { return process(input, (int)input.cols()); };
      |                                                                                                            ^
/Users/joshua/Developer/PedalForge/build/_deps/namcore-src/NAM/dsp.h:398:2: warning: extra ';' outside of a function is incompatible with C++98 [-Wc++98-compat-extra-semi]
  398 | }; // namespace nam
      |  ^
In file included from /Users/joshua/Developer/PedalForge/source/PluginProcessor.cpp:2:
In file included from /Users/joshua/Developer/PedalForge/source/PluginEditor.h:7:
In file included from /Users/joshua/Developer/PedalForge/source/ui/InventoryOverlay.h:4:
In file included from /Users/joshua/Developer/PedalForge/source/ui/PedalPalette.h:4:
In file included from /Users/joshua/Developer/PedalForge/source/ui/../pedals/PedalRegistry.h:4:
In file included from /Users/joshua/Developer/PedalForge/source/ui/../pedals/../dsp/GraphPedalProcessor.h:4:
In file included from /Users/joshua/Developer/PedalForge/source/ui/../pedals/../dsp/../dsp/DSPGraph.h:5:
In file included from /Users/joshua/Developer/PedalForge/source/ui/../pedals/../dsp/../dsp/NAMNode.h:4:
/Users/joshua/Developer/PedalForge/build/_deps/namcore-src/NAM/get_dsp.h:28:15: warning: constructor parameter 'major' shadows the field 'major' of 'Version' [-Wshadow-field-in-constructor]
   28 |   Version(int major, int minor, int patch)
      |               ^
/Users/joshua/Developer/PedalForge/build/_deps/namcore-src/NAM/get_dsp.h:52:7: note: previous declaration is here
   52 |   int major;
      |       ^
/Users/joshua/Developer/PedalForge/build/_deps/namcore-src/NAM/get_dsp.h:28:26: warning: constructor parameter 'minor' shadows the field 'minor' of 'Version' [-Wshadow-field-in-constructor]
   28 |   Version(int major, int minor, int patch)
      |                          ^
/Users/joshua/Developer/PedalForge/build/_deps/namcore-src/NAM/get_dsp.h:53:7: note: previous declaration is here
   53 |   int minor;
      |       ^
/Users/joshua/Developer/PedalForge/build/_deps/namcore-src/NAM/get_dsp.h:28:37: warning: constructor parameter 'patch' shadows the field 'patch' of 'Version' [-Wshadow-field-in-constructor]
   28 |   Version(int major, int minor, int patch)
      |                                     ^
/Users/joshua/Developer/PedalForge/build/_deps/namcore-src/NAM/get_dsp.h:54:7: note: previous declaration is here
   54 |   int patch;
      |       ^
/Users/joshua/Developer/PedalForge/build/_deps/namcore-src/NAM/get_dsp.h:101:2: warning: extra ';' outside of a function is incompatible with C++98 [-Wc++98-compat-extra-semi]
  101 | }; // namespace nam
      |  ^
In file included from /Users/joshua/Developer/PedalForge/source/PluginProcessor.cpp:2:
In file included from /Users/joshua/Developer/PedalForge/source/PluginEditor.h:7:
In file included from /Users/joshua/Developer/PedalForge/source/ui/InventoryOverlay.h:4:
In file included from /Users/joshua/Developer/PedalForge/source/ui/PedalPalette.h:4:
In file included from /Users/joshua/Developer/PedalForge/source/ui/../pedals/PedalRegistry.h:4:
In file included from /Users/joshua/Developer/PedalForge/source/ui/../pedals/../dsp/GraphPedalProcessor.h:4:
In file included from /Users/joshua/Developer/PedalForge/source/ui/../pedals/../dsp/../dsp/DSPGraph.h:5:
In file included from /Users/joshua/Developer/PedalForge/source/ui/../pedals/../dsp/../dsp/NAMNode.h:9:
In file included from /Users/joshua/Developer/PedalForge/build/_deps/namcore-src/NAM/wavenet/model.h:15:
In file included from /Users/joshua/Developer/PedalForge/build/_deps/namcore-src/NAM/wavenet/detail.h:3:
/Users/joshua/Developer/PedalForge/build/_deps/namcore-src/NAM/wavenet/params.h:211:100: warning: constructor parameter 'groups_input' shadows the field 'groups_input' of 'LayerArrayParams' [-Wshadow-field-in-constructor]
  211 |                    const std::vector<GatingMode>&& gating_modes_, const bool head_bias_, const int groups_input,
      |                                                                                                    ^
/Users/joshua/Developer/PedalForge/build/_deps/namcore-src/NAM/wavenet/params.h:288:13: note: previous declaration is here
  288 |   const int groups_input; ///< Number of groups for input convolutions
      |             ^
In file included from /Users/joshua/Developer/PedalForge/source/PluginProcessor.cpp:2:
In file included from /Users/joshua/Developer/PedalForge/source/PluginEditor.h:7:
In file included from /Users/joshua/Developer/PedalForge/source/ui/InventoryOverlay.h:4:
In file included from /Users/joshua/Developer/PedalForge/source/ui/PedalPalette.h:4:
In file included from /Users/joshua/Developer/PedalForge/source/ui/../pedals/PedalRegistry.h:4:
In file included from /Users/joshua/Developer/PedalForge/source/ui/../pedals/../dsp/GraphPedalProcessor.h:4:
In file included from /Users/joshua/Developer/PedalForge/source/ui/../pedals/../dsp/../dsp/DSPGraph.h:5:
In file included from /Users/joshua/Developer/PedalForge/source/ui/../pedals/../dsp/../dsp/NAMNode.h:9:
In file included from /Users/joshua/Developer/PedalForge/build/_deps/namcore-src/NAM/wavenet/model.h:15:
In file included from /Users/joshua/Developer/PedalForge/build/_deps/namcore-src/NAM/wavenet/detail.h:12:
In file included from /Users/joshua/Developer/PedalForge/build/_deps/namcore-src/NAM/wavenet/../conv1d.h:5:
/Users/joshua/Developer/PedalForge/build/_deps/namcore-src/NAM/wavenet/../ring_buffer.h:15:18: warning: extra ';' after member function definition [-Wextra-semi]
   15 |   RingBuffer() {};
      |                  ^
/Users/joshua/Developer/PedalForge/build/_deps/namcore-src/NAM/wavenet/../ring_buffer.h:49:45: warning: implicit conversion loses integer precision: 'Index' (aka 'long') to 'int' [-Wshorten-64-to-32]
   49 |   int GetChannels() const { return _storage.rows(); }
      |                             ~~~~~~ ~~~~~~~~~^~~~~~
In file included from /Users/joshua/Developer/PedalForge/source/PluginProcessor.cpp:2:
In file included from /Users/joshua/Developer/PedalForge/source/PluginEditor.h:7:
In file included from /Users/joshua/Developer/PedalForge/source/ui/InventoryOverlay.h:4:
In file included from /Users/joshua/Developer/PedalForge/source/ui/PedalPalette.h:4:
In file included from /Users/joshua/Developer/PedalForge/source/ui/../pedals/PedalRegistry.h:4:
In file included from /Users/joshua/Developer/PedalForge/source/ui/../pedals/../dsp/GraphPedalProcessor.h:4:
In file included from /Users/joshua/Developer/PedalForge/source/ui/../pedals/../dsp/../dsp/DSPGraph.h:5:
In file included from /Users/joshua/Developer/PedalForge/source/ui/../pedals/../dsp/../dsp/NAMNode.h:9:
In file included from /Users/joshua/Developer/PedalForge/build/_deps/namcore-src/NAM/wavenet/model.h:15:
In file included from /Users/joshua/Developer/PedalForge/build/_deps/namcore-src/NAM/wavenet/detail.h:12:
/Users/joshua/Developer/PedalForge/build/_deps/namcore-src/NAM/wavenet/../conv1d.h:24:4: warning: extra ';' after member function definition [-Wextra-semi]
   24 |   };
      |    ^
/Users/joshua/Developer/PedalForge/build/_deps/namcore-src/NAM/wavenet/../conv1d.h:37:4: warning: extra ';' after member function definition [-Wextra-semi]
   37 |   };
      |    ^
/Users/joshua/Developer/PedalForge/build/_deps/namcore-src/NAM/wavenet/../conv1d.h:114:55: warning: extra ';' after member function definition [-Wextra-semi]
  114 |   int get_dilation() const { return this->_dilation; };
      |                                                       ^
/Users/joshua/Developer/PedalForge/build/_deps/namcore-src/NAM/wavenet/../conv1d.h:118:59: warning: extra ';' after member function definition [-Wextra-semi]
  118 |   bool has_bias() const { return this->_bias.size() > 0; };
      |                                                           ^
In file included from /Users/joshua/Developer/PedalForge/source/PluginProcessor.cpp:2:
In file included from /Users/joshua/Developer/PedalForge/source/PluginEditor.h:7:
In file included from /Users/joshua/Developer/PedalForge/source/ui/InventoryOverlay.h:4:
In file included from /Users/joshua/Developer/PedalForge/source/ui/PedalPalette.h:4:
In file included from /Users/joshua/Developer/PedalForge/source/ui/../pedals/PedalRegistry.h:4:
In file included from /Users/joshua/Developer/PedalForge/source/ui/../pedals/../dsp/GraphPedalProcessor.h:4:
In file included from /Users/joshua/Developer/PedalForge/source/ui/../pedals/../dsp/../dsp/DSPGraph.h:5:
In file included from /Users/joshua/Developer/PedalForge/source/ui/../pedals/../dsp/../dsp/NAMNode.h:4:
In file included from /Users/joshua/Developer/PedalForge/build/_deps/namcore-src/NAM/get_dsp.h:7:
In file included from /Users/joshua/Developer/PedalForge/build/_deps/namcore-src/NAM/dsp.h:10:
In file included from /Users/joshua/Developer/PedalForge/build/_deps/namcore-src/Dependencies/eigen/Eigen/Dense:1:
In file included from /Users/joshua/Developer/PedalForge/build/_deps/namcore-src/Dependencies/eigen/Eigen/Core:168:
/Users/joshua/Developer/PedalForge/build/_deps/namcore-src/Dependencies/eigen/Eigen/src/Core/util/Meta.h:313:56: warning: zero as null pointer constant [-Wzero-as-null-pointer-constant]
  313 |   enum { value = sizeof(testFunctor<T>(static_cast<T*>(0))) == sizeof(meta_yes) };
      |                                                        ^
      |                                                        nullptr
/Users/joshua/Developer/PedalForge/build/_deps/namcore-src/Dependencies/eigen/Eigen/src/Core/../plugins/CommonCwiseBinaryOps.h:50:1: note: in instantiation of template class 'Eigen::internal::has_ReturnType<Eigen::ScalarBinaryOpTraits<float, Eigen::ArrayWrapper<Eigen::Matrix<float, -1, -1>>>>' requested here
   50 | EIGEN_MAKE_SCALAR_BINARY_OP(operator*,product)
      | ^
/Users/joshua/Developer/PedalForge/build/_deps/namcore-src/Dependencies/eigen/Eigen/src/Core/util/Macros.h:1227:3: note: expanded from macro 'EIGEN_MAKE_SCALAR_BINARY_OP'
 1227 |   EIGEN_MAKE_SCALAR_BINARY_OP_ONTHERIGHT(METHOD,OPNAME)
      |   ^
/Users/joshua/Developer/PedalForge/build/_deps/namcore-src/Dependencies/eigen/Eigen/src/Core/util/Macros.h:1209:127: note: expanded from macro 'EIGEN_MAKE_SCALAR_BINARY_OP_ONTHERIGHT'
 1209 |   const EIGEN_EXPR_BINARYOP_SCALAR_RETURN_TYPE(Derived,typename internal::promote_scalar_arg<Scalar EIGEN_COMMA T EIGEN_COMMA EIGEN_SCALAR_BINARY_SUPPORTED(OPNAME,Scalar,T)>::type,OPNAME)\
      |                                                                                                                               ^
/Users/joshua/Developer/PedalForge/build/_deps/namcore-src/Dependencies/eigen/Eigen/src/Core/util/Macros.h:1197:21: note: expanded from macro 'EIGEN_SCALAR_BINARY_SUPPORTED'
 1197 |   (Eigen::internal::has_ReturnType<Eigen::ScalarBinaryOpTraits<TYPEA,TYPEB,EIGEN_CAT(EIGEN_CAT(Eigen::internal::scalar_,OPNAME),_op)<TYPEA,TYPEB>  > >::value)
      |                     ^
/Users/joshua/Developer/PedalForge/build/_deps/namcore-src/NAM/wavenet/../gating_activations.h:110:66: note: while substituting deduced template arguments into function template 'operator*' [with T = ArrayWrapper<Matrix<float, -1, -1, 0, -1, -1>>]
  110 |       output.block(0, i, num_channels, 1) = input_buffer.array() * gating_buffer.array();
      |                                                                  ^
In file included from /Users/joshua/Developer/PedalForge/source/PluginProcessor.cpp:2:
In file included from /Users/joshua/Developer/PedalForge/source/PluginEditor.h:7:
In file included from /Users/joshua/Developer/PedalForge/source/ui/InventoryOverlay.h:4:
In file included from /Users/joshua/Developer/PedalForge/source/ui/PedalPalette.h:4:
In file included from /Users/joshua/Developer/PedalForge/source/ui/../pedals/PedalRegistry.h:4:
In file included from /Users/joshua/Developer/PedalForge/source/ui/../pedals/../dsp/GraphPedalProcessor.h:4:
In file included from /Users/joshua/Developer/PedalForge/source/ui/../pedals/../dsp/../dsp/DSPGraph.h:5:
In file included from /Users/joshua/Developer/PedalForge/source/ui/../pedals/../dsp/../dsp/NAMNode.h:4:
In file included from /Users/joshua/Developer/PedalForge/build/_deps/namcore-src/NAM/get_dsp.h:7:
In file included from /Users/joshua/Developer/PedalForge/build/_deps/namcore-src/NAM/dsp.h:10:
In file included from /Users/joshua/Developer/PedalForge/build/_deps/namcore-src/Dependencies/eigen/Eigen/Dense:1:
In file included from /Users/joshua/Developer/PedalForge/build/_deps/namcore-src/Dependencies/eigen/Eigen/Core:168:
/Users/joshua/Developer/PedalForge/build/_deps/namcore-src/Dependencies/eigen/Eigen/src/Core/util/Meta.h:313:56: warning: zero as null pointer constant [-Wzero-as-null-pointer-constant]
  313 |   enum { value = sizeof(testFunctor<T>(static_cast<T*>(0))) == sizeof(meta_yes) };
      |                                                        ^
      |                                                        nullptr
/Users/joshua/Developer/PedalForge/build/_deps/namcore-src/Dependencies/eigen/Eigen/src/Core/../plugins/CommonCwiseBinaryOps.h:50:1: note: in instantiation of template class 'Eigen::internal::has_ReturnType<Eigen::ScalarBinaryOpTraits<Eigen::ArrayWrapper<Eigen::Matrix<float, -1, -1>>, float>>' requested here
   50 | EIGEN_MAKE_SCALAR_BINARY_OP(operator*,product)
      | ^
/Users/joshua/Developer/PedalForge/build/_deps/namcore-src/Dependencies/eigen/Eigen/src/Core/util/Macros.h:1226:3: note: expanded from macro 'EIGEN_MAKE_SCALAR_BINARY_OP'
 1226 |   EIGEN_MAKE_SCALAR_BINARY_OP_ONTHELEFT(METHOD,OPNAME) \
      |   ^
/Users/joshua/Developer/PedalForge/build/_deps/namcore-src/Dependencies/eigen/Eigen/src/Core/util/Macros.h:1218:119: note: expanded from macro 'EIGEN_MAKE_SCALAR_BINARY_OP_ONTHELEFT'
 1218 |   const EIGEN_SCALAR_BINARYOP_EXPR_RETURN_TYPE(typename internal::promote_scalar_arg<Scalar EIGEN_COMMA T EIGEN_COMMA EIGEN_SCALAR_BINARY_SUPPORTED(OPNAME,T,Scalar)>::type,Derived,OPNAME) \
      |                                                                                                                       ^
/Users/joshua/Developer/PedalForge/build/_deps/namcore-src/Dependencies/eigen/Eigen/src/Core/util/Macros.h:1197:21: note: expanded from macro 'EIGEN_SCALAR_BINARY_SUPPORTED'
 1197 |   (Eigen::internal::has_ReturnType<Eigen::ScalarBinaryOpTraits<TYPEA,TYPEB,EIGEN_CAT(EIGEN_CAT(Eigen::internal::scalar_,OPNAME),_op)<TYPEA,TYPEB>  > >::value)
      |                     ^
/Users/joshua/Developer/PedalForge/build/_deps/namcore-src/NAM/wavenet/../gating_activations.h:110:66: note: while substituting deduced template arguments into function template 'operator*' [with T = ArrayWrapper<Matrix<float, -1, -1, 0, -1, -1>>]
  110 |       output.block(0, i, num_channels, 1) = input_buffer.array() * gating_buffer.array();
      |                                                                  ^
In file included from /Users/joshua/Developer/PedalForge/source/PluginProcessor.cpp:2:
In file included from /Users/joshua/Developer/PedalForge/source/PluginEditor.h:7:
In file included from /Users/joshua/Developer/PedalForge/source/ui/InventoryOverlay.h:4:
In file included from /Users/joshua/Developer/PedalForge/source/ui/PedalPalette.h:4:
In file included from /Users/joshua/Developer/PedalForge/source/ui/../pedals/PedalRegistry.h:4:
In file included from /Users/joshua/Developer/PedalForge/source/ui/../pedals/../dsp/GraphPedalProcessor.h:4:
In file included from /Users/joshua/Developer/PedalForge/source/ui/../pedals/../dsp/../dsp/DSPGraph.h:5:
In file included from /Users/joshua/Developer/PedalForge/source/ui/../pedals/../dsp/../dsp/NAMNode.h:4:
In file included from /Users/joshua/Developer/PedalForge/build/_deps/namcore-src/NAM/get_dsp.h:7:
In file included from /Users/joshua/Developer/PedalForge/build/_deps/namcore-src/NAM/dsp.h:10:
In file included from /Users/joshua/Developer/PedalForge/build/_deps/namcore-src/Dependencies/eigen/Eigen/Dense:1:
In file included from /Users/joshua/Developer/PedalForge/build/_deps/namcore-src/Dependencies/eigen/Eigen/Core:168:
/Users/joshua/Developer/PedalForge/build/_deps/namcore-src/Dependencies/eigen/Eigen/src/Core/util/Meta.h:313:56: warning: zero as null pointer constant [-Wzero-as-null-pointer-constant]
  313 |   enum { value = sizeof(testFunctor<T>(static_cast<T*>(0))) == sizeof(meta_yes) };
      |                                                        ^
      |                                                        nullptr
/Users/joshua/Developer/PedalForge/build/_deps/namcore-src/Dependencies/eigen/Eigen/src/Core/CwiseBinaryOp.h:100:5: note: in instantiation of template class 'Eigen::internal::has_ReturnType<Eigen::ScalarBinaryOpTraits<float, float>>' requested here
  100 |     EIGEN_CHECK_BINARY_COMPATIBILIY(BinaryOp,typename Lhs::Scalar,typename Rhs::Scalar)
      |     ^
/Users/joshua/Developer/PedalForge/build/_deps/namcore-src/Dependencies/eigen/Eigen/src/Core/util/XprHelper.h:835:41: note: expanded from macro 'EIGEN_CHECK_BINARY_COMPATIBILIY'
  835 |   EIGEN_STATIC_ASSERT((Eigen::internal::has_ReturnType<ScalarBinaryOpTraits<LHS, RHS,BINOP> >::value), \
      |                                         ^
/Users/joshua/Developer/PedalForge/build/_deps/namcore-src/NAM/wavenet/../gating_activations.h:110:66: note: in instantiation of template class 'Eigen::CwiseBinaryOp<Eigen::internal::scalar_product_op<float>, const Eigen::ArrayWrapper<Eigen::Matrix<float, -1, -1>>, const Eigen::ArrayWrapper<Eigen::Matrix<float, -1, -1>>>' requested here
  110 |       output.block(0, i, num_channels, 1) = input_buffer.array() * gating_buffer.array();
      |                                                                  ^
In file included from /Users/joshua/Developer/PedalForge/source/PluginProcessor.cpp:2:
In file included from /Users/joshua/Developer/PedalForge/source/PluginEditor.h:7:
In file included from /Users/joshua/Developer/PedalForge/source/ui/InventoryOverlay.h:4:
In file included from /Users/joshua/Developer/PedalForge/source/ui/PedalPalette.h:4:
In file included from /Users/joshua/Developer/PedalForge/source/ui/../pedals/PedalRegistry.h:4:
In file included from /Users/joshua/Developer/PedalForge/source/ui/../pedals/../dsp/GraphPedalProcessor.h:4:
In file included from /Users/joshua/Developer/PedalForge/source/ui/../pedals/../dsp/../dsp/DSPGraph.h:5:
In file included from /Users/joshua/Developer/PedalForge/source/ui/../pedals/../dsp/../dsp/NAMNode.h:4:
In file included from /Users/joshua/Developer/PedalForge/build/_deps/namcore-src/NAM/get_dsp.h:7:
In file included from /Users/joshua/Developer/PedalForge/build/_deps/namcore-src/NAM/dsp.h:10:
In file included from /Users/joshua/Developer/PedalForge/build/_deps/namcore-src/Dependencies/eigen/Eigen/Dense:1:
In file included from /Users/joshua/Developer/PedalForge/build/_deps/namcore-src/Dependencies/eigen/Eigen/Core:168:
/Users/joshua/Developer/PedalForge/build/_deps/namcore-src/Dependencies/eigen/Eigen/src/Core/util/Meta.h:310:97: warning: zero as null pointer constant [-Wzero-as-null-pointer-constant]
  310 |   template <typename C> static meta_yes testFunctor(C const *, typename C::ReturnType const * = 0);
      |                                                                                                 ^
      |                                                                                                 nullptr
/Users/joshua/Developer/PedalForge/build/_deps/namcore-src/Dependencies/eigen/Eigen/src/Core/util/Meta.h:313:25: note: in instantiation of default function argument expression for 'testFunctor<Eigen::ScalarBinaryOpTraits<float, float>>' required here
  313 |   enum { value = sizeof(testFunctor<T>(static_cast<T*>(0))) == sizeof(meta_yes) };
      |                         ^
/Users/joshua/Developer/PedalForge/build/_deps/namcore-src/Dependencies/eigen/Eigen/src/Core/CwiseBinaryOp.h:100:5: note: in instantiation of template class 'Eigen::internal::has_ReturnType<Eigen::ScalarBinaryOpTraits<float, float>>' requested here
  100 |     EIGEN_CHECK_BINARY_COMPATIBILIY(BinaryOp,typename Lhs::Scalar,typename Rhs::Scalar)
      |     ^
/Users/joshua/Developer/PedalForge/build/_deps/namcore-src/Dependencies/eigen/Eigen/src/Core/util/XprHelper.h:835:41: note: expanded from macro 'EIGEN_CHECK_BINARY_COMPATIBILIY'
  835 |   EIGEN_STATIC_ASSERT((Eigen::internal::has_ReturnType<ScalarBinaryOpTraits<LHS, RHS,BINOP> >::value), \
      |                                         ^
/Users/joshua/Developer/PedalForge/build/_deps/namcore-src/NAM/wavenet/../gating_activations.h:110:66: note: in instantiation of template class 'Eigen::CwiseBinaryOp<Eigen::internal::scalar_product_op<float>, const Eigen::ArrayWrapper<Eigen::Matrix<float, -1, -1>>, const Eigen::ArrayWrapper<Eigen::Matrix<float, -1, -1>>>' requested here
  110 |       output.block(0, i, num_channels, 1) = input_buffer.array() * gating_buffer.array();
      |                                                                  ^
In file included from /Users/joshua/Developer/PedalForge/source/PluginProcessor.cpp:2:
In file included from /Users/joshua/Developer/PedalForge/source/PluginEditor.h:7:
In file included from /Users/joshua/Developer/PedalForge/source/ui/InventoryOverlay.h:4:
In file included from /Users/joshua/Developer/PedalForge/source/ui/PedalPalette.h:4:
In file included from /Users/joshua/Developer/PedalForge/source/ui/../pedals/PedalRegistry.h:4:
In file included from /Users/joshua/Developer/PedalForge/source/ui/../pedals/../dsp/GraphPedalProcessor.h:4:
In file included from /Users/joshua/Developer/PedalForge/source/ui/../pedals/../dsp/../dsp/DSPGraph.h:5:
In file included from /Users/joshua/Developer/PedalForge/source/ui/../pedals/../dsp/../dsp/NAMNode.h:4:
In file included from /Users/joshua/Developer/PedalForge/build/_deps/namcore-src/NAM/get_dsp.h:7:
In file included from /Users/joshua/Developer/PedalForge/build/_deps/namcore-src/NAM/dsp.h:10:
In file included from /Users/joshua/Developer/PedalForge/build/_deps/namcore-src/Dependencies/eigen/Eigen/Dense:1:
In file included from /Users/joshua/Developer/PedalForge/build/_deps/namcore-src/Dependencies/eigen/Eigen/Core:168:
/Users/joshua/Developer/PedalForge/build/_deps/namcore-src/Dependencies/eigen/Eigen/src/Core/util/Meta.h:313:56: warning: zero as null pointer constant [-Wzero-as-null-pointer-constant]
  313 |   enum { value = sizeof(testFunctor<T>(static_cast<T*>(0))) == sizeof(meta_yes) };
      |                                                        ^
      |                                                        nullptr
/Users/joshua/Developer/PedalForge/build/_deps/namcore-src/Dependencies/eigen/Eigen/src/Core/../plugins/ArrayCwiseBinaryOps.h:275:1: note: in instantiation of template class 'Eigen::internal::has_ReturnType<Eigen::ScalarBinaryOpTraits<float, float, Eigen::internal::scalar_difference_op<float>>>' requested here
  275 | EIGEN_MAKE_SCALAR_BINARY_OP(operator-,difference)
      | ^
/Users/joshua/Developer/PedalForge/build/_deps/namcore-src/Dependencies/eigen/Eigen/src/Core/util/Macros.h:1226:3: note: expanded from macro 'EIGEN_MAKE_SCALAR_BINARY_OP'
 1226 |   EIGEN_MAKE_SCALAR_BINARY_OP_ONTHELEFT(METHOD,OPNAME) \
      |   ^
/Users/joshua/Developer/PedalForge/build/_deps/namcore-src/Dependencies/eigen/Eigen/src/Core/util/Macros.h:1218:119: note: expanded from macro 'EIGEN_MAKE_SCALAR_BINARY_OP_ONTHELEFT'
 1218 |   const EIGEN_SCALAR_BINARYOP_EXPR_RETURN_TYPE(typename internal::promote_scalar_arg<Scalar EIGEN_COMMA T EIGEN_COMMA EIGEN_SCALAR_BINARY_SUPPORTED(OPNAME,T,Scalar)>::type,Derived,OPNAME) \
      |                                                                                                                       ^
/Users/joshua/Developer/PedalForge/build/_deps/namcore-src/Dependencies/eigen/Eigen/src/Core/util/Macros.h:1197:21: note: expanded from macro 'EIGEN_SCALAR_BINARY_SUPPORTED'
 1197 |   (Eigen::internal::has_ReturnType<Eigen::ScalarBinaryOpTraits<TYPEA,TYPEB,EIGEN_CAT(EIGEN_CAT(Eigen::internal::scalar_,OPNAME),_op)<TYPEA,TYPEB>  > >::value)
      |                     ^
/Users/joshua/Developer/PedalForge/build/_deps/namcore-src/NAM/wavenet/../gating_activations.h:224:61: note: while substituting deduced template arguments into function template 'operator-' [with T = float]
  224 |         blend_buffer.array() * input_buffer.array() + (1.0f - blend_buffer.array()) * pre_activation_buffer.array();
      |                                                             ^
In file included from /Users/joshua/Developer/PedalForge/source/PluginProcessor.cpp:2:
In file included from /Users/joshua/Developer/PedalForge/source/PluginEditor.h:7:
In file included from /Users/joshua/Developer/PedalForge/source/ui/InventoryOverlay.h:4:
In file included from /Users/joshua/Developer/PedalForge/source/ui/PedalPalette.h:4:
In file included from /Users/joshua/Developer/PedalForge/source/ui/../pedals/PedalRegistry.h:4:
In file included from /Users/joshua/Developer/PedalForge/source/ui/../pedals/../dsp/GraphPedalProcessor.h:4:
In file included from /Users/joshua/Developer/PedalForge/source/ui/../pedals/../dsp/../dsp/DSPGraph.h:5:
In file included from /Users/joshua/Developer/PedalForge/source/ui/../pedals/../dsp/../dsp/NAMNode.h:4:
In file included from /Users/joshua/Developer/PedalForge/build/_deps/namcore-src/NAM/get_dsp.h:7:
In file included from /Users/joshua/Developer/PedalForge/build/_deps/namcore-src/NAM/dsp.h:10:
In file included from /Users/joshua/Developer/PedalForge/build/_deps/namcore-src/Dependencies/eigen/Eigen/Dense:1:
In file included from /Users/joshua/Developer/PedalForge/build/_deps/namcore-src/Dependencies/eigen/Eigen/Core:168:
/Users/joshua/Developer/PedalForge/build/_deps/namcore-src/Dependencies/eigen/Eigen/src/Core/util/Meta.h:310:97: warning: zero as null pointer constant [-Wzero-as-null-pointer-constant]
  310 |   template <typename C> static meta_yes testFunctor(C const *, typename C::ReturnType const * = 0);
      |                                                                                                 ^
      |                                                                                                 nullptr
/Users/joshua/Developer/PedalForge/build/_deps/namcore-src/Dependencies/eigen/Eigen/src/Core/util/Meta.h:313:25: note: in instantiation of default function argument expression for 'testFunctor<Eigen::ScalarBinaryOpTraits<float, float, Eigen::internal::scalar_difference_op<float>>>' required here
  313 |   enum { value = sizeof(testFunctor<T>(static_cast<T*>(0))) == sizeof(meta_yes) };
      |                         ^
/Users/joshua/Developer/PedalForge/build/_deps/namcore-src/Dependencies/eigen/Eigen/src/Core/../plugins/ArrayCwiseBinaryOps.h:275:1: note: in instantiation of template class 'Eigen::internal::has_ReturnType<Eigen::ScalarBinaryOpTraits<float, float, Eigen::internal::scalar_difference_op<float>>>' requested here
  275 | EIGEN_MAKE_SCALAR_BINARY_OP(operator-,difference)
      | ^
/Users/joshua/Developer/PedalForge/build/_deps/namcore-src/Dependencies/eigen/Eigen/src/Core/util/Macros.h:1226:3: note: expanded from macro 'EIGEN_MAKE_SCALAR_BINARY_OP'
 1226 |   EIGEN_MAKE_SCALAR_BINARY_OP_ONTHELEFT(METHOD,OPNAME) \
      |   ^
/Users/joshua/Developer/PedalForge/build/_deps/namcore-src/Dependencies/eigen/Eigen/src/Core/util/Macros.h:1218:119: note: expanded from macro 'EIGEN_MAKE_SCALAR_BINARY_OP_ONTHELEFT'
 1218 |   const EIGEN_SCALAR_BINARYOP_EXPR_RETURN_TYPE(typename internal::promote_scalar_arg<Scalar EIGEN_COMMA T EIGEN_COMMA EIGEN_SCALAR_BINARY_SUPPORTED(OPNAME,T,Scalar)>::type,Derived,OPNAME) \
      |                                                                                                                       ^
/Users/joshua/Developer/PedalForge/build/_deps/namcore-src/Dependencies/eigen/Eigen/src/Core/util/Macros.h:1197:21: note: expanded from macro 'EIGEN_SCALAR_BINARY_SUPPORTED'
 1197 |   (Eigen::internal::has_ReturnType<Eigen::ScalarBinaryOpTraits<TYPEA,TYPEB,EIGEN_CAT(EIGEN_CAT(Eigen::internal::scalar_,OPNAME),_op)<TYPEA,TYPEB>  > >::value)
      |                     ^
/Users/joshua/Developer/PedalForge/build/_deps/namcore-src/NAM/wavenet/../gating_activations.h:224:61: note: while substituting deduced template arguments into function template 'operator-' [with T = float]
  224 |         blend_buffer.array() * input_buffer.array() + (1.0f - blend_buffer.array()) * pre_activation_buffer.array();
      |                                                             ^
In file included from /Users/joshua/Developer/PedalForge/source/PluginProcessor.cpp:2:
In file included from /Users/joshua/Developer/PedalForge/source/PluginEditor.h:7:
In file included from /Users/joshua/Developer/PedalForge/source/ui/InventoryOverlay.h:4:
In file included from /Users/joshua/Developer/PedalForge/source/ui/PedalPalette.h:4:
In file included from /Users/joshua/Developer/PedalForge/source/ui/../pedals/PedalRegistry.h:4:
In file included from /Users/joshua/Developer/PedalForge/source/ui/../pedals/../dsp/GraphPedalProcessor.h:4:
In file included from /Users/joshua/Developer/PedalForge/source/ui/../pedals/../dsp/../dsp/DSPGraph.h:5:
In file included from /Users/joshua/Developer/PedalForge/source/ui/../pedals/../dsp/../dsp/NAMNode.h:4:
In file included from /Users/joshua/Developer/PedalForge/build/_deps/namcore-src/NAM/get_dsp.h:7:
In file included from /Users/joshua/Developer/PedalForge/build/_deps/namcore-src/NAM/dsp.h:10:
In file included from /Users/joshua/Developer/PedalForge/build/_deps/namcore-src/Dependencies/eigen/Eigen/Dense:1:
In file included from /Users/joshua/Developer/PedalForge/build/_deps/namcore-src/Dependencies/eigen/Eigen/Core:168:
/Users/joshua/Developer/PedalForge/build/_deps/namcore-src/Dependencies/eigen/Eigen/src/Core/util/Meta.h:313:56: warning: zero as null pointer constant [-Wzero-as-null-pointer-constant]
  313 |   enum { value = sizeof(testFunctor<T>(static_cast<T*>(0))) == sizeof(meta_yes) };
      |                                                        ^
      |                                                        nullptr
/Users/joshua/Developer/PedalForge/build/_deps/namcore-src/Dependencies/eigen/Eigen/src/Core/../plugins/CommonCwiseBinaryOps.h:50:1: note: in instantiation of template class 'Eigen::internal::has_ReturnType<Eigen::ScalarBinaryOpTraits<Eigen::CwiseBinaryOp<Eigen::internal::scalar_difference_op<float>, const Eigen::CwiseNullaryOp<Eigen::internal::scalar_constant_op<float>, const Eigen::Array<float, -1, -1>>, const Eigen::ArrayWrapper<Eigen::Matrix<float, -1, -1>>>, float>>' requested here
   50 | EIGEN_MAKE_SCALAR_BINARY_OP(operator*,product)
      | ^
/Users/joshua/Developer/PedalForge/build/_deps/namcore-src/Dependencies/eigen/Eigen/src/Core/util/Macros.h:1226:3: note: expanded from macro 'EIGEN_MAKE_SCALAR_BINARY_OP'
 1226 |   EIGEN_MAKE_SCALAR_BINARY_OP_ONTHELEFT(METHOD,OPNAME) \
      |   ^
/Users/joshua/Developer/PedalForge/build/_deps/namcore-src/Dependencies/eigen/Eigen/src/Core/util/Macros.h:1218:119: note: expanded from macro 'EIGEN_MAKE_SCALAR_BINARY_OP_ONTHELEFT'
 1218 |   const EIGEN_SCALAR_BINARYOP_EXPR_RETURN_TYPE(typename internal::promote_scalar_arg<Scalar EIGEN_COMMA T EIGEN_COMMA EIGEN_SCALAR_BINARY_SUPPORTED(OPNAME,T,Scalar)>::type,Derived,OPNAME) \
      |                                                                                                                       ^
/Users/joshua/Developer/PedalForge/build/_deps/namcore-src/Dependencies/eigen/Eigen/src/Core/util/Macros.h:1197:21: note: expanded from macro 'EIGEN_SCALAR_BINARY_SUPPORTED'
 1197 |   (Eigen::internal::has_ReturnType<Eigen::ScalarBinaryOpTraits<TYPEA,TYPEB,EIGEN_CAT(EIGEN_CAT(Eigen::internal::scalar_,OPNAME),_op)<TYPEA,TYPEB>  > >::value)
      |                     ^
/Users/joshua/Developer/PedalForge/build/_deps/namcore-src/NAM/wavenet/../gating_activations.h:224:85: note: while substituting deduced template arguments into function template 'operator*' [with T = CwiseBinaryOp<internal::scalar_difference_op<typename internal::promote_scalar_arg<Scalar, float, (Eigen::internal::has_ReturnType<Eigen::ScalarBinaryOpTraits<float, Scalar, Eigen::internal::scalar_difference_op<float, Scalar>>>::value)>::type, typename internal::traits<ArrayWrapper<Matrix<float, -1, -1, 0, -1, -1>>>::Scalar>, const typename internal::plain_constant_type<ArrayWrapper<Matrix<float, -1, -1, 0, -1, -1>>, typename internal::promote_scalar_arg<Scalar, float, (Eigen::internal::has_ReturnType<Eigen::ScalarBinaryOpTraits<float, Scalar, Eigen::internal::scalar_difference_op<float, Scalar>>>::value)>::type>::type, const ArrayWrapper<Matrix<float, -1, -1, 0, -1, -1>>>]
  224 |         blend_buffer.array() * input_buffer.array() + (1.0f - blend_buffer.array()) * pre_activation_buffer.array();
      |                                                                                     ^
In file included from /Users/joshua/Developer/PedalForge/source/PluginProcessor.cpp:2:
In file included from /Users/joshua/Developer/PedalForge/source/PluginEditor.h:7:
In file included from /Users/joshua/Developer/PedalForge/source/ui/InventoryOverlay.h:4:
In file included from /Users/joshua/Developer/PedalForge/source/ui/PedalPalette.h:4:
In file included from /Users/joshua/Developer/PedalForge/source/ui/../pedals/PedalRegistry.h:4:
In file included from /Users/joshua/Developer/PedalForge/source/ui/../pedals/../dsp/GraphPedalProcessor.h:4:
In file included from /Users/joshua/Developer/PedalForge/source/ui/../pedals/../dsp/../dsp/DSPGraph.h:5:
In file included from /Users/joshua/Developer/PedalForge/source/ui/../pedals/../dsp/../dsp/NAMNode.h:4:
In file included from /Users/joshua/Developer/PedalForge/build/_deps/namcore-src/NAM/get_dsp.h:7:
In file included from /Users/joshua/Developer/PedalForge/build/_deps/namcore-src/NAM/dsp.h:10:
In file included from /Users/joshua/Developer/PedalForge/build/_deps/namcore-src/Dependencies/eigen/Eigen/Dense:1:
In file included from /Users/joshua/Developer/PedalForge/build/_deps/namcore-src/Dependencies/eigen/Eigen/Core:168:
/Users/joshua/Developer/PedalForge/build/_deps/namcore-src/Dependencies/eigen/Eigen/src/Core/util/Meta.h:313:56: warning: zero as null pointer constant [-Wzero-as-null-pointer-constant]
  313 |   enum { value = sizeof(testFunctor<T>(static_cast<T*>(0))) == sizeof(meta_yes) };
      |                                                        ^
      |                                                        nullptr
/Users/joshua/Developer/PedalForge/build/_deps/namcore-src/Dependencies/eigen/Eigen/src/Core/../plugins/ArrayCwiseBinaryOps.h:253:1: note: in instantiation of template class 'Eigen::internal::has_ReturnType<Eigen::ScalarBinaryOpTraits<float, Eigen::CwiseBinaryOp<Eigen::internal::scalar_product_op<float>, const Eigen::CwiseBinaryOp<Eigen::internal::scalar_difference_op<float>, const Eigen::CwiseNullaryOp<Eigen::internal::scalar_constant_op<float>, const Eigen::Array<float, -1, -1>>, const Eigen::ArrayWrapper<Eigen::Matrix<float, -1, -1>>>, const Eigen::ArrayWrapper<Eigen::Matrix<float, -1, -1>>>, Eigen::internal::scalar_sum_op<float, Eigen::CwiseBinaryOp<Eigen::internal::scalar_product_op<float>, const Eigen::CwiseBinaryOp<Eigen::internal::scalar_difference_op<float>, const Eigen::CwiseNullaryOp<Eigen::internal::scalar_constant_op<float>, const Eigen::Array<float, -1, -1>>, const Eigen::ArrayWrapper<Eigen::Matrix<float, -1, -1>>>, const Eigen::ArrayWrapper<Eigen::Matrix<float, -1, -1>>>>>>' requested here
  253 | EIGEN_MAKE_SCALAR_BINARY_OP(operator+,sum)
      | ^
/Users/joshua/Developer/PedalForge/build/_deps/namcore-src/Dependencies/eigen/Eigen/src/Core/util/Macros.h:1227:3: note: expanded from macro 'EIGEN_MAKE_SCALAR_BINARY_OP'
 1227 |   EIGEN_MAKE_SCALAR_BINARY_OP_ONTHERIGHT(METHOD,OPNAME)
      |   ^
/Users/joshua/Developer/PedalForge/build/_deps/namcore-src/Dependencies/eigen/Eigen/src/Core/util/Macros.h:1209:127: note: expanded from macro 'EIGEN_MAKE_SCALAR_BINARY_OP_ONTHERIGHT'
 1209 |   const EIGEN_EXPR_BINARYOP_SCALAR_RETURN_TYPE(Derived,typename internal::promote_scalar_arg<Scalar EIGEN_COMMA T EIGEN_COMMA EIGEN_SCALAR_BINARY_SUPPORTED(OPNAME,Scalar,T)>::type,OPNAME)\
      |                                                                                                                               ^
/Users/joshua/Developer/PedalForge/build/_deps/namcore-src/Dependencies/eigen/Eigen/src/Core/util/Macros.h:1197:21: note: expanded from macro 'EIGEN_SCALAR_BINARY_SUPPORTED'
 1197 |   (Eigen::internal::has_ReturnType<Eigen::ScalarBinaryOpTraits<TYPEA,TYPEB,EIGEN_CAT(EIGEN_CAT(Eigen::internal::scalar_,OPNAME),_op)<TYPEA,TYPEB>  > >::value)
      |                     ^
/Users/joshua/Developer/PedalForge/build/_deps/namcore-src/NAM/wavenet/../gating_activations.h:224:53: note: while substituting deduced template arguments into function template 'operator+' [with T = CwiseBinaryOp<internal::scalar_product_op<typename internal::traits<CwiseBinaryOp<scalar_difference_op<float, float>, const CwiseNullaryOp<scalar_constant_op<float>, const Array<float, -1, -1, 0, -1, -1>>, const ArrayWrapper<Matrix<float, -1, -1, 0, -1, -1>>>>::Scalar, typename internal::traits<ArrayWrapper<Matrix<float, -1, -1, 0, -1, -1>>>::Scalar>, const CwiseBinaryOp<scalar_difference_op<float, float>, const CwiseNullaryOp<scalar_constant_op<float>, const Array<float, -1, -1, 0, -1, -1>>, const ArrayWrapper<Matrix<float, -1, -1, 0, -1, -1>>>, const ArrayWrapper<Matrix<float, -1, -1, 0, -1, -1>>>]
  224 |         blend_buffer.array() * input_buffer.array() + (1.0f - blend_buffer.array()) * pre_activation_buffer.array();
      |                                                     ^
In file included from /Users/joshua/Developer/PedalForge/source/PluginProcessor.cpp:2:
In file included from /Users/joshua/Developer/PedalForge/source/PluginEditor.h:7:
In file included from /Users/joshua/Developer/PedalForge/source/ui/InventoryOverlay.h:4:
In file included from /Users/joshua/Developer/PedalForge/source/ui/PedalPalette.h:4:
In file included from /Users/joshua/Developer/PedalForge/source/ui/../pedals/PedalRegistry.h:4:
In file included from /Users/joshua/Developer/PedalForge/source/ui/../pedals/../dsp/GraphPedalProcessor.h:4:
In file included from /Users/joshua/Developer/PedalForge/source/ui/../pedals/../dsp/../dsp/DSPGraph.h:5:
In file included from /Users/joshua/Developer/PedalForge/source/ui/../pedals/../dsp/../dsp/NAMNode.h:4:
In file included from /Users/joshua/Developer/PedalForge/build/_deps/namcore-src/NAM/get_dsp.h:7:
In file included from /Users/joshua/Developer/PedalForge/build/_deps/namcore-src/NAM/dsp.h:10:
In file included from /Users/joshua/Developer/PedalForge/build/_deps/namcore-src/Dependencies/eigen/Eigen/Dense:1:
In file included from /Users/joshua/Developer/PedalForge/build/_deps/namcore-src/Dependencies/eigen/Eigen/Core:168:
/Users/joshua/Developer/PedalForge/build/_deps/namcore-src/Dependencies/eigen/Eigen/src/Core/util/Meta.h:313:56: warning: zero as null pointer constant [-Wzero-as-null-pointer-constant]
  313 |   enum { value = sizeof(testFunctor<T>(static_cast<T*>(0))) == sizeof(meta_yes) };
      |                                                        ^
      |                                                        nullptr
/Users/joshua/Developer/PedalForge/build/_deps/namcore-src/Dependencies/eigen/Eigen/src/Core/../plugins/ArrayCwiseBinaryOps.h:253:1: note: in instantiation of template class 'Eigen::internal::has_ReturnType<Eigen::ScalarBinaryOpTraits<Eigen::CwiseBinaryOp<Eigen::internal::scalar_product_op<float>, const Eigen::ArrayWrapper<Eigen::Matrix<float, -1, -1>>, const Eigen::ArrayWrapper<Eigen::Matrix<float, -1, -1>>>, float, Eigen::internal::scalar_sum_op<Eigen::CwiseBinaryOp<Eigen::internal::scalar_product_op<float>, const Eigen::ArrayWrapper<Eigen::Matrix<float, -1, -1>>, const Eigen::ArrayWrapper<Eigen::Matrix<float, -1, -1>>>, float>>>' requested here
  253 | EIGEN_MAKE_SCALAR_BINARY_OP(operator+,sum)
      | ^
/Users/joshua/Developer/PedalForge/build/_deps/namcore-src/Dependencies/eigen/Eigen/src/Core/util/Macros.h:1226:3: note: expanded from macro 'EIGEN_MAKE_SCALAR_BINARY_OP'
 1226 |   EIGEN_MAKE_SCALAR_BINARY_OP_ONTHELEFT(METHOD,OPNAME) \
      |   ^
/Users/joshua/Developer/PedalForge/build/_deps/namcore-src/Dependencies/eigen/Eigen/src/Core/util/Macros.h:1218:119: note: expanded from macro 'EIGEN_MAKE_SCALAR_BINARY_OP_ONTHELEFT'
 1218 |   const EIGEN_SCALAR_BINARYOP_EXPR_RETURN_TYPE(typename internal::promote_scalar_arg<Scalar EIGEN_COMMA T EIGEN_COMMA EIGEN_SCALAR_BINARY_SUPPORTED(OPNAME,T,Scalar)>::type,Derived,OPNAME) \
      |                                                                                                                       ^
/Users/joshua/Developer/PedalForge/build/_deps/namcore-src/Dependencies/eigen/Eigen/src/Core/util/Macros.h:1197:21: note: expanded from macro 'EIGEN_SCALAR_BINARY_SUPPORTED'
 1197 |   (Eigen::internal::has_ReturnType<Eigen::ScalarBinaryOpTraits<TYPEA,TYPEB,EIGEN_CAT(EIGEN_CAT(Eigen::internal::scalar_,OPNAME),_op)<TYPEA,TYPEB>  > >::value)
      |                     ^
/Users/joshua/Developer/PedalForge/build/_deps/namcore-src/NAM/wavenet/../gating_activations.h:224:53: note: while substituting deduced template arguments into function template 'operator+' [with T = CwiseBinaryOp<internal::scalar_product_op<typename internal::traits<ArrayWrapper<Matrix<float, -1, -1, 0, -1, -1>>>::Scalar, typename internal::traits<ArrayWrapper<Matrix<float, -1, -1, 0, -1, -1>>>::Scalar>, const ArrayWrapper<Matrix<float, -1, -1, 0, -1, -1>>, const ArrayWrapper<Matrix<float, -1, -1, 0, -1, -1>>>]
  224 |         blend_buffer.array() * input_buffer.array() + (1.0f - blend_buffer.array()) * pre_activation_buffer.array();
      |                                                     ^
In file included from /Users/joshua/Developer/PedalForge/source/PluginProcessor.cpp:2:
In file included from /Users/joshua/Developer/PedalForge/source/PluginEditor.h:7:
In file included from /Users/joshua/Developer/PedalForge/source/ui/InventoryOverlay.h:4:
In file included from /Users/joshua/Developer/PedalForge/source/ui/PedalPalette.h:4:
In file included from /Users/joshua/Developer/PedalForge/source/ui/../pedals/PedalRegistry.h:4:
In file included from /Users/joshua/Developer/PedalForge/source/ui/../pedals/../dsp/GraphPedalProcessor.h:4:
In file included from /Users/joshua/Developer/PedalForge/source/ui/../pedals/../dsp/../dsp/DSPGraph.h:5:
In file included from /Users/joshua/Developer/PedalForge/source/ui/../pedals/../dsp/../dsp/NAMNode.h:4:
In file included from /Users/joshua/Developer/PedalForge/build/_deps/namcore-src/NAM/get_dsp.h:7:
In file included from /Users/joshua/Developer/PedalForge/build/_deps/namcore-src/NAM/dsp.h:10:
In file included from /Users/joshua/Developer/PedalForge/build/_deps/namcore-src/Dependencies/eigen/Eigen/Dense:1:
In file included from /Users/joshua/Developer/PedalForge/build/_deps/namcore-src/Dependencies/eigen/Eigen/Core:168:
/Users/joshua/Developer/PedalForge/build/_deps/namcore-src/Dependencies/eigen/Eigen/src/Core/util/Meta.h:313:56: warning: zero as null pointer constant [-Wzero-as-null-pointer-constant]
  313 |   enum { value = sizeof(testFunctor<T>(static_cast<T*>(0))) == sizeof(meta_yes) };
      |                                                        ^
      |                                                        nullptr
/Users/joshua/Developer/PedalForge/build/_deps/namcore-src/Dependencies/eigen/Eigen/src/Core/CwiseBinaryOp.h:100:5: note: in instantiation of template class 'Eigen::internal::has_ReturnType<Eigen::ScalarBinaryOpTraits<float, float, Eigen::internal::scalar_sum_op<float>>>' requested here
  100 |     EIGEN_CHECK_BINARY_COMPATIBILIY(BinaryOp,typename Lhs::Scalar,typename Rhs::Scalar)
      |     ^
/Users/joshua/Developer/PedalForge/build/_deps/namcore-src/Dependencies/eigen/Eigen/src/Core/util/XprHelper.h:835:41: note: expanded from macro 'EIGEN_CHECK_BINARY_COMPATIBILIY'
  835 |   EIGEN_STATIC_ASSERT((Eigen::internal::has_ReturnType<ScalarBinaryOpTraits<LHS, RHS,BINOP> >::value), \
      |                                         ^
/Users/joshua/Developer/PedalForge/build/_deps/namcore-src/NAM/wavenet/../gating_activations.h:224:53: note: in instantiation of template class 'Eigen::CwiseBinaryOp<Eigen::internal::scalar_sum_op<float>, const Eigen::CwiseBinaryOp<Eigen::internal::scalar_product_op<float>, const Eigen::ArrayWrapper<Eigen::Matrix<float, -1, -1>>, const Eigen::ArrayWrapper<Eigen::Matrix<float, -1, -1>>>, const Eigen::CwiseBinaryOp<Eigen::internal::scalar_product_op<float>, const Eigen::CwiseBinaryOp<Eigen::internal::scalar_difference_op<float>, const Eigen::CwiseNullaryOp<Eigen::internal::scalar_constant_op<float>, const Eigen::Array<float, -1, -1>>, const Eigen::ArrayWrapper<Eigen::Matrix<float, -1, -1>>>, const Eigen::ArrayWrapper<Eigen::Matrix<float, -1, -1>>>>' requested here
  224 |         blend_buffer.array() * input_buffer.array() + (1.0f - blend_buffer.array()) * pre_activation_buffer.array();
      |                                                     ^
In file included from /Users/joshua/Developer/PedalForge/source/PluginProcessor.cpp:2:
In file included from /Users/joshua/Developer/PedalForge/source/PluginEditor.h:7:
In file included from /Users/joshua/Developer/PedalForge/source/ui/InventoryOverlay.h:4:
In file included from /Users/joshua/Developer/PedalForge/source/ui/PedalPalette.h:4:
In file included from /Users/joshua/Developer/PedalForge/source/ui/../pedals/PedalRegistry.h:4:
In file included from /Users/joshua/Developer/PedalForge/source/ui/../pedals/../dsp/GraphPedalProcessor.h:4:
In file included from /Users/joshua/Developer/PedalForge/source/ui/../pedals/../dsp/../dsp/DSPGraph.h:5:
In file included from /Users/joshua/Developer/PedalForge/source/ui/../pedals/../dsp/../dsp/NAMNode.h:4:
In file included from /Users/joshua/Developer/PedalForge/build/_deps/namcore-src/NAM/get_dsp.h:7:
In file included from /Users/joshua/Developer/PedalForge/build/_deps/namcore-src/NAM/dsp.h:10:
In file included from /Users/joshua/Developer/PedalForge/build/_deps/namcore-src/Dependencies/eigen/Eigen/Dense:1:
In file included from /Users/joshua/Developer/PedalForge/build/_deps/namcore-src/Dependencies/eigen/Eigen/Core:168:
/Users/joshua/Developer/PedalForge/build/_deps/namcore-src/Dependencies/eigen/Eigen/src/Core/util/Meta.h:310:97: warning: zero as null pointer constant [-Wzero-as-null-pointer-constant]
  310 |   template <typename C> static meta_yes testFunctor(C const *, typename C::ReturnType const * = 0);
      |                                                                                                 ^
      |                                                                                                 nullptr
/Users/joshua/Developer/PedalForge/build/_deps/namcore-src/Dependencies/eigen/Eigen/src/Core/util/Meta.h:313:25: note: in instantiation of default function argument expression for 'testFunctor<Eigen::ScalarBinaryOpTraits<float, float, Eigen::internal::scalar_sum_op<float>>>' required here
  313 |   enum { value = sizeof(testFunctor<T>(static_cast<T*>(0))) == sizeof(meta_yes) };
      |                         ^
/Users/joshua/Developer/PedalForge/build/_deps/namcore-src/Dependencies/eigen/Eigen/src/Core/CwiseBinaryOp.h:100:5: note: in instantiation of template class 'Eigen::internal::has_ReturnType<Eigen::ScalarBinaryOpTraits<float, float, Eigen::internal::scalar_sum_op<float>>>' requested here
  100 |     EIGEN_CHECK_BINARY_COMPATIBILIY(BinaryOp,typename Lhs::Scalar,typename Rhs::Scalar)
      |     ^
/Users/joshua/Developer/PedalForge/build/_deps/namcore-src/Dependencies/eigen/Eigen/src/Core/util/XprHelper.h:835:41: note: expanded from macro 'EIGEN_CHECK_BINARY_COMPATIBILIY'
  835 |   EIGEN_STATIC_ASSERT((Eigen::internal::has_ReturnType<ScalarBinaryOpTraits<LHS, RHS,BINOP> >::value), \
      |                                         ^
/Users/joshua/Developer/PedalForge/build/_deps/namcore-src/NAM/wavenet/../gating_activations.h:224:53: note: in instantiation of template class 'Eigen::CwiseBinaryOp<Eigen::internal::scalar_sum_op<float>, const Eigen::CwiseBinaryOp<Eigen::internal::scalar_product_op<float>, const Eigen::ArrayWrapper<Eigen::Matrix<float, -1, -1>>, const Eigen::ArrayWrapper<Eigen::Matrix<float, -1, -1>>>, const Eigen::CwiseBinaryOp<Eigen::internal::scalar_product_op<float>, const Eigen::CwiseBinaryOp<Eigen::internal::scalar_difference_op<float>, const Eigen::CwiseNullaryOp<Eigen::internal::scalar_constant_op<float>, const Eigen::Array<float, -1, -1>>, const Eigen::ArrayWrapper<Eigen::Matrix<float, -1, -1>>>, const Eigen::ArrayWrapper<Eigen::Matrix<float, -1, -1>>>>' requested here
  224 |         blend_buffer.array() * input_buffer.array() + (1.0f - blend_buffer.array()) * pre_activation_buffer.array();
      |                                                     ^
/Users/joshua/Developer/PedalForge/build/_deps/namcore-src/NAM/wavenet/../gating_activations.h:249:2: warning: extra ';' outside of a function is incompatible with C++98 [-Wc++98-compat-extra-semi]
  249 | }; // namespace gating_activations
      |  ^
/Users/joshua/Developer/PedalForge/build/_deps/namcore-src/NAM/wavenet/../gating_activations.h:250:2: warning: extra ';' outside of a function is incompatible with C++98 [-Wc++98-compat-extra-semi]
  250 | }; // namespace nam
      |  ^
In file included from /Users/joshua/Developer/PedalForge/source/PluginProcessor.cpp:2:
In file included from /Users/joshua/Developer/PedalForge/source/PluginEditor.h:7:
In file included from /Users/joshua/Developer/PedalForge/source/ui/InventoryOverlay.h:4:
In file included from /Users/joshua/Developer/PedalForge/source/ui/PedalPalette.h:4:
In file included from /Users/joshua/Developer/PedalForge/source/ui/../pedals/PedalRegistry.h:4:
In file included from /Users/joshua/Developer/PedalForge/source/ui/../pedals/../dsp/GraphPedalProcessor.h:4:
In file included from /Users/joshua/Developer/PedalForge/source/ui/../pedals/../dsp/../dsp/DSPGraph.h:5:
In file included from /Users/joshua/Developer/PedalForge/source/ui/../pedals/../dsp/../dsp/NAMNode.h:4:
In file included from /Users/joshua/Developer/PedalForge/build/_deps/namcore-src/NAM/get_dsp.h:7:
In file included from /Users/joshua/Developer/PedalForge/build/_deps/namcore-src/NAM/dsp.h:10:
In file included from /Users/joshua/Developer/PedalForge/build/_deps/namcore-src/Dependencies/eigen/Eigen/Dense:1:
In file included from /Users/joshua/Developer/PedalForge/build/_deps/namcore-src/Dependencies/eigen/Eigen/Core:168:
/Users/joshua/Developer/PedalForge/build/_deps/namcore-src/Dependencies/eigen/Eigen/src/Core/util/Meta.h:313:56: warning: zero as null pointer constant [-Wzero-as-null-pointer-constant]
  313 |   enum { value = sizeof(testFunctor<T>(static_cast<T*>(0))) == sizeof(meta_yes) };
      |                                                        ^
      |                                                        nullptr
/Users/joshua/Developer/PedalForge/build/_deps/namcore-src/Dependencies/eigen/Eigen/src/Core/../plugins/CommonCwiseBinaryOps.h:50:1: note: in instantiation of template class 'Eigen::internal::has_ReturnType<Eigen::ScalarBinaryOpTraits<float, Eigen::ArrayWrapper<const Eigen::Block<const Eigen::Block<const Eigen::Matrix<float, -1, -1>>, -1, -1, true>>>>' requested here
   50 | EIGEN_MAKE_SCALAR_BINARY_OP(operator*,product)
      | ^
/Users/joshua/Developer/PedalForge/build/_deps/namcore-src/Dependencies/eigen/Eigen/src/Core/util/Macros.h:1227:3: note: expanded from macro 'EIGEN_MAKE_SCALAR_BINARY_OP'
 1227 |   EIGEN_MAKE_SCALAR_BINARY_OP_ONTHERIGHT(METHOD,OPNAME)
      |   ^
/Users/joshua/Developer/PedalForge/build/_deps/namcore-src/Dependencies/eigen/Eigen/src/Core/util/Macros.h:1209:127: note: expanded from macro 'EIGEN_MAKE_SCALAR_BINARY_OP_ONTHERIGHT'
 1209 |   const EIGEN_EXPR_BINARYOP_SCALAR_RETURN_TYPE(Derived,typename internal::promote_scalar_arg<Scalar EIGEN_COMMA T EIGEN_COMMA EIGEN_SCALAR_BINARY_SUPPORTED(OPNAME,Scalar,T)>::type,OPNAME)\
      |                                                                                                                               ^
/Users/joshua/Developer/PedalForge/build/_deps/namcore-src/Dependencies/eigen/Eigen/src/Core/util/Macros.h:1197:21: note: expanded from macro 'EIGEN_SCALAR_BINARY_SUPPORTED'
 1197 |   (Eigen::internal::has_ReturnType<Eigen::ScalarBinaryOpTraits<TYPEA,TYPEB,EIGEN_CAT(EIGEN_CAT(Eigen::internal::scalar_,OPNAME),_op)<TYPEA,TYPEB>  > >::value)
      |                     ^
/Users/joshua/Developer/PedalForge/build/_deps/namcore-src/NAM/wavenet/../film.h:182:81: note: while substituting deduced template arguments into function template 'operator*' [with T = ArrayWrapper<const Block<const Block<const Matrix<float, -1, -1, 0, -1, -1>, -1, -1, false>, -1, -1, true>>]
  182 |       _output.leftCols(num_frames).array() = input.leftCols(num_frames).array() * scale.array() + shift.array();
      |                                                                                 ^
In file included from /Users/joshua/Developer/PedalForge/source/PluginProcessor.cpp:2:
In file included from /Users/joshua/Developer/PedalForge/source/PluginEditor.h:7:
In file included from /Users/joshua/Developer/PedalForge/source/ui/InventoryOverlay.h:4:
In file included from /Users/joshua/Developer/PedalForge/source/ui/PedalPalette.h:4:
In file included from /Users/joshua/Developer/PedalForge/source/ui/../pedals/PedalRegistry.h:4:
In file included from /Users/joshua/Developer/PedalForge/source/ui/../pedals/../dsp/GraphPedalProcessor.h:4:
In file included from /Users/joshua/Developer/PedalForge/source/ui/../pedals/../dsp/../dsp/DSPGraph.h:5:
In file included from /Users/joshua/Developer/PedalForge/source/ui/../pedals/../dsp/../dsp/NAMNode.h:4:
In file included from /Users/joshua/Developer/PedalForge/build/_deps/namcore-src/NAM/get_dsp.h:7:
In file included from /Users/joshua/Developer/PedalForge/build/_deps/namcore-src/NAM/dsp.h:10:
In file included from /Users/joshua/Developer/PedalForge/build/_deps/namcore-src/Dependencies/eigen/Eigen/Dense:1:
In file included from /Users/joshua/Developer/PedalForge/build/_deps/namcore-src/Dependencies/eigen/Eigen/Core:168:
/Users/joshua/Developer/PedalForge/build/_deps/namcore-src/Dependencies/eigen/Eigen/src/Core/util/Meta.h:313:56: warning: zero as null pointer constant [-Wzero-as-null-pointer-constant]
  313 |   enum { value = sizeof(testFunctor<T>(static_cast<T*>(0))) == sizeof(meta_yes) };
      |                                                        ^
      |                                                        nullptr
/Users/joshua/Developer/PedalForge/build/_deps/namcore-src/Dependencies/eigen/Eigen/src/Core/../plugins/CommonCwiseBinaryOps.h:50:1: note: in instantiation of template class 'Eigen::internal::has_ReturnType<Eigen::ScalarBinaryOpTraits<Eigen::ArrayWrapper<const Eigen::Block<const Eigen::Ref<const Eigen::Matrix<float, -1, -1>>, -1, -1, true>>, float>>' requested here
   50 | EIGEN_MAKE_SCALAR_BINARY_OP(operator*,product)
      | ^
/Users/joshua/Developer/PedalForge/build/_deps/namcore-src/Dependencies/eigen/Eigen/src/Core/util/Macros.h:1226:3: note: expanded from macro 'EIGEN_MAKE_SCALAR_BINARY_OP'
 1226 |   EIGEN_MAKE_SCALAR_BINARY_OP_ONTHELEFT(METHOD,OPNAME) \
      |   ^
/Users/joshua/Developer/PedalForge/build/_deps/namcore-src/Dependencies/eigen/Eigen/src/Core/util/Macros.h:1218:119: note: expanded from macro 'EIGEN_MAKE_SCALAR_BINARY_OP_ONTHELEFT'
 1218 |   const EIGEN_SCALAR_BINARYOP_EXPR_RETURN_TYPE(typename internal::promote_scalar_arg<Scalar EIGEN_COMMA T EIGEN_COMMA EIGEN_SCALAR_BINARY_SUPPORTED(OPNAME,T,Scalar)>::type,Derived,OPNAME) \
      |                                                                                                                       ^
/Users/joshua/Developer/PedalForge/build/_deps/namcore-src/Dependencies/eigen/Eigen/src/Core/util/Macros.h:1197:21: note: expanded from macro 'EIGEN_SCALAR_BINARY_SUPPORTED'
 1197 |   (Eigen::internal::has_ReturnType<Eigen::ScalarBinaryOpTraits<TYPEA,TYPEB,EIGEN_CAT(EIGEN_CAT(Eigen::internal::scalar_,OPNAME),_op)<TYPEA,TYPEB>  > >::value)
      |                     ^
/Users/joshua/Developer/PedalForge/build/_deps/namcore-src/NAM/wavenet/../film.h:182:81: note: while substituting deduced template arguments into function template 'operator*' [with T = ArrayWrapper<const Block<const Ref<const Matrix<float, -1, -1, 0, -1, -1>, 0, OuterStride<-1>>, -1, -1, true>>]
  182 |       _output.leftCols(num_frames).array() = input.leftCols(num_frames).array() * scale.array() + shift.array();
      |                                                                                 ^
In file included from /Users/joshua/Developer/PedalForge/source/PluginProcessor.cpp:2:
In file included from /Users/joshua/Developer/PedalForge/source/PluginEditor.h:7:
In file included from /Users/joshua/Developer/PedalForge/source/ui/InventoryOverlay.h:4:
In file included from /Users/joshua/Developer/PedalForge/source/ui/PedalPalette.h:4:
In file included from /Users/joshua/Developer/PedalForge/source/ui/../pedals/PedalRegistry.h:4:
In file included from /Users/joshua/Developer/PedalForge/source/ui/../pedals/../dsp/GraphPedalProcessor.h:4:
In file included from /Users/joshua/Developer/PedalForge/source/ui/../pedals/../dsp/../dsp/DSPGraph.h:5:
In file included from /Users/joshua/Developer/PedalForge/source/ui/../pedals/../dsp/../dsp/NAMNode.h:4:
In file included from /Users/joshua/Developer/PedalForge/build/_deps/namcore-src/NAM/get_dsp.h:7:
In file included from /Users/joshua/Developer/PedalForge/build/_deps/namcore-src/NAM/dsp.h:10:
In file included from /Users/joshua/Developer/PedalForge/build/_deps/namcore-src/Dependencies/eigen/Eigen/Dense:1:
In file included from /Users/joshua/Developer/PedalForge/build/_deps/namcore-src/Dependencies/eigen/Eigen/Core:168:
/Users/joshua/Developer/PedalForge/build/_deps/namcore-src/Dependencies/eigen/Eigen/src/Core/util/Meta.h:313:56: warning: zero as null pointer constant [-Wzero-as-null-pointer-constant]
  313 |   enum { value = sizeof(testFunctor<T>(static_cast<T*>(0))) == sizeof(meta_yes) };
      |                                                        ^
      |                                                        nullptr
/Users/joshua/Developer/PedalForge/build/_deps/namcore-src/Dependencies/eigen/Eigen/src/Core/../plugins/ArrayCwiseBinaryOps.h:253:1: note: in instantiation of template class 'Eigen::internal::has_ReturnType<Eigen::ScalarBinaryOpTraits<float, Eigen::ArrayWrapper<const Eigen::Block<const Eigen::Block<const Eigen::Matrix<float, -1, -1>>, -1, -1, true>>, Eigen::internal::scalar_sum_op<float, Eigen::ArrayWrapper<const Eigen::Block<const Eigen::Block<const Eigen::Matrix<float, -1, -1>>, -1, -1, true>>>>>' requested here
  253 | EIGEN_MAKE_SCALAR_BINARY_OP(operator+,sum)
      | ^
/Users/joshua/Developer/PedalForge/build/_deps/namcore-src/Dependencies/eigen/Eigen/src/Core/util/Macros.h:1227:3: note: expanded from macro 'EIGEN_MAKE_SCALAR_BINARY_OP'
 1227 |   EIGEN_MAKE_SCALAR_BINARY_OP_ONTHERIGHT(METHOD,OPNAME)
      |   ^
/Users/joshua/Developer/PedalForge/build/_deps/namcore-src/Dependencies/eigen/Eigen/src/Core/util/Macros.h:1209:127: note: expanded from macro 'EIGEN_MAKE_SCALAR_BINARY_OP_ONTHERIGHT'
 1209 |   const EIGEN_EXPR_BINARYOP_SCALAR_RETURN_TYPE(Derived,typename internal::promote_scalar_arg<Scalar EIGEN_COMMA T EIGEN_COMMA EIGEN_SCALAR_BINARY_SUPPORTED(OPNAME,Scalar,T)>::type,OPNAME)\
      |                                                                                                                               ^
/Users/joshua/Developer/PedalForge/build/_deps/namcore-src/Dependencies/eigen/Eigen/src/Core/util/Macros.h:1197:21: note: expanded from macro 'EIGEN_SCALAR_BINARY_SUPPORTED'
 1197 |   (Eigen::internal::has_ReturnType<Eigen::ScalarBinaryOpTraits<TYPEA,TYPEB,EIGEN_CAT(EIGEN_CAT(Eigen::internal::scalar_,OPNAME),_op)<TYPEA,TYPEB>  > >::value)
      |                     ^
/Users/joshua/Developer/PedalForge/build/_deps/namcore-src/NAM/wavenet/../film.h:182:97: note: while substituting deduced template arguments into function template 'operator+' [with T = ArrayWrapper<const Block<const Block<const Matrix<float, -1, -1, 0, -1, -1>, -1, -1, false>, -1, -1, true>>]
  182 |       _output.leftCols(num_frames).array() = input.leftCols(num_frames).array() * scale.array() + shift.array();
      |                                                                                                 ^
In file included from /Users/joshua/Developer/PedalForge/source/PluginProcessor.cpp:2:
In file included from /Users/joshua/Developer/PedalForge/source/PluginEditor.h:7:
In file included from /Users/joshua/Developer/PedalForge/source/ui/InventoryOverlay.h:4:
In file included from /Users/joshua/Developer/PedalForge/source/ui/PedalPalette.h:4:
In file included from /Users/joshua/Developer/PedalForge/source/ui/../pedals/PedalRegistry.h:4:
In file included from /Users/joshua/Developer/PedalForge/source/ui/../pedals/../dsp/GraphPedalProcessor.h:4:
In file included from /Users/joshua/Developer/PedalForge/source/ui/../pedals/../dsp/../dsp/DSPGraph.h:5:
In file included from /Users/joshua/Developer/PedalForge/source/ui/../pedals/../dsp/../dsp/NAMNode.h:4:
In file included from /Users/joshua/Developer/PedalForge/build/_deps/namcore-src/NAM/get_dsp.h:7:
In file included from /Users/joshua/Developer/PedalForge/build/_deps/namcore-src/NAM/dsp.h:10:
In file included from /Users/joshua/Developer/PedalForge/build/_deps/namcore-src/Dependencies/eigen/Eigen/Dense:1:
In file included from /Users/joshua/Developer/PedalForge/build/_deps/namcore-src/Dependencies/eigen/Eigen/Core:168:
/Users/joshua/Developer/PedalForge/build/_deps/namcore-src/Dependencies/eigen/Eigen/src/Core/util/Meta.h:313:56: warning: zero as null pointer constant [-Wzero-as-null-pointer-constant]
  313 |   enum { value = sizeof(testFunctor<T>(static_cast<T*>(0))) == sizeof(meta_yes) };
      |                                                        ^
      |                                                        nullptr
/Users/joshua/Developer/PedalForge/build/_deps/namcore-src/Dependencies/eigen/Eigen/src/Core/../plugins/ArrayCwiseBinaryOps.h:253:1: note: in instantiation of template class 'Eigen::internal::has_ReturnType<Eigen::ScalarBinaryOpTraits<Eigen::CwiseBinaryOp<Eigen::internal::scalar_product_op<float>, const Eigen::ArrayWrapper<const Eigen::Block<const Eigen::Ref<const Eigen::Matrix<float, -1, -1>>, -1, -1, true>>, const Eigen::ArrayWrapper<const Eigen::Block<const Eigen::Block<const Eigen::Matrix<float, -1, -1>>, -1, -1, true>>>, float, Eigen::internal::scalar_sum_op<Eigen::CwiseBinaryOp<Eigen::internal::scalar_product_op<float>, const Eigen::ArrayWrapper<const Eigen::Block<const Eigen::Ref<const Eigen::Matrix<float, -1, -1>>, -1, -1, true>>, const Eigen::ArrayWrapper<const Eigen::Block<const Eigen::Block<const Eigen::Matrix<float, -1, -1>>, -1, -1, true>>>, float>>>' requested here
  253 | EIGEN_MAKE_SCALAR_BINARY_OP(operator+,sum)
      | ^
/Users/joshua/Developer/PedalForge/build/_deps/namcore-src/Dependencies/eigen/Eigen/src/Core/util/Macros.h:1226:3: note: expanded from macro 'EIGEN_MAKE_SCALAR_BINARY_OP'
 1226 |   EIGEN_MAKE_SCALAR_BINARY_OP_ONTHELEFT(METHOD,OPNAME) \
      |   ^
/Users/joshua/Developer/PedalForge/build/_deps/namcore-src/Dependencies/eigen/Eigen/src/Core/util/Macros.h:1218:119: note: expanded from macro 'EIGEN_MAKE_SCALAR_BINARY_OP_ONTHELEFT'
 1218 |   const EIGEN_SCALAR_BINARYOP_EXPR_RETURN_TYPE(typename internal::promote_scalar_arg<Scalar EIGEN_COMMA T EIGEN_COMMA EIGEN_SCALAR_BINARY_SUPPORTED(OPNAME,T,Scalar)>::type,Derived,OPNAME) \
      |                                                                                                                       ^
/Users/joshua/Developer/PedalForge/build/_deps/namcore-src/Dependencies/eigen/Eigen/src/Core/util/Macros.h:1197:21: note: expanded from macro 'EIGEN_SCALAR_BINARY_SUPPORTED'
 1197 |   (Eigen::internal::has_ReturnType<Eigen::ScalarBinaryOpTraits<TYPEA,TYPEB,EIGEN_CAT(EIGEN_CAT(Eigen::internal::scalar_,OPNAME),_op)<TYPEA,TYPEB>  > >::value)
      |                     ^
/Users/joshua/Developer/PedalForge/build/_deps/namcore-src/NAM/wavenet/../film.h:182:97: note: while substituting deduced template arguments into function template 'operator+' [with T = CwiseBinaryOp<internal::scalar_product_op<typename internal::traits<ArrayWrapper<const Block<const Ref<const Matrix<float, -1, -1, 0, -1, -1>, 0, OuterStride<-1>>, -1, -1, true>>>::Scalar, typename internal::traits<ArrayWrapper<const Block<const Block<const Matrix<float, -1, -1, 0, -1, -1>, -1, -1, false>, -1, -1, true>>>::Scalar>, const ArrayWrapper<const Block<const Ref<const Matrix<float, -1, -1, 0, -1, -1>, 0, OuterStride<-1>>, -1, -1, true>>, const ArrayWrapper<const Block<const Block<const Matrix<float, -1, -1, 0, -1, -1>, -1, -1, false>, -1, -1, true>>>]
  182 |       _output.leftCols(num_frames).array() = input.leftCols(num_frames).array() * scale.array() + shift.array();
      |                                                                                                 ^
In file included from /Users/joshua/Developer/PedalForge/source/PluginProcessor.cpp:2:
In file included from /Users/joshua/Developer/PedalForge/source/PluginEditor.h:7:
In file included from /Users/joshua/Developer/PedalForge/source/ui/InventoryOverlay.h:4:
In file included from /Users/joshua/Developer/PedalForge/source/ui/PedalPalette.h:4:
In file included from /Users/joshua/Developer/PedalForge/source/ui/../pedals/PedalRegistry.h:4:
In file included from /Users/joshua/Developer/PedalForge/source/ui/../pedals/../dsp/GraphPedalProcessor.h:4:
In file included from /Users/joshua/Developer/PedalForge/source/ui/../pedals/../dsp/../dsp/DSPGraph.h:5:
In file included from /Users/joshua/Developer/PedalForge/source/ui/../pedals/../dsp/../dsp/NAMNode.h:9:
In file included from /Users/joshua/Developer/PedalForge/build/_deps/namcore-src/NAM/wavenet/model.h:15:
/Users/joshua/Developer/PedalForge/build/_deps/namcore-src/NAM/wavenet/detail.h:155:4: warning: extra ';' after member function definition [-Wextra-semi]
  155 |   };
      |    ^
/Users/joshua/Developer/PedalForge/build/_deps/namcore-src/NAM/wavenet/detail.h:185:70: warning: extra ';' after member function definition [-Wextra-semi]
  185 |   long get_channels() const { return this->_conv.get_in_channels(); };
      |                                                                      ^
/Users/joshua/Developer/PedalForge/build/_deps/namcore-src/NAM/wavenet/detail.h:189:66: warning: extra ';' after member function definition [-Wextra-semi]
  189 |   int get_dilation() const { return this->_conv.get_dilation(); };
      |                                                                  ^
/Users/joshua/Developer/PedalForge/build/_deps/namcore-src/NAM/wavenet/detail.h:193:73: warning: extra ';' after member function definition [-Wextra-semi]
  193 |   long get_kernel_size() const { return this->_conv.get_kernel_size(); };
      |                                                                         ^
In file included from /Users/joshua/Developer/PedalForge/source/PluginProcessor.cpp:2:
In file included from /Users/joshua/Developer/PedalForge/source/PluginEditor.h:7:
In file included from /Users/joshua/Developer/PedalForge/source/ui/InventoryOverlay.h:4:
In file included from /Users/joshua/Developer/PedalForge/source/ui/PedalPalette.h:4:
In file included from /Users/joshua/Developer/PedalForge/source/ui/../pedals/PedalRegistry.h:4:
In file included from /Users/joshua/Developer/PedalForge/source/ui/../pedals/../dsp/GraphPedalProcessor.h:4:
In file included from /Users/joshua/Developer/PedalForge/source/ui/../pedals/../dsp/../dsp/DSPGraph.h:5:
In file included from /Users/joshua/Developer/PedalForge/source/ui/../pedals/../dsp/../dsp/NAMNode.h:9:
/Users/joshua/Developer/PedalForge/build/_deps/namcore-src/NAM/wavenet/model.h:102:72: warning: extra ';' after member function definition [-Wextra-semi]
  102 |   virtual int _get_condition_dim() const { return NumInputChannels(); };
      |                                                                        ^
/Users/joshua/Developer/PedalForge/build/_deps/namcore-src/NAM/wavenet/model.h:114:60: warning: extra ';' after member function definition [-Wextra-semi]
  114 |   int PrewarmSamples() override { return mPrewarmSamples; };
      |                                                            ^
/Users/joshua/Developer/PedalForge/build/_deps/namcore-src/NAM/wavenet/model.h:50:3: warning: '~WaveNet' overrides a destructor but is not marked 'override' [-Winconsistent-missing-destructor-override]
   50 |   ~WaveNet() = default;
      |   ^
/Users/joshua/Developer/PedalForge/build/_deps/namcore-src/NAM/dsp.h:65:11: note: overridden virtual function is here
   65 |   virtual ~DSP() = default;
      |           ^
In file included from /Users/joshua/Developer/PedalForge/source/PluginProcessor.cpp:2:
In file included from /Users/joshua/Developer/PedalForge/source/PluginEditor.h:7:
In file included from /Users/joshua/Developer/PedalForge/source/ui/InventoryOverlay.h:4:
In file included from /Users/joshua/Developer/PedalForge/source/ui/PedalPalette.h:4:
In file included from /Users/joshua/Developer/PedalForge/source/ui/../pedals/PedalRegistry.h:4:
In file included from /Users/joshua/Developer/PedalForge/source/ui/../pedals/../dsp/GraphPedalProcessor.h:4:
In file included from /Users/joshua/Developer/PedalForge/source/ui/../pedals/../dsp/../dsp/DSPGraph.h:5:
In file included from /Users/joshua/Developer/PedalForge/source/ui/../pedals/../dsp/../dsp/NAMNode.h:10:
/Users/joshua/Developer/PedalForge/build/_deps/namcore-src/NAM/lstm.h:28:119: warning: extra ';' after member function definition [-Wextra-semi]
   28 |   Eigen::VectorXf get_hidden_state() const { return this->_xh(Eigen::placeholders::lastN(this->_get_hidden_size())); };
      |                                                                                                                       ^
/Users/joshua/Developer/PedalForge/build/_deps/namcore-src/NAM/lstm.h:50:64: warning: extra ';' after member function definition [-Wextra-semi]
   50 |   long _get_hidden_size() const { return this->_b.size() / 4; };
      |                                                                ^
/Users/joshua/Developer/PedalForge/build/_deps/namcore-src/NAM/lstm.h:51:87: warning: extra ';' after member function definition [-Wextra-semi]
   51 |   long _get_input_size() const { return this->_xh.size() - this->_get_hidden_size(); };
      |                                                                                       ^
/Users/joshua/Developer/PedalForge/build/_deps/namcore-src/NAM/lstm.h:73:3: warning: '~LSTM' overrides a destructor but is not marked 'override' [-Winconsistent-missing-destructor-override]
   73 |   ~LSTM() = default;
      |   ^
/Users/joshua/Developer/PedalForge/build/_deps/namcore-src/NAM/dsp.h:65:11: note: overridden virtual function is here
   65 |   virtual ~DSP() = default;
      |           ^
In file included from /Users/joshua/Developer/PedalForge/source/PluginProcessor.cpp:2:
In file included from /Users/joshua/Developer/PedalForge/source/PluginEditor.h:7:
In file included from /Users/joshua/Developer/PedalForge/source/ui/InventoryOverlay.h:4:
In file included from /Users/joshua/Developer/PedalForge/source/ui/PedalPalette.h:4:
In file included from /Users/joshua/Developer/PedalForge/source/ui/../pedals/PedalRegistry.h:4:
In file included from /Users/joshua/Developer/PedalForge/source/ui/../pedals/../dsp/GraphPedalProcessor.h:4:
In file included from /Users/joshua/Developer/PedalForge/source/ui/../pedals/../dsp/../dsp/DSPGraph.h:5:
In file included from /Users/joshua/Developer/PedalForge/source/ui/../pedals/../dsp/../dsp/NAMNode.h:10:
/Users/joshua/Developer/PedalForge/build/_deps/namcore-src/NAM/lstm.h:118:2: warning: extra ';' outside of a function is incompatible with C++98 [-Wc++98-compat-extra-semi]
  118 | }; // namespace lstm
      |  ^
/Users/joshua/Developer/PedalForge/build/_deps/namcore-src/NAM/lstm.h:119:2: warning: extra ';' outside of a function is incompatible with C++98 [-Wc++98-compat-extra-semi]
  119 | }; // namespace nam
      |  ^
In file included from /Users/joshua/Developer/PedalForge/source/PluginProcessor.cpp:2:
In file included from /Users/joshua/Developer/PedalForge/source/PluginEditor.h:7:
In file included from /Users/joshua/Developer/PedalForge/source/ui/InventoryOverlay.h:4:
In file included from /Users/joshua/Developer/PedalForge/source/ui/PedalPalette.h:4:
In file included from /Users/joshua/Developer/PedalForge/source/ui/../pedals/PedalRegistry.h:4:
In file included from /Users/joshua/Developer/PedalForge/source/ui/../pedals/../dsp/GraphPedalProcessor.h:4:
In file included from /Users/joshua/Developer/PedalForge/source/ui/../pedals/../dsp/../dsp/DSPGraph.h:5:
In file included from /Users/joshua/Developer/PedalForge/source/ui/../pedals/../dsp/../dsp/NAMNode.h:11:
/Users/joshua/Developer/PedalForge/build/_deps/namcore-src/NAM/convnet.h:30:17: warning: extra ';' after member function definition [-Wextra-semi]
   30 |   BatchNorm() {};
      |                 ^
/Users/joshua/Developer/PedalForge/build/_deps/namcore-src/NAM/convnet.h:60:20: warning: extra ';' after member function definition [-Wextra-semi]
   60 |   ConvNetBlock() {};
      |                    ^
/Users/joshua/Developer/PedalForge/build/_deps/namcore-src/NAM/convnet.h:111:13: warning: extra ';' after member function definition [-Wextra-semi]
  111 |   _Head() {};
      |             ^
/Users/joshua/Developer/PedalForge/build/_deps/namcore-src/NAM/convnet.h:165:60: warning: extra ';' after member function definition [-Wextra-semi]
  165 |   int PrewarmSamples() override { return mPrewarmSamples; };
      |                                                            ^
/Users/joshua/Developer/PedalForge/build/_deps/namcore-src/NAM/convnet.h:142:3: warning: '~ConvNet' overrides a destructor but is not marked 'override' [-Winconsistent-missing-destructor-override]
  142 |   ~ConvNet() = default;
      |   ^
/Users/joshua/Developer/PedalForge/build/_deps/namcore-src/NAM/dsp.h:215:7: note: overridden virtual function is here
  215 | class Buffer : public DSP
      |       ^
In file included from /Users/joshua/Developer/PedalForge/source/PluginProcessor.cpp:2:
In file included from /Users/joshua/Developer/PedalForge/source/PluginEditor.h:7:
In file included from /Users/joshua/Developer/PedalForge/source/ui/InventoryOverlay.h:4:
In file included from /Users/joshua/Developer/PedalForge/source/ui/PedalPalette.h:4:
In file included from /Users/joshua/Developer/PedalForge/source/ui/../pedals/PedalRegistry.h:4:
In file included from /Users/joshua/Developer/PedalForge/source/ui/../pedals/../dsp/GraphPedalProcessor.h:4:
In file included from /Users/joshua/Developer/PedalForge/source/ui/../pedals/../dsp/../dsp/DSPGraph.h:5:
In file included from /Users/joshua/Developer/PedalForge/source/ui/../pedals/../dsp/../dsp/NAMNode.h:11:
/Users/joshua/Developer/PedalForge/build/_deps/namcore-src/NAM/convnet.h:190:2: warning: extra ';' outside of a function is incompatible with C++98 [-Wc++98-compat-extra-semi]
  190 | }; // namespace convnet
      |  ^
/Users/joshua/Developer/PedalForge/build/_deps/namcore-src/NAM/convnet.h:191:2: warning: extra ';' outside of a function is incompatible with C++98 [-Wc++98-compat-extra-semi]
  191 | }; // namespace nam
      |  ^
In file included from /Users/joshua/Developer/PedalForge/source/PluginProcessor.cpp:2:
In file included from /Users/joshua/Developer/PedalForge/source/PluginEditor.h:7:
In file included from /Users/joshua/Developer/PedalForge/source/ui/InventoryOverlay.h:4:
In file included from /Users/joshua/Developer/PedalForge/source/ui/PedalPalette.h:4:
In file included from /Users/joshua/Developer/PedalForge/source/ui/../pedals/PedalRegistry.h:4:
In file included from /Users/joshua/Developer/PedalForge/source/ui/../pedals/../dsp/GraphPedalProcessor.h:4:
/Users/joshua/Developer/PedalForge/source/ui/../pedals/../dsp/../dsp/DSPGraph.h:294:72: warning: implicit conversion changes signedness: 'int' to 'size_type' (aka 'unsigned long') [-Wsign-conversion]
  294 |         if (!NodePort::areCompatible (srcPorts[srcPort].type, dstPorts[dstPort].type))
      |                                                               ~~~~~~~~ ^~~~~~~
/Users/joshua/Developer/PedalForge/source/ui/../pedals/../dsp/../dsp/DSPGraph.h:294:48: warning: implicit conversion changes signedness: 'int' to 'size_type' (aka 'unsigned long') [-Wsign-conversion]
  294 |         if (!NodePort::areCompatible (srcPorts[srcPort].type, dstPorts[dstPort].type))
      |                                       ~~~~~~~~ ^~~~~~~
/Users/joshua/Developer/PedalForge/source/ui/../pedals/../dsp/../dsp/DSPGraph.h:345:28: warning: implicit conversion changes signedness: 'int' to 'size_type' (aka 'unsigned long') [-Wsign-conversion]
  345 |         bufferPool.resize (maxPorts);
      |                    ~~~~~~  ^~~~~~~~
/Users/joshua/Developer/PedalForge/source/ui/../pedals/../dsp/../dsp/DSPGraph.h:347:23: warning: implicit conversion changes signedness: 'int' to 'size_type' (aka 'unsigned long') [-Wsign-conversion]
  347 |             b.resize (maxBlockSize, 0.0f);
      |               ~~~~~~  ^~~~~~~~~~~~
/Users/joshua/Developer/PedalForge/source/ui/../pedals/../dsp/../dsp/DSPGraph.h:395:47: warning: implicit conversion changes signedness: 'mapped_type' (aka 'int') to 'size_type' (aka 'unsigned long') [-Wsign-conversion]
  395 |                                    bufferPool[portBufferMap[key]].data());
      |                                    ~~~~~~~~~~ ^~~~~~~~~~~~~~~~~~
/Users/joshua/Developer/PedalForge/source/ui/../pedals/../dsp/../dsp/DSPGraph.h:398:47: warning: implicit conversion changes signedness: 'mapped_type' (aka 'int') to 'size_type' (aka 'unsigned long') [-Wsign-conversion]
  398 |                                    bufferPool[portBufferMap[key]].data() + numSamples, 0.0f);
      |                                    ~~~~~~~~~~ ^~~~~~~~~~~~~~~~~~
/Users/joshua/Developer/PedalForge/source/ui/../pedals/../dsp/../dsp/DSPGraph.h:397:47: warning: implicit conversion changes signedness: 'mapped_type' (aka 'int') to 'size_type' (aka 'unsigned long') [-Wsign-conversion]
  397 |                         std::fill (bufferPool[portBufferMap[key]].data(),
      |                                    ~~~~~~~~~~ ^~~~~~~~~~~~~~~~~~
/Users/joshua/Developer/PedalForge/source/ui/../pedals/../dsp/../dsp/DSPGraph.h:405:47: warning: implicit conversion changes signedness: 'int' to 'size_type' (aka 'unsigned long') [-Wsign-conversion]
  405 |             std::vector<const float*> inPtrs (numInputs, nullptr);
      |                                       ~~~~~~  ^~~~~~~~~
/Users/joshua/Developer/PedalForge/source/ui/../pedals/../dsp/../dsp/DSPGraph.h:413:37: warning: implicit conversion changes signedness: 'const int' to 'size_type' (aka 'unsigned long') [-Wsign-conversion]
  413 |                         inPtrs[conn.destPort] = bufferPool[portBufferMap[srcKey]].data();
      |                         ~~~~~~ ~~~~~^~~~~~~~
/Users/joshua/Developer/PedalForge/source/ui/../pedals/../dsp/../dsp/DSPGraph.h:413:60: warning: implicit conversion changes signedness: 'mapped_type' (aka 'int') to 'size_type' (aka 'unsigned long') [-Wsign-conversion]
  413 |                         inPtrs[conn.destPort] = bufferPool[portBufferMap[srcKey]].data();
      |                                                 ~~~~~~~~~~ ^~~~~~~~~~~~~~~~~~~~~
/Users/joshua/Developer/PedalForge/source/ui/../pedals/../dsp/../dsp/DSPGraph.h:418:41: warning: implicit conversion changes signedness: 'int' to 'size_type' (aka 'unsigned long') [-Wsign-conversion]
  418 |             std::vector<float> silence (numSamples, 0.0f);
      |                                ~~~~~~~  ^~~~~~~~~~
/Users/joshua/Developer/PedalForge/source/ui/../pedals/../dsp/../dsp/DSPGraph.h:424:42: warning: implicit conversion changes signedness: 'int' to 'size_type' (aka 'unsigned long') [-Wsign-conversion]
  424 |             std::vector<float*> outPtrs (numOutputs, nullptr);
      |                                 ~~~~~~~  ^~~~~~~~~~
/Users/joshua/Developer/PedalForge/source/ui/../pedals/../dsp/../dsp/DSPGraph.h:429:29: warning: implicit conversion changes signedness: 'int' to 'size_type' (aka 'unsigned long') [-Wsign-conversion]
  429 |                     outPtrs[p] = bufferPool[portBufferMap[key]].data();
      |                     ~~~~~~~ ^
/Users/joshua/Developer/PedalForge/source/ui/../pedals/../dsp/../dsp/DSPGraph.h:429:45: warning: implicit conversion changes signedness: 'mapped_type' (aka 'int') to 'size_type' (aka 'unsigned long') [-Wsign-conversion]
  429 |                     outPtrs[p] = bufferPool[portBufferMap[key]].data();
      |                                  ~~~~~~~~~~ ^~~~~~~~~~~~~~~~~~
/Users/joshua/Developer/PedalForge/source/ui/../pedals/../dsp/../dsp/DSPGraph.h:433:41: warning: implicit conversion changes signedness: 'int' to 'size_type' (aka 'unsigned long') [-Wsign-conversion]
  433 |             std::vector<float> devNull (numSamples, 0.0f);
      |                                ~~~~~~~  ^~~~~~~~~~
In file included from /Users/joshua/Developer/PedalForge/source/PluginProcessor.cpp:2:
In file included from /Users/joshua/Developer/PedalForge/source/PluginEditor.h:7:
In file included from /Users/joshua/Developer/PedalForge/source/ui/InventoryOverlay.h:4:
In file included from /Users/joshua/Developer/PedalForge/source/ui/PedalPalette.h:4:
In file included from /Users/joshua/Developer/PedalForge/source/ui/../pedals/PedalRegistry.h:4:
/Users/joshua/Developer/PedalForge/source/ui/../pedals/../dsp/GraphPedalProcessor.h:667:49: error: redefinition of 'createStepSequencer'
  667 |     inline std::unique_ptr<GraphPedalProcessor> createStepSequencer()
      |                                                 ^
/Users/joshua/Developer/PedalForge/source/ui/../pedals/../dsp/GraphPedalProcessor.h:231:49: note: previous definition is here
  231 |     inline std::unique_ptr<GraphPedalProcessor> createStepSequencer()
      |                                                 ^
In file included from /Users/joshua/Developer/PedalForge/source/PluginProcessor.cpp:2:
In file included from /Users/joshua/Developer/PedalForge/source/PluginEditor.h:7:
In file included from /Users/joshua/Developer/PedalForge/source/ui/InventoryOverlay.h:4:
In file included from /Users/joshua/Developer/PedalForge/source/ui/PedalPalette.h:4:
In file included from /Users/joshua/Developer/PedalForge/source/ui/../pedals/PedalRegistry.h:5:
/Users/joshua/Developer/PedalForge/source/ui/../pedals/FactoryDesigns.h:896:41: error: redefinition of 'createStepSequencer'
  896 |     inline std::shared_ptr<PedalDesign> createStepSequencer()
      |                                         ^
/Users/joshua/Developer/PedalForge/source/ui/../pedals/FactoryDesigns.h:41:41: note: previous definition is here
   41 |     inline std::shared_ptr<PedalDesign> createStepSequencer()
      |                                         ^
In file included from /Users/joshua/Developer/PedalForge/source/PluginProcessor.cpp:2:
In file included from /Users/joshua/Developer/PedalForge/source/PluginEditor.h:7:
In file included from /Users/joshua/Developer/PedalForge/source/ui/InventoryOverlay.h:4:
In file included from /Users/joshua/Developer/PedalForge/source/ui/PedalPalette.h:4:
/Users/joshua/Developer/PedalForge/source/ui/../pedals/PedalRegistry.h:27:28: error: no matching constructor for initialization of 'std::vector<PedalInfo>'
   27 |     std::vector<PedalInfo> pedals = {
      |                            ^        ~
   28 |         // ─── MIDI & CV ─────────────────────────────────────────────────────
      |         ~~~~~~~~~~~~~~~~~~~~~~~~~~~~~~~~~~~~~~~~~~~~~~~~~~~~~~~~~~~~~~~~~~~~~~
   29 |         { "Step Sequencer", "MIDI & CV", 2, 2, 6,
      |         ~~~~~~~~~~~~~~~~~~~~~~~~~~~~~~~~~~~~~~~~~
   30 |           juce::Colour (0xFF1A0533),    // deep indigo
      |           ~~~~~~~~~~~~~~~~~~~~~~~~~~~~~~~~~~~~~~~~~~~~
   31 |           [] { return GraphPedalFactory::createStepSequencer(); },
      |           ~~~~~~~~~~~~~~~~~~~~~~~~~~~~~~~~~~~~~~~~~~~~~~~~~~~~~~~~
   32 |           [] { return FactoryDesigns::createStepSequencer(); } },
      |           ~~~~~~~~~~~~~~~~~~~~~~~~~~~~~~~~~~~~~~~~~~~~~~~~~~~~~~~
   33 | 
   34 |         // ─── DRIVE ─────────────────────────────────────────────────────────
      |         ~~~~~~~~~~~~~~~~~~~~~~~~~~~~~~~~~~~~~~~~~~~~~~~~~~~~~~~~~~~~~~~~~~~~~~
   35 |         { "Clean Boost",  "Drive",      1, 2, 1,
      |         ~~~~~~~~~~~~~~~~~~~~~~~~~~~~~~~~~~~~~~~~
   36 |           juce::Colour (0xFF4ADE80),    // green
      |           ~~~~~~~~~~~~~~~~~~~~~~~~~~~~~~~~~~~~~~
   37 |           [] { return GraphPedalFactory::createCleanBoost(); },
      |           ~~~~~~~~~~~~~~~~~~~~~~~~~~~~~~~~~~~~~~~~~~~~~~~~~~~~~
   38 |           [] { return FactoryDesigns::createCleanBoost(); } },
      |           ~~~~~~~~~~~~~~~~~~~~~~~~~~~~~~~~~~~~~~~~~~~~~~~~~~~~
   39 | 
   40 |         { "Overdrive",    "Drive",      1, 2, 3,
      |         ~~~~~~~~~~~~~~~~~~~~~~~~~~~~~~~~~~~~~~~~
   41 |           juce::Colour (0xFFFBBF24),    // yellow/orange
      |           ~~~~~~~~~~~~~~~~~~~~~~~~~~~~~~~~~~~~~~~~~~~~~~
   42 |           [] { return GraphPedalFactory::createOverdrive(); },
      |           ~~~~~~~~~~~~~~~~~~~~~~~~~~~~~~~~~~~~~~~~~~~~~~~~~~~~
/Applications/Xcode.app/Contents/Developer/Platforms/MacOSX.platform/Developer/SDKs/MacOSX.sdk/usr/include/c++/v1/__vector/vector.h:176:3: note: candidate constructor template not viable: requires 3 arguments, but 20 were provided
  176 |   vector(size_type __n, const value_type& __x, const allocator_type& __a)
      |   ^      ~~~~~~~~~~~~~~~~~~~~~~~~~~~~~~~~~~~~~~~~~~~~~~~~~~~~~~~~~~~~~~~
/Applications/Xcode.app/Contents/Developer/Platforms/MacOSX.platform/Developer/SDKs/MacOSX.sdk/usr/include/c++/v1/__vector/vector.h:199:3: note: candidate constructor template not viable: requires 3 arguments, but 20 were provided
  199 |   vector(_InputIterator __first, _InputIterator __last, const allocator_type& __a)
      |   ^      ~~~~~~~~~~~~~~~~~~~~~~~~~~~~~~~~~~~~~~~~~~~~~~~~~~~~~~~~~~~~~~~~~~~~~~~~
/Applications/Xcode.app/Contents/Developer/Platforms/MacOSX.platform/Developer/SDKs/MacOSX.sdk/usr/include/c++/v1/__vector/vector.h:220:3: note: candidate constructor template not viable: requires 3 arguments, but 20 were provided
  220 |   vector(_ForwardIterator __first, _ForwardIterator __last, const allocator_type& __a)
      |   ^      ~~~~~~~~~~~~~~~~~~~~~~~~~~~~~~~~~~~~~~~~~~~~~~~~~~~~~~~~~~~~~~~~~~~~~~~~~~~~
/Applications/Xcode.app/Contents/Developer/Platforms/MacOSX.platform/Developer/SDKs/MacOSX.sdk/usr/include/c++/v1/__vector/vector.h:154:64: note: candidate constructor not viable: requires 2 arguments, but 20 were provided
  154 |   _LIBCPP_CONSTEXPR_SINCE_CXX20 _LIBCPP_HIDE_FROM_ABI explicit vector(size_type __n, const allocator_type& __a)
      |                                                                ^      ~~~~~~~~~~~~~~~~~~~~~~~~~~~~~~~~~~~~~~~~
/Applications/Xcode.app/Contents/Developer/Platforms/MacOSX.platform/Developer/SDKs/MacOSX.sdk/usr/include/c++/v1/__vector/vector.h:165:55: note: candidate constructor not viable: requires 2 arguments, but 20 were provided
  165 |   _LIBCPP_CONSTEXPR_SINCE_CXX20 _LIBCPP_HIDE_FROM_ABI vector(size_type __n, const value_type& __x) {
      |                                                       ^      ~~~~~~~~~~~~~~~~~~~~~~~~~~~~~~~~~~~~
/Applications/Xcode.app/Contents/Developer/Platforms/MacOSX.platform/Developer/SDKs/MacOSX.sdk/usr/include/c++/v1/__vector/vector.h:190:55: note: candidate constructor template not viable: requires 2 arguments, but 20 were provided
  190 |   _LIBCPP_CONSTEXPR_SINCE_CXX20 _LIBCPP_HIDE_FROM_ABI vector(_InputIterator __first, _InputIterator __last) {
      |                                                       ^      ~~~~~~~~~~~~~~~~~~~~~~~~~~~~~~~~~~~~~~~~~~~~~
/Applications/Xcode.app/Contents/Developer/Platforms/MacOSX.platform/Developer/SDKs/MacOSX.sdk/usr/include/c++/v1/__vector/vector.h:209:55: note: candidate constructor template not viable: requires 2 arguments, but 20 were provided
  209 |   _LIBCPP_CONSTEXPR_SINCE_CXX20 _LIBCPP_HIDE_FROM_ABI vector(_ForwardIterator __first, _ForwardIterator __last) {
      |                                                       ^      ~~~~~~~~~~~~~~~~~~~~~~~~~~~~~~~~~~~~~~~~~~~~~~~~~
/Applications/Xcode.app/Contents/Developer/Platforms/MacOSX.platform/Developer/SDKs/MacOSX.sdk/usr/include/c++/v1/__vector/vector.h:266:3: note: candidate constructor not viable: requires 2 arguments, but 20 were provided
  266 |   vector(const vector& __x, const __type_identity_t<allocator_type>& __a)
      |   ^      ~~~~~~~~~~~~~~~~~~~~~~~~~~~~~~~~~~~~~~~~~~~~~~~~~~~~~~~~~~~~~~~
/Applications/Xcode.app/Contents/Developer/Platforms/MacOSX.platform/Developer/SDKs/MacOSX.sdk/usr/include/c++/v1/__vector/vector.h:278:3: note: candidate constructor not viable: requires 2 arguments, but 20 were provided
  278 |   vector(initializer_list<value_type> __il, const allocator_type& __a)
      |   ^      ~~~~~~~~~~~~~~~~~~~~~~~~~~~~~~~~~~~~~~~~~~~~~~~~~~~~~~~~~~~~
/Applications/Xcode.app/Contents/Developer/Platforms/MacOSX.platform/Developer/SDKs/MacOSX.sdk/usr/include/c++/v1/__vector/vector.h:297:3: note: candidate constructor not viable: requires 2 arguments, but 20 were provided
  297 |   vector(vector&& __x, const __type_identity_t<allocator_type>& __a);
      |   ^      ~~~~~~~~~~~~~~~~~~~~~~~~~~~~~~~~~~~~~~~~~~~~~~~~~~~~~~~~~~
/Applications/Xcode.app/Contents/Developer/Platforms/MacOSX.platform/Developer/SDKs/MacOSX.sdk/usr/include/c++/v1/__vector/vector.h:135:64: note: candidate constructor not viable: requires single argument '__a', but 20 arguments were provided
  135 |   _LIBCPP_CONSTEXPR_SINCE_CXX20 _LIBCPP_HIDE_FROM_ABI explicit vector(const allocator_type& __a)
      |                                                                ^      ~~~~~~~~~~~~~~~~~~~~~~~~~
/Applications/Xcode.app/Contents/Developer/Platforms/MacOSX.platform/Developer/SDKs/MacOSX.sdk/usr/include/c++/v1/__vector/vector.h:144:64: note: candidate constructor not viable: requires single argument '__n', but 20 arguments were provided
  144 |   _LIBCPP_CONSTEXPR_SINCE_CXX20 _LIBCPP_HIDE_FROM_ABI explicit vector(size_type __n) {
      |                                                                ^      ~~~~~~~~~~~~~
/Applications/Xcode.app/Contents/Developer/Platforms/MacOSX.platform/Developer/SDKs/MacOSX.sdk/usr/include/c++/v1/__vector/vector.h:261:55: note: candidate constructor not viable: requires single argument '__x', but 20 arguments were provided
  261 |   _LIBCPP_CONSTEXPR_SINCE_CXX20 _LIBCPP_HIDE_FROM_ABI vector(const vector& __x)
      |                                                       ^      ~~~~~~~~~~~~~~~~~
/Applications/Xcode.app/Contents/Developer/Platforms/MacOSX.platform/Developer/SDKs/MacOSX.sdk/usr/include/c++/v1/__vector/vector.h:273:55: note: candidate constructor not viable: requires single argument '__il', but 20 arguments were provided
  273 |   _LIBCPP_CONSTEXPR_SINCE_CXX20 _LIBCPP_HIDE_FROM_ABI vector(initializer_list<value_type> __il) {
      |                                                       ^      ~~~~~~~~~~~~~~~~~~~~~~~~~~~~~~~~~
/Applications/Xcode.app/Contents/Developer/Platforms/MacOSX.platform/Developer/SDKs/MacOSX.sdk/usr/include/c++/v1/__vector/vector.h:289:55: note: candidate constructor not viable: requires single argument '__x', but 20 arguments were provided
  289 |   _LIBCPP_CONSTEXPR_SINCE_CXX20 _LIBCPP_HIDE_FROM_ABI vector(vector&& __x)
      |                                                       ^      ~~~~~~~~~~~~
/Applications/Xcode.app/Contents/Developer/Platforms/MacOSX.platform/Developer/SDKs/MacOSX.sdk/usr/include/c++/v1/__vector/vector.h:133:55: note: candidate constructor not viable: requires 0 arguments, but 20 were provided
  133 |   _LIBCPP_CONSTEXPR_SINCE_CXX20 _LIBCPP_HIDE_FROM_ABI vector()
      |                                                       ^
In file included from /Users/joshua/Developer/PedalForge/source/PluginProcessor.cpp:2:
In file included from /Users/joshua/Developer/PedalForge/source/PluginEditor.h:7:
/Users/joshua/Developer/PedalForge/source/ui/InventoryOverlay.h:38:10: warning: 'InventoryOverlay::keyPressed' hides overloaded virtual function [-Woverloaded-virtual]
   38 |     bool keyPressed (const juce::KeyPress& key, juce::Component* originatingComponent) override;
      |          ^
/Users/joshua/Developer/PedalForge/build/_deps/juce-src/modules/juce_gui_basics/components/juce_Component.h:1908:18: note: hidden overloaded virtual function 'juce::Component::keyPressed' declared here: different number of parameters (1 vs 2)
 1908 |     virtual bool keyPressed (const KeyPress& key);
      |                  ^
In file included from /Users/joshua/Developer/PedalForge/source/PluginProcessor.cpp:2:
In file included from /Users/joshua/Developer/PedalForge/source/PluginEditor.h:13:
In file included from /Users/joshua/Developer/PedalForge/source/ui/CanvasOverlay.h:6:
/Users/joshua/Developer/PedalForge/source/ui/HardwareDrawing.h:574:16: warning: 'Font' is deprecated: Use the constructor that takes a FontOptions argument [-Wdeprecated-declarations]
  574 |     juce::Font font (fontName, fontSize, styleFlags);
      |                ^
/Users/joshua/Developer/PedalForge/build/_deps/juce-src/modules/juce_graphics/fonts/juce_Font.h:88:7: note: 'Font' has been explicitly marked deprecated here
   88 |     [[deprecated ("Use the constructor that takes a FontOptions argument")]]
      |       ^
In file included from /Users/joshua/Developer/PedalForge/source/PluginProcessor.cpp:2:
In file included from /Users/joshua/Developer/PedalForge/source/PluginEditor.h:13:
/Users/joshua/Developer/PedalForge/source/ui/CanvasOverlay.h:171:78: warning: comparing floating point with == or != is unsafe [-Wfloat-equal]
  171 |                             if (targetInstance->controlValues[baseControlID] != val || textChanged)
      |                                 ~~~~~~~~~~~~~~~~~~~~~~~~~~~~~~~~~~~~~~~~~~~~ ^  ~~~
In file included from /Users/joshua/Developer/PedalForge/source/PluginProcessor.cpp:2:
In file included from /Users/joshua/Developer/PedalForge/source/PluginEditor.h:7:
In file included from /Users/joshua/Developer/PedalForge/source/ui/InventoryOverlay.h:4:
In file included from /Users/joshua/Developer/PedalForge/source/ui/PedalPalette.h:4:
In file included from /Users/joshua/Developer/PedalForge/source/ui/../pedals/PedalRegistry.h:4:
In file included from /Users/joshua/Developer/PedalForge/source/ui/../pedals/../dsp/GraphPedalProcessor.h:4:
In file included from /Users/joshua/Developer/PedalForge/source/ui/../pedals/../dsp/../dsp/DSPGraph.h:5:
In file included from /Users/joshua/Developer/PedalForge/source/ui/../pedals/../dsp/../dsp/NAMNode.h:4:
In file included from /Users/joshua/Developer/PedalForge/build/_deps/namcore-src/NAM/get_dsp.h:7:
In file included from /Users/joshua/Developer/PedalForge/build/_deps/namcore-src/NAM/dsp.h:10:
In file included from /Users/joshua/Developer/PedalForge/build/_deps/namcore-src/Dependencies/eigen/Eigen/Dense:1:
In file included from /Users/joshua/Developer/PedalForge/build/_deps/namcore-src/Dependencies/eigen/Eigen/Core:180:
/Users/joshua/Developer/PedalForge/build/_deps/namcore-src/Dependencies/eigen/Eigen/src/Core/GenericPacketMath.h:323:53: warning: comparing floating point with == or != is unsafe [-Wfloat-equal]
  323 | pcmp_eq(const Packet& a, const Packet& b) { return a==b ? ptrue(a) : pzero(a); }
      |                                                    ~^ ~
/Users/joshua/Developer/PedalForge/build/_deps/namcore-src/Dependencies/eigen/Eigen/src/Core/functors/UnaryFunctors.h:1056:29: note: in instantiation of function template specialization 'Eigen::internal::pcmp_eq<float>' requested here
 1056 |     const Packet inf_mask = pcmp_eq(e, inf);
      |                             ^
/Users/joshua/Developer/PedalForge/build/_deps/namcore-src/Dependencies/eigen/Eigen/src/Core/functors/UnaryFunctors.h:1048:12: note: in instantiation of function template specialization 'Eigen::internal::scalar_logistic_op<float>::packetOp<float>' requested here
 1048 |     return packetOp(x);
      |            ^
/Users/joshua/Developer/PedalForge/build/_deps/namcore-src/Dependencies/eigen/Eigen/src/Core/arch/NEON/UnaryFunctors.h:27:32: note: in instantiation of member function 'Eigen::internal::scalar_logistic_op<float>::operator()' requested here
   27 |     return Eigen::half(float_op(float(x)));
      |                                ^
In file included from /Users/joshua/Developer/PedalForge/source/PluginProcessor.cpp:2:
In file included from /Users/joshua/Developer/PedalForge/source/PluginEditor.h:7:
In file included from /Users/joshua/Developer/PedalForge/source/ui/InventoryOverlay.h:4:
In file included from /Users/joshua/Developer/PedalForge/source/ui/PedalPalette.h:4:
In file included from /Users/joshua/Developer/PedalForge/source/ui/../pedals/PedalRegistry.h:4:
In file included from /Users/joshua/Developer/PedalForge/source/ui/../pedals/../dsp/GraphPedalProcessor.h:4:
In file included from /Users/joshua/Developer/PedalForge/source/ui/../pedals/../dsp/../dsp/DSPGraph.h:5:
In file included from /Users/joshua/Developer/PedalForge/source/ui/../pedals/../dsp/../dsp/NAMNode.h:4:
In file included from /Users/joshua/Developer/PedalForge/build/_deps/namcore-src/NAM/get_dsp.h:7:
In file included from /Users/joshua/Developer/PedalForge/build/_deps/namcore-src/NAM/dsp.h:10:
In file included from /Users/joshua/Developer/PedalForge/build/_deps/namcore-src/Dependencies/eigen/Eigen/Dense:1:
In file included from /Users/joshua/Developer/PedalForge/build/_deps/namcore-src/Dependencies/eigen/Eigen/Core:303:
/Users/joshua/Developer/PedalForge/build/_deps/namcore-src/Dependencies/eigen/Eigen/src/Core/DenseStorage.h:504:124: warning: implicit conversion changes signedness: 'Index' (aka 'long') to 'std::size_t' (aka 'unsigned long') [-Wsign-conversion]
  504 |     EIGEN_DEVICE_FUNC ~DenseStorage() { internal::conditional_aligned_delete_auto<T,(Options_&DontAlign)==0>(m_data, m_rows*m_cols); }
      |                                         ~~~~~~~~                                                                     ~~~~~~^~~~~~~
/Users/joshua/Developer/PedalForge/build/_deps/namcore-src/Dependencies/eigen/Eigen/src/Core/PlainObjectBase.h:95:7: note: in instantiation of member function 'Eigen::DenseStorage<float, -1, -1, -1, 0>::~DenseStorage' requested here
   95 | class PlainObjectBase : public internal::dense_xpr_base<Derived>::type
      |       ^
In file included from /Users/joshua/Developer/PedalForge/source/PluginProcessor.cpp:2:
In file included from /Users/joshua/Developer/PedalForge/source/PluginEditor.h:7:
In file included from /Users/joshua/Developer/PedalForge/source/ui/InventoryOverlay.h:4:
In file included from /Users/joshua/Developer/PedalForge/source/ui/PedalPalette.h:4:
In file included from /Users/joshua/Developer/PedalForge/source/ui/../pedals/PedalRegistry.h:4:
In file included from /Users/joshua/Developer/PedalForge/source/ui/../pedals/../dsp/GraphPedalProcessor.h:4:
In file included from /Users/joshua/Developer/PedalForge/source/ui/../pedals/../dsp/../dsp/DSPGraph.h:5:
In file included from /Users/joshua/Developer/PedalForge/source/ui/../pedals/../dsp/../dsp/NAMNode.h:4:
In file included from /Users/joshua/Developer/PedalForge/build/_deps/namcore-src/NAM/get_dsp.h:7:
In file included from /Users/joshua/Developer/PedalForge/build/_deps/namcore-src/NAM/dsp.h:10:
In file included from /Users/joshua/Developer/PedalForge/build/_deps/namcore-src/Dependencies/eigen/Eigen/Dense:1:
In file included from /Users/joshua/Developer/PedalForge/build/_deps/namcore-src/Dependencies/eigen/Eigen/Core:303:
/Users/joshua/Developer/PedalForge/build/_deps/namcore-src/Dependencies/eigen/Eigen/src/Core/DenseStorage.h:459:56: warning: zero as null pointer constant [-Wzero-as-null-pointer-constant]
  459 |    EIGEN_DEVICE_FUNC constexpr DenseStorage() : m_data(0), m_rows(0), m_cols(0) {}
      |                                                        ^
      |                                                        nullptr
/Users/joshua/Developer/PedalForge/build/_deps/namcore-src/Dependencies/eigen/Eigen/src/Core/PlainObjectBase.h:462:45: note: in instantiation of member function 'Eigen::DenseStorage<float, -1, -1, -1, 0>::DenseStorage' requested here
  462 |     EIGEN_STRONG_INLINE PlainObjectBase() : m_storage()
      |                                             ^
/Users/joshua/Developer/PedalForge/build/_deps/namcore-src/Dependencies/eigen/Eigen/src/Core/Matrix.h:261:16: note: in instantiation of member function 'Eigen::PlainObjectBase<Eigen::Matrix<float, -1, -1>>::PlainObjectBase' requested here
  261 |     Matrix() : Base()
      |                ^
/Users/joshua/Developer/PedalForge/build/_deps/namcore-src/NAM/wavenet/../ring_buffer.h:15:3: note: in instantiation of member function 'Eigen::Matrix<float, -1, -1>::Matrix' requested here
   15 |   RingBuffer() {};
      |   ^
In file included from /Users/joshua/Developer/PedalForge/source/PluginProcessor.cpp:2:
In file included from /Users/joshua/Developer/PedalForge/source/PluginEditor.h:7:
In file included from /Users/joshua/Developer/PedalForge/source/ui/InventoryOverlay.h:4:
In file included from /Users/joshua/Developer/PedalForge/source/ui/PedalPalette.h:4:
In file included from /Users/joshua/Developer/PedalForge/source/ui/../pedals/PedalRegistry.h:4:
In file included from /Users/joshua/Developer/PedalForge/source/ui/../pedals/../dsp/GraphPedalProcessor.h:4:
In file included from /Users/joshua/Developer/PedalForge/source/ui/../pedals/../dsp/../dsp/DSPGraph.h:5:
In file included from /Users/joshua/Developer/PedalForge/source/ui/../pedals/../dsp/../dsp/NAMNode.h:4:
In file included from /Users/joshua/Developer/PedalForge/build/_deps/namcore-src/NAM/get_dsp.h:7:
In file included from /Users/joshua/Developer/PedalForge/build/_deps/namcore-src/NAM/dsp.h:10:
In file included from /Users/joshua/Developer/PedalForge/build/_deps/namcore-src/Dependencies/eigen/Eigen/Dense:1:
In file included from /Users/joshua/Developer/PedalForge/build/_deps/namcore-src/Dependencies/eigen/Eigen/Core:303:
/Users/joshua/Developer/PedalForge/build/_deps/namcore-src/Dependencies/eigen/Eigen/src/Core/DenseStorage.h:618:56: warning: zero as null pointer constant [-Wzero-as-null-pointer-constant]
  618 |    EIGEN_DEVICE_FUNC constexpr DenseStorage() : m_data(0), m_rows(0) {}
      |                                                        ^
      |                                                        nullptr
/Users/joshua/Developer/PedalForge/build/_deps/namcore-src/Dependencies/eigen/Eigen/src/Core/PlainObjectBase.h:462:45: note: in instantiation of member function 'Eigen::DenseStorage<float, -1, -1, 1, 0>::DenseStorage' requested here
  462 |     EIGEN_STRONG_INLINE PlainObjectBase() : m_storage()
      |                                             ^
/Users/joshua/Developer/PedalForge/build/_deps/namcore-src/Dependencies/eigen/Eigen/src/Core/Matrix.h:261:16: note: in instantiation of member function 'Eigen::PlainObjectBase<Eigen::Matrix<float, -1, 1>>::PlainObjectBase' requested here
  261 |     Matrix() : Base()
      |                ^
/Users/joshua/Developer/PedalForge/build/_deps/namcore-src/NAM/wavenet/../conv1d.h:20:3: note: in instantiation of member function 'Eigen::Matrix<float, -1, 1>::Matrix' requested here
   20 |   Conv1D()
      |   ^
In file included from /Users/joshua/Developer/PedalForge/source/PluginProcessor.cpp:2:
In file included from /Users/joshua/Developer/PedalForge/source/PluginEditor.h:7:
In file included from /Users/joshua/Developer/PedalForge/source/ui/InventoryOverlay.h:4:
In file included from /Users/joshua/Developer/PedalForge/source/ui/PedalPalette.h:4:
In file included from /Users/joshua/Developer/PedalForge/source/ui/../pedals/PedalRegistry.h:4:
In file included from /Users/joshua/Developer/PedalForge/source/ui/../pedals/../dsp/GraphPedalProcessor.h:4:
In file included from /Users/joshua/Developer/PedalForge/source/ui/../pedals/../dsp/../dsp/DSPGraph.h:5:
In file included from /Users/joshua/Developer/PedalForge/source/ui/../pedals/../dsp/../dsp/NAMNode.h:4:
In file included from /Users/joshua/Developer/PedalForge/build/_deps/namcore-src/NAM/get_dsp.h:7:
In file included from /Users/joshua/Developer/PedalForge/build/_deps/namcore-src/NAM/dsp.h:10:
In file included from /Users/joshua/Developer/PedalForge/build/_deps/namcore-src/Dependencies/eigen/Eigen/Dense:1:
In file included from /Users/joshua/Developer/PedalForge/build/_deps/namcore-src/Dependencies/eigen/Eigen/Core:303:
/Users/joshua/Developer/PedalForge/build/_deps/namcore-src/Dependencies/eigen/Eigen/src/Core/DenseStorage.h:657:123: warning: implicit conversion changes signedness: 'Index' (aka 'long') to 'std::size_t' (aka 'unsigned long') [-Wsign-conversion]
  657 |     EIGEN_DEVICE_FUNC ~DenseStorage() { internal::conditional_aligned_delete_auto<T,(Options_&DontAlign)==0>(m_data, Cols_*m_rows); }
      |                                         ~~~~~~~~                                                                     ~~~~~^~~~~~~
/Users/joshua/Developer/PedalForge/build/_deps/namcore-src/Dependencies/eigen/Eigen/src/Core/PlainObjectBase.h:95:7: note: in instantiation of member function 'Eigen::DenseStorage<float, -1, -1, 1, 0>::~DenseStorage' requested here
   95 | class PlainObjectBase : public internal::dense_xpr_base<Derived>::type
      |       ^
In file included from /Users/joshua/Developer/PedalForge/source/PluginProcessor.cpp:2:
In file included from /Users/joshua/Developer/PedalForge/source/PluginEditor.h:7:
In file included from /Users/joshua/Developer/PedalForge/source/ui/InventoryOverlay.h:4:
In file included from /Users/joshua/Developer/PedalForge/source/ui/PedalPalette.h:4:
In file included from /Users/joshua/Developer/PedalForge/source/ui/../pedals/PedalRegistry.h:4:
In file included from /Users/joshua/Developer/PedalForge/source/ui/../pedals/../dsp/GraphPedalProcessor.h:4:
In file included from /Users/joshua/Developer/PedalForge/source/ui/../pedals/../dsp/../dsp/DSPGraph.h:5:
In file included from /Users/joshua/Developer/PedalForge/source/ui/../pedals/../dsp/../dsp/NAMNode.h:4:
In file included from /Users/joshua/Developer/PedalForge/build/_deps/namcore-src/NAM/get_dsp.h:7:
In file included from /Users/joshua/Developer/PedalForge/build/_deps/namcore-src/NAM/dsp.h:10:
In file included from /Users/joshua/Developer/PedalForge/build/_deps/namcore-src/Dependencies/eigen/Eigen/Dense:1:
In file included from /Users/joshua/Developer/PedalForge/build/_deps/namcore-src/Dependencies/eigen/Eigen/Core:303:
/Users/joshua/Developer/PedalForge/build/_deps/namcore-src/Dependencies/eigen/Eigen/src/Core/DenseStorage.h:523:92: warning: implicit conversion changes signedness: 'Index' (aka 'long') to 'std::size_t' (aka 'unsigned long') [-Wsign-conversion]
  523 |         internal::conditional_aligned_delete_auto<T,(Options_&DontAlign)==0>(m_data, m_rows*m_cols);
      |         ~~~~~~~~                                                                     ~~~~~~^~~~~~~
/Users/joshua/Developer/PedalForge/build/_deps/namcore-src/Dependencies/eigen/Eigen/src/Core/PlainObjectBase.h:278:19: note: in instantiation of member function 'Eigen::DenseStorage<float, -1, -1, -1, 0>::resize' requested here
  278 |         m_storage.resize(rows*cols, rows, cols);
      |                   ^
In file included from /Users/joshua/Developer/PedalForge/source/PluginProcessor.cpp:2:
In file included from /Users/joshua/Developer/PedalForge/source/PluginEditor.h:7:
In file included from /Users/joshua/Developer/PedalForge/source/ui/InventoryOverlay.h:4:
In file included from /Users/joshua/Developer/PedalForge/source/ui/PedalPalette.h:4:
In file included from /Users/joshua/Developer/PedalForge/source/ui/../pedals/PedalRegistry.h:4:
In file included from /Users/joshua/Developer/PedalForge/source/ui/../pedals/../dsp/GraphPedalProcessor.h:4:
In file included from /Users/joshua/Developer/PedalForge/source/ui/../pedals/../dsp/../dsp/DSPGraph.h:5:
In file included from /Users/joshua/Developer/PedalForge/source/ui/../pedals/../dsp/../dsp/NAMNode.h:4:
In file included from /Users/joshua/Developer/PedalForge/build/_deps/namcore-src/NAM/get_dsp.h:7:
In file included from /Users/joshua/Developer/PedalForge/build/_deps/namcore-src/NAM/dsp.h:10:
In file included from /Users/joshua/Developer/PedalForge/build/_deps/namcore-src/Dependencies/eigen/Eigen/Dense:1:
In file included from /Users/joshua/Developer/PedalForge/build/_deps/namcore-src/Dependencies/eigen/Eigen/Core:303:
/Users/joshua/Developer/PedalForge/build/_deps/namcore-src/Dependencies/eigen/Eigen/src/Core/DenseStorage.h:525:86: warning: implicit conversion changes signedness: 'Index' (aka 'long') to 'std::size_t' (aka 'unsigned long') [-Wsign-conversion]
  525 |           m_data = internal::conditional_aligned_new_auto<T,(Options_&DontAlign)==0>(size);
      |                    ~~~~~~~~                                                          ^~~~
/Users/joshua/Developer/PedalForge/build/_deps/namcore-src/Dependencies/eigen/Eigen/src/Core/DenseStorage.h:527:20: warning: zero as null pointer constant [-Wzero-as-null-pointer-constant]
  527 |           m_data = 0;
      |                    ^
      |                    nullptr
In file included from /Users/joshua/Developer/PedalForge/source/PluginProcessor.cpp:2:
In file included from /Users/joshua/Developer/PedalForge/source/PluginEditor.h:7:
In file included from /Users/joshua/Developer/PedalForge/source/ui/InventoryOverlay.h:4:
In file included from /Users/joshua/Developer/PedalForge/source/ui/PedalPalette.h:4:
In file included from /Users/joshua/Developer/PedalForge/source/ui/../pedals/PedalRegistry.h:4:
In file included from /Users/joshua/Developer/PedalForge/source/ui/../pedals/../dsp/GraphPedalProcessor.h:4:
In file included from /Users/joshua/Developer/PedalForge/source/ui/../pedals/../dsp/../dsp/DSPGraph.h:5:
In file included from /Users/joshua/Developer/PedalForge/source/ui/../pedals/../dsp/../dsp/NAMNode.h:4:
In file included from /Users/joshua/Developer/PedalForge/build/_deps/namcore-src/NAM/get_dsp.h:7:
In file included from /Users/joshua/Developer/PedalForge/build/_deps/namcore-src/NAM/dsp.h:10:
In file included from /Users/joshua/Developer/PedalForge/build/_deps/namcore-src/Dependencies/eigen/Eigen/Dense:1:
In file included from /Users/joshua/Developer/PedalForge/build/_deps/namcore-src/Dependencies/eigen/Eigen/Core:173:
/Users/joshua/Developer/PedalForge/build/_deps/namcore-src/Dependencies/eigen/Eigen/src/Core/util/Memory.h:499:12: warning: zero as null pointer constant [-Wzero-as-null-pointer-constant]
  499 |     return 0; // short-cut. Also fixes Bug 884
      |            ^
      |            nullptr
/Users/joshua/Developer/PedalForge/build/_deps/namcore-src/Dependencies/eigen/Eigen/src/Core/DenseStorage.h:525:30: note: in instantiation of function template specialization 'Eigen::internal::conditional_aligned_new_auto<float, true>' requested here
  525 |           m_data = internal::conditional_aligned_new_auto<T,(Options_&DontAlign)==0>(size);
      |                              ^
/Users/joshua/Developer/PedalForge/build/_deps/namcore-src/Dependencies/eigen/Eigen/src/Core/PlainObjectBase.h:278:19: note: in instantiation of member function 'Eigen::DenseStorage<float, -1, -1, -1, 0>::resize' requested here
  278 |         m_storage.resize(rows*cols, rows, cols);
      |                   ^
In file included from /Users/joshua/Developer/PedalForge/source/PluginProcessor.cpp:2:
In file included from /Users/joshua/Developer/PedalForge/source/PluginEditor.h:7:
In file included from /Users/joshua/Developer/PedalForge/source/ui/InventoryOverlay.h:4:
In file included from /Users/joshua/Developer/PedalForge/source/ui/PedalPalette.h:4:
In file included from /Users/joshua/Developer/PedalForge/source/ui/../pedals/PedalRegistry.h:4:
In file included from /Users/joshua/Developer/PedalForge/source/ui/../pedals/../dsp/GraphPedalProcessor.h:4:
In file included from /Users/joshua/Developer/PedalForge/source/ui/../pedals/../dsp/../dsp/DSPGraph.h:5:
In file included from /Users/joshua/Developer/PedalForge/source/ui/../pedals/../dsp/../dsp/NAMNode.h:4:
In file included from /Users/joshua/Developer/PedalForge/build/_deps/namcore-src/NAM/get_dsp.h:7:
In file included from /Users/joshua/Developer/PedalForge/build/_deps/namcore-src/NAM/dsp.h:10:
In file included from /Users/joshua/Developer/PedalForge/build/_deps/namcore-src/Dependencies/eigen/Eigen/Dense:1:
In file included from /Users/joshua/Developer/PedalForge/build/_deps/namcore-src/Dependencies/eigen/Eigen/Core:322:
/Users/joshua/Developer/PedalForge/build/_deps/namcore-src/Dependencies/eigen/Eigen/src/Core/MapBase.h:207:82: warning: zero as null pointer constant [-Wzero-as-null-pointer-constant]
  207 |     void checkSanity(std::enable_if_t<internal::traits<T>::Alignment==0,void*> = 0) const
      |                                                                                  ^
      |                                                                                  nullptr
/Users/joshua/Developer/PedalForge/build/_deps/namcore-src/Dependencies/eigen/Eigen/src/Core/MapBase.h:181:7: note: in instantiation of default function argument expression for 'checkSanity<Eigen::Block<const Eigen::Matrix<float, -1, -1>>>' required here
  181 |       checkSanity<Derived>();
      |       ^
/Users/joshua/Developer/PedalForge/build/_deps/namcore-src/Dependencies/eigen/Eigen/src/Core/Block.h:389:9: note: in instantiation of member function 'Eigen::MapBase<Eigen::Block<const Eigen::Matrix<float, -1, -1>>>::MapBase' requested here
  389 |       : Base(add_to_nullable_pointer(xpr.data(),
      |         ^
/Users/joshua/Developer/PedalForge/build/_deps/namcore-src/Dependencies/eigen/Eigen/src/Core/Block.h:168:9: note: in instantiation of member function 'Eigen::internal::BlockImpl_dense<const Eigen::Matrix<float, -1, -1>>::BlockImpl_dense' requested here
  168 |       : Impl(xpr, startRow, startCol, blockRows, blockCols) {}
      |         ^
/Users/joshua/Developer/PedalForge/build/_deps/namcore-src/Dependencies/eigen/Eigen/src/Core/Block.h:144:9: note: in instantiation of member function 'Eigen::BlockImpl<const Eigen::Matrix<float, -1, -1>, -1, -1, false, Eigen::Dense>::BlockImpl' requested here
  144 |       : Impl(xpr, startRow, startCol, blockRows, blockCols)
      |         ^
/Users/joshua/Developer/PedalForge/build/_deps/namcore-src/Dependencies/eigen/Eigen/src/Core/../plugins/BlockMethods.h:586:10: note: in instantiation of member function 'Eigen::Block<const Eigen::Matrix<float, -1, -1>>::Block' requested here
  586 |   return typename ConstNRowsBlockXpr<internal::get_fixed_value<NRowsType>::value>::Type
      |          ^
/Users/joshua/Developer/PedalForge/build/_deps/namcore-src/NAM/wavenet/../film.h:177:36: note: in instantiation of function template specialization 'Eigen::DenseBase<Eigen::Matrix<float, -1, -1>>::topRows<long>' requested here
  177 |     const auto scale = scale_shift.topRows(get_input_dim()).leftCols(num_frames);
      |                                    ^
In file included from /Users/joshua/Developer/PedalForge/source/PluginProcessor.cpp:2:
In file included from /Users/joshua/Developer/PedalForge/source/PluginEditor.h:7:
In file included from /Users/joshua/Developer/PedalForge/source/ui/InventoryOverlay.h:4:
In file included from /Users/joshua/Developer/PedalForge/source/ui/PedalPalette.h:4:
In file included from /Users/joshua/Developer/PedalForge/source/ui/../pedals/PedalRegistry.h:4:
In file included from /Users/joshua/Developer/PedalForge/source/ui/../pedals/../dsp/GraphPedalProcessor.h:4:
In file included from /Users/joshua/Developer/PedalForge/source/ui/../pedals/../dsp/../dsp/DSPGraph.h:5:
In file included from /Users/joshua/Developer/PedalForge/source/ui/../pedals/../dsp/../dsp/NAMNode.h:4:
In file included from /Users/joshua/Developer/PedalForge/build/_deps/namcore-src/NAM/get_dsp.h:7:
In file included from /Users/joshua/Developer/PedalForge/build/_deps/namcore-src/NAM/dsp.h:10:
In file included from /Users/joshua/Developer/PedalForge/build/_deps/namcore-src/Dependencies/eigen/Eigen/Dense:1:
In file included from /Users/joshua/Developer/PedalForge/build/_deps/namcore-src/Dependencies/eigen/Eigen/Core:322:
/Users/joshua/Developer/PedalForge/build/_deps/namcore-src/Dependencies/eigen/Eigen/src/Core/MapBase.h:207:82: warning: zero as null pointer constant [-Wzero-as-null-pointer-constant]
  207 |     void checkSanity(std::enable_if_t<internal::traits<T>::Alignment==0,void*> = 0) const
      |                                                                                  ^
      |                                                                                  nullptr
/Users/joshua/Developer/PedalForge/build/_deps/namcore-src/Dependencies/eigen/Eigen/src/Core/MapBase.h:181:7: note: in instantiation of default function argument expression for 'checkSanity<Eigen::Block<const Eigen::Block<const Eigen::Matrix<float, -1, -1>>, -1, -1, true>>' required here
  181 |       checkSanity<Derived>();
      |       ^
/Users/joshua/Developer/PedalForge/build/_deps/namcore-src/Dependencies/eigen/Eigen/src/Core/Block.h:389:9: note: in instantiation of member function 'Eigen::MapBase<Eigen::Block<const Eigen::Block<const Eigen::Matrix<float, -1, -1>>, -1, -1, true>>::MapBase' requested here
  389 |       : Base(add_to_nullable_pointer(xpr.data(),
      |         ^
/Users/joshua/Developer/PedalForge/build/_deps/namcore-src/Dependencies/eigen/Eigen/src/Core/Block.h:168:9: note: in instantiation of member function 'Eigen::internal::BlockImpl_dense<const Eigen::Block<const Eigen::Matrix<float, -1, -1>>, -1, -1, true>::BlockImpl_dense' requested here
  168 |       : Impl(xpr, startRow, startCol, blockRows, blockCols) {}
      |         ^
/Users/joshua/Developer/PedalForge/build/_deps/namcore-src/Dependencies/eigen/Eigen/src/Core/Block.h:144:9: note: in instantiation of member function 'Eigen::BlockImpl<const Eigen::Block<const Eigen::Matrix<float, -1, -1>>, -1, -1, true, Eigen::Dense>::BlockImpl' requested here
  144 |       : Impl(xpr, startRow, startCol, blockRows, blockCols)
      |         ^
/Users/joshua/Developer/PedalForge/build/_deps/namcore-src/Dependencies/eigen/Eigen/src/Core/../plugins/BlockMethods.h:813:10: note: in instantiation of member function 'Eigen::Block<const Eigen::Block<const Eigen::Matrix<float, -1, -1>>, -1, -1, true>::Block' requested here
  813 |   return typename ConstNColsBlockXpr<internal::get_fixed_value<NColsType>::value>::Type
      |          ^
/Users/joshua/Developer/PedalForge/build/_deps/namcore-src/NAM/wavenet/../film.h:177:61: note: in instantiation of function template specialization 'Eigen::DenseBase<Eigen::Block<const Eigen::Matrix<float, -1, -1>>>::leftCols<int>' requested here
  177 |     const auto scale = scale_shift.topRows(get_input_dim()).leftCols(num_frames);
      |                                                             ^
In file included from /Users/joshua/Developer/PedalForge/source/PluginProcessor.cpp:2:
In file included from /Users/joshua/Developer/PedalForge/source/PluginEditor.h:7:
In file included from /Users/joshua/Developer/PedalForge/source/ui/InventoryOverlay.h:4:
In file included from /Users/joshua/Developer/PedalForge/source/ui/PedalPalette.h:4:
In file included from /Users/joshua/Developer/PedalForge/source/ui/../pedals/PedalRegistry.h:4:
In file included from /Users/joshua/Developer/PedalForge/source/ui/../pedals/../dsp/GraphPedalProcessor.h:4:
In file included from /Users/joshua/Developer/PedalForge/source/ui/../pedals/../dsp/../dsp/DSPGraph.h:5:
In file included from /Users/joshua/Developer/PedalForge/source/ui/../pedals/../dsp/../dsp/NAMNode.h:4:
In file included from /Users/joshua/Developer/PedalForge/build/_deps/namcore-src/NAM/get_dsp.h:7:
In file included from /Users/joshua/Developer/PedalForge/build/_deps/namcore-src/NAM/dsp.h:10:
In file included from /Users/joshua/Developer/PedalForge/build/_deps/namcore-src/Dependencies/eigen/Eigen/Dense:1:
In file included from /Users/joshua/Developer/PedalForge/build/_deps/namcore-src/Dependencies/eigen/Eigen/Core:322:
/Users/joshua/Developer/PedalForge/build/_deps/namcore-src/Dependencies/eigen/Eigen/src/Core/MapBase.h:207:82: warning: zero as null pointer constant [-Wzero-as-null-pointer-constant]
  207 |     void checkSanity(std::enable_if_t<internal::traits<T>::Alignment==0,void*> = 0) const
      |                                                                                  ^
      |                                                                                  nullptr
/Users/joshua/Developer/PedalForge/build/_deps/namcore-src/Dependencies/eigen/Eigen/src/Core/MapBase.h:181:7: note: in instantiation of default function argument expression for 'checkSanity<Eigen::Block<Eigen::Matrix<float, -1, -1>, -1, -1, true>>' required here
  181 |       checkSanity<Derived>();
      |       ^
/Users/joshua/Developer/PedalForge/build/_deps/namcore-src/Dependencies/eigen/Eigen/src/Core/MapBase.h:291:85: note: in instantiation of member function 'Eigen::MapBase<Eigen::Block<Eigen::Matrix<float, -1, -1>, -1, -1, true>, 0>::MapBase' requested here
  291 |     EIGEN_DEVICE_FUNC inline MapBase(PointerType dataPtr, Index rows, Index cols) : Base(dataPtr, rows, cols) {}
      |                                                                                     ^
/Users/joshua/Developer/PedalForge/build/_deps/namcore-src/Dependencies/eigen/Eigen/src/Core/Block.h:389:9: note: in instantiation of member function 'Eigen::MapBase<Eigen::Block<Eigen::Matrix<float, -1, -1>, -1, -1, true>>::MapBase' requested here
  389 |       : Base(add_to_nullable_pointer(xpr.data(),
      |         ^
/Users/joshua/Developer/PedalForge/build/_deps/namcore-src/Dependencies/eigen/Eigen/src/Core/Block.h:168:9: note: in instantiation of member function 'Eigen::internal::BlockImpl_dense<Eigen::Matrix<float, -1, -1>, -1, -1, true>::BlockImpl_dense' requested here
  168 |       : Impl(xpr, startRow, startCol, blockRows, blockCols) {}
      |         ^
/Users/joshua/Developer/PedalForge/build/_deps/namcore-src/Dependencies/eigen/Eigen/src/Core/Block.h:144:9: note: in instantiation of member function 'Eigen::BlockImpl<Eigen::Matrix<float, -1, -1>, -1, -1, true, Eigen::Dense>::BlockImpl' requested here
  144 |       : Impl(xpr, startRow, startCol, blockRows, blockCols)
      |         ^
/Users/joshua/Developer/PedalForge/build/_deps/namcore-src/Dependencies/eigen/Eigen/src/Core/../plugins/BlockMethods.h:799:10: note: in instantiation of member function 'Eigen::Block<Eigen::Matrix<float, -1, -1>, -1, -1, true>::Block' requested here
  799 |   return typename NColsBlockXpr<internal::get_fixed_value<NColsType>::value>::Type
      |          ^
/Users/joshua/Developer/PedalForge/build/_deps/namcore-src/NAM/wavenet/../film.h:182:15: note: in instantiation of function template specialization 'Eigen::DenseBase<Eigen::Matrix<float, -1, -1>>::leftCols<int>' requested here
  182 |       _output.leftCols(num_frames).array() = input.leftCols(num_frames).array() * scale.array() + shift.array();
      |               ^
In file included from /Users/joshua/Developer/PedalForge/source/PluginProcessor.cpp:2:
In file included from /Users/joshua/Developer/PedalForge/source/PluginEditor.h:7:
In file included from /Users/joshua/Developer/PedalForge/source/ui/InventoryOverlay.h:4:
In file included from /Users/joshua/Developer/PedalForge/source/ui/PedalPalette.h:4:
In file included from /Users/joshua/Developer/PedalForge/source/ui/../pedals/PedalRegistry.h:4:
In file included from /Users/joshua/Developer/PedalForge/source/ui/../pedals/../dsp/GraphPedalProcessor.h:4:
In file included from /Users/joshua/Developer/PedalForge/source/ui/../pedals/../dsp/../dsp/DSPGraph.h:5:
In file included from /Users/joshua/Developer/PedalForge/source/ui/../pedals/../dsp/../dsp/NAMNode.h:4:
In file included from /Users/joshua/Developer/PedalForge/build/_deps/namcore-src/NAM/get_dsp.h:7:
In file included from /Users/joshua/Developer/PedalForge/build/_deps/namcore-src/NAM/dsp.h:10:
In file included from /Users/joshua/Developer/PedalForge/build/_deps/namcore-src/Dependencies/eigen/Eigen/Dense:1:
In file included from /Users/joshua/Developer/PedalForge/build/_deps/namcore-src/Dependencies/eigen/Eigen/Core:322:
/Users/joshua/Developer/PedalForge/build/_deps/namcore-src/Dependencies/eigen/Eigen/src/Core/MapBase.h:207:82: warning: zero as null pointer constant [-Wzero-as-null-pointer-constant]
  207 |     void checkSanity(std::enable_if_t<internal::traits<T>::Alignment==0,void*> = 0) const
      |                                                                                  ^
      |                                                                                  nullptr
/Users/joshua/Developer/PedalForge/build/_deps/namcore-src/Dependencies/eigen/Eigen/src/Core/MapBase.h:181:7: note: in instantiation of default function argument expression for 'checkSanity<Eigen::Block<const Eigen::Ref<const Eigen::Matrix<float, -1, -1>>, -1, -1, true>>' required here
  181 |       checkSanity<Derived>();
      |       ^
/Users/joshua/Developer/PedalForge/build/_deps/namcore-src/Dependencies/eigen/Eigen/src/Core/Block.h:389:9: note: in instantiation of member function 'Eigen::MapBase<Eigen::Block<const Eigen::Ref<const Eigen::Matrix<float, -1, -1>>, -1, -1, true>>::MapBase' requested here
  389 |       : Base(add_to_nullable_pointer(xpr.data(),
      |         ^
/Users/joshua/Developer/PedalForge/build/_deps/namcore-src/Dependencies/eigen/Eigen/src/Core/Block.h:168:9: note: in instantiation of member function 'Eigen::internal::BlockImpl_dense<const Eigen::Ref<const Eigen::Matrix<float, -1, -1>>, -1, -1, true>::BlockImpl_dense' requested here
  168 |       : Impl(xpr, startRow, startCol, blockRows, blockCols) {}
      |         ^
/Users/joshua/Developer/PedalForge/build/_deps/namcore-src/Dependencies/eigen/Eigen/src/Core/Block.h:144:9: note: in instantiation of member function 'Eigen::BlockImpl<const Eigen::Ref<const Eigen::Matrix<float, -1, -1>>, -1, -1, true, Eigen::Dense>::BlockImpl' requested here
  144 |       : Impl(xpr, startRow, startCol, blockRows, blockCols)
      |         ^
/Users/joshua/Developer/PedalForge/build/_deps/namcore-src/Dependencies/eigen/Eigen/src/Core/../plugins/BlockMethods.h:813:10: note: in instantiation of member function 'Eigen::Block<const Eigen::Ref<const Eigen::Matrix<float, -1, -1>>, -1, -1, true>::Block' requested here
  813 |   return typename ConstNColsBlockXpr<internal::get_fixed_value<NColsType>::value>::Type
      |          ^
/Users/joshua/Developer/PedalForge/build/_deps/namcore-src/NAM/wavenet/../film.h:182:52: note: in instantiation of function template specialization 'Eigen::DenseBase<Eigen::Ref<const Eigen::Matrix<float, -1, -1>>>::leftCols<int>' requested here
  182 |       _output.leftCols(num_frames).array() = input.leftCols(num_frames).array() * scale.array() + shift.array();
      |                                                    ^
In file included from /Users/joshua/Developer/PedalForge/source/PluginProcessor.cpp:2:
In file included from /Users/joshua/Developer/PedalForge/source/PluginEditor.h:7:
In file included from /Users/joshua/Developer/PedalForge/source/ui/InventoryOverlay.h:4:
In file included from /Users/joshua/Developer/PedalForge/source/ui/PedalPalette.h:4:
In file included from /Users/joshua/Developer/PedalForge/source/ui/../pedals/PedalRegistry.h:4:
In file included from /Users/joshua/Developer/PedalForge/source/ui/../pedals/../dsp/GraphPedalProcessor.h:4:
In file included from /Users/joshua/Developer/PedalForge/source/ui/../pedals/../dsp/../dsp/DSPGraph.h:5:
In file included from /Users/joshua/Developer/PedalForge/source/ui/../pedals/../dsp/../dsp/NAMNode.h:4:
In file included from /Users/joshua/Developer/PedalForge/build/_deps/namcore-src/NAM/get_dsp.h:7:
In file included from /Users/joshua/Developer/PedalForge/build/_deps/namcore-src/NAM/dsp.h:10:
In file included from /Users/joshua/Developer/PedalForge/build/_deps/namcore-src/Dependencies/eigen/Eigen/Dense:1:
In file included from /Users/joshua/Developer/PedalForge/build/_deps/namcore-src/Dependencies/eigen/Eigen/Core:294:
/Users/joshua/Developer/PedalForge/build/_deps/namcore-src/Dependencies/eigen/Eigen/src/Core/AssignEvaluator.h:857:132: warning: zero as null pointer constant [-Wzero-as-null-pointer-constant]
  857 | void call_assignment(Dst& dst, const Src& src, const Func& func, std::enable_if_t<!evaluator_assume_aliasing<Src>::value, void*> = 0)
      |                                                                                                                                    ^
      |                                                                                                                                    nullptr
/Users/joshua/Developer/PedalForge/build/_deps/namcore-src/Dependencies/eigen/Eigen/src/Core/AssignEvaluator.h:837:3: note: in instantiation of default function argument expression for 'call_assignment<Eigen::ArrayWrapper<Eigen::Block<Eigen::Matrix<float, -1, -1>, -1, -1, true>>, Eigen::CwiseBinaryOp<Eigen::internal::scalar_sum_op<float>, const Eigen::CwiseBinaryOp<Eigen::internal::scalar_product_op<float>, const Eigen::ArrayWrapper<const Eigen::Block<const Eigen::Ref<const Eigen::Matrix<float, -1, -1>>, -1, -1, true>>, const Eigen::ArrayWrapper<const Eigen::Block<const Eigen::Block<const Eigen::Matrix<float, -1, -1>>, -1, -1, true>>>, const Eigen::ArrayWrapper<const Eigen::Block<const Eigen::Block<const Eigen::Matrix<float, -1, -1>>, -1, -1, true>>>, Eigen::internal::assign_op<float, float>>' required here
  837 |   call_assignment(dst, src, internal::assign_op<typename Dst::Scalar,typename Src::Scalar>());
      |   ^
/Users/joshua/Developer/PedalForge/build/_deps/namcore-src/Dependencies/eigen/Eigen/src/Core/Assign.h:43:13: note: in instantiation of function template specialization 'Eigen::internal::call_assignment<Eigen::ArrayWrapper<Eigen::Block<Eigen::Matrix<float, -1, -1>, -1, -1, true>>, Eigen::CwiseBinaryOp<Eigen::internal::scalar_sum_op<float>, const Eigen::CwiseBinaryOp<Eigen::internal::scalar_product_op<float>, const Eigen::ArrayWrapper<const Eigen::Block<const Eigen::Ref<const Eigen::Matrix<float, -1, -1>>, -1, -1, true>>, const Eigen::ArrayWrapper<const Eigen::Block<const Eigen::Block<const Eigen::Matrix<float, -1, -1>>, -1, -1, true>>>, const Eigen::ArrayWrapper<const Eigen::Block<const Eigen::Block<const Eigen::Matrix<float, -1, -1>>, -1, -1, true>>>>' requested here
   43 |   internal::call_assignment(derived(), other.derived());
      |             ^
/Users/joshua/Developer/PedalForge/build/_deps/namcore-src/Dependencies/eigen/Eigen/src/Core/ArrayWrapper.h:49:5: note: in instantiation of function template specialization 'Eigen::DenseBase<Eigen::ArrayWrapper<Eigen::Block<Eigen::Matrix<float, -1, -1>, -1, -1, true>>>::operator=<Eigen::CwiseBinaryOp<Eigen::internal::scalar_sum_op<float>, const Eigen::CwiseBinaryOp<Eigen::internal::scalar_product_op<float>, const Eigen::ArrayWrapper<const Eigen::Block<const Eigen::Ref<const Eigen::Matrix<float, -1, -1>>, -1, -1, true>>, const Eigen::ArrayWrapper<const Eigen::Block<const Eigen::Block<const Eigen::Matrix<float, -1, -1>>, -1, -1, true>>>, const Eigen::ArrayWrapper<const Eigen::Block<const Eigen::Block<const Eigen::Matrix<float, -1, -1>>, -1, -1, true>>>>' requested here
   49 |     EIGEN_INHERIT_ASSIGNMENT_OPERATORS(ArrayWrapper)
      |     ^
/Users/joshua/Developer/PedalForge/build/_deps/namcore-src/Dependencies/eigen/Eigen/src/Core/util/Macros.h:1119:5: note: expanded from macro 'EIGEN_INHERIT_ASSIGNMENT_OPERATORS'
 1119 |     EIGEN_INHERIT_ASSIGNMENT_EQUAL_OPERATOR(Derived) \
      |     ^
/Users/joshua/Developer/PedalForge/build/_deps/namcore-src/Dependencies/eigen/Eigen/src/Core/util/Macros.h:1092:108: note: expanded from macro 'EIGEN_INHERIT_ASSIGNMENT_EQUAL_OPERATOR'
 1092 |     EIGEN_DEVICE_FUNC EIGEN_STRONG_INLINE Derived& operator=(const DenseBase<OtherDerived>& other) { Base::operator=(other.derived()); return *this; }
      |                                                                                                            ^
/Users/joshua/Developer/PedalForge/build/_deps/namcore-src/NAM/wavenet/../film.h:182:44: note: in instantiation of function template specialization 'Eigen::ArrayWrapper<Eigen::Block<Eigen::Matrix<float, -1, -1>, -1, -1, true>>::operator=<Eigen::CwiseBinaryOp<Eigen::internal::scalar_sum_op<float>, const Eigen::CwiseBinaryOp<Eigen::internal::scalar_product_op<float>, const Eigen::ArrayWrapper<const Eigen::Block<const Eigen::Ref<const Eigen::Matrix<float, -1, -1>>, -1, -1, true>>, const Eigen::ArrayWrapper<const Eigen::Block<const Eigen::Block<const Eigen::Matrix<float, -1, -1>>, -1, -1, true>>>, const Eigen::ArrayWrapper<const Eigen::Block<const Eigen::Block<const Eigen::Matrix<float, -1, -1>>, -1, -1, true>>>>' requested here
  182 |       _output.leftCols(num_frames).array() = input.leftCols(num_frames).array() * scale.array() + shift.array();
      |                                            ^
In file included from /Users/joshua/Developer/PedalForge/source/PluginProcessor.cpp:2:
In file included from /Users/joshua/Developer/PedalForge/source/PluginEditor.h:7:
In file included from /Users/joshua/Developer/PedalForge/source/ui/InventoryOverlay.h:4:
In file included from /Users/joshua/Developer/PedalForge/source/ui/PedalPalette.h:4:
In file included from /Users/joshua/Developer/PedalForge/source/ui/../pedals/PedalRegistry.h:4:
In file included from /Users/joshua/Developer/PedalForge/source/ui/../pedals/../dsp/GraphPedalProcessor.h:4:
In file included from /Users/joshua/Developer/PedalForge/source/ui/../pedals/../dsp/../dsp/DSPGraph.h:5:
In file included from /Users/joshua/Developer/PedalForge/source/ui/../pedals/../dsp/../dsp/NAMNode.h:4:
In file included from /Users/joshua/Developer/PedalForge/build/_deps/namcore-src/NAM/get_dsp.h:7:
In file included from /Users/joshua/Developer/PedalForge/build/_deps/namcore-src/NAM/dsp.h:10:
In file included from /Users/joshua/Developer/PedalForge/build/_deps/namcore-src/Dependencies/eigen/Eigen/Dense:1:
In file included from /Users/joshua/Developer/PedalForge/build/_deps/namcore-src/Dependencies/eigen/Eigen/Core:168:
/Users/joshua/Developer/PedalForge/build/_deps/namcore-src/Dependencies/eigen/Eigen/src/Core/util/Meta.h:313:56: warning: zero as null pointer constant [-Wzero-as-null-pointer-constant]
  313 |   enum { value = sizeof(testFunctor<T>(static_cast<T*>(0))) == sizeof(meta_yes) };
      |                                                        ^
      |                                                        nullptr
/Users/joshua/Developer/PedalForge/build/_deps/namcore-src/Dependencies/eigen/Eigen/src/Core/AssignEvaluator.h:889:3: note: in instantiation of template class 'Eigen::internal::has_ReturnType<Eigen::ScalarBinaryOpTraits<float, float, Eigen::internal::assign_op<float, float>>>' requested here
  889 |   EIGEN_CHECK_BINARY_COMPATIBILIY(Func,typename ActualDstTypeCleaned::Scalar,typename Src::Scalar);
      |   ^
/Users/joshua/Developer/PedalForge/build/_deps/namcore-src/Dependencies/eigen/Eigen/src/Core/util/XprHelper.h:835:41: note: expanded from macro 'EIGEN_CHECK_BINARY_COMPATIBILIY'
  835 |   EIGEN_STATIC_ASSERT((Eigen::internal::has_ReturnType<ScalarBinaryOpTraits<LHS, RHS,BINOP> >::value), \
      |                                         ^
/Users/joshua/Developer/PedalForge/build/_deps/namcore-src/Dependencies/eigen/Eigen/src/Core/AssignEvaluator.h:859:3: note: in instantiation of function template specialization 'Eigen::internal::call_assignment_no_alias<Eigen::ArrayWrapper<Eigen::Block<Eigen::Matrix<float, -1, -1>, -1, -1, true>>, Eigen::CwiseBinaryOp<Eigen::internal::scalar_sum_op<float>, const Eigen::CwiseBinaryOp<Eigen::internal::scalar_product_op<float>, const Eigen::ArrayWrapper<const Eigen::Block<const Eigen::Ref<const Eigen::Matrix<float, -1, -1>>, -1, -1, true>>, const Eigen::ArrayWrapper<const Eigen::Block<const Eigen::Block<const Eigen::Matrix<float, -1, -1>>, -1, -1, true>>>, const Eigen::ArrayWrapper<const Eigen::Block<const Eigen::Block<const Eigen::Matrix<float, -1, -1>>, -1, -1, true>>>, Eigen::internal::assign_op<float, float>>' requested here
  859 |   call_assignment_no_alias(dst, src, func);
      |   ^
/Users/joshua/Developer/PedalForge/build/_deps/namcore-src/Dependencies/eigen/Eigen/src/Core/AssignEvaluator.h:837:3: note: in instantiation of function template specialization 'Eigen::internal::call_assignment<Eigen::ArrayWrapper<Eigen::Block<Eigen::Matrix<float, -1, -1>, -1, -1, true>>, Eigen::CwiseBinaryOp<Eigen::internal::scalar_sum_op<float>, const Eigen::CwiseBinaryOp<Eigen::internal::scalar_product_op<float>, const Eigen::ArrayWrapper<const Eigen::Block<const Eigen::Ref<const Eigen::Matrix<float, -1, -1>>, -1, -1, true>>, const Eigen::ArrayWrapper<const Eigen::Block<const Eigen::Block<const Eigen::Matrix<float, -1, -1>>, -1, -1, true>>>, const Eigen::ArrayWrapper<const Eigen::Block<const Eigen::Block<const Eigen::Matrix<float, -1, -1>>, -1, -1, true>>>, Eigen::internal::assign_op<float, float>>' requested here
  837 |   call_assignment(dst, src, internal::assign_op<typename Dst::Scalar,typename Src::Scalar>());
      |   ^
/Users/joshua/Developer/PedalForge/build/_deps/namcore-src/Dependencies/eigen/Eigen/src/Core/Assign.h:43:13: note: in instantiation of function template specialization 'Eigen::internal::call_assignment<Eigen::ArrayWrapper<Eigen::Block<Eigen::Matrix<float, -1, -1>, -1, -1, true>>, Eigen::CwiseBinaryOp<Eigen::internal::scalar_sum_op<float>, const Eigen::CwiseBinaryOp<Eigen::internal::scalar_product_op<float>, const Eigen::ArrayWrapper<const Eigen::Block<const Eigen::Ref<const Eigen::Matrix<float, -1, -1>>, -1, -1, true>>, const Eigen::ArrayWrapper<const Eigen::Block<const Eigen::Block<const Eigen::Matrix<float, -1, -1>>, -1, -1, true>>>, const Eigen::ArrayWrapper<const Eigen::Block<const Eigen::Block<const Eigen::Matrix<float, -1, -1>>, -1, -1, true>>>>' requested here
   43 |   internal::call_assignment(derived(), other.derived());
      |             ^
/Users/joshua/Developer/PedalForge/build/_deps/namcore-src/Dependencies/eigen/Eigen/src/Core/ArrayWrapper.h:49:5: note: in instantiation of function template specialization 'Eigen::DenseBase<Eigen::ArrayWrapper<Eigen::Block<Eigen::Matrix<float, -1, -1>, -1, -1, true>>>::operator=<Eigen::CwiseBinaryOp<Eigen::internal::scalar_sum_op<float>, const Eigen::CwiseBinaryOp<Eigen::internal::scalar_product_op<float>, const Eigen::ArrayWrapper<const Eigen::Block<const Eigen::Ref<const Eigen::Matrix<float, -1, -1>>, -1, -1, true>>, const Eigen::ArrayWrapper<const Eigen::Block<const Eigen::Block<const Eigen::Matrix<float, -1, -1>>, -1, -1, true>>>, const Eigen::ArrayWrapper<const Eigen::Block<const Eigen::Block<const Eigen::Matrix<float, -1, -1>>, -1, -1, true>>>>' requested here
   49 |     EIGEN_INHERIT_ASSIGNMENT_OPERATORS(ArrayWrapper)
      |     ^
/Users/joshua/Developer/PedalForge/build/_deps/namcore-src/Dependencies/eigen/Eigen/src/Core/util/Macros.h:1119:5: note: expanded from macro 'EIGEN_INHERIT_ASSIGNMENT_OPERATORS'
 1119 |     EIGEN_INHERIT_ASSIGNMENT_EQUAL_OPERATOR(Derived) \
      |     ^
/Users/joshua/Developer/PedalForge/build/_deps/namcore-src/Dependencies/eigen/Eigen/src/Core/util/Macros.h:1092:108: note: expanded from macro 'EIGEN_INHERIT_ASSIGNMENT_EQUAL_OPERATOR'
 1092 |     EIGEN_DEVICE_FUNC EIGEN_STRONG_INLINE Derived& operator=(const DenseBase<OtherDerived>& other) { Base::operator=(other.derived()); return *this; }
      |                                                                                                            ^
/Users/joshua/Developer/PedalForge/build/_deps/namcore-src/NAM/wavenet/../film.h:182:44: note: in instantiation of function template specialization 'Eigen::ArrayWrapper<Eigen::Block<Eigen::Matrix<float, -1, -1>, -1, -1, true>>::operator=<Eigen::CwiseBinaryOp<Eigen::internal::scalar_sum_op<float>, const Eigen::CwiseBinaryOp<Eigen::internal::scalar_product_op<float>, const Eigen::ArrayWrapper<const Eigen::Block<const Eigen::Ref<const Eigen::Matrix<float, -1, -1>>, -1, -1, true>>, const Eigen::ArrayWrapper<const Eigen::Block<const Eigen::Block<const Eigen::Matrix<float, -1, -1>>, -1, -1, true>>>, const Eigen::ArrayWrapper<const Eigen::Block<const Eigen::Block<const Eigen::Matrix<float, -1, -1>>, -1, -1, true>>>>' requested here
  182 |       _output.leftCols(num_frames).array() = input.leftCols(num_frames).array() * scale.array() + shift.array();
      |                                            ^
In file included from /Users/joshua/Developer/PedalForge/source/PluginProcessor.cpp:2:
In file included from /Users/joshua/Developer/PedalForge/source/PluginEditor.h:7:
In file included from /Users/joshua/Developer/PedalForge/source/ui/InventoryOverlay.h:4:
In file included from /Users/joshua/Developer/PedalForge/source/ui/PedalPalette.h:4:
In file included from /Users/joshua/Developer/PedalForge/source/ui/../pedals/PedalRegistry.h:4:
In file included from /Users/joshua/Developer/PedalForge/source/ui/../pedals/../dsp/GraphPedalProcessor.h:4:
In file included from /Users/joshua/Developer/PedalForge/source/ui/../pedals/../dsp/../dsp/DSPGraph.h:5:
In file included from /Users/joshua/Developer/PedalForge/source/ui/../pedals/../dsp/../dsp/NAMNode.h:4:
In file included from /Users/joshua/Developer/PedalForge/build/_deps/namcore-src/NAM/get_dsp.h:7:
In file included from /Users/joshua/Developer/PedalForge/build/_deps/namcore-src/NAM/dsp.h:10:
In file included from /Users/joshua/Developer/PedalForge/build/_deps/namcore-src/Dependencies/eigen/Eigen/Dense:1:
In file included from /Users/joshua/Developer/PedalForge/build/_deps/namcore-src/Dependencies/eigen/Eigen/Core:168:
/Users/joshua/Developer/PedalForge/build/_deps/namcore-src/Dependencies/eigen/Eigen/src/Core/util/Meta.h:310:97: warning: zero as null pointer constant [-Wzero-as-null-pointer-constant]
  310 |   template <typename C> static meta_yes testFunctor(C const *, typename C::ReturnType const * = 0);
      |                                                                                                 ^
      |                                                                                                 nullptr
/Users/joshua/Developer/PedalForge/build/_deps/namcore-src/Dependencies/eigen/Eigen/src/Core/util/Meta.h:313:25: note: in instantiation of default function argument expression for 'testFunctor<Eigen::ScalarBinaryOpTraits<float, float, Eigen::internal::assign_op<float, float>>>' required here
  313 |   enum { value = sizeof(testFunctor<T>(static_cast<T*>(0))) == sizeof(meta_yes) };
      |                         ^
/Users/joshua/Developer/PedalForge/build/_deps/namcore-src/Dependencies/eigen/Eigen/src/Core/AssignEvaluator.h:889:3: note: in instantiation of template class 'Eigen::internal::has_ReturnType<Eigen::ScalarBinaryOpTraits<float, float, Eigen::internal::assign_op<float, float>>>' requested here
  889 |   EIGEN_CHECK_BINARY_COMPATIBILIY(Func,typename ActualDstTypeCleaned::Scalar,typename Src::Scalar);
      |   ^
/Users/joshua/Developer/PedalForge/build/_deps/namcore-src/Dependencies/eigen/Eigen/src/Core/util/XprHelper.h:835:41: note: expanded from macro 'EIGEN_CHECK_BINARY_COMPATIBILIY'
  835 |   EIGEN_STATIC_ASSERT((Eigen::internal::has_ReturnType<ScalarBinaryOpTraits<LHS, RHS,BINOP> >::value), \
      |                                         ^
/Users/joshua/Developer/PedalForge/build/_deps/namcore-src/Dependencies/eigen/Eigen/src/Core/AssignEvaluator.h:859:3: note: in instantiation of function template specialization 'Eigen::internal::call_assignment_no_alias<Eigen::ArrayWrapper<Eigen::Block<Eigen::Matrix<float, -1, -1>, -1, -1, true>>, Eigen::CwiseBinaryOp<Eigen::internal::scalar_sum_op<float>, const Eigen::CwiseBinaryOp<Eigen::internal::scalar_product_op<float>, const Eigen::ArrayWrapper<const Eigen::Block<const Eigen::Ref<const Eigen::Matrix<float, -1, -1>>, -1, -1, true>>, const Eigen::ArrayWrapper<const Eigen::Block<const Eigen::Block<const Eigen::Matrix<float, -1, -1>>, -1, -1, true>>>, const Eigen::ArrayWrapper<const Eigen::Block<const Eigen::Block<const Eigen::Matrix<float, -1, -1>>, -1, -1, true>>>, Eigen::internal::assign_op<float, float>>' requested here
  859 |   call_assignment_no_alias(dst, src, func);
      |   ^
/Users/joshua/Developer/PedalForge/build/_deps/namcore-src/Dependencies/eigen/Eigen/src/Core/AssignEvaluator.h:837:3: note: in instantiation of function template specialization 'Eigen::internal::call_assignment<Eigen::ArrayWrapper<Eigen::Block<Eigen::Matrix<float, -1, -1>, -1, -1, true>>, Eigen::CwiseBinaryOp<Eigen::internal::scalar_sum_op<float>, const Eigen::CwiseBinaryOp<Eigen::internal::scalar_product_op<float>, const Eigen::ArrayWrapper<const Eigen::Block<const Eigen::Ref<const Eigen::Matrix<float, -1, -1>>, -1, -1, true>>, const Eigen::ArrayWrapper<const Eigen::Block<const Eigen::Block<const Eigen::Matrix<float, -1, -1>>, -1, -1, true>>>, const Eigen::ArrayWrapper<const Eigen::Block<const Eigen::Block<const Eigen::Matrix<float, -1, -1>>, -1, -1, true>>>, Eigen::internal::assign_op<float, float>>' requested here
  837 |   call_assignment(dst, src, internal::assign_op<typename Dst::Scalar,typename Src::Scalar>());
      |   ^
/Users/joshua/Developer/PedalForge/build/_deps/namcore-src/Dependencies/eigen/Eigen/src/Core/Assign.h:43:13: note: in instantiation of function template specialization 'Eigen::internal::call_assignment<Eigen::ArrayWrapper<Eigen::Block<Eigen::Matrix<float, -1, -1>, -1, -1, true>>, Eigen::CwiseBinaryOp<Eigen::internal::scalar_sum_op<float>, const Eigen::CwiseBinaryOp<Eigen::internal::scalar_product_op<float>, const Eigen::ArrayWrapper<const Eigen::Block<const Eigen::Ref<const Eigen::Matrix<float, -1, -1>>, -1, -1, true>>, const Eigen::ArrayWrapper<const Eigen::Block<const Eigen::Block<const Eigen::Matrix<float, -1, -1>>, -1, -1, true>>>, const Eigen::ArrayWrapper<const Eigen::Block<const Eigen::Block<const Eigen::Matrix<float, -1, -1>>, -1, -1, true>>>>' requested here
   43 |   internal::call_assignment(derived(), other.derived());
      |             ^
/Users/joshua/Developer/PedalForge/build/_deps/namcore-src/Dependencies/eigen/Eigen/src/Core/ArrayWrapper.h:49:5: note: in instantiation of function template specialization 'Eigen::DenseBase<Eigen::ArrayWrapper<Eigen::Block<Eigen::Matrix<float, -1, -1>, -1, -1, true>>>::operator=<Eigen::CwiseBinaryOp<Eigen::internal::scalar_sum_op<float>, const Eigen::CwiseBinaryOp<Eigen::internal::scalar_product_op<float>, const Eigen::ArrayWrapper<const Eigen::Block<const Eigen::Ref<const Eigen::Matrix<float, -1, -1>>, -1, -1, true>>, const Eigen::ArrayWrapper<const Eigen::Block<const Eigen::Block<const Eigen::Matrix<float, -1, -1>>, -1, -1, true>>>, const Eigen::ArrayWrapper<const Eigen::Block<const Eigen::Block<const Eigen::Matrix<float, -1, -1>>, -1, -1, true>>>>' requested here
   49 |     EIGEN_INHERIT_ASSIGNMENT_OPERATORS(ArrayWrapper)
      |     ^
/Users/joshua/Developer/PedalForge/build/_deps/namcore-src/Dependencies/eigen/Eigen/src/Core/util/Macros.h:1119:5: note: expanded from macro 'EIGEN_INHERIT_ASSIGNMENT_OPERATORS'
 1119 |     EIGEN_INHERIT_ASSIGNMENT_EQUAL_OPERATOR(Derived) \
      |     ^
/Users/joshua/Developer/PedalForge/build/_deps/namcore-src/Dependencies/eigen/Eigen/src/Core/util/Macros.h:1092:108: note: expanded from macro 'EIGEN_INHERIT_ASSIGNMENT_EQUAL_OPERATOR'
 1092 |     EIGEN_DEVICE_FUNC EIGEN_STRONG_INLINE Derived& operator=(const DenseBase<OtherDerived>& other) { Base::operator=(other.derived()); return *this; }
      |                                                                                                            ^
/Users/joshua/Developer/PedalForge/build/_deps/namcore-src/NAM/wavenet/../film.h:182:44: note: in instantiation of function template specialization 'Eigen::ArrayWrapper<Eigen::Block<Eigen::Matrix<float, -1, -1>, -1, -1, true>>::operator=<Eigen::CwiseBinaryOp<Eigen::internal::scalar_sum_op<float>, const Eigen::CwiseBinaryOp<Eigen::internal::scalar_product_op<float>, const Eigen::ArrayWrapper<const Eigen::Block<const Eigen::Ref<const Eigen::Matrix<float, -1, -1>>, -1, -1, true>>, const Eigen::ArrayWrapper<const Eigen::Block<const Eigen::Block<const Eigen::Matrix<float, -1, -1>>, -1, -1, true>>>, const Eigen::ArrayWrapper<const Eigen::Block<const Eigen::Block<const Eigen::Matrix<float, -1, -1>>, -1, -1, true>>>>' requested here
  182 |       _output.leftCols(num_frames).array() = input.leftCols(num_frames).array() * scale.array() + shift.array();
      |                                            ^
In file included from /Users/joshua/Developer/PedalForge/source/PluginProcessor.cpp:2:
In file included from /Users/joshua/Developer/PedalForge/source/PluginEditor.h:7:
In file included from /Users/joshua/Developer/PedalForge/source/ui/InventoryOverlay.h:4:
In file included from /Users/joshua/Developer/PedalForge/source/ui/PedalPalette.h:4:
In file included from /Users/joshua/Developer/PedalForge/source/ui/../pedals/PedalRegistry.h:4:
In file included from /Users/joshua/Developer/PedalForge/source/ui/../pedals/../dsp/GraphPedalProcessor.h:4:
In file included from /Users/joshua/Developer/PedalForge/source/ui/../pedals/../dsp/../dsp/DSPGraph.h:5:
In file included from /Users/joshua/Developer/PedalForge/source/ui/../pedals/../dsp/../dsp/NAMNode.h:4:
In file included from /Users/joshua/Developer/PedalForge/build/_deps/namcore-src/NAM/get_dsp.h:7:
In file included from /Users/joshua/Developer/PedalForge/build/_deps/namcore-src/NAM/dsp.h:10:
In file included from /Users/joshua/Developer/PedalForge/build/_deps/namcore-src/Dependencies/eigen/Eigen/Dense:1:
In file included from /Users/joshua/Developer/PedalForge/build/_deps/namcore-src/Dependencies/eigen/Eigen/Core:294:
/Users/joshua/Developer/PedalForge/build/_deps/namcore-src/Dependencies/eigen/Eigen/src/Core/AssignEvaluator.h:857:132: warning: zero as null pointer constant [-Wzero-as-null-pointer-constant]
  857 | void call_assignment(Dst& dst, const Src& src, const Func& func, std::enable_if_t<!evaluator_assume_aliasing<Src>::value, void*> = 0)
      |                                                                                                                                    ^
      |                                                                                                                                    nullptr
/Users/joshua/Developer/PedalForge/build/_deps/namcore-src/Dependencies/eigen/Eigen/src/Core/AssignEvaluator.h:837:3: note: in instantiation of default function argument expression for 'call_assignment<Eigen::ArrayWrapper<Eigen::Block<Eigen::Matrix<float, -1, -1>, -1, -1, true>>, Eigen::CwiseBinaryOp<Eigen::internal::scalar_product_op<float>, const Eigen::ArrayWrapper<const Eigen::Block<const Eigen::Ref<const Eigen::Matrix<float, -1, -1>>, -1, -1, true>>, const Eigen::ArrayWrapper<const Eigen::Block<const Eigen::Block<const Eigen::Matrix<float, -1, -1>>, -1, -1, true>>>, Eigen::internal::assign_op<float, float>>' required here
  837 |   call_assignment(dst, src, internal::assign_op<typename Dst::Scalar,typename Src::Scalar>());
      |   ^
/Users/joshua/Developer/PedalForge/build/_deps/namcore-src/Dependencies/eigen/Eigen/src/Core/Assign.h:43:13: note: in instantiation of function template specialization 'Eigen::internal::call_assignment<Eigen::ArrayWrapper<Eigen::Block<Eigen::Matrix<float, -1, -1>, -1, -1, true>>, Eigen::CwiseBinaryOp<Eigen::internal::scalar_product_op<float>, const Eigen::ArrayWrapper<const Eigen::Block<const Eigen::Ref<const Eigen::Matrix<float, -1, -1>>, -1, -1, true>>, const Eigen::ArrayWrapper<const Eigen::Block<const Eigen::Block<const Eigen::Matrix<float, -1, -1>>, -1, -1, true>>>>' requested here
   43 |   internal::call_assignment(derived(), other.derived());
      |             ^
/Users/joshua/Developer/PedalForge/build/_deps/namcore-src/Dependencies/eigen/Eigen/src/Core/ArrayWrapper.h:49:5: note: in instantiation of function template specialization 'Eigen::DenseBase<Eigen::ArrayWrapper<Eigen::Block<Eigen::Matrix<float, -1, -1>, -1, -1, true>>>::operator=<Eigen::CwiseBinaryOp<Eigen::internal::scalar_product_op<float>, const Eigen::ArrayWrapper<const Eigen::Block<const Eigen::Ref<const Eigen::Matrix<float, -1, -1>>, -1, -1, true>>, const Eigen::ArrayWrapper<const Eigen::Block<const Eigen::Block<const Eigen::Matrix<float, -1, -1>>, -1, -1, true>>>>' requested here
   49 |     EIGEN_INHERIT_ASSIGNMENT_OPERATORS(ArrayWrapper)
      |     ^
/Users/joshua/Developer/PedalForge/build/_deps/namcore-src/Dependencies/eigen/Eigen/src/Core/util/Macros.h:1119:5: note: expanded from macro 'EIGEN_INHERIT_ASSIGNMENT_OPERATORS'
 1119 |     EIGEN_INHERIT_ASSIGNMENT_EQUAL_OPERATOR(Derived) \
      |     ^
/Users/joshua/Developer/PedalForge/build/_deps/namcore-src/Dependencies/eigen/Eigen/src/Core/util/Macros.h:1092:108: note: expanded from macro 'EIGEN_INHERIT_ASSIGNMENT_EQUAL_OPERATOR'
 1092 |     EIGEN_DEVICE_FUNC EIGEN_STRONG_INLINE Derived& operator=(const DenseBase<OtherDerived>& other) { Base::operator=(other.derived()); return *this; }
      |                                                                                                            ^
/Users/joshua/Developer/PedalForge/build/_deps/namcore-src/NAM/wavenet/../film.h:186:44: note: in instantiation of function template specialization 'Eigen::ArrayWrapper<Eigen::Block<Eigen::Matrix<float, -1, -1>, -1, -1, true>>::operator=<Eigen::CwiseBinaryOp<Eigen::internal::scalar_product_op<float>, const Eigen::ArrayWrapper<const Eigen::Block<const Eigen::Ref<const Eigen::Matrix<float, -1, -1>>, -1, -1, true>>, const Eigen::ArrayWrapper<const Eigen::Block<const Eigen::Block<const Eigen::Matrix<float, -1, -1>>, -1, -1, true>>>>' requested here
  186 |       _output.leftCols(num_frames).array() = input.leftCols(num_frames).array() * scale.array();
      |                                            ^
In file included from /Users/joshua/Developer/PedalForge/source/PluginProcessor.cpp:2:
In file included from /Users/joshua/Developer/PedalForge/source/PluginEditor.h:7:
In file included from /Users/joshua/Developer/PedalForge/source/ui/InventoryOverlay.h:4:
In file included from /Users/joshua/Developer/PedalForge/source/ui/PedalPalette.h:4:
In file included from /Users/joshua/Developer/PedalForge/source/ui/../pedals/PedalRegistry.h:4:
In file included from /Users/joshua/Developer/PedalForge/source/ui/../pedals/../dsp/GraphPedalProcessor.h:4:
In file included from /Users/joshua/Developer/PedalForge/source/ui/../pedals/../dsp/../dsp/DSPGraph.h:5:
In file included from /Users/joshua/Developer/PedalForge/source/ui/../pedals/../dsp/../dsp/NAMNode.h:4:
In file included from /Users/joshua/Developer/PedalForge/build/_deps/namcore-src/NAM/get_dsp.h:7:
In file included from /Users/joshua/Developer/PedalForge/build/_deps/namcore-src/NAM/dsp.h:10:
In file included from /Users/joshua/Developer/PedalForge/build/_deps/namcore-src/Dependencies/eigen/Eigen/Dense:1:
In file included from /Users/joshua/Developer/PedalForge/build/_deps/namcore-src/Dependencies/eigen/Eigen/Core:324:
/Users/joshua/Developer/PedalForge/build/_deps/namcore-src/Dependencies/eigen/Eigen/src/Core/Ref.h:86:12: warning: zero as null pointer constant [-Wzero-as-null-pointer-constant]
   86 |     : Base(0,RowsAtCompileTime==Dynamic?0:RowsAtCompileTime,ColsAtCompileTime==Dynamic?0:ColsAtCompileTime),
      |            ^
      |            nullptr
/Users/joshua/Developer/PedalForge/build/_deps/namcore-src/Dependencies/eigen/Eigen/src/Core/Ref.h:355:30: note: in instantiation of member function 'Eigen::RefBase<Eigen::Ref<const Eigen::Matrix<float, -1, -1>>>::RefBase' requested here
  355 |     EIGEN_DEVICE_FUNC inline Ref(const RefBase<OtherRef>& other) {
      |                              ^
/Users/joshua/Developer/PedalForge/build/_deps/namcore-src/NAM/wavenet/../film.h:201:13: note: in instantiation of function template specialization 'Eigen::Ref<const Eigen::Matrix<float, -1, -1>>::Ref<Eigen::Ref<Eigen::Matrix<float, -1, -1>>>' requested here
  201 |     Process(input, condition, num_frames);
      |             ^
In file included from /Users/joshua/Developer/PedalForge/source/PluginProcessor.cpp:2:
In file included from /Users/joshua/Developer/PedalForge/source/PluginEditor.h:7:
In file included from /Users/joshua/Developer/PedalForge/source/ui/InventoryOverlay.h:4:
In file included from /Users/joshua/Developer/PedalForge/source/ui/PedalPalette.h:4:
In file included from /Users/joshua/Developer/PedalForge/source/ui/../pedals/PedalRegistry.h:4:
In file included from /Users/joshua/Developer/PedalForge/source/ui/../pedals/../dsp/GraphPedalProcessor.h:4:
In file included from /Users/joshua/Developer/PedalForge/source/ui/../pedals/../dsp/../dsp/DSPGraph.h:5:
In file included from /Users/joshua/Developer/PedalForge/source/ui/../pedals/../dsp/../dsp/NAMNode.h:4:
In file included from /Users/joshua/Developer/PedalForge/build/_deps/namcore-src/NAM/get_dsp.h:7:
In file included from /Users/joshua/Developer/PedalForge/build/_deps/namcore-src/NAM/dsp.h:10:
In file included from /Users/joshua/Developer/PedalForge/build/_deps/namcore-src/Dependencies/eigen/Eigen/Dense:1:
In file included from /Users/joshua/Developer/PedalForge/build/_deps/namcore-src/Dependencies/eigen/Eigen/Core:322:
/Users/joshua/Developer/PedalForge/build/_deps/namcore-src/Dependencies/eigen/Eigen/src/Core/MapBase.h:207:82: warning: zero as null pointer constant [-Wzero-as-null-pointer-constant]
  207 |     void checkSanity(std::enable_if_t<internal::traits<T>::Alignment==0,void*> = 0) const
      |                                                                                  ^
      |                                                                                  nullptr
/Users/joshua/Developer/PedalForge/build/_deps/namcore-src/Dependencies/eigen/Eigen/src/Core/MapBase.h:181:7: note: in instantiation of default function argument expression for 'checkSanity<Eigen::Ref<const Eigen::Matrix<float, -1, -1>>>' required here
  181 |       checkSanity<Derived>();
      |       ^
/Users/joshua/Developer/PedalForge/build/_deps/namcore-src/Dependencies/eigen/Eigen/src/Core/Ref.h:86:7: note: in instantiation of member function 'Eigen::MapBase<Eigen::Ref<const Eigen::Matrix<float, -1, -1>>>::MapBase' requested here
   86 |     : Base(0,RowsAtCompileTime==Dynamic?0:RowsAtCompileTime,ColsAtCompileTime==Dynamic?0:ColsAtCompileTime),
      |       ^
/Users/joshua/Developer/PedalForge/build/_deps/namcore-src/Dependencies/eigen/Eigen/src/Core/Ref.h:355:30: note: in instantiation of member function 'Eigen::RefBase<Eigen::Ref<const Eigen::Matrix<float, -1, -1>>>::RefBase' requested here
  355 |     EIGEN_DEVICE_FUNC inline Ref(const RefBase<OtherRef>& other) {
      |                              ^
/Users/joshua/Developer/PedalForge/build/_deps/namcore-src/NAM/wavenet/../film.h:201:13: note: in instantiation of function template specialization 'Eigen::Ref<const Eigen::Matrix<float, -1, -1>>::Ref<Eigen::Ref<Eigen::Matrix<float, -1, -1>>>' requested here
  201 |     Process(input, condition, num_frames);
      |             ^
In file included from /Users/joshua/Developer/PedalForge/source/PluginProcessor.cpp:2:
In file included from /Users/joshua/Developer/PedalForge/source/PluginEditor.h:7:
In file included from /Users/joshua/Developer/PedalForge/source/ui/InventoryOverlay.h:4:
In file included from /Users/joshua/Developer/PedalForge/source/ui/PedalPalette.h:4:
In file included from /Users/joshua/Developer/PedalForge/source/ui/../pedals/PedalRegistry.h:4:
In file included from /Users/joshua/Developer/PedalForge/source/ui/../pedals/../dsp/GraphPedalProcessor.h:4:
In file included from /Users/joshua/Developer/PedalForge/source/ui/../pedals/../dsp/../dsp/DSPGraph.h:5:
In file included from /Users/joshua/Developer/PedalForge/source/ui/../pedals/../dsp/../dsp/NAMNode.h:4:
In file included from /Users/joshua/Developer/PedalForge/build/_deps/namcore-src/NAM/get_dsp.h:7:
In file included from /Users/joshua/Developer/PedalForge/build/_deps/namcore-src/NAM/dsp.h:10:
In file included from /Users/joshua/Developer/PedalForge/build/_deps/namcore-src/Dependencies/eigen/Eigen/Dense:1:
In file included from /Users/joshua/Developer/PedalForge/build/_deps/namcore-src/Dependencies/eigen/Eigen/Core:322:
/Users/joshua/Developer/PedalForge/build/_deps/namcore-src/Dependencies/eigen/Eigen/src/Core/MapBase.h:207:82: warning: zero as null pointer constant [-Wzero-as-null-pointer-constant]
  207 |     void checkSanity(std::enable_if_t<internal::traits<T>::Alignment==0,void*> = 0) const
      |                                                                                  ^
      |                                                                                  nullptr
/Users/joshua/Developer/PedalForge/build/_deps/namcore-src/Dependencies/eigen/Eigen/src/Core/MapBase.h:181:7: note: in instantiation of default function argument expression for 'checkSanity<Eigen::Block<Eigen::Ref<Eigen::Matrix<float, -1, -1>>, -1, -1, true>>' required here
  181 |       checkSanity<Derived>();
      |       ^
/Users/joshua/Developer/PedalForge/build/_deps/namcore-src/Dependencies/eigen/Eigen/src/Core/MapBase.h:291:85: note: in instantiation of member function 'Eigen::MapBase<Eigen::Block<Eigen::Ref<Eigen::Matrix<float, -1, -1>>, -1, -1, true>, 0>::MapBase' requested here
  291 |     EIGEN_DEVICE_FUNC inline MapBase(PointerType dataPtr, Index rows, Index cols) : Base(dataPtr, rows, cols) {}
      |                                                                                     ^
/Users/joshua/Developer/PedalForge/build/_deps/namcore-src/Dependencies/eigen/Eigen/src/Core/Block.h:389:9: note: in instantiation of member function 'Eigen::MapBase<Eigen::Block<Eigen::Ref<Eigen::Matrix<float, -1, -1>>, -1, -1, true>>::MapBase' requested here
  389 |       : Base(add_to_nullable_pointer(xpr.data(),
      |         ^
/Users/joshua/Developer/PedalForge/build/_deps/namcore-src/Dependencies/eigen/Eigen/src/Core/Block.h:168:9: note: in instantiation of member function 'Eigen::internal::BlockImpl_dense<Eigen::Ref<Eigen::Matrix<float, -1, -1>>, -1, -1, true>::BlockImpl_dense' requested here
  168 |       : Impl(xpr, startRow, startCol, blockRows, blockCols) {}
      |         ^
/Users/joshua/Developer/PedalForge/build/_deps/namcore-src/Dependencies/eigen/Eigen/src/Core/Block.h:144:9: note: in instantiation of member function 'Eigen::BlockImpl<Eigen::Ref<Eigen::Matrix<float, -1, -1>>, -1, -1, true, Eigen::Dense>::BlockImpl' requested here
  144 |       : Impl(xpr, startRow, startCol, blockRows, blockCols)
      |         ^
/Users/joshua/Developer/PedalForge/build/_deps/namcore-src/Dependencies/eigen/Eigen/src/Core/../plugins/BlockMethods.h:799:10: note: in instantiation of member function 'Eigen::Block<Eigen::Ref<Eigen::Matrix<float, -1, -1>>, -1, -1, true>::Block' requested here
  799 |   return typename NColsBlockXpr<internal::get_fixed_value<NColsType>::value>::Type
      |          ^
/Users/joshua/Developer/PedalForge/build/_deps/namcore-src/NAM/wavenet/../film.h:202:11: note: in instantiation of function template specialization 'Eigen::DenseBase<Eigen::Ref<Eigen::Matrix<float, -1, -1>>>::leftCols<int>' requested here
  202 |     input.leftCols(num_frames).noalias() = _output.leftCols(num_frames);
      |           ^
In file included from /Users/joshua/Developer/PedalForge/source/PluginProcessor.cpp:2:
In file included from /Users/joshua/Developer/PedalForge/source/PluginEditor.h:7:
In file included from /Users/joshua/Developer/PedalForge/source/ui/InventoryOverlay.h:4:
In file included from /Users/joshua/Developer/PedalForge/source/ui/PedalPalette.h:4:
In file included from /Users/joshua/Developer/PedalForge/source/ui/../pedals/PedalRegistry.h:4:
In file included from /Users/joshua/Developer/PedalForge/source/ui/../pedals/../dsp/GraphPedalProcessor.h:4:
In file included from /Users/joshua/Developer/PedalForge/source/ui/../pedals/../dsp/../dsp/DSPGraph.h:5:
In file included from /Users/joshua/Developer/PedalForge/source/ui/../pedals/../dsp/../dsp/NAMNode.h:4:
In file included from /Users/joshua/Developer/PedalForge/build/_deps/namcore-src/NAM/get_dsp.h:7:
In file included from /Users/joshua/Developer/PedalForge/build/_deps/namcore-src/NAM/dsp.h:10:
In file included from /Users/joshua/Developer/PedalForge/build/_deps/namcore-src/Dependencies/eigen/Eigen/Dense:1:
In file included from /Users/joshua/Developer/PedalForge/build/_deps/namcore-src/Dependencies/eigen/Eigen/Core:322:
/Users/joshua/Developer/PedalForge/build/_deps/namcore-src/Dependencies/eigen/Eigen/src/Core/MapBase.h:207:82: warning: zero as null pointer constant [-Wzero-as-null-pointer-constant]
  207 |     void checkSanity(std::enable_if_t<internal::traits<T>::Alignment==0,void*> = 0) const
      |                                                                                  ^
      |                                                                                  nullptr
/Users/joshua/Developer/PedalForge/build/_deps/namcore-src/Dependencies/eigen/Eigen/src/Core/MapBase.h:181:7: note: in instantiation of default function argument expression for 'checkSanity<Eigen::Block<const Eigen::Matrix<float, -1, 1>, -1, 1>>' required here
  181 |       checkSanity<Derived>();
      |       ^
/Users/joshua/Developer/PedalForge/build/_deps/namcore-src/Dependencies/eigen/Eigen/src/Core/Block.h:389:9: note: in instantiation of member function 'Eigen::MapBase<Eigen::Block<const Eigen::Matrix<float, -1, 1>, -1, 1>>::MapBase' requested here
  389 |       : Base(add_to_nullable_pointer(xpr.data(),
      |         ^
/Users/joshua/Developer/PedalForge/build/_deps/namcore-src/Dependencies/eigen/Eigen/src/Core/Block.h:168:9: note: in instantiation of member function 'Eigen::internal::BlockImpl_dense<const Eigen::Matrix<float, -1, 1>, -1, 1>::BlockImpl_dense' requested here
  168 |       : Impl(xpr, startRow, startCol, blockRows, blockCols) {}
      |         ^
/Users/joshua/Developer/PedalForge/build/_deps/namcore-src/Dependencies/eigen/Eigen/src/Core/Block.h:144:9: note: in instantiation of member function 'Eigen::BlockImpl<const Eigen::Matrix<float, -1, 1>, -1, 1, false, Eigen::Dense>::BlockImpl' requested here
  144 |       : Impl(xpr, startRow, startCol, blockRows, blockCols)
      |         ^
/Users/joshua/Developer/PedalForge/build/_deps/namcore-src/Dependencies/eigen/Eigen/src/Core/VectorBlock.h:79:9: note: in instantiation of member function 'Eigen::Block<const Eigen::Matrix<float, -1, 1>, -1, 1>::Block' requested here
   79 |       : Base(vector,
      |         ^
/Users/joshua/Developer/PedalForge/build/_deps/namcore-src/Dependencies/eigen/Eigen/src/Core/../plugins/IndexedViewMethods.h:161:12: note: in instantiation of member function 'Eigen::VectorBlock<const Eigen::Matrix<float, -1, 1>>::VectorBlock' requested here
  161 |     return ConstReturnType(derived, internal::first(actualIndices), internal::index_list_size(actualIndices));
      |            ^
/Users/joshua/Developer/PedalForge/build/_deps/namcore-src/Dependencies/eigen/Eigen/src/Core/../plugins/IndexedViewMethods.h:292:46: note: in instantiation of member function 'Eigen::DenseBase<Eigen::Matrix<float, -1, 1>>::VectorIndexedViewSelector<Eigen::ArithmeticSequence<Eigen::symbolic::AddExpr<Eigen::symbolic::AddExpr<Eigen::symbolic::SymbolExpr<Eigen::internal::symbolic_last_tag>, Eigen::symbolic::ValueExpr<Eigen::internal::FixedInt<1>>>, Eigen::symbolic::ValueExpr<>>>>::run' requested here
  292 |   return VectorIndexedViewSelector<Indices>::run(derived(), indices);
      |                                              ^
/Users/joshua/Developer/PedalForge/build/_deps/namcore-src/NAM/lstm.h:28:62: note: in instantiation of function template specialization 'Eigen::DenseBase<Eigen::Matrix<float, -1, 1>>::operator()<Eigen::ArithmeticSequence<Eigen::symbolic::AddExpr<Eigen::symbolic::AddExpr<Eigen::symbolic::SymbolExpr<Eigen::internal::symbolic_last_tag>, Eigen::symbolic::ValueExpr<Eigen::internal::FixedInt<1>>>, Eigen::symbolic::ValueExpr<>>>, true>' requested here
   28 |   Eigen::VectorXf get_hidden_state() const { return this->_xh(Eigen::placeholders::lastN(this->_get_hidden_size())); };
      |                                                              ^
In file included from /Users/joshua/Developer/PedalForge/source/PluginProcessor.cpp:2:
In file included from /Users/joshua/Developer/PedalForge/source/PluginEditor.h:7:
In file included from /Users/joshua/Developer/PedalForge/source/ui/InventoryOverlay.h:4:
In file included from /Users/joshua/Developer/PedalForge/source/ui/PedalPalette.h:4:
In file included from /Users/joshua/Developer/PedalForge/source/ui/../pedals/PedalRegistry.h:4:
In file included from /Users/joshua/Developer/PedalForge/source/ui/../pedals/../dsp/GraphPedalProcessor.h:4:
In file included from /Users/joshua/Developer/PedalForge/source/ui/../pedals/../dsp/../dsp/DSPGraph.h:5:
In file included from /Users/joshua/Developer/PedalForge/source/ui/../pedals/../dsp/../dsp/NAMNode.h:4:
In file included from /Users/joshua/Developer/PedalForge/build/_deps/namcore-src/NAM/get_dsp.h:7:
In file included from /Users/joshua/Developer/PedalForge/build/_deps/namcore-src/NAM/dsp.h:10:
In file included from /Users/joshua/Developer/PedalForge/build/_deps/namcore-src/Dependencies/eigen/Eigen/Dense:1:
In file included from /Users/joshua/Developer/PedalForge/build/_deps/namcore-src/Dependencies/eigen/Eigen/Core:303:
/Users/joshua/Developer/PedalForge/build/_deps/namcore-src/Dependencies/eigen/Eigen/src/Core/DenseStorage.h:673:91: warning: implicit conversion changes signedness: 'Index' (aka 'long') to 'std::size_t' (aka 'unsigned long') [-Wsign-conversion]
  673 |         internal::conditional_aligned_delete_auto<T,(Options_&DontAlign)==0>(m_data, Cols_*m_rows);
      |         ~~~~~~~~                                                                     ~~~~~^~~~~~~
/Users/joshua/Developer/PedalForge/build/_deps/namcore-src/Dependencies/eigen/Eigen/src/Core/PlainObjectBase.h:278:19: note: in instantiation of member function 'Eigen::DenseStorage<float, -1, -1, 1, 0>::resize' requested here
  278 |         m_storage.resize(rows*cols, rows, cols);
      |                   ^
/Users/joshua/Developer/PedalForge/build/_deps/namcore-src/Dependencies/eigen/Eigen/src/Core/PlainObjectBase.h:568:7: note: in instantiation of function template specialization 'Eigen::PlainObjectBase<Eigen::Matrix<float, -1, 1>>::resizeLike<Eigen::Block<const Eigen::Matrix<float, -1, 1>, -1, 1>>' requested here
  568 |       resizeLike(other);
      |       ^
/Users/joshua/Developer/PedalForge/build/_deps/namcore-src/Dependencies/eigen/Eigen/src/Core/Matrix.h:414:9: note: in instantiation of function template specialization 'Eigen::PlainObjectBase<Eigen::Matrix<float, -1, 1>>::PlainObjectBase<Eigen::Block<const Eigen::Matrix<float, -1, 1>, -1, 1>>' requested here
  414 |       : Base(other.derived())
      |         ^
/Users/joshua/Developer/PedalForge/build/_deps/namcore-src/NAM/lstm.h:28:53: note: in instantiation of function template specialization 'Eigen::Matrix<float, -1, 1>::Matrix<Eigen::Block<const Eigen::Matrix<float, -1, 1>, -1, 1>>' requested here
   28 |   Eigen::VectorXf get_hidden_state() const { return this->_xh(Eigen::placeholders::lastN(this->_get_hidden_size())); };
      |                                                     ^
In file included from /Users/joshua/Developer/PedalForge/source/PluginProcessor.cpp:2:
In file included from /Users/joshua/Developer/PedalForge/source/PluginEditor.h:7:
In file included from /Users/joshua/Developer/PedalForge/source/ui/InventoryOverlay.h:4:
In file included from /Users/joshua/Developer/PedalForge/source/ui/PedalPalette.h:4:
In file included from /Users/joshua/Developer/PedalForge/source/ui/../pedals/PedalRegistry.h:4:
In file included from /Users/joshua/Developer/PedalForge/source/ui/../pedals/../dsp/GraphPedalProcessor.h:4:
In file included from /Users/joshua/Developer/PedalForge/source/ui/../pedals/../dsp/../dsp/DSPGraph.h:5:
In file included from /Users/joshua/Developer/PedalForge/source/ui/../pedals/../dsp/../dsp/NAMNode.h:4:
In file included from /Users/joshua/Developer/PedalForge/build/_deps/namcore-src/NAM/get_dsp.h:7:
In file included from /Users/joshua/Developer/PedalForge/build/_deps/namcore-src/NAM/dsp.h:10:
In file included from /Users/joshua/Developer/PedalForge/build/_deps/namcore-src/Dependencies/eigen/Eigen/Dense:1:
In file included from /Users/joshua/Developer/PedalForge/build/_deps/namcore-src/Dependencies/eigen/Eigen/Core:303:
/Users/joshua/Developer/PedalForge/build/_deps/namcore-src/Dependencies/eigen/Eigen/src/Core/DenseStorage.h:675:86: warning: implicit conversion changes signedness: 'Index' (aka 'long') to 'std::size_t' (aka 'unsigned long') [-Wsign-conversion]
  675 |           m_data = internal::conditional_aligned_new_auto<T,(Options_&DontAlign)==0>(size);
      |                    ~~~~~~~~                                                          ^~~~
/Users/joshua/Developer/PedalForge/build/_deps/namcore-src/Dependencies/eigen/Eigen/src/Core/DenseStorage.h:677:20: warning: zero as null pointer constant [-Wzero-as-null-pointer-constant]
  677 |           m_data = 0;
      |                    ^
      |                    nullptr
228 warnings and 3 errors generated.
make[2]: *** [CMakeFiles/PedalForge.dir/source/PluginProcessor.cpp.o] Error 1
make[1]: *** [CMakeFiles/PedalForge.dir/all] Error 2
make: *** [all] Error 2
